Component: ARM Compiler 5.06 update 2 (build 183) Tool: armlink [4d35b7]

==============================================================================

Section Cross References

    system_stm32f10x.o(.text) refers to system_stm32f10x.o(.data) for SystemCoreClock
    startup_stm32f10x_md.o(STACK) refers (Special) to heapauxi.o(.text) for __use_two_region_memory
    startup_stm32f10x_md.o(HEAP) refers (Special) to heapauxi.o(.text) for __use_two_region_memory
    startup_stm32f10x_md.o(RESET) refers (Special) to heapauxi.o(.text) for __use_two_region_memory
    startup_stm32f10x_md.o(RESET) refers to startup_stm32f10x_md.o(STACK) for __initial_sp
    startup_stm32f10x_md.o(RESET) refers to startup_stm32f10x_md.o(.text) for Reset_Handler
    startup_stm32f10x_md.o(RESET) refers to stm32f10x_it.o(.text) for NMI_Handler
    startup_stm32f10x_md.o(RESET) refers to timer.o(.text) for TIM3_IRQHandler
    startup_stm32f10x_md.o(RESET) refers to usart.o(.text) for USART1_IRQHandler
    startup_stm32f10x_md.o(.text) refers (Special) to heapauxi.o(.text) for __use_two_region_memory
    startup_stm32f10x_md.o(.text) refers to system_stm32f10x.o(.text) for SystemInit
    startup_stm32f10x_md.o(.text) refers to __main.o(!!!main) for __main
    startup_stm32f10x_md.o(.text) refers to startup_stm32f10x_md.o(HEAP) for Heap_Mem
    startup_stm32f10x_md.o(.text) refers to startup_stm32f10x_md.o(STACK) for Stack_Mem
    stm32f10x_gpio.o(.text) refers to stm32f10x_rcc.o(.text) for RCC_APB2PeriphResetCmd
    stm32f10x_rcc.o(.text) refers to stm32f10x_rcc.o(.data) for APBAHBPrescTable
    stm32f10x_usart.o(.text) refers to stm32f10x_rcc.o(.text) for RCC_APB2PeriphResetCmd
    stm32f10x_adc.o(.text) refers to stm32f10x_rcc.o(.text) for RCC_APB2PeriphResetCmd
    stm32f10x_bkp.o(.text) refers to stm32f10x_rcc.o(.text) for RCC_BackupResetCmd
    stm32f10x_can.o(.text) refers to stm32f10x_rcc.o(.text) for RCC_APB1PeriphResetCmd
    stm32f10x_cec.o(.text) refers to stm32f10x_rcc.o(.text) for RCC_APB1PeriphResetCmd
    stm32f10x_dac.o(.text) refers to stm32f10x_rcc.o(.text) for RCC_APB1PeriphResetCmd
    stm32f10x_i2c.o(.text) refers to stm32f10x_rcc.o(.text) for RCC_APB1PeriphResetCmd
    stm32f10x_pwr.o(.text) refers to stm32f10x_rcc.o(.text) for RCC_APB1PeriphResetCmd
    stm32f10x_spi.o(.text) refers to stm32f10x_rcc.o(.text) for RCC_APB2PeriphResetCmd
    stm32f10x_tim.o(.text) refers to stm32f10x_rcc.o(.text) for RCC_APB2PeriphResetCmd
    stm32f10x_wwdg.o(.text) refers to stm32f10x_rcc.o(.text) for RCC_APB1PeriphResetCmd
    delay.o(.text) refers to delay.o(.data) for fac_us
    sys.o(.text) refers to _printf_pad.o(.text) for _printf_pre_padding
    sys.o(.text) refers to _printf_percent.o(.ARM.Collect$$_printf_percent$$00000000) for _printf_percent
    sys.o(.text) refers to _printf_x.o(.ARM.Collect$$_printf_percent$$0000000C) for _printf_x
    sys.o(.text) refers to _printf_hex_int.o(.text) for _printf_longlong_hex
    sys.o(.text) refers to noretval__2sprintf.o(.text) for __2sprintf
    sys.o(.text) refers to misc.o(.text) for NVIC_PriorityGroupConfig
    sys.o(.text) refers to sys.o(.emb_text) for WFI_SET
    usart.o(.text) refers (Special) to use_no_semi_2.o(.text) for __use_no_semihosting
    usart.o(.text) refers to sys.o(.text) for MY_NVIC_Init
    usart.o(.text) refers to stm32f10x_rcc.o(.text) for RCC_APB2PeriphClockCmd
    usart.o(.text) refers to stm32f10x_usart.o(.text) for USART_DeInit
    usart.o(.text) refers to stm32f10x_gpio.o(.text) for GPIO_Init
    usart.o(.text) refers to usart.o(.data) for USART_RX_STA
    usart.o(.text) refers to usart.o(.bss) for USART_RX_BUF
    usart.o(.bss) refers (Special) to use_no_semi_2.o(.text) for __use_no_semihosting
    usart.o(.data) refers (Special) to use_no_semi_2.o(.text) for __use_no_semihosting
    dc_bias.o(.text) refers to stm32f10x_rcc.o(.text) for RCC_APB2PeriphClockCmd
    dc_bias.o(.text) refers to stm32f10x_gpio.o(.text) for GPIO_Init
    dc_bias.o(.text) refers to stm32f10x_dac.o(.text) for DAC_StructInit
    dc_bias.o(.text) refers to dc_bias.o(.data) for g_dc_bias_vref_mv
    recognize.o(.text) refers to stm32f10x_gpio.o(.text) for GPIO_SetBits
    recognize.o(.text) refers to stm32f10x_rcc.o(.text) for RCC_APB2PeriphClockCmd
    recognize.o(.text) refers to main.o(.text) for Get_ADC_Average
    recognize.o(.text) refers to frleqf.o(x$fpl$frleqf) for __aeabi_cfrcmple
    recognize.o(.text) refers to fleqf.o(x$fpl$fleqf) for __aeabi_cfcmple
    recognize.o(.text) refers to rda5820.o(.text) for RDA5820_Read_RSSI
    recognize.o(.text) refers to recognize.o(.data) for current_mode
    main.o(.text) refers to _printf_percent.o(.ARM.Collect$$_printf_percent$$00000000) for _printf_percent
    main.o(.text) refers to _printf_u.o(.ARM.Collect$$_printf_percent$$0000000A) for _printf_u
    main.o(.text) refers to _printf_s.o(.ARM.Collect$$_printf_percent$$00000014) for _printf_s
    main.o(.text) refers to _printf_dec.o(.text) for _printf_int_dec
[...]
    x$fpl$trapveneer                         0x08008a1e   Section       48  trapv.o(x$fpl$trapveneer)
    .constdata                               0x08008a4e   Section     1520  oled.o(.constdata)
    x$fpl$usenofp                            0x08008a4e   Section        0  usenofp.o(x$fpl$usenofp)
    .constdata                               0x0800903e   Section       10  rda5820.o(.constdata)
    candidate_ports                          0x0800903e   Data           3  rda5820.o(.constdata)
    offset_10khz                             0x08009042   Data           6  rda5820.o(.constdata)
    .constdata                               0x08009048   Section       40  _printf_hex_int.o(.constdata)
    uc_hextab                                0x08009048   Data          20  _printf_hex_int.o(.constdata)
    lc_hextab                                0x0800905c   Data          20  _printf_hex_int.o(.constdata)
    .constdata                               0x08009070   Section       17  __printf_flags_ss_wp.o(.constdata)
    maptable                                 0x08009070   Data          17  __printf_flags_ss_wp.o(.constdata)
    .constdata                               0x08009084   Section       32  rredf.o(.constdata)
    twooverpi                                0x08009084   Data          32  rredf.o(.constdata)
    .constdata                               0x080090a4   Section      148  bigflt0.o(.constdata)
    tenpwrs_x                                0x080090a4   Data          60  bigflt0.o(.constdata)
    tenpwrs_i                                0x080090e0   Data          64  bigflt0.o(.constdata)
    .conststring                             0x08009138   Section      239  main.o(.conststring)
    locale$$data                             0x08009248   Section       28  lc_numeric_c.o(locale$$data)
    __lcnum_c_name                           0x0800924c   Data           2  lc_numeric_c.o(locale$$data)
    __lcnum_c_start                          0x08009254   Data           0  lc_numeric_c.o(locale$$data)
    __lcnum_c_point                          0x08009260   Data           0  lc_numeric_c.o(locale$$data)
    __lcnum_c_thousands                      0x08009262   Data           0  lc_numeric_c.o(locale$$data)
    __lcnum_c_grouping                       0x08009263   Data           0  lc_numeric_c.o(locale$$data)
    __lcnum_c_end                            0x08009264   Data           0  lc_numeric_c.o(locale$$data)
    .data                                    0x20000000   Section       20  system_stm32f10x.o(.data)
    .data                                    0x20000014   Section       20  stm32f10x_rcc.o(.data)
    APBAHBPrescTable                         0x20000014   Data          16  stm32f10x_rcc.o(.data)
    ADCPrescTable                            0x20000024   Data           4  stm32f10x_rcc.o(.data)
    .data                                    0x20000028   Section        4  delay.o(.data)
    fac_us                                   0x20000028   Data           1  delay.o(.data)
    fac_ms                                   0x2000002a   Data           2  delay.o(.data)
    .data                                    0x2000002c   Section        6  usart.o(.data)
    .data                                    0x20000032   Section        5  recognize.o(.data)
    g_recognize_inited                       0x20000036   Data           1  recognize.o(.data)
    .data                                    0x20000038   Section     4168  main.o(.data)
    freq_hz                                  0x2000102c   Data           4  main.o(.data)
    raw_freq_hz                              0x20001030   Data           4  main.o(.data)
    tim2_counter_hz                          0x20001034   Data           4  main.o(.data)
    g_adc_ready                              0x20001038   Data           1  main.o(.data)
    g_adc_is_ask                             0x20001039   Data           1  main.o(.data)
    g_ask_score                              0x2000103a   Data           1  main.o(.data)
    g_freq_var_len                           0x20001065   Data           1  main.o(.data)
    g_freq_var_pos                           0x20001066   Data           1  main.o(.data)
    last_limited                             0x20001068   Data           4  main.o(.data)
    trim_idx                                 0x2000106c   Data           1  main.o(.data)
    trim_count                               0x2000106d   Data           1  main.o(.data)
    k_x                                      0x20001070   Data           4  main.o(.data)
    k_p                                      0x20001074   Data           4  main.o(.data)
    k_init                                   0x20001078   Data           1  main.o(.data)
    debug_cnt                                0x2000107c   Data           4  main.o(.data)
    .data                                    0x20001080   Section        8  timer.o(.data)
    .data                                    0x20001088   Section        6  oled.o(.data)
    g_oled_i2c_addr_7bit                     0x20001088   Data           1  oled.o(.data)
    g_oled_is_ready                          0x20001089   Data           1  oled.o(.data)
    g_oled_last_error                        0x2000108a   Data           1  oled.o(.data)
    g_oled_ack_fail_count                    0x2000108c   Data           2  oled.o(.data)
    .data                                    0x20001090   Section       28  adf4002.o(.data)
    .data                                    0x200010ac   Section        2  rda5820.o(.data)
    g_rda_band                               0x200010ac   Data           1  rda5820.o(.data)
    g_rda_space                              0x200010ad   Data           1  rda5820.o(.data)
    .bss                                     0x200010b0   Section       63  usart.o(.bss)
    .bss                                     0x200010f0   Section     8264  main.o(.bss)
    fft_in                                   0x200010f0   Data        4096  main.o(.bss)
    fft_out                                  0x200020f0   Data        4096  main.o(.bss)
    g_freq_var_window                        0x200030f0   Data          32  main.o(.bss)
    trim_buf                                 0x20003110   Data          40  main.o(.bss)
    .bss                                     0x20003138   Section      224  timer.o(.bss)
    .bss                                     0x20003218   Section       96  libspace.o(.bss)
    HEAP                                     0x20003278   Section      512  startup_stm32f10x_md.o(HEAP)
    Heap_Mem                                 0x20003278   Data         512  startup_stm32f10x_md.o(HEAP)
    STACK                                    0x20003478   Section     1024  startup_stm32f10x_md.o(STACK)
    Stack_Mem                                0x20003478   Data        1024  startup_stm32f10x_md.o(STACK)
    __initial_sp                             0x20003878   Data           0  startup_stm32f10x_md.o(STACK)

    Global Symbols

    Symbol Name                              Value     Ov Type        Size  Object(Section)

    BuildAttributes$$THM_ISAv4$P$D$K$B$S$PE$A:L22UL41UL21$X:L11$S22US41US21$IEEE1$IW$USESV6$~STKCKD$USESV7$~SHL$OTIME$ROPI$IEEEX$EBA8$UX$STANDARDLIB$REQ8$PRES8$EABIv2 0x00000000   Number         0  anon$$obj.o ABSOLUTE
    __ARM_use_no_argv                        0x00000000   Number         0  main.o ABSOLUTE
    _printf_flags                            0x00000000   Number         0  printf_stubs.o ABSOLUTE
    _printf_return_value                     0x00000000   Number         0  printf_stubs.o ABSOLUTE
    _printf_sizespec                         0x00000000   Number         0  printf_stubs.o ABSOLUTE
    _printf_widthprec                        0x00000000   Number         0  printf_stubs.o ABSOLUTE
    __ARM_exceptions_init                     - Undefined Weak Reference
    __alloca_initialize                       - Undefined Weak Reference
    __arm_preinit_                            - Undefined Weak Reference
    __cpp_initialize__aeabi_                  - Undefined Weak Reference
    __cxa_finalize                            - Undefined Weak Reference
    __sigvec_lookup                           - Undefined Weak Reference
    _atexit_init                              - Undefined Weak Reference
    _call_atexit_fns                          - Undefined Weak Reference
    _clock_init                               - Undefined Weak Reference
    _fp_trap_init                             - Undefined Weak Reference
    _fp_trap_shutdown                         - Undefined Weak Reference
    _get_lc_collate                           - Undefined Weak Reference
    _get_lc_ctype                             - Undefined Weak Reference
    _get_lc_monetary                          - Undefined Weak Reference
    _get_lc_time                              - Undefined Weak Reference
    _getenv_init                              - Undefined Weak Reference
    _handle_redirection                       - Undefined Weak Reference
    _init_alloc                               - Undefined Weak Reference
    _init_user_alloc                          - Undefined Weak Reference
    _initio                                   - Undefined Weak Reference
    _mutex_acquire                            - Undefined Weak Reference
    _mutex_release                            - Undefined Weak Reference
    _printf_mbtowc                            - Undefined Weak Reference
    _printf_truncate_signed                   - Undefined Weak Reference
    _printf_truncate_unsigned                 - Undefined Weak Reference
    _rand_init                                - Undefined Weak Reference
    _signal_finish                            - Undefined Weak Reference
    _signal_init                              - Undefined Weak Reference
    _terminate_alloc                          - Undefined Weak Reference
    _terminate_user_alloc                     - Undefined Weak Reference
    _terminateio                              - Undefined Weak Reference
    __Vectors_Size                           0x000000ec   Number         0  startup_stm32f10x_md.o ABSOLUTE
    __Vectors                                0x08000000   Data           4  startup_stm32f10x_md.o(RESET)
    __Vectors_End                            0x080000ec   Data           0  startup_stm32f10x_md.o(RESET)
    __main                                   0x080000ed   Thumb Code     8  __main.o(!!!main)
    __scatterload                            0x080000f5   Thumb Code     0  __scatter.o(!!!scatter)
    __scatterload_rt2                        0x080000f5   Thumb Code    44  __scatter.o(!!!scatter)
    __scatterload_rt2_thumb_only             0x080000f5   Thumb Code     0  __scatter.o(!!!scatter)
    __scatterload_null                       0x08000103   Thumb Code     0  __scatter.o(!!!scatter)
    __decompress                             0x08000129   Thumb Code   100  __dclz77c.o(!!dclz77c)
    __decompress2                            0x08000129   Thumb Code     0  __dclz77c.o(!!dclz77c)
    __scatterload_zeroinit                   0x0800018d   Thumb Code    28  __scatter_zi.o(!!handler_zi)
    _printf_f                                0x080001a9   Thumb Code     0  _printf_f.o(.ARM.Collect$$_printf_percent$$00000003)
    _printf_percent                          0x080001a9   Thumb Code     0  _printf_percent.o(.ARM.Collect$$_printf_percent$$00000000)
    _printf_d                                0x080001af   Thumb Code     0  _printf_d.o(.ARM.Collect$$_printf_percent$$00000009)
    _printf_u                                0x080001b5   Thumb Code     0  _printf_u.o(.ARM.Collect$$_printf_percent$$0000000A)
    _printf_x                                0x080001bb   Thumb Code     0  _printf_x.o(.ARM.Collect$$_printf_percent$$0000000C)
    _printf_c                                0x080001c1   Thumb Code     0  _printf_c.o(.ARM.Collect$$_printf_percent$$00000013)
    _printf_s                                0x080001c7   Thumb Code     0  _printf_s.o(.ARM.Collect$$_printf_percent$$00000014)
    _printf_percent_end                      0x080001cd   Thumb Code     0  _printf_percent_end.o(.ARM.Collect$$_printf_percent$$00000017)
    __rt_lib_init                            0x080001d1   Thumb Code     0  libinit.o(.ARM.Collect$$libinit$$00000000)
    __rt_lib_init_fp_1                       0x080001d3   Thumb Code     0  libinit2.o(.ARM.Collect$$libinit$$00000002)
    __rt_lib_init_heap_1                     0x080001d3   Thumb Code     0  libinit2.o(.ARM.Collect$$libinit$$0000000A)
    __rt_lib_init_lc_common                  0x080001d3   Thumb Code     0  libinit2.o(.ARM.Collect$$libinit$$0000000F)
    __rt_lib_init_preinit_1                  0x080001d3   Thumb Code     0  libinit2.o(.ARM.Collect$$libinit$$00000004)
    __rt_lib_init_rand_1                     0x080001d3   Thumb Code     0  libinit2.o(.ARM.Collect$$libinit$$0000000E)
    __rt_lib_init_user_alloc_1               0x080001d3   Thumb Code     0  libinit2.o(.ARM.Collect$$libinit$$0000000C)
    __rt_lib_init_lc_collate_1               0x080001d9   Thumb Code     0  libinit2.o(.ARM.Collect$$libinit$$00000011)
    __rt_lib_init_lc_ctype_1                 0x080001d9   Thumb Code     0  libinit2.o(.ARM.Collect$$libinit$$00000013)
    __rt_lib_init_lc_monetary_1              0x080001d9   Thumb Code     0  libinit2.o(.ARM.Collect$$libinit$$00000015)
    __rt_lib_init_lc_numeric_2               0x080001d9   Thumb Code     0  libinit2.o(.ARM.Collect$$libinit$$00000016)
    __rt_lib_init_alloca_1                   0x080001e3   Thumb Code     0  libinit2.o(.ARM.Collect$$libinit$$0000002E)
    __rt_lib_init_argv_1                     0x080001e3   Thumb Code     0  libinit2.o(.ARM.Collect$$libinit$$0000002C)
    __rt_lib_init_atexit_1                   0x080001e3   Thumb Code     0  libinit2.o(.ARM.Collect$$libinit$$0000001B)
    __rt_lib_init_clock_1                    0x080001e3   Thumb Code     0  libinit2.o(.ARM.Collect$$libinit$$00000021)
    __rt_lib_init_cpp_1                      0x080001e3   Thumb Code     0  libinit2.o(.ARM.Collect$$libinit$$00000032)
    __rt_lib_init_exceptions_1               0x080001e3   Thumb Code     0  libinit2.o(.ARM.Collect$$libinit$$00000030)
    __rt_lib_init_fp_trap_1                  0x080001e3   Thumb Code     0  libinit2.o(.ARM.Collect$$libinit$$0000001F)
    __rt_lib_init_getenv_1                   0x080001e3   Thumb Code     0  libinit2.o(.ARM.Collect$$libinit$$00000023)
    __rt_lib_init_lc_numeric_1               0x080001e3   Thumb Code     0  libinit2.o(.ARM.Collect$$libinit$$00000017)
    __rt_lib_init_lc_time_1                  0x080001e3   Thumb Code     0  libinit2.o(.ARM.Collect$$libinit$$00000019)
    __rt_lib_init_return                     0x080001e3   Thumb Code     0  libinit2.o(.ARM.Collect$$libinit$$00000033)
    __rt_lib_init_signal_1                   0x080001e3   Thumb Code     0  libinit2.o(.ARM.Collect$$libinit$$0000001D)
    __rt_lib_init_stdio_1                    0x080001e3   Thumb Code     0  libinit2.o(.ARM.Collect$$libinit$$00000025)
    __rt_lib_shutdown                        0x080001e5   Thumb Code     0  libshutdown.o(.ARM.Collect$$libshutdown$$00000000)
    __rt_lib_shutdown_cpp_1                  0x080001e7   Thumb Code     0  libshutdown2.o(.ARM.Collect$$libshutdown$$00000002)
    __rt_lib_shutdown_fp_trap_1              0x080001e7   Thumb Code     0  libshutdown2.o(.ARM.Collect$$libshutdown$$00000007)
    __rt_lib_shutdown_heap_1                 0x080001e7   Thumb Code     0  libshutdown2.o(.ARM.Collect$$libshutdown$$0000000F)
    __rt_lib_shutdown_return                 0x080001e7   Thumb Code     0  libshutdown2.o(.ARM.Collect$$libshutdown$$00000010)
    __rt_lib_shutdown_signal_1               0x080001e7   Thumb Code     0  libshutdown2.o(.ARM.Collect$$libshutdown$$0000000A)
    __rt_lib_shutdown_stdio_1                0x080001e7   Thumb Code     0  libshutdown2.o(.ARM.Collect$$libshutdown$$00000004)
    __rt_lib_shutdown_user_alloc_1           0x080001e7   Thumb Code     0  libshutdown2.o(.ARM.Collect$$libshutdown$$0000000C)
    __rt_entry                               0x080001e9   Thumb Code     0  __rtentry.o(.ARM.Collect$$rtentry$$00000000)
    __rt_entry_presh_1                       0x080001e9   Thumb Code     0  __rtentry2.o(.ARM.Collect$$rtentry$$00000002)
    __rt_entry_sh                            0x080001e9   Thumb Code     0  __rtentry4.o(.ARM.Collect$$rtentry$$00000004)
    __rt_entry_li                            0x080001ef   Thumb Code     0  __rtentry2.o(.ARM.Collect$$rtentry$$0000000A)
    __rt_entry_postsh_1                      0x080001ef   Thumb Code     0  __rtentry2.o(.ARM.Collect$$rtentry$$00000009)
    __rt_entry_main                          0x080001f3   Thumb Code     0  __rtentry2.o(.ARM.Collect$$rtentry$$0000000D)
    __rt_entry_postli_1                      0x080001f3   Thumb Code     0  __rtentry2.o(.ARM.Collect$$rtentry$$0000000C)
    __rt_exit                                0x080001fb   Thumb Code     0  rtexit.o(.ARM.Collect$$rtexit$$00000000)
    __rt_exit_ls                             0x080001fd   Thumb Code     0  rtexit2.o(.ARM.Collect$$rtexit$$00000003)
    __rt_exit_prels_1                        0x080001fd   Thumb Code     0  rtexit2.o(.ARM.Collect$$rtexit$$00000002)
    __rt_exit_exit                           0x08000201   Thumb Code     0  rtexit2.o(.ARM.Collect$$rtexit$$00000004)
    WFI_SET                                  0x08000209   Thumb Code     2  sys.o(.emb_text)
    NMI_Handler                              0x0800020b   Thumb Code     2  stm32f10x_it.o(.text)
    HardFault_Handler                        0x0800020d   Thumb Code     4  stm32f10x_it.o(.text)
    MemManage_Handler                        0x08000211   Thumb Code     4  stm32f10x_it.o(.text)
    BusFault_Handler                         0x08000215   Thumb Code     4  stm32f10x_it.o(.text)
    UsageFault_Handler                       0x08000219   Thumb Code     4  stm32f10x_it.o(.text)
    SVC_Handler                              0x0800021d   Thumb Code     2  stm32f10x_it.o(.text)
    DebugMon_Handler                         0x0800021f   Thumb Code     2  stm32f10x_it.o(.text)
    PendSV_Handler                           0x08000221   Thumb Code     2  stm32f10x_it.o(.text)
    SysTick_Handler                          0x08000223   Thumb Code     2  stm32f10x_it.o(.text)
    SystemInit                               0x08000303   Thumb Code    78  system_stm32f10x.o(.text)
    SystemCoreClockUpdate                    0x08000351   Thumb Code   142  system_stm32f10x.o(.text)
    Reset_Handler                            0x08000405   Thumb Code     8  startup_stm32f10x_md.o(.text)
    ADC1_2_IRQHandler                        0x0800041f   Thumb Code     0  startup_stm32f10x_md.o(.text)
    CAN1_RX1_IRQHandler                      0x0800041f   Thumb Code     0  startup_stm32f10x_md.o(.text)
    CAN1_SCE_IRQHandler                      0x0800041f   Thumb Code     0  startup_stm32f10x_md.o(.text)
    DMA1_Channel1_IRQHandler                 0x0800041f   Thumb Code     0  startup_stm32f10x_md.o(.text)
    DMA1_Channel2_IRQHandler                 0x0800041f   Thumb Code     0  startup_stm32f10x_md.o(.text)
    DMA1_Channel3_IRQHandler                 0x0800041f   Thumb Code     0  startup_stm32f10x_md.o(.text)
    DMA1_Channel4_IRQHandler                 0x0800041f   Thumb Code     0  startup_stm32f10x_md.o(.text)
    DMA1_Channel5_IRQHandler                 0x0800041f   Thumb Code     0  startup_stm32f10x_md.o(.text)
    DMA1_Channel6_IRQHandler                 0x0800041f   Thumb Code     0  startup_stm32f10x_md.o(.text)
    DMA1_Channel7_IRQHandler                 0x0800041f   Thumb Code     0  startup_stm32f10x_md.o(.text)
    EXTI0_IRQHandler                         0x0800041f   Thumb Code     0  startup_stm32f10x_md.o(.text)
    EXTI15_10_IRQHandler                     0x0800041f   Thumb Code     0  startup_stm32f10x_md.o(.text)
    EXTI1_IRQHandler                         0x0800041f   Thumb Code     0  startup_stm32f10x_md.o(.text)
    EXTI2_IRQHandler                         0x0800041f   Thumb Code     0  startup_stm32f10x_md.o(.text)
    EXTI3_IRQHandler                         0x0800041f   Thumb Code     0  startup_stm32f10x_md.o(.text)
    EXTI4_IRQHandler                         0x0800041f   Thumb Code     0  startup_stm32f10x_md.o(.text)
    EXTI9_5_IRQHandler                       0x0800041f   Thumb Code     0  startup_stm32f10x_md.o(.text)
    FLASH_IRQHandler                         0x0800041f   Thumb Code     0  startup_stm32f10x_md.o(.text)
    I2C1_ER_IRQHandler                       0x0800041f   Thumb Code     0  startup_stm32f10x_md.o(.text)
    I2C1_EV_IRQHandler                       0x0800041f   Thumb Code     0  startup_stm32f10x_md.o(.text)
    I2C2_ER_IRQHandler                       0x0800041f   Thumb Code     0  startup_stm32f10x_md.o(.text)
    I2C2_EV_IRQHandler                       0x0800041f   Thumb Code     0  startup_stm32f10x_md.o(.text)
    PVD_IRQHandler                           0x0800041f   Thumb Code     0  startup_stm32f10x_md.o(.text)
    RCC_IRQHandler                           0x0800041f   Thumb Code     0  startup_stm32f10x_md.o(.text)
    RTCAlarm_IRQHandler                      0x0800041f   Thumb Code     0  startup_stm32f10x_md.o(.text)
    RTC_IRQHandler                           0x0800041f   Thumb Code     0  startup_stm32f10x_md.o(.text)
    SPI1_IRQHandler                          0x0800041f   Thumb Code     0  startup_stm32f10x_md.o(.text)
    SPI2_IRQHandler                          0x0800041f   Thumb Code     0  startup_stm32f10x_md.o(.text)
    TAMPER_IRQHandler                        0x0800041f   Thumb Code     0  startup_stm32f10x_md.o(.text)
    TIM1_BRK_IRQHandler                      0x0800041f   Thumb Code     0  startup_stm32f10x_md.o(.text)
    TIM1_CC_IRQHandler                       0x0800041f   Thumb Code     0  startup_stm32f10x_md.o(.text)
    TIM1_TRG_COM_IRQHandler                  0x0800041f   Thumb Code     0  startup_stm32f10x_md.o(.text)
    TIM1_UP_IRQHandler                       0x0800041f   Thumb Code     0  startup_stm32f10x_md.o(.text)
    TIM2_IRQHandler                          0x0800041f   Thumb Code     0  startup_stm32f10x_md.o(.text)
    TIM4_IRQHandler                          0x0800041f   Thumb Code     0  startup_stm32f10x_md.o(.text)
    USART2_IRQHandler                        0x0800041f   Thumb Code     0  startup_stm32f10x_md.o(.text)
    USART3_IRQHandler                        0x0800041f   Thumb Code     0  startup_stm32f10x_md.o(.text)
    USBWakeUp_IRQHandler                     0x0800041f   Thumb Code     0  startup_stm32f10x_md.o(.text)
    USB_HP_CAN1_TX_IRQHandler                0x0800041f   Thumb Code     0  startup_stm32f10x_md.o(.text)
    USB_LP_CAN1_RX0_IRQHandler               0x0800041f   Thumb Code     0  startup_stm32f10x_md.o(.text)
    WWDG_IRQHandler                          0x0800041f   Thumb Code     0  startup_stm32f10x_md.o(.text)
    __user_initial_stackheap                 0x08000421   Thumb Code     0  startup_stm32f10x_md.o(.text)
    NVIC_PriorityGroupConfig                 0x08000445   Thumb Code    10  misc.o(.text)
    NVIC_Init                                0x0800044f   Thumb Code   100  misc.o(.text)
    NVIC_SetVectorTable                      0x080004b3   Thumb Code    14  misc.o(.text)
    NVIC_SystemLPConfig                      0x080004c1   Thumb Code    34  misc.o(.text)
    SysTick_CLKSourceConfig                  0x080004e3   Thumb Code    40  misc.o(.text)
    GPIO_DeInit                              0x08000521   Thumb Code   172  stm32f10x_gpio.o(.text)
    GPIO_AFIODeInit                          0x080005cd   Thumb Code    20  stm32f10x_gpio.o(.text)
    GPIO_Init                                0x080005e1   Thumb Code   278  stm32f10x_gpio.o(.text)
    GPIO_StructInit                          0x080006f7   Thumb Code    16  stm32f10x_gpio.o(.text)
    GPIO_ReadInputDataBit                    0x08000707   Thumb Code    18  stm32f10x_gpio.o(.text)
    GPIO_ReadInputData                       0x08000719   Thumb Code     8  stm32f10x_gpio.o(.text)
    GPIO_ReadOutputDataBit                   0x08000721   Thumb Code    18  stm32f10x_gpio.o(.text)
    GPIO_ReadOutputData                      0x08000733   Thumb Code     8  stm32f10x_gpio.o(.text)
    GPIO_SetBits                             0x0800073b   Thumb Code     4  stm32f10x_gpio.o(.text)
    GPIO_ResetBits                           0x0800073f   Thumb Code     4  stm32f10x_gpio.o(.text)
    GPIO_WriteBit                            0x08000743   Thumb Code    10  stm32f10x_gpio.o(.text)
    GPIO_Write                               0x0800074d   Thumb Code     4  stm32f10x_gpio.o(.text)
    GPIO_PinLockConfig                       0x08000751   Thumb Code    18  stm32f10x_gpio.o(.text)
    GPIO_EventOutputConfig                   0x08000763   Thumb Code    26  stm32f10x_gpio.o(.text)
    GPIO_EventOutputCmd                      0x0800077d   Thumb Code     6  stm32f10x_gpio.o(.text)
    GPIO_PinRemapConfig                      0x08000783   Thumb Code   138  stm32f10x_gpio.o(.text)
    GPIO_EXTILineConfig                      0x0800080d   Thumb Code    66  stm32f10x_gpio.o(.text)
    GPIO_ETH_MediaInterfaceConfig            0x0800084f   Thumb Code     8  stm32f10x_gpio.o(.text)
    RCC_DeInit                               0x0800087d   Thumb Code    64  stm32f10x_rcc.o(.text)
    RCC_HSEConfig                            0x080008bd   Thumb Code    70  stm32f10x_rcc.o(.text)
    RCC_GetFlagStatus                        0x08000903   Thumb Code    56  stm32f10x_rcc.o(.text)
    RCC_WaitForHSEStartUp                    0x0800093b   Thumb Code    56  stm32f10x_rcc.o(.text)
    RCC_AdjustHSICalibrationValue            0x08000973   Thumb Code    20  stm32f10x_rcc.o(.text)
    RCC_HSICmd                               0x08000987   Thumb Code     6  stm32f10x_rcc.o(.text)
    RCC_PLLConfig                            0x0800098d   Thumb Code    24  stm32f10x_rcc.o(.text)
    RCC_PLLCmd                               0x080009a5   Thumb Code     6  stm32f10x_rcc.o(.text)
    RCC_SYSCLKConfig                         0x080009ab   Thumb Code    18  stm32f10x_rcc.o(.text)
    RCC_GetSYSCLKSource                      0x080009bd   Thumb Code    10  stm32f10x_rcc.o(.text)
    RCC_HCLKConfig                           0x080009c7   Thumb Code    18  stm32f10x_rcc.o(.text)
    RCC_PCLK1Config                          0x080009d9   Thumb Code    18  stm32f10x_rcc.o(.text)
    RCC_PCLK2Config                          0x080009eb   Thumb Code    20  stm32f10x_rcc.o(.text)
    RCC_ITConfig                             0x080009ff   Thumb Code    26  stm32f10x_rcc.o(.text)
    RCC_USBCLKConfig                         0x08000a19   Thumb Code     8  stm32f10x_rcc.o(.text)
    RCC_ADCCLKConfig                         0x08000a21   Thumb Code    18  stm32f10x_rcc.o(.text)
    RCC_LSEConfig                            0x08000a33   Thumb Code    50  stm32f10x_rcc.o(.text)
    RCC_LSICmd                               0x08000a65   Thumb Code     6  stm32f10x_rcc.o(.text)
    RCC_RTCCLKConfig                         0x08000a6b   Thumb Code    12  stm32f10x_rcc.o(.text)
    RCC_RTCCLKCmd                            0x08000a77   Thumb Code     8  stm32f10x_rcc.o(.text)
    RCC_GetClocksFreq                        0x08000a7f   Thumb Code   192  stm32f10x_rcc.o(.text)
    RCC_AHBPeriphClockCmd                    0x08000b3f   Thumb Code    26  stm32f10x_rcc.o(.text)
    RCC_APB2PeriphClockCmd                   0x08000b59   Thumb Code    26  stm32f10x_rcc.o(.text)
    RCC_APB1PeriphClockCmd                   0x08000b73   Thumb Code    26  stm32f10x_rcc.o(.text)
    RCC_APB2PeriphResetCmd                   0x08000b8d   Thumb Code    26  stm32f10x_rcc.o(.text)
    RCC_APB1PeriphResetCmd                   0x08000ba7   Thumb Code    26  stm32f10x_rcc.o(.text)
    RCC_BackupResetCmd                       0x08000bc1   Thumb Code     8  stm32f10x_rcc.o(.text)
    RCC_ClockSecuritySystemCmd               0x08000bc9   Thumb Code     6  stm32f10x_rcc.o(.text)
    RCC_MCOConfig                            0x08000bcf   Thumb Code     6  stm32f10x_rcc.o(.text)
    RCC_ClearFlag                            0x08000bd5   Thumb Code    14  stm32f10x_rcc.o(.text)
    RCC_GetITStatus                          0x08000be3   Thumb Code    20  stm32f10x_rcc.o(.text)
    RCC_ClearITPendingBit                    0x08000bf7   Thumb Code     6  stm32f10x_rcc.o(.text)
    USART_DeInit                             0x08000c21   Thumb Code   134  stm32f10x_usart.o(.text)
    USART_Init                               0x08000ca7   Thumb Code   210  stm32f10x_usart.o(.text)
    USART_StructInit                         0x08000d79   Thumb Code    24  stm32f10x_usart.o(.text)
    USART_ClockInit                          0x08000d91   Thumb Code    34  stm32f10x_usart.o(.text)
    USART_ClockStructInit                    0x08000db3   Thumb Code    12  stm32f10x_usart.o(.text)
    USART_Cmd                                0x08000dbf   Thumb Code    24  stm32f10x_usart.o(.text)
    USART_ITConfig                           0x08000dd7   Thumb Code    74  stm32f10x_usart.o(.text)
    USART_DMACmd                             0x08000e21   Thumb Code    18  stm32f10x_usart.o(.text)
    USART_SetAddress                         0x08000e33   Thumb Code    18  stm32f10x_usart.o(.text)
    USART_WakeUpConfig                       0x08000e45   Thumb Code    18  stm32f10x_usart.o(.text)
    USART_ReceiverWakeUpCmd                  0x08000e57   Thumb Code    24  stm32f10x_usart.o(.text)
    USART_LINBreakDetectLengthConfig         0x08000e6f   Thumb Code    18  stm32f10x_usart.o(.text)
    USART_LINCmd                             0x08000e81   Thumb Code    24  stm32f10x_usart.o(.text)
    USART_SendData                           0x08000e99   Thumb Code     8  stm32f10x_usart.o(.text)
    USART_ReceiveData                        0x08000ea1   Thumb Code    10  stm32f10x_usart.o(.text)
    USART_SendBreak                          0x08000eab   Thumb Code    10  stm32f10x_usart.o(.text)
    USART_SetGuardTime                       0x08000eb5   Thumb Code    16  stm32f10x_usart.o(.text)
    USART_SetPrescaler                       0x08000ec5   Thumb Code    16  stm32f10x_usart.o(.text)
    USART_SmartCardCmd                       0x08000ed5   Thumb Code    24  stm32f10x_usart.o(.text)
    USART_SmartCardNACKCmd                   0x08000eed   Thumb Code    24  stm32f10x_usart.o(.text)
    USART_HalfDuplexCmd                      0x08000f05   Thumb Code    24  stm32f10x_usart.o(.text)
    USART_OverSampling8Cmd                   0x08000f1d   Thumb Code    22  stm32f10x_usart.o(.text)
    USART_OneBitMethodCmd                    0x08000f33   Thumb Code    24  stm32f10x_usart.o(.text)
    USART_IrDAConfig                         0x08000f4b   Thumb Code    18  stm32f10x_usart.o(.text)
    USART_IrDACmd                            0x08000f5d   Thumb Code    24  stm32f10x_usart.o(.text)
    USART_GetFlagStatus                      0x08000f75   Thumb Code    26  stm32f10x_usart.o(.text)
    USART_ClearFlag                          0x08000f8f   Thumb Code    18  stm32f10x_usart.o(.text)
    USART_GetITStatus                        0x08000fa1   Thumb Code    84  stm32f10x_usart.o(.text)
    USART_ClearITPendingBit                  0x08000ff5   Thumb Code    52  stm32f10x_usart.o(.text)
    ADC_DeInit                               0x08001029   Thumb Code    78  stm32f10x_adc.o(.text)
    ADC_Init                                 0x08001077   Thumb Code    70  stm32f10x_adc.o(.text)
    ADC_StructInit                           0x080010bd   Thumb Code    18  stm32f10x_adc.o(.text)
    ADC_Cmd                                  0x080010cf   Thumb Code    22  stm32f10x_adc.o(.text)
    ADC_DMACmd                               0x080010e5   Thumb Code    22  stm32f10x_adc.o(.text)
    ADC_ITConfig                             0x080010fb   Thumb Code    24  stm32f10x_adc.o(.text)
    ADC_ResetCalibration                     0x08001113   Thumb Code    10  stm32f10x_adc.o(.text)
    ADC_GetResetCalibrationStatus            0x0800111d   Thumb Code    20  stm32f10x_adc.o(.text)
    ADC_StartCalibration                     0x08001131   Thumb Code    10  stm32f10x_adc.o(.text)
    ADC_GetCalibrationStatus                 0x0800113b   Thumb Code    20  stm32f10x_adc.o(.text)
    ADC_SoftwareStartConvCmd                 0x0800114f   Thumb Code    22  stm32f10x_adc.o(.text)
    ADC_GetSoftwareStartConvStatus           0x08001165   Thumb Code    20  stm32f10x_adc.o(.text)
    ADC_DiscModeChannelCountConfig           0x08001179   Thumb Code    24  stm32f10x_adc.o(.text)
    ADC_DiscModeCmd                          0x08001191   Thumb Code    22  stm32f10x_adc.o(.text)
    ADC_RegularChannelConfig                 0x080011a7   Thumb Code   184  stm32f10x_adc.o(.text)
    ADC_ExternalTrigConvCmd                  0x0800125f   Thumb Code    22  stm32f10x_adc.o(.text)
    ADC_GetConversionValue                   0x08001275   Thumb Code     8  stm32f10x_adc.o(.text)
    ADC_GetDualModeConversionValue           0x0800127d   Thumb Code     8  stm32f10x_adc.o(.text)
    ADC_AutoInjectedConvCmd                  0x08001285   Thumb Code    22  stm32f10x_adc.o(.text)
    ADC_InjectedDiscModeCmd                  0x0800129b   Thumb Code    22  stm32f10x_adc.o(.text)
    ADC_ExternalTrigInjectedConvConfig       0x080012b1   Thumb Code    16  stm32f10x_adc.o(.text)
    ADC_ExternalTrigInjectedConvCmd          0x080012c1   Thumb Code    22  stm32f10x_adc.o(.text)
    ADC_SoftwareStartInjectedConvCmd         0x080012d7   Thumb Code    22  stm32f10x_adc.o(.text)
    ADC_GetSoftwareStartInjectedConvCmdStatus 0x080012ed   Thumb Code    20  stm32f10x_adc.o(.text)
    ADC_InjectedChannelConfig                0x08001301   Thumb Code   130  stm32f10x_adc.o(.text)
    ADC_InjectedSequencerLengthConfig        0x08001383   Thumb Code    24  stm32f10x_adc.o(.text)
    ADC_SetInjectedOffset                    0x0800139b   Thumb Code    20  stm32f10x_adc.o(.text)
    ADC_GetInjectedConversionValue           0x080013af   Thumb Code    28  stm32f10x_adc.o(.text)
    ADC_AnalogWatchdogCmd                    0x080013cb   Thumb Code    16  stm32f10x_adc.o(.text)
    ADC_AnalogWatchdogThresholdsConfig       0x080013db   Thumb Code     6  stm32f10x_adc.o(.text)
    ADC_AnalogWatchdogSingleChannelConfig    0x080013e1   Thumb Code    16  stm32f10x_adc.o(.text)
    ADC_TempSensorVrefintCmd                 0x080013f1   Thumb Code    64  stm32f10x_adc.o(.text)
    ADC_GetFlagStatus                        0x08001431   Thumb Code    18  stm32f10x_adc.o(.text)
    ADC_ClearFlag                            0x08001443   Thumb Code     6  stm32f10x_adc.o(.text)
    ADC_GetITStatus                          0x08001449   Thumb Code    36  stm32f10x_adc.o(.text)
    ADC_ClearITPendingBit                    0x0800146d   Thumb Code    10  stm32f10x_adc.o(.text)
    TIM_DeInit                               0x08001479   Thumb Code   424  stm32f10x_tim.o(.text)
    TIM_TimeBaseInit                         0x08001621   Thumb Code   122  stm32f10x_tim.o(.text)
    TIM_OC1Init                              0x0800169b   Thumb Code   132  stm32f10x_tim.o(.text)
    TIM_OC2Init                              0x0800171f   Thumb Code   154  stm32f10x_tim.o(.text)
    TIM_OC3Init                              0x080017b9   Thumb Code   150  stm32f10x_tim.o(.text)
    TIM_OC4Init                              0x0800184f   Thumb Code   182  stm32f10x_tim.o(.text)
    TIM_SetIC4Prescaler                      0x08001905   Thumb Code    26  stm32f10x_tim.o(.text)
    TIM_SetIC3Prescaler                      0x080019a1   Thumb Code    18  stm32f10x_tim.o(.text)
    TIM_SetIC2Prescaler                      0x08001a2d   Thumb Code    26  stm32f10x_tim.o(.text)
    TIM_SetIC1Prescaler                      0x08001ac9   Thumb Code    18  stm32f10x_tim.o(.text)
    TIM_ICInit                               0x08001b47   Thumb Code   150  stm32f10x_tim.o(.text)
    TIM_PWMIConfig                           0x08001bdd   Thumb Code   124  stm32f10x_tim.o(.text)
    TIM_BDTRConfig                           0x08001c59   Thumb Code    32  stm32f10x_tim.o(.text)
    TIM_TimeBaseStructInit                   0x08001c79   Thumb Code    18  stm32f10x_tim.o(.text)
    TIM_OCStructInit                         0x08001c8b   Thumb Code    20  stm32f10x_tim.o(.text)
    TIM_ICStructInit                         0x08001c9f   Thumb Code    18  stm32f10x_tim.o(.text)
    TIM_BDTRStructInit                       0x08001cb1   Thumb Code    40  stm32f10x_tim.o(.text)
    TIM_Cmd                                  0x08001cd9   Thumb Code    24  stm32f10x_tim.o(.text)
    TIM_CtrlPWMOutputs                       0x08001cf1   Thumb Code    30  stm32f10x_tim.o(.text)
    TIM_ITConfig                             0x08001d0f   Thumb Code    18  stm32f10x_tim.o(.text)
    TIM_GenerateEvent                        0x08001d21   Thumb Code     4  stm32f10x_tim.o(.text)
    TIM_DMAConfig                            0x08001d25   Thumb Code    10  stm32f10x_tim.o(.text)
    TIM_DMACmd                               0x08001d2f   Thumb Code    18  stm32f10x_tim.o(.text)
    TIM_InternalClockConfig                  0x08001d41   Thumb Code    12  stm32f10x_tim.o(.text)
    TIM_SelectInputTrigger                   0x08001d4d   Thumb Code    18  stm32f10x_tim.o(.text)
    TIM_ITRxExternalClockConfig              0x08001d5f   Thumb Code    24  stm32f10x_tim.o(.text)
    TIM_TIxExternalClockConfig               0x08001d77   Thumb Code    62  stm32f10x_tim.o(.text)
    TIM_ETRConfig                            0x08001db5   Thumb Code    28  stm32f10x_tim.o(.text)
    TIM_ETRClockMode1Config                  0x08001dd1   Thumb Code    54  stm32f10x_tim.o(.text)
    TIM_ETRClockMode2Config                  0x08001e07   Thumb Code    32  stm32f10x_tim.o(.text)
    TIM_PrescalerConfig                      0x08001e27   Thumb Code     6  stm32f10x_tim.o(.text)
    TIM_CounterModeConfig                    0x08001e2d   Thumb Code    18  stm32f10x_tim.o(.text)
    TIM_EncoderInterfaceConfig               0x08001e3f   Thumb Code    66  stm32f10x_tim.o(.text)
    TIM_ForcedOC1Config                      0x08001e81   Thumb Code    18  stm32f10x_tim.o(.text)
    TIM_ForcedOC2Config                      0x08001e93   Thumb Code    26  stm32f10x_tim.o(.text)
    TIM_ForcedOC3Config                      0x08001ead   Thumb Code    18  stm32f10x_tim.o(.text)
    TIM_ForcedOC4Config                      0x08001ebf   Thumb Code    26  stm32f10x_tim.o(.text)
    TIM_ARRPreloadConfig                     0x08001ed9   Thumb Code    24  stm32f10x_tim.o(.text)
    TIM_SelectCOM                            0x08001ef1   Thumb Code    24  stm32f10x_tim.o(.text)
    TIM_SelectCCDMA                          0x08001f09   Thumb Code    24  stm32f10x_tim.o(.text)
    TIM_CCPreloadControl                     0x08001f21   Thumb Code    24  stm32f10x_tim.o(.text)
    TIM_OC1PreloadConfig                     0x08001f39   Thumb Code    18  stm32f10x_tim.o(.text)
    TIM_OC2PreloadConfig                     0x08001f4b   Thumb Code    26  stm32f10x_tim.o(.text)
    TIM_OC3PreloadConfig                     0x08001f65   Thumb Code    18  stm32f10x_tim.o(.text)
    TIM_OC4PreloadConfig                     0x08001f77   Thumb Code    26  stm32f10x_tim.o(.text)
    TIM_OC1FastConfig                        0x08001f91   Thumb Code    18  stm32f10x_tim.o(.text)
    TIM_OC2FastConfig                        0x08001fa3   Thumb Code    26  stm32f10x_tim.o(.text)
    TIM_OC3FastConfig                        0x08001fbd   Thumb Code    18  stm32f10x_tim.o(.text)
    TIM_OC4FastConfig                        0x08001fcf   Thumb Code    26  stm32f10x_tim.o(.text)
    TIM_ClearOC1Ref                          0x08001fe9   Thumb Code    18  stm32f10x_tim.o(.text)
    TIM_ClearOC2Ref                          0x08001ffb   Thumb Code    24  stm32f10x_tim.o(.text)
    TIM_ClearOC3Ref                          0x08002013   Thumb Code    18  stm32f10x_tim.o(.text)
    TIM_ClearOC4Ref                          0x08002025   Thumb Code    24  stm32f10x_tim.o(.text)
    TIM_OC1PolarityConfig                    0x0800203d   Thumb Code    18  stm32f10x_tim.o(.text)
    TIM_OC1NPolarityConfig                   0x0800204f   Thumb Code    18  stm32f10x_tim.o(.text)
    TIM_OC2PolarityConfig                    0x08002061   Thumb Code    26  stm32f10x_tim.o(.text)
    TIM_OC2NPolarityConfig                   0x0800207b   Thumb Code    26  stm32f10x_tim.o(.text)
    TIM_OC3PolarityConfig                    0x08002095   Thumb Code    26  stm32f10x_tim.o(.text)
    TIM_OC3NPolarityConfig                   0x080020af   Thumb Code    26  stm32f10x_tim.o(.text)
    TIM_OC4PolarityConfig                    0x080020c9   Thumb Code    26  stm32f10x_tim.o(.text)
    TIM_CCxCmd                               0x080020e3   Thumb Code    30  stm32f10x_tim.o(.text)
    TIM_CCxNCmd                              0x08002101   Thumb Code    30  stm32f10x_tim.o(.text)
    TIM_SelectOCxM                           0x0800211f   Thumb Code    82  stm32f10x_tim.o(.text)
    TIM_UpdateDisableConfig                  0x08002171   Thumb Code    24  stm32f10x_tim.o(.text)
    TIM_UpdateRequestConfig                  0x08002189   Thumb Code    24  stm32f10x_tim.o(.text)
    TIM_SelectHallSensor                     0x080021a1   Thumb Code    24  stm32f10x_tim.o(.text)
    TIM_SelectOnePulseMode                   0x080021b9   Thumb Code    18  stm32f10x_tim.o(.text)
    TIM_SelectOutputTrigger                  0x080021cb   Thumb Code    18  stm32f10x_tim.o(.text)
    TIM_SelectSlaveMode                      0x080021dd   Thumb Code    18  stm32f10x_tim.o(.text)
    TIM_SelectMasterSlaveMode                0x080021ef   Thumb Code    18  stm32f10x_tim.o(.text)
    TIM_SetCounter                           0x08002201   Thumb Code     4  stm32f10x_tim.o(.text)
    TIM_SetAutoreload                        0x08002205   Thumb Code     4  stm32f10x_tim.o(.text)
    TIM_SetCompare1                          0x08002209   Thumb Code     4  stm32f10x_tim.o(.text)
    TIM_SetCompare2                          0x0800220d   Thumb Code     4  stm32f10x_tim.o(.text)
    TIM_SetCompare3                          0x08002211   Thumb Code     4  stm32f10x_tim.o(.text)
    TIM_SetCompare4                          0x08002215   Thumb Code     6  stm32f10x_tim.o(.text)
    TIM_SetClockDivision                     0x0800221b   Thumb Code    18  stm32f10x_tim.o(.text)
    TIM_GetCapture1                          0x0800222d   Thumb Code     6  stm32f10x_tim.o(.text)
    TIM_GetCapture2                          0x08002233   Thumb Code     6  stm32f10x_tim.o(.text)
    TIM_GetCapture3                          0x08002239   Thumb Code     6  stm32f10x_tim.o(.text)
    TIM_GetCapture4                          0x0800223f   Thumb Code     8  stm32f10x_tim.o(.text)
    TIM_GetCounter                           0x08002247   Thumb Code     6  stm32f10x_tim.o(.text)
    TIM_GetPrescaler                         0x0800224d   Thumb Code     6  stm32f10x_tim.o(.text)
    TIM_GetFlagStatus                        0x08002253   Thumb Code    18  stm32f10x_tim.o(.text)
    TIM_ClearFlag                            0x08002265   Thumb Code     6  stm32f10x_tim.o(.text)
    TIM_GetITStatus                          0x0800226b   Thumb Code    34  stm32f10x_tim.o(.text)
    TIM_ClearITPendingBit                    0x0800228d   Thumb Code     6  stm32f10x_tim.o(.text)
    delay_init                               0x08002295   Thumb Code    56  delay.o(.text)
    delay_us                                 0x080022cd   Thumb Code    72  delay.o(.text)
    delay_ms                                 0x08002315   Thumb Code    72  delay.o(.text)
    STM32_Flash_Capacity                     0x08002365   Thumb Code   154  sys.o(.text)
    STM32_CPUID                              0x080023ff   Thumb Code    20  sys.o(.text)
    MY_NVIC_SetVectorTable                   0x08002413   Thumb Code    14  sys.o(.text)
    MY_NVIC_PriorityGroup_Config             0x08002421   Thumb Code    12  sys.o(.text)
    MY_NVIC_Init                             0x0800242d   Thumb Code    42  sys.o(.text)
    MY_RCC_DeInit                            0x08002457   Thumb Code    90  sys.o(.text)
    SYS_Standby                              0x080024b1   Thumb Code    68  sys.o(.text)
    SYS_SoftReset                            0x080024f5   Thumb Code    10  sys.o(.text)
    STM_JTAG_Set                             0x080024ff   Thumb Code    36  sys.o(.text)
    STM_Clock_Init                           0x08002523   Thumb Code   134  sys.o(.text)
    BCD_to_HEX                               0x080025a9   Thumb Code    26  sys.o(.text)
    HEX_to_BCD                               0x080025c3   Thumb Code    20  sys.o(.text)
    DX_to_HX                                 0x080025d7   Thumb Code    70  sys.o(.text)
    HX_to_DX                                 0x0800261d   Thumb Code    48  sys.o(.text)
    _sys_exit                                0x08002681   Thumb Code     4  usart.o(.text)
    fputc                                    0x08002685   Thumb Code    24  usart.o(.text)
    USARTx_Init                              0x0800269d   Thumb Code   170  usart.o(.text)
    USART1_IRQHandler                        0x08002747   Thumb Code   180  usart.o(.text)
    Recognize_Init                           0x08002827   Thumb Code    52  recognize.o(.text)
    Recognize_SetMode                        0x0800285b   Thumb Code    26  recognize.o(.text)
    Calculate_Envelope_MAD                   0x08002875   Thumb Code   102  recognize.o(.text)
    Update_Receiver_Logic                    0x080028db   Thumb Code   156  recognize.o(.text)
    AD_Init                                  0x080029fd   Thumb Code   176  main.o(.text)
    AD_GetValue                              0x08003247   Thumb Code   166  main.o(.text)
    Get_Current_Frequency                    0x08003625   Thumb Code    20  main.o(.text)
    Get_ADC_Average                          0x08003639   Thumb Code    38  main.o(.text)
    main                                     0x0800365f   Thumb Code  2310  main.o(.text)
    TIM3_Int_Init                            0x08003fd9   Thumb Code    90  timer.o(.text)
    TIM3_IRQHandler                          0x08004033   Thumb Code    96  timer.o(.text)
    Timer_Init                               0x08004093   Thumb Code   114  timer.o(.text)
    OLED_I2C_Init                            0x0800434f   Thumb Code    88  oled.o(.text)
    OLED_WriteCommand                        0x080043a7   Thumb Code    26  oled.o(.text)
    OLED_WriteData                           0x080043c1   Thumb Code    26  oled.o(.text)
    OLED_SetCursor                           0x080043db   Thumb Code    34  oled.o(.text)
    OLED_Clear                               0x080043fd   Thumb Code    42  oled.o(.text)
    OLED_ShowChar                            0x08004427   Thumb Code   110  oled.o(.text)
    OLED_ShowString                          0x08004495   Thumb Code    40  oled.o(.text)
    OLED_Pow                                 0x080044bd   Thumb Code    20  oled.o(.text)
    OLED_ShowNum                             0x080044d1   Thumb Code    68  oled.o(.text)
    OLED_ShowSignedNum                       0x08004515   Thumb Code   128  oled.o(.text)
    OLED_ShowHexNum                          0x08004595   Thumb Code    84  oled.o(.text)
    OLED_ShowBinNum                          0x080045e9   Thumb Code    62  oled.o(.text)
    OLED_Init                                0x08004627   Thumb Code   350  oled.o(.text)
    OLED_IsReady                             0x08004785   Thumb Code     6  oled.o(.text)
    OLED_GetInitError                        0x0800478b   Thumb Code     6  oled.o(.text)
    OLED_GetAckFailCount                     0x08004791   Thumb Code     6  oled.o(.text)
    OLED_GetI2CAddress                       0x08004797   Thumb Code     6  oled.o(.text)
    OLED_ShowFloatNum                        0x0800479d   Thumb Code   102  oled.o(.text)
    ad9851_GPIOInit                          0x08004829   Thumb Code    40  ad9851.o(.text)
    ad9851_reset                             0x08004851   Thumb Code    56  ad9851.o(.text)
    ad9851_reset_serial                      0x08004889   Thumb Code   120  ad9851.o(.text)
    ad9851_fre_trun                          0x08004901   Thumb Code    92  ad9851.o(.text)
    ad9851_phase_trun                        0x0800495d   Thumb Code   128  ad9851.o(.text)
    ad9851_write                             0x080049dd   Thumb Code   198  ad9851.o(.text)
    Delay                                    0x08004abd   Thumb Code    22  adf4002.o(.text)
    DelayMs                                  0x08004ad3   Thumb Code    36  adf4002.o(.text)
    SendDataPll                              0x08004af7   Thumb Code   110  adf4002.o(.text)
    InitADF4002                              0x08004b65   Thumb Code    64  adf4002.o(.text)
    RDivideTest                              0x08004ba5   Thumb Code    34  adf4002.o(.text)
    NDivideTest                              0x08004bc7   Thumb Code    36  adf4002.o(.text)
    RDA5820_WriteReg                         0x08004e03   Thumb Code    40  rda5820.o(.text)
    RDA5820_ReadReg                          0x08004e2b   Thumb Code    56  rda5820.o(.text)
    RDA5820_RX_Mode                          0x08004e87   Thumb Code    26  rda5820.o(.text)
    RDA5820_Freq_Set                         0x08004ea1   Thumb Code   138  rda5820.o(.text)
    RDA5820_Check_Lock                       0x08004f2b   Thumb Code    30  rda5820.o(.text)
    RDA5820_Read_RSSI                        0x08004f49   Thumb Code    14  rda5820.o(.text)
    RDA5820_SetFreq                          0x08004fbd   Thumb Code    76  rda5820.o(.text)
    RDA5820_Space_Set                        0x08005009   Thumb Code    70  rda5820.o(.text)
    RDA5820_Band_Set                         0x0800504f   Thumb Code    48  rda5820.o(.text)
    RDA5820_Init                             0x0800507f   Thumb Code   140  rda5820.o(.text)
    RDA5820_TX_Mode                          0x0800510b   Thumb Code    30  rda5820.o(.text)
    RDA5820_Space_Get                        0x08005129   Thumb Code     6  rda5820.o(.text)
    RDA5820_SeekTh_Set                       0x0800512f   Thumb Code    36  rda5820.o(.text)
    RDA5820_Freq_Get                         0x08005153   Thumb Code    44  rda5820.o(.text)
    RDA5820_AutoTuneAround                   0x0800517f   Thumb Code   206  rda5820.o(.text)
    RDA5820_Rssi_Get                         0x0800524d   Thumb Code     8  rda5820.o(.text)
    RDA5820_Mute_Set                         0x08005255   Thumb Code    36  rda5820.o(.text)
    RDA5820_Vol_Set                          0x08005279   Thumb Code    34  rda5820.o(.text)
    cr4_fft_1024_stm32                       0x080052b5   Thumb Code     0  cr4_fft_1024_stm32.o(.text)
    __use_no_semihosting                     0x08006495   Thumb Code     2  use_no_semi_2.o(.text)
    __aeabi_uldivmod                         0x08006497   Thumb Code     0  lludivv7m.o(.text)
    _ll_udiv                                 0x08006497   Thumb Code   238  lludivv7m.o(.text)
    __2printf                                0x08006585   Thumb Code    20  noretval__2printf.o(.text)
    __2sprintf                               0x0800659d   Thumb Code    34  noretval__2sprintf.o(.text)
    __2snprintf                              0x080065c5   Thumb Code    48  noretval__2snprintf.o(.text)
    _printf_pre_padding                      0x080065f9   Thumb Code    44  _printf_pad.o(.text)
    _printf_post_padding                     0x08006625   Thumb Code    34  _printf_pad.o(.text)
    _printf_str                              0x08006647   Thumb Code    82  _printf_str.o(.text)
    _printf_int_dec                          0x08006699   Thumb Code   104  _printf_dec.o(.text)
    _printf_int_hex                          0x08006711   Thumb Code    84  _printf_hex_int.o(.text)
    _printf_longlong_hex                     0x08006711   Thumb Code     0  _printf_hex_int.o(.text)
    __printf                                 0x08006769   Thumb Code   388  __printf_flags_ss_wp.o(.text)
    __use_two_region_memory                  0x080068f1   Thumb Code     2  heapauxi.o(.text)
    __rt_heap_escrow$2region                 0x080068f3   Thumb Code     2  heapauxi.o(.text)
    __rt_heap_expand$2region                 0x080068f5   Thumb Code     2  heapauxi.o(.text)
    __I$use$semihosting                      0x080068f7   Thumb Code     0  use_no_semi.o(.text)
    __use_no_semihosting_swi                 0x080068f7   Thumb Code     2  use_no_semi.o(.text)
    __read_errno                             0x080068f9   Thumb Code    10  _rserrno.o(.text)
    __set_errno                              0x08006903   Thumb Code    12  _rserrno.o(.text)
    _printf_int_common                       0x0800690f   Thumb Code   178  _printf_intcommon.o(.text)
    __lib_sel_fp_printf                      0x080069c1   Thumb Code     2  _printf_fp_dec.o(.text)
    _printf_fp_dec_real                      0x08006b6f   Thumb Code   620  _printf_fp_dec.o(.text)
    _printf_char_common                      0x08006de7   Thumb Code    32  _printf_char_common.o(.text)
    _sputc                                   0x08006e0d   Thumb Code    10  _sputc.o(.text)
    _snputc                                  0x08006e17   Thumb Code    16  _snputc.o(.text)
    _printf_cs_common                        0x08006e27   Thumb Code    20  _printf_char.o(.text)
    _printf_char                             0x08006e3b   Thumb Code    16  _printf_char.o(.text)
    _printf_string                           0x08006e4b   Thumb Code     8  _printf_char.o(.text)
    _printf_char_file                        0x08006e55   Thumb Code    32  _printf_char_file.o(.text)
    __rt_locale                              0x08006e79   Thumb Code     8  rt_locale_intlibspace.o(.text)
    __aeabi_errno_addr                       0x08006e81   Thumb Code     8  rt_errno_addr_intlibspace.o(.text)
    __errno$intlibspace                      0x08006e81   Thumb Code     0  rt_errno_addr_intlibspace.o(.text)
    __rt_errno_addr$intlibspace              0x08006e81   Thumb Code     0  rt_errno_addr_intlibspace.o(.text)
    _ll_udiv10                               0x08006e89   Thumb Code   138  lludiv10.o(.text)
    _printf_fp_infnan                        0x08006f15   Thumb Code   112  _printf_fp_infnan.o(.text)
    _btod_etento                             0x08006f95   Thumb Code   216  bigflt0.o(.text)
    ferror                                   0x08007071   Thumb Code     8  ferror.o(.text)
    __user_libspace                          0x08007079   Thumb Code     8  libspace.o(.text)
    __user_perproc_libspace                  0x08007079   Thumb Code     0  libspace.o(.text)
    __user_perthread_libspace                0x08007079   Thumb Code     0  libspace.o(.text)
    __user_setup_stackheap                   0x08007081   Thumb Code    74  sys_stackheap_outer.o(.text)
    exit                                     0x080070cb   Thumb Code    18  exit.o(.text)
    strcmp                                   0x080070dd   Thumb Code   128  strcmpv7m.o(.text)
    _btod_d2e                                0x0800715d   Thumb Code    62  btod.o(CL$$btod_d2e)
    _d2e_denorm_low                          0x0800719b   Thumb Code    70  btod.o(CL$$btod_d2e_denorm_low)
    _d2e_norm_op1                            0x080071e1   Thumb Code    96  btod.o(CL$$btod_d2e_norm_op1)
    __btod_div_common                        0x08007241   Thumb Code   696  btod.o(CL$$btod_div_common)
    _e2e                                     0x08007579   Thumb Code   198  btod.o(CL$$btod_e2e)
    _btod_ediv                               0x0800763f   Thumb Code    40  btod.o(CL$$btod_ediv)
    _btod_emul                               0x08007667   Thumb Code    40  btod.o(CL$$btod_emul)
    __btod_mult_common                       0x0800768f   Thumb Code   580  btod.o(CL$$btod_mult_common)
    __ARM_fpclassify                         0x080078d3   Thumb Code    40  fpclassify.o(i.__ARM_fpclassify)
    __mathlib_flt_infnan                     0x080078fb   Thumb Code     6  funder.o(i.__mathlib_flt_infnan)
    __mathlib_flt_invalid                    0x08007901   Thumb Code     8  funder.o(i.__mathlib_flt_invalid)
    __mathlib_rredf2                         0x08007909   Thumb Code   344  rredf.o(i.__mathlib_rredf2)
    _is_digit                                0x08007a71   Thumb Code    14  __printf_wp.o(i._is_digit)
    cosf                                     0x08007a81   Thumb Code   328  cosf.o(i.cosf)
    _get_lc_numeric                          0x08007bfd   Thumb Code    44  lc_numeric_c.o(locale$$code)
    __fpl_dcmp_Inf                           0x08007c29   Thumb Code    24  dcmpi.o(x$fpl$dcmpinf)
    __aeabi_ddiv                             0x08007c41   Thumb Code     0  ddiv.o(x$fpl$ddiv)
    _ddiv                                    0x08007c41   Thumb Code   552  ddiv.o(x$fpl$ddiv)
    __aeabi_d2uiz                            0x08007ef1   Thumb Code     0  dfixu.o(x$fpl$dfixu)
    _dfixu                                   0x08007ef1   Thumb Code    90  dfixu.o(x$fpl$dfixu)
    __aeabi_i2d                              0x08007f4b   Thumb Code     0  dflt_clz.o(x$fpl$dflt)
    _dflt                                    0x08007f4b   Thumb Code    46  dflt_clz.o(x$fpl$dflt)
    __aeabi_ui2d                             0x08007f79   Thumb Code     0  dflt_clz.o(x$fpl$dfltu)
    _dfltu                                   0x08007f79   Thumb Code    38  dflt_clz.o(x$fpl$dfltu)
    __aeabi_cdcmple                          0x08007fa1   Thumb Code     0  dleqf.o(x$fpl$dleqf)
    _dcmple                                  0x08007fa1   Thumb Code   120  dleqf.o(x$fpl$dleqf)
    __fpl_dcmple_InfNaN                      0x08008003   Thumb Code     0  dleqf.o(x$fpl$dleqf)
    __aeabi_dmul                             0x08008019   Thumb Code     0  dmul.o(x$fpl$dmul)
    _dmul                                    0x08008019   Thumb Code   332  dmul.o(x$fpl$dmul)
    __fpl_dnaninf                            0x0800816d   Thumb Code   156  dnaninf.o(x$fpl$dnaninf)
    __fpl_dretinf                            0x08008209   Thumb Code    12  dretinf.o(x$fpl$dretinf)
    __aeabi_f2d                              0x08008215   Thumb Code     0  f2d.o(x$fpl$f2d)
    _f2d                                     0x08008215   Thumb Code    86  f2d.o(x$fpl$f2d)
    __aeabi_fadd                             0x0800826d   Thumb Code     0  faddsub_clz.o(x$fpl$fadd)
    _fadd                                    0x0800826d   Thumb Code   196  faddsub_clz.o(x$fpl$fadd)
    __fpl_fcheck_NaN1                        0x08008331   Thumb Code     6  fcheck1.o(x$fpl$fcheck1)
    __fpl_fcmp_Inf                           0x0800833d   Thumb Code    24  fcmpi.o(x$fpl$fcmpinf)
    __aeabi_fdiv                             0x08008355   Thumb Code     0  fdiv.o(x$fpl$fdiv)
    _fdiv                                    0x08008355   Thumb Code   384  fdiv.o(x$fpl$fdiv)
    __aeabi_f2iz                             0x080084d9   Thumb Code     0  ffix.o(x$fpl$ffix)
    _ffix                                    0x080084d9   Thumb Code    54  ffix.o(x$fpl$ffix)
    __aeabi_f2uiz                            0x08008511   Thumb Code     0  ffixu.o(x$fpl$ffixu)
    _ffixu                                   0x08008511   Thumb Code    62  ffixu.o(x$fpl$ffixu)
    __aeabi_i2f                              0x08008551   Thumb Code     0  fflt_clz.o(x$fpl$fflt)
    _fflt                                    0x08008551   Thumb Code    48  fflt_clz.o(x$fpl$fflt)
    __aeabi_ui2f                             0x08008581   Thumb Code     0  fflt_clz.o(x$fpl$ffltu)
    _ffltu                                   0x08008581   Thumb Code    38  fflt_clz.o(x$fpl$ffltu)
    __aeabi_cfcmple                          0x080085a9   Thumb Code     0  fleqf.o(x$fpl$fleqf)
    _fcmple                                  0x080085a9   Thumb Code   104  fleqf.o(x$fpl$fleqf)
    __fpl_fcmple_InfNaN                      0x080085fb   Thumb Code     0  fleqf.o(x$fpl$fleqf)
    __aeabi_fmul                             0x08008611   Thumb Code     0  fmul.o(x$fpl$fmul)
    _fmul                                    0x08008611   Thumb Code   258  fmul.o(x$fpl$fmul)
    __fpl_fnaninf                            0x08008713   Thumb Code   140  fnaninf.o(x$fpl$fnaninf)
    __fpl_fretinf                            0x0800879f   Thumb Code    10  fretinf.o(x$fpl$fretinf)
    __aeabi_cfrcmple                         0x080087a9   Thumb Code     0  frleqf.o(x$fpl$frleqf)
    _frcmple                                 0x080087a9   Thumb Code    98  frleqf.o(x$fpl$frleqf)
    _frnd                                    0x0800880d   Thumb Code    96  frnd.o(x$fpl$frnd)
    __aeabi_frsub                            0x0800886d   Thumb Code     0  faddsub_clz.o(x$fpl$frsb)
    _frsb                                    0x0800886d   Thumb Code    20  faddsub_clz.o(x$fpl$frsb)
    __aeabi_fsub                             0x08008881   Thumb Code     0  faddsub_clz.o(x$fpl$fsub)
    _fsub                                    0x08008881   Thumb Code   234  faddsub_clz.o(x$fpl$fsub)
    _printf_fp_dec                           0x0800896b   Thumb Code     4  printf1.o(x$fpl$printf1)
    __fpl_return_NaN                         0x0800896f   Thumb Code   100  retnan.o(x$fpl$retnan)
    __ARM_scalbnf                            0x080089d3   Thumb Code    76  scalbnf.o(x$fpl$scalbnf)
    __fpl_cmpreturn                          0x08008a1f   Thumb Code    48  trapv.o(x$fpl$trapveneer)
    OLED_F8x16                               0x08008a4e   Data        1520  oled.o(.constdata)
    __I$use$fp                               0x08008a4e   Number         0  usenofp.o(x$fpl$usenofp)
    Region$$Table$$Base                      0x08009228   Number         0  anon$$obj.o(Region$$Table)
    Region$$Table$$Limit                     0x08009248   Number         0  anon$$obj.o(Region$$Table)
    SystemCoreClock                          0x20000000   Data           4  system_stm32f10x.o(.data)
    AHBPrescTable                            0x20000004   Data          16  system_stm32f10x.o(.data)
    __stdout                                 0x2000002c   Data           4  usart.o(.data)
    USART_RX_STA                             0x20000030   Data           2  usart.o(.data)
    current_mode                             0x20000032   Data           1  recognize.o(.data)
    confirm_counter                          0x20000034   Data           2  recognize.o(.data)
    TableFFT                                 0x20000038   Data        4080  main.o(.data)
    AD_value                                 0x20001028   Data           2  main.o(.data)
    g_Update_Cnt                             0x2000103c   Data           4  main.o(.data)
    g_Period_Ticks                           0x20001040   Data           4  main.o(.data)
    g_New_Freq_Ready                         0x20001044   Data           1  main.o(.data)
    g_ms_tick                                0x20001048   Data           4  main.o(.data)
    g_cap_poll_ok                            0x2000104c   Data           4  main.o(.data)
    g_cap_poll_timeout                       0x20001050   Data           4  main.o(.data)
    g_cap_last_ticks                         0x20001054   Data           4  main.o(.data)
    g_period_freq_hz                         0x20001058   Data           4  main.o(.data)
    g_window_freq_hz                         0x2000105c   Data           4  main.o(.data)
    g_freq_diff_hz                           0x20001060   Data           4  main.o(.data)
    g_filter_avg_win                         0x20001064   Data           1  main.o(.data)
    counter                                  0x20001080   Data           4  timer.o(.data)
    end                                      0x20001084   Data           4  timer.o(.data)
    ReadData                                 0x20001090   Data           4  adf4002.o(.data)
    functionReg0x02R                         0x20001094   Data           4  adf4002.o(.data)
    initReg0x03R                             0x20001098   Data           4  adf4002.o(.data)
    functionReg0x02N                         0x2000109c   Data           4  adf4002.o(.data)
    initReg0x03N                             0x200010a0   Data           4  adf4002.o(.data)
    Reg0x02_LEDON                            0x200010a4   Data           4  adf4002.o(.data)
    Reg0x02_LEDOFF                           0x200010a8   Data           4  adf4002.o(.data)
    USART_RX_BUF                             0x200010b0   Data          63  usart.o(.bss)
    adc_buf                                  0x20003138   Data         224  timer.o(.bss)
    __libspace_start                         0x20003218   Data          96  libspace.o(.bss)
    __temporary_stack_top$libspace           0x20003278   Data           0  libspace.o(.bss)



==============================================================================

Memory Map of the image

  Image Entry point : 0x080000ed

  Load Region LR_IROM1 (Base: 0x08000000, Size: 0x0000a314, Max: 0x00010000, ABSOLUTE, COMPRESSED[0x00009ea4])

    Execution Region ER_IROM1 (Base: 0x08000000, Size: 0x00009264, Max: 0x00010000, ABSOLUTE)

    Base Addr    Size         Type   Attr      Idx    E Section Name        Object

    0x08000000   0x000000ec   Data   RO          139    RESET               startup_stm32f10x_md.o
    0x080000ec   0x00000008   Code   RO          752  * !!!main             c_w.l(__main.o)
    0x080000f4   0x00000034   Code   RO         1094    !!!scatter          c_w.l(__scatter.o)
    0x08000128   0x00000064   Code   RO         1092    !!dclz77c           c_w.l(__dclz77c.o)
    0x0800018c   0x0000001c   Code   RO         1096    !!handler_zi        c_w.l(__scatter_zi.o)
    0x080001a8   0x00000000   Code   RO          749    .ARM.Collect$$_printf_percent$$00000000  c_w.l(_printf_percent.o)
    0x080001a8   0x00000006   Code   RO          748    .ARM.Collect$$_printf_percent$$00000003  c_w.l(_printf_f.o)
    0x080001ae   0x00000006   Code   RO          746    .ARM.Collect$$_printf_percent$$00000009  c_w.l(_printf_d.o)
    0x080001b4   0x00000006   Code   RO          747    .ARM.Collect$$_printf_percent$$0000000A  c_w.l(_printf_u.o)
    0x080001ba   0x00000006   Code   RO          745    .ARM.Collect$$_printf_percent$$0000000C  c_w.l(_printf_x.o)
    0x080001c0   0x00000006   Code   RO          743    .ARM.Collect$$_printf_percent$$00000013  c_w.l(_printf_c.o)
    0x080001c6   0x00000006   Code   RO          744    .ARM.Collect$$_printf_percent$$00000014  c_w.l(_printf_s.o)
    0x080001cc   0x00000004   Code   RO          841    .ARM.Collect$$_printf_percent$$00000017  c_w.l(_printf_percent_end.o)
    0x080001d0   0x00000002   Code   RO          963    .ARM.Collect$$libinit$$00000000  c_w.l(libinit.o)
    0x080001d2   0x00000000   Code   RO          965    .ARM.Collect$$libinit$$00000002  c_w.l(libinit2.o)
    0x080001d2   0x00000000   Code   RO          967    .ARM.Collect$$libinit$$00000004  c_w.l(libinit2.o)
    0x080001d2   0x00000000   Code   RO          970    .ARM.Collect$$libinit$$0000000A  c_w.l(libinit2.o)
    0x080001d2   0x00000000   Code   RO          972    .ARM.Collect$$libinit$$0000000C  c_w.l(libinit2.o)
    0x080001d2   0x00000000   Code   RO          974    .ARM.Collect$$libinit$$0000000E  c_w.l(libinit2.o)
    0x080001d2   0x00000006   Code   RO          975    .ARM.Collect$$libinit$$0000000F  c_w.l(libinit2.o)
    0x080001d8   0x00000000   Code   RO          977    .ARM.Collect$$libinit$$00000011  c_w.l(libinit2.o)
    0x080001d8   0x00000000   Code   RO          979    .ARM.Collect$$libinit$$00000013  c_w.l(libinit2.o)
    0x080001d8   0x00000000   Code   RO          981    .ARM.Collect$$libinit$$00000015  c_w.l(libinit2.o)
    0x080001d8   0x0000000a   Code   RO          982    .ARM.Collect$$libinit$$00000016  c_w.l(libinit2.o)
    0x080001e2   0x00000000   Code   RO          983    .ARM.Collect$$libinit$$00000017  c_w.l(libinit2.o)
    0x080001e2   0x00000000   Code   RO          985    .ARM.Collect$$libinit$$00000019  c_w.l(libinit2.o)
    0x080001e2   0x00000000   Code   RO          987    .ARM.Collect$$libinit$$0000001B  c_w.l(libinit2.o)
    0x080001e2   0x00000000   Code   RO          989    .ARM.Collect$$libinit$$0000001D  c_w.l(libinit2.o)
    0x080001e2   0x00000000   Code   RO          991    .ARM.Collect$$libinit$$0000001F  c_w.l(libinit2.o)
    0x080001e2   0x00000000   Code   RO          993    .ARM.Collect$$libinit$$00000021  c_w.l(libinit2.o)
    0x080001e2   0x00000000   Code   RO          995    .ARM.Collect$$libinit$$00000023  c_w.l(libinit2.o)
    0x080001e2   0x00000000   Code   RO          997    .ARM.Collect$$libinit$$00000025  c_w.l(libinit2.o)
    0x080001e2   0x00000000   Code   RO         1001    .ARM.Collect$$libinit$$0000002C  c_w.l(libinit2.o)
    0x080001e2   0x00000000   Code   RO         1003    .ARM.Collect$$libinit$$0000002E  c_w.l(libinit2.o)
    0x080001e2   0x00000000   Code   RO         1005    .ARM.Collect$$libinit$$00000030  c_w.l(libinit2.o)
    0x080001e2   0x00000000   Code   RO         1007    .ARM.Collect$$libinit$$00000032  c_w.l(libinit2.o)
    0x080001e2   0x00000002   Code   RO         1008    .ARM.Collect$$libinit$$00000033  c_w.l(libinit2.o)
    0x080001e4   0x00000002   Code   RO         1056    .ARM.Collect$$libshutdown$$00000000  c_w.l(libshutdown.o)
    0x080001e6   0x00000000   Code   RO         1075    .ARM.Collect$$libshutdown$$00000002  c_w.l(libshutdown2.o)
    0x080001e6   0x00000000   Code   RO         1077    .ARM.Collect$$libshutdown$$00000004  c_w.l(libshutdown2.o)
    0x080001e6   0x00000000   Code   RO         1080    .ARM.Collect$$libshutdown$$00000007  c_w.l(libshutdown2.o)
    0x080001e6   0x00000000   Code   RO         1083    .ARM.Collect$$libshutdown$$0000000A  c_w.l(libshutdown2.o)
    0x080001e6   0x00000000   Code   RO         1085    .ARM.Collect$$libshutdown$$0000000C  c_w.l(libshutdown2.o)
    0x080001e6   0x00000000   Code   RO         1088    .ARM.Collect$$libshutdown$$0000000F  c_w.l(libshutdown2.o)
    0x080001e6   0x00000002   Code   RO         1089    .ARM.Collect$$libshutdown$$00000010  c_w.l(libshutdown2.o)
    0x080001e8   0x00000000   Code   RO          820    .ARM.Collect$$rtentry$$00000000  c_w.l(__rtentry.o)
    0x080001e8   0x00000000   Code   RO          875    .ARM.Collect$$rtentry$$00000002  c_w.l(__rtentry2.o)
    0x080001e8   0x00000006   Code   RO          887    .ARM.Collect$$rtentry$$00000004  c_w.l(__rtentry4.o)
    0x080001ee   0x00000000   Code   RO          877    .ARM.Collect$$rtentry$$00000009  c_w.l(__rtentry2.o)
    0x080001ee   0x00000004   Code   RO          878    .ARM.Collect$$rtentry$$0000000A  c_w.l(__rtentry2.o)
    0x080001f2   0x00000000   Code   RO          880    .ARM.Collect$$rtentry$$0000000C  c_w.l(__rtentry2.o)
    0x080001f2   0x00000008   Code   RO          881    .ARM.Collect$$rtentry$$0000000D  c_w.l(__rtentry2.o)
    0x080001fa   0x00000002   Code   RO         1011    .ARM.Collect$$rtexit$$00000000  c_w.l(rtexit.o)
    0x080001fc   0x00000000   Code   RO         1026    .ARM.Collect$$rtexit$$00000002  c_w.l(rtexit2.o)
    0x080001fc   0x00000004   Code   RO         1027    .ARM.Collect$$rtexit$$00000003  c_w.l(rtexit2.o)
    0x08000200   0x00000006   Code   RO         1028    .ARM.Collect$$rtexit$$00000004  c_w.l(rtexit2.o)
    0x08000206   0x00000002   PAD
    0x08000208   0x00000002   Code   RO          445    .emb_text           sys.o
    0x0800020a   0x0000001a   Code   RO           17    .text               stm32f10x_it.o
    0x08000224   0x000001e0   Code   RO          119    .text               system_stm32f10x.o
    0x08000404   0x00000040   Code   RO          140    .text               startup_stm32f10x_md.o
    0x08000444   0x000000dc   Code   RO          144    .text               misc.o
    0x08000520   0x0000035c   Code   RO          183    .text               stm32f10x_gpio.o
    0x0800087c   0x000003a4   Code   RO          195    .text               stm32f10x_rcc.o
    0x08000c20   0x00000408   Code   RO          209    .text               stm32f10x_usart.o
    0x08001028   0x0000044e   Code   RO          221    .text               stm32f10x_adc.o
    0x08001476   0x00000002   PAD
    0x08001478   0x00000e1a   Code   RO          407    .text               stm32f10x_tim.o
    0x08002292   0x00000002   PAD
    0x08002294   0x000000d0   Code   RO          431    .text               delay.o
    0x08002364   0x0000031c   Code   RO          446    .text               sys.o
    0x08002680   0x0000018c   Code   RO          461    .text               usart.o
    0x0800280c   0x00000184   Code   RO          504    .text               recognize.o
    0x08002990   0x00001648   Code   RO          529    .text               main.o
    0x08003fd8   0x0000014c   Code   RO          568    .text               timer.o
    0x08004124   0x00000704   Code   RO          588    .text               oled.o
    0x08004828   0x00000294   Code   RO          628    .text               ad9851.o
    0x08004abc   0x00000148   Code   RO          640    .text               adf4002.o
    0x08004c04   0x000006b0   Code   RO          655    .text               rda5820.o
    0x080052b4   0x000011e0   Code   RO          673    .text               cr4_fft_1024_stm32.o
    0x08006494   0x00000002   Code   RO          678    .text               c_w.l(use_no_semi_2.o)
    0x08006496   0x000000ee   Code   RO          680    .text               c_w.l(lludivv7m.o)
    0x08006584   0x00000018   Code   RO          688    .text               c_w.l(noretval__2printf.o)
    0x0800659c   0x00000028   Code   RO          690    .text               c_w.l(noretval__2sprintf.o)
    0x080065c4   0x00000034   Code   RO          692    .text               c_w.l(noretval__2snprintf.o)
    0x080065f8   0x0000004e   Code   RO          696    .text               c_w.l(_printf_pad.o)
    0x08006646   0x00000052   Code   RO          698    .text               c_w.l(_printf_str.o)
    0x08006698   0x00000078   Code   RO          700    .text               c_w.l(_printf_dec.o)
    0x08006710   0x00000058   Code   RO          705    .text               c_w.l(_printf_hex_int.o)
    0x08006768   0x00000188   Code   RO          740    .text               c_w.l(__printf_flags_ss_wp.o)
    0x080068f0   0x00000006   Code   RO          750    .text               c_w.l(heapauxi.o)
    0x080068f6   0x00000002   Code   RO          818    .text               c_w.l(use_no_semi.o)
    0x080068f8   0x00000016   Code   RO          825    .text               c_w.l(_rserrno.o)
    0x0800690e   0x000000b2   Code   RO          827    .text               c_w.l(_printf_intcommon.o)
    0x080069c0   0x0000041a   Code   RO          829    .text               c_w.l(_printf_fp_dec.o)
    0x08006dda   0x00000002   PAD
    0x08006ddc   0x00000030   Code   RO          831    .text               c_w.l(_printf_char_common.o)
    0x08006e0c   0x0000000a   Code   RO          833    .text               c_w.l(_sputc.o)
    0x08006e16   0x00000010   Code   RO          835    .text               c_w.l(_snputc.o)
    0x08006e26   0x0000002c   Code   RO          837    .text               c_w.l(_printf_char.o)
    0x08006e52   0x00000002   PAD
    0x08006e54   0x00000024   Code   RO          839    .text               c_w.l(_printf_char_file.o)
    0x08006e78   0x00000008   Code   RO          894    .text               c_w.l(rt_locale_intlibspace.o)
    0x08006e80   0x00000008   Code   RO          899    .text               c_w.l(rt_errno_addr_intlibspace.o)
    0x08006e88   0x0000008a   Code   RO          901    .text               c_w.l(lludiv10.o)
    0x08006f12   0x00000002   PAD
    0x08006f14   0x00000080   Code   RO          903    .text               c_w.l(_printf_fp_infnan.o)
    0x08006f94   0x000000dc   Code   RO          907    .text               c_w.l(bigflt0.o)
    0x08007070   0x00000008   Code   RO          932    .text               c_w.l(ferror.o)
    0x08007078   0x00000008   Code   RO          945    .text               c_w.l(libspace.o)
    0x08007080   0x0000004a   Code   RO          948    .text               c_w.l(sys_stackheap_outer.o)
    0x080070ca   0x00000012   Code   RO          950    .text               c_w.l(exit.o)
    0x080070dc   0x00000080   Code   RO          956    .text               c_w.l(strcmpv7m.o)
    0x0800715c   0x0000003e   Code   RO          910    CL$$btod_d2e        c_w.l(btod.o)
    0x0800719a   0x00000046   Code   RO          912    CL$$btod_d2e_denorm_low  c_w.l(btod.o)
    0x080071e0   0x00000060   Code   RO          911    CL$$btod_d2e_norm_op1  c_w.l(btod.o)
    0x08007240   0x00000338   Code   RO          920    CL$$btod_div_common  c_w.l(btod.o)
    0x08007578   0x000000c6   Code   RO          917    CL$$btod_e2e        c_w.l(btod.o)
    0x0800763e   0x00000028   Code   RO          914    CL$$btod_ediv       c_w.l(btod.o)
    0x08007666   0x00000028   Code   RO          913    CL$$btod_emul       c_w.l(btod.o)
    0x0800768e   0x00000244   Code   RO          919    CL$$btod_mult_common  c_w.l(btod.o)
    0x080078d2   0x00000028   Code   RO          943    i.__ARM_fpclassify  m_ws.l(fpclassify.o)
    0x080078fa   0x00000006   Code   RO          858    i.__mathlib_flt_infnan  m_ws.l(funder.o)
    0x08007900   0x00000008   Code   RO          860    i.__mathlib_flt_invalid  m_ws.l(funder.o)
    0x08007908   0x00000168   Code   RO          871    i.__mathlib_rredf2  m_ws.l(rredf.o)
    0x08007a70   0x0000000e   Code   RO          733    i._is_digit         c_w.l(__printf_wp.o)
    0x08007a7e   0x00000002   PAD
    0x08007a80   0x0000017c   Code   RO          811    i.cosf              m_ws.l(cosf.o)
    0x08007bfc   0x0000002c   Code   RO          937    locale$$code        c_w.l(lc_numeric_c.o)
    0x08007c28   0x00000018   Code   RO          842    x$fpl$dcmpinf       fz_ws.l(dcmpi.o)
    0x08007c40   0x000002b0   Code   RO          755    x$fpl$ddiv          fz_ws.l(ddiv.o)
    0x08007ef0   0x0000005a   Code   RO          758    x$fpl$dfixu         fz_ws.l(dfixu.o)
    0x08007f4a   0x0000002e   Code   RO          763    x$fpl$dflt          fz_ws.l(dflt_clz.o)
    0x08007f78   0x00000026   Code   RO          762    x$fpl$dfltu         fz_ws.l(dflt_clz.o)
    0x08007f9e   0x00000002   PAD
    0x08007fa0   0x00000078   Code   RO          768    x$fpl$dleqf         fz_ws.l(dleqf.o)
    0x08008018   0x00000154   Code   RO          770    x$fpl$dmul          fz_ws.l(dmul.o)
    0x0800816c   0x0000009c   Code   RO          844    x$fpl$dnaninf       fz_ws.l(dnaninf.o)
    0x08008208   0x0000000c   Code   RO          846    x$fpl$dretinf       fz_ws.l(dretinf.o)
    0x08008214   0x00000056   Code   RO          772    x$fpl$f2d           fz_ws.l(f2d.o)
    0x0800826a   0x00000002   PAD
    0x0800826c   0x000000c4   Code   RO          774    x$fpl$fadd          fz_ws.l(faddsub_clz.o)
    0x08008330   0x0000000c   Code   RO         1009    x$fpl$fcheck1       fz_ws.l(fcheck1.o)
    0x0800833c   0x00000018   Code   RO          848    x$fpl$fcmpinf       fz_ws.l(fcmpi.o)
    0x08008354   0x00000184   Code   RO          781    x$fpl$fdiv          fz_ws.l(fdiv.o)
    0x080084d8   0x00000036   Code   RO          784    x$fpl$ffix          fz_ws.l(ffix.o)
    0x0800850e   0x00000002   PAD
    0x08008510   0x0000003e   Code   RO          788    x$fpl$ffixu         fz_ws.l(ffixu.o)
    0x0800854e   0x00000002   PAD
    0x08008550   0x00000030   Code   RO          797    x$fpl$fflt          fz_ws.l(fflt_clz.o)
    0x08008580   0x00000026   Code   RO          796    x$fpl$ffltu         fz_ws.l(fflt_clz.o)
    0x080085a6   0x00000002   PAD
    0x080085a8   0x00000068   Code   RO          802    x$fpl$fleqf         fz_ws.l(fleqf.o)
    0x08008610   0x00000102   Code   RO          804    x$fpl$fmul          fz_ws.l(fmul.o)
    0x08008712   0x0000008c   Code   RO          850    x$fpl$fnaninf       fz_ws.l(fnaninf.o)
    0x0800879e   0x0000000a   Code   RO          852    x$fpl$fretinf       fz_ws.l(fretinf.o)
    0x080087a8   0x00000062   Code   RO          806    x$fpl$frleqf        fz_ws.l(frleqf.o)
    0x0800880a   0x00000002   PAD
    0x0800880c   0x00000060   Code   RO          854    x$fpl$frnd          fz_ws.l(frnd.o)
    0x0800886c   0x00000014   Code   RO          775    x$fpl$frsb          fz_ws.l(faddsub_clz.o)
    0x08008880   0x000000ea   Code   RO          776    x$fpl$fsub          fz_ws.l(faddsub_clz.o)
    0x0800896a   0x00000004   Code   RO          808    x$fpl$printf1       fz_ws.l(printf1.o)
    0x0800896e   0x00000064   Code   RO         1023    x$fpl$retnan        fz_ws.l(retnan.o)
    0x080089d2   0x0000004c   Code   RO          941    x$fpl$scalbnf       fz_ws.l(scalbnf.o)
    0x08008a1e   0x00000030   Code   RO         1040    x$fpl$trapveneer    fz_ws.l(trapv.o)
    0x08008a4e   0x00000000   Code   RO          856    x$fpl$usenofp       fz_ws.l(usenofp.o)
    0x08008a4e   0x000005f0   Data   RO          589    .constdata          oled.o
    0x0800903e   0x0000000a   Data   RO          656    .constdata          rda5820.o
    0x08009048   0x00000028   Data   RO          706    .constdata          c_w.l(_printf_hex_int.o)
    0x08009070   0x00000011   Data   RO          741    .constdata          c_w.l(__printf_flags_ss_wp.o)
    0x08009081   0x00000003   PAD
    0x08009084   0x00000020   Data   RO          872    .constdata          m_ws.l(rredf.o)
    0x080090a4   0x00000094   Data   RO          908    .constdata          c_w.l(bigflt0.o)
    0x08009138   0x000000ef   Data   RO          531    .conststring        main.o
    0x08009227   0x00000001   PAD
    0x08009228   0x00000020   Data   RO         1090    Region$$Table       anon$$obj.o
    0x08009248   0x0000001c   Data   RO          936    locale$$data        c_w.l(lc_numeric_c.o)


    Execution Region RW_IRAM1 (Base: 0x20000000, Size: 0x00003878, Max: 0x00005000, ABSOLUTE, COMPRESSED[0x00000c40])

    Base Addr    Size         Type   Attr      Idx    E Section Name        Object

    0x20000000   0x00000014   Data   RW          120    .data               system_stm32f10x.o
    0x20000014   0x00000014   Data   RW          196    .data               stm32f10x_rcc.o
    0x20000028   0x00000004   Data   RW          432    .data               delay.o
    0x2000002c   0x00000006   Data   RW          463    .data               usart.o
    0x20000032   0x00000005   Data   RW          505    .data               recognize.o
    0x20000037   0x00000001   PAD
    0x20000038   0x00001048   Data   RW          532    .data               main.o
    0x20001080   0x00000008   Data   RW          570    .data               timer.o
    0x20001088   0x00000006   Data   RW          590    .data               oled.o
    0x2000108e   0x00000002   PAD
    0x20001090   0x0000001c   Data   RW          641    .data               adf4002.o
    0x200010ac   0x00000002   Data   RW          657    .data               rda5820.o
    0x200010ae   0x00000002   PAD
    0x200010b0   0x0000003f   Zero   RW          462    .bss                usart.o
    0x200010ef   0x00000001   PAD
    0x200010f0   0x00002048   Zero   RW          530    .bss                main.o
    0x20003138   0x000000e0   Zero   RW          569    .bss                timer.o
    0x20003218   0x00000060   Zero   RW          946    .bss                c_w.l(libspace.o)
    0x20003278   0x00000200   Zero   RW          138    HEAP                startup_stm32f10x_md.o
    0x20003478   0x00000400   Zero   RW          137    STACK               startup_stm32f10x_md.o


==============================================================================

Image component sizes


      Code (inc. data)   RO Data    RW Data    ZI Data      Debug   Object Name

       660         26          0          0          0       1974   ad9851.o
       328         26          0         28          0       2040   adf4002.o
         0          0          0          0          0       4540   core_cm3.o
      4576       4080          0          0          0        300   cr4_fft_1024_stm32.o
       208          8          0          4          0       1055   delay.o
      5704        930        239       4168       8264      15880   main.o
       220         22          0          0          0       1809   misc.o
      1796         62       1520          6          0       8574   oled.o
      1712         46         10          2          0       8652   rda5820.o
       388         26          0          5          0       2679   recognize.o
        64         26        236          0       1536        816   startup_stm32f10x_md.o
      1102         26          0          0          0      11045   stm32f10x_adc.o
       860         38          0          0          0       5737   stm32f10x_gpio.o
        26          0          0          0          0     257222   stm32f10x_it.o
       932         36          0         20          0       8916   stm32f10x_rcc.o
      3610         88          0          0          0      22848   stm32f10x_tim.o
      1032         22          0          0          0       8464   stm32f10x_usart.o
       798         52          0          0          0       3740   sys.o
       480         38          0         20          0       1827   system_stm32f10x.o
       332         32          0          8        224       1744   timer.o
       396         18          0          6         63       3104   usart.o

    ----------------------------------------------------------------------
     25228       5602       2038       4272      10088     372966   Object Totals
         0          0         32          0          0          0   (incl. Generated)
         4          0          1          5          1          0   (incl. Padding)

    ----------------------------------------------------------------------

      Code (inc. data)   RO Data    RW Data    ZI Data      Debug   Library Member Name

       100          0          0          0          0          0   __dclz77c.o
         8          0          0          0          0         68   __main.o
       392          4         17          0          0         92   __printf_flags_ss_wp.o
        14          0          0          0          0         68   __printf_wp.o
         0          0          0          0          0          0   __rtentry.o
        12          0          0          0          0          0   __rtentry2.o
         6          0          0          0          0          0   __rtentry4.o
        52          8          0          0          0          0   __scatter.o
        28          0          0          0          0          0   __scatter_zi.o
         6          0          0          0          0          0   _printf_c.o
        44          0          0          0          0        108   _printf_char.o
        48          6          0          0          0         96   _printf_char_common.o
        36          4          0          0          0         80   _printf_char_file.o
         6          0          0          0          0          0   _printf_d.o
       120         16          0          0          0         92   _printf_dec.o
         6          0          0          0          0          0   _printf_f.o
      1050          0          0          0          0        216   _printf_fp_dec.o
       128         16          0          0          0         84   _printf_fp_infnan.o
        88          4         40          0          0         88   _printf_hex_int.o
       178          0          0          0          0         88   _printf_intcommon.o
        78          0          0          0          0        108   _printf_pad.o
         0          0          0          0          0          0   _printf_percent.o
         4          0          0          0          0          0   _printf_percent_end.o
         6          0          0          0          0          0   _printf_s.o
        82          0          0          0          0         80   _printf_str.o
         6          0          0          0          0          0   _printf_u.o
         6          0          0          0          0          0   _printf_x.o
        22          0          0          0          0        100   _rserrno.o
        16          0          0          0          0         68   _snputc.o
        10          0          0          0          0         68   _sputc.o
       220          4        148          0          0         96   bigflt0.o
      1910        128          0          0          0        672   btod.o
        18          0          0          0          0         80   exit.o
         8          0          0          0          0         68   ferror.o
         6          0          0          0          0        152   heapauxi.o
        44         10         28          0          0         76   lc_numeric_c.o
         2          0          0          0          0          0   libinit.o
        18          0          0          0          0          0   libinit2.o
         2          0          0          0          0          0   libshutdown.o
         2          0          0          0          0          0   libshutdown2.o
         8          4          0          0         96         68   libspace.o
       138          0          0          0          0         80   lludiv10.o
       238          0          0          0          0        100   lludivv7m.o
        24          4          0          0          0         84   noretval__2printf.o
        52          4          0          0          0         84   noretval__2snprintf.o
        40          6          0          0          0         84   noretval__2sprintf.o
         8          4          0          0          0         68   rt_errno_addr_intlibspace.o
         8          4          0          0          0         68   rt_locale_intlibspace.o
         2          0          0          0          0          0   rtexit.o
        10          0          0          0          0          0   rtexit2.o
       128          0          0          0          0         68   strcmpv7m.o
        74          0          0          0          0         80   sys_stackheap_outer.o
         2          0          0          0          0         68   use_no_semi.o
         2          0          0          0          0         68   use_no_semi_2.o
        24          0          0          0          0         68   dcmpi.o
       688        140          0          0          0        208   ddiv.o
        90          4          0          0          0         92   dfixu.o
        84          0          0          0          0        136   dflt_clz.o
       120          4          0          0          0         92   dleqf.o
       340         12          0          0          0        104   dmul.o
       156          4          0          0          0         92   dnaninf.o
        12          0          0          0          0         68   dretinf.o
        86          4          0          0          0         84   f2d.o
       450          8          0          0          0        236   faddsub_clz.o
        12          4          0          0          0         68   fcheck1.o
        24          0          0          0          0         68   fcmpi.o
       388         76          0          0          0         96   fdiv.o
        54          4          0          0          0         84   ffix.o
        62          4          0          0          0         84   ffixu.o
        86          0          0          0          0        136   fflt_clz.o
       104          4          0          0          0         84   fleqf.o
       258          4          0          0          0         84   fmul.o
       140          4          0          0          0         84   fnaninf.o
        10          0          0          0          0         68   fretinf.o
        98          0          0          0          0         68   frleqf.o
        96          4          0          0          0         76   frnd.o
         4          0          0          0          0         68   printf1.o
       100          0          0          0          0         68   retnan.o
        76          0          0          0          0         68   scalbnf.o
        48          0          0          0          0         68   trapv.o
         0          0          0          0          0          0   usenofp.o
       380         52          0          0          0        124   cosf.o
        40          0          0          0          0         68   fpclassify.o
        14          0          0          0          0        136   funder.o
       360         16         32          0          0         88   rredf.o

    ----------------------------------------------------------------------
      9942        574        268          0         96       6436   Library Totals
        22          0          3          0          0          0   (incl. Padding)

    ----------------------------------------------------------------------

      Code (inc. data)   RO Data    RW Data    ZI Data      Debug   Library Name

      5516        226        233          0         96       3568   c_w.l
      3610        280          0          0          0       2452   fz_ws.l
       794         68         32          0          0        416   m_ws.l

    ----------------------------------------------------------------------
      9942        574        268          0         96       6436   Library Totals

    ----------------------------------------------------------------------

==============================================================================


      Code (inc. data)   RO Data    RW Data    ZI Data      Debug   

     35170       6176       2306       4272      10184     373938   Grand Totals
     35170       6176       2306       3136      10184     373938   ELF Image Totals (compressed)
     35170       6176       2306       3136          0          0   ROM Totals

==============================================================================

    Total RO  Size (Code + RO Data)                37476 (  36.60kB)
    Total RW  Size (RW Data + ZI Data)             14456 (  14.12kB)
    Total ROM Size (Code + RO Data + RW Data)      40612 (  39.66kB)

==============================================================================

