<html>
<body>
<pre>
<h1>礦ision Build Log</h1>
<h2>Tool Versions:</h2>
IDE-Version: μVision V5.38.0.0
Copyright (C) 2022 ARM Ltd and ARM Germany GmbH. All rights reserved.
License Information: 123 lenovo, 123, LIC=WHYH9-4AGVW-564Q2-9QZCT-2UWXV-MA41D
 
Tool Versions:
Toolchain:       MDK-ARM Plus  Version: 5.38.0.0
Toolchain Path:  F:\keil5\ARM\ARMCC\Bin
C Compiler:      Armcc.exe V5.06 update 6 (build 750)
Assembler:       Armasm.exe V5.06 update 6 (build 750)
Linker/Locator:  ArmLink.exe V5.06 update 6 (build 750)
Library Manager: ArmAr.exe V5.06 update 6 (build 750)
Hex Converter:   FromElf.exe V5.06 update 6 (build 750)
CPU DLL:         SARMCM3.DLL V5.38.0.0
Dialog DLL:      DCM.DLL V1.17.5.0
Target DLL:      STLink\ST-LINKIII-KEIL_SWO.dll V3.1.0.0
Dialog DLL:      DARMSTM.DLL V1.69.1.0
 
<h2>Project:</h2>
F:\创业\电源宝典阁\国赛代码\USER\PFC.uvprojx
Project File Date:  06/23/2025

<h2>Output:</h2>
*** Using Compiler 'V5.06 update 6 (build 750)', folder: 'F:\keil5\ARM\ARMCC\Bin'
Build target 'PFC'
compiling spwm.c...
..\HARDWARE\PFC\pfc.h(92): warning:  #1295-D: Deprecated declaration TIM1_UP_TIM10_IRQHandler - give arg types
  void TIM1_UP_TIM10_IRQHandler(); // TIM1中断
..\HARDWARE\SPWM\spwm.c(198): warning:  #1035-D: single-precision operand implicitly converted to double-precision
          iacs = iac * uref*4.96-7.956;
..\HARDWARE\SPWM\spwm.c(199): warning:  #1035-D: single-precision operand implicitly converted to double-precision
  		    vacgs= vacg * uref*33.125-53.66;
..\HARDWARE\SPWM\spwm.c(206): warning:  #1035-D: single-precision operand implicitly converted to double-precision
  			pid_voltage_loop.current_value = skvrms-0.25; // 电压环
..\HARDWARE\SPWM\spwm.c(213): warning:  #1035-D: single-precision operand implicitly converted to double-precision
  			if(skiacs<0.2&&skiacs>-0.2)
..\HARDWARE\SPWM\spwm.c: 5 warnings, 0 errors
linking...
Program Size: Code=26214 RO-data=4982 RW-data=616 ZI-data=2440  
FromELF: creating hex file...
"..\OBJ\PFC.axf" - 0 Error(s), 5 Warning(s).

<h2>Software Packages used:</h2>

Package Vendor: Keil
                http://www.keil.com/pack/Keil.STM32F4xx_DFP.2.15.0.pack
                Keil.STM32F4xx_DFP.2.15.0
                STMicroelectronics STM32F4 Series Device Support, Drivers and Examples

<h2>Collection of Component include folders:</h2>
  F:/keil5/Keil/STM32F4xx_DFP/2.15.0/Drivers/CMSIS/Device/ST/STM32F4xx/Include

<h2>Collection of Component Files used:</h2>
Build Time Elapsed:  00:00:01
</pre>
</body>
</html>
