<html>
<body>
<pre>
<h1>礦ision Build Log</h1>
<h2>Tool Versions:</h2>
IDE-Version: μVision V5.24.2.0
Copyright (C) 2017 ARM Ltd and ARM Germany GmbH. All rights reserved.
License Information: A A, A, LIC=32B1Q-N8RV1-Y8NFK-Z8MRY-MI3FA-KZ5D2
 
Tool Versions:
Toolchain:       MDK-ARM Plus  Version: 5.24.1
Toolchain Path:  D:\Keil5\ARM\ARMCC\Bin
C Compiler:      Armcc.exe V5.06 update 5 (build 528)
Assembler:       Armasm.exe V5.06 update 5 (build 528)
Linker/Locator:  ArmLink.exe V5.06 update 5 (build 528)
Library Manager: ArmAr.exe V5.06 update 5 (build 528)
Hex Converter:   FromElf.exe V5.06 update 5 (build 528)
CPU DLL:         SARMCM3.DLL V5.24.1
Dialog DLL:      DCM.DLL V1.16.0.0
Target DLL:      STLink\ST-LINKIII-KEIL_SWO.dll V3.0.1.0
Dialog DLL:      TCM.DLL V1.32.0.0
 
<h2>Project:</h2>
C:\Users\张辉宇\Desktop\Our Preparation\李源德组\电赛\02-1各外设初步配置\2_1 OLED+HRTIM\MDK-ARM\02-1OLED+HRTIM.uvprojx
Project File Date:  07/26/2026

<h2>Output:</h2>
*** Using Compiler 'V5.06 update 5 (build 528)', folder: 'D:\Keil5\ARM\ARMCC\Bin'
Build target '02-1OLED+HRTIM'
assembling startup_stm32g474xx.s...
compiling stm32g4xx_ll_adc.c...
compiling stm32g4xx_hal_uart_ex.c...
compiling stm32g4xx_hal_cortex.c...
compiling stm32g4xx_hal_flash.c...
compiling stm32g4xx_hal_exti.c...
compiling stm32g4xx_hal_flash_ramfunc.c...
compiling gpio.c...
compiling stm32g4xx_hal_pwr_ex.c...
compiling stm32g4xx_hal_uart.c...
compiling stm32g4xx_hal_dma.c...
compiling stm32g4xx_hal_flash_ex.c...
compiling usart.c...
compiling main.c...
compiling hrtim.c...
compiling stm32g4xx_hal_msp.c...
compiling OLED.c...
..\Core\Src\OLED.c(38): warning:  #188-D: enumerated type mixed with another type
  	OLED_W_SCL(1);
..\Core\Src\OLED.c(39): warning:  #188-D: enumerated type mixed with another type
  	OLED_W_SDA(1);
..\Core\Src\OLED.c(49): warning:  #188-D: enumerated type mixed with another type
  	OLED_W_SDA(1);
..\Core\Src\OLED.c(50): warning:  #188-D: enumerated type mixed with another type
  	OLED_W_SCL(1);
..\Core\Src\OLED.c(51): warning:  #188-D: enumerated type mixed with another type
  	OLED_W_SDA(0);
..\Core\Src\OLED.c(52): warning:  #188-D: enumerated type mixed with another type
  	OLED_W_SCL(0);
..\Core\Src\OLED.c(63): warning:  #188-D: enumerated type mixed with another type
  	OLED_W_SDA(0);
..\Core\Src\OLED.c(64): warning:  #188-D: enumerated type mixed with another type
  	OLED_W_SCL(1);
..\Core\Src\OLED.c(65): warning:  #188-D: enumerated type mixed with another type
  	OLED_W_SDA(1);
..\Core\Src\OLED.c(79): warning:  #188-D: enumerated type mixed with another type
  		OLED_W_SDA(Byte & (0x80 >> i));
..\Core\Src\OLED.c(80): warning:  #188-D: enumerated type mixed with another type
  		OLED_W_SCL(1);
..\Core\Src\OLED.c(81): warning:  #188-D: enumerated type mixed with another type
  		OLED_W_SCL(0);
..\Core\Src\OLED.c(83): warning:  #188-D: enumerated type mixed with another type
  	OLED_W_SCL(1);	//棰濆鐨勪竴涓椂閽燂紝涓嶅鐞嗗簲绛斾俊鍙?
..\Core\Src\OLED.c(84): warning:  #188-D: enumerated type mixed with another type
  	OLED_W_SCL(0);
..\Core\Src\OLED.c: 14 warnings, 0 errors
compiling stm32g4xx_hal_pwr.c...
compiling iwdg.c...
compiling SPWM.c...
compiling adc.c...
compiling system_stm32g4xx.c...
compiling stm32g4xx_hal_dma_ex.c...
compiling stm32g4xx_hal_rcc_ex.c...
compiling stm32g4xx_hal_iwdg.c...
compiling stm32g4xx_hal_gpio.c...
compiling stm32g4xx_it.c...
compiling dma.c...
compiling stm32g4xx_hal.c...
compiling stm32g4xx_hal_adc_ex.c...
compiling stm32g4xx_hal_rcc.c...
compiling stm32g4xx_hal_adc.c...
compiling stm32g4xx_hal_hrtim.c...
linking...
Program Size: Code=18474 RO-data=2890 RW-data=40 ZI-data=2456  
FromELF: creating hex file...
"02-1OLED+HRTIM\02-1OLED+HRTIM.axf" - 0 Error(s), 14 Warning(s).

<h2>Software Packages used:</h2>

Package Vendor: ARM
                http://www.keil.com/pack/ARM.CMSIS.5.0.1.pack
                ARM.CMSIS.5.0.1
                CMSIS (Cortex Microcontroller Software Interface Standard)
   * Component: CORE Version: 5.0.1

Package Vendor: Keil
                http://www.keil.com/pack/Keil.STM32G4xx_DFP.1.4.0.pack
                Keil.STM32G4xx_DFP.1.4.0
                STMicroelectronics STM32G4 Series Device Support, Drivers and Examples

<h2>Collection of Component include folders:</h2>
  .\RTE\_02-1OLED_HRTIM
  D:\Keil5\ARM\PACK\ARM\CMSIS\5.0.1\CMSIS\Include
  D:\Keil5\ARM\PACK\Keil\STM32G4xx_DFP\1.4.0\Drivers\CMSIS\Device\ST\STM32G4xx\Include

<h2>Collection of Component Files used:</h2>

   * Component: ARM::CMSIS:CORE:5.0.1
Build Time Elapsed:  00:00:12
</pre>
</body>
</html>
