Component: ARM Compiler 5.06 update 5 (build 528) Tool: armlink [4d35e2]

==============================================================================

Section Cross References

    startup_stm32g474xx.o(STACK) refers (Special) to heapauxi.o(.text) for __use_two_region_memory
    startup_stm32g474xx.o(HEAP) refers (Special) to heapauxi.o(.text) for __use_two_region_memory
    startup_stm32g474xx.o(RESET) refers (Special) to heapauxi.o(.text) for __use_two_region_memory
    startup_stm32g474xx.o(RESET) refers to startup_stm32g474xx.o(STACK) for __initial_sp
    startup_stm32g474xx.o(RESET) refers to startup_stm32g474xx.o(.text) for Reset_Handler
    startup_stm32g474xx.o(RESET) refers to stm32g4xx_it.o(i.NMI_Handler) for NMI_Handler
    startup_stm32g474xx.o(RESET) refers to stm32g4xx_it.o(i.HardFault_Handler) for HardFault_Handler
    startup_stm32g474xx.o(RESET) refers to stm32g4xx_it.o(i.MemManage_Handler) for MemManage_Handler
    startup_stm32g474xx.o(RESET) refers to stm32g4xx_it.o(i.BusFault_Handler) for BusFault_Handler
    startup_stm32g474xx.o(RESET) refers to stm32g4xx_it.o(i.UsageFault_Handler) for UsageFault_Handler
    startup_stm32g474xx.o(RESET) refers to stm32g4xx_it.o(i.SVC_Handler) for SVC_Handler
    startup_stm32g474xx.o(RESET) refers to stm32g4xx_it.o(i.DebugMon_Handler) for DebugMon_Handler
    startup_stm32g474xx.o(RESET) refers to stm32g4xx_it.o(i.PendSV_Handler) for PendSV_Handler
    startup_stm32g474xx.o(RESET) refers to stm32g4xx_it.o(i.SysTick_Handler) for SysTick_Handler
    startup_stm32g474xx.o(RESET) refers to stm32g4xx_it.o(i.TIM4_IRQHandler) for TIM4_IRQHandler
    startup_stm32g474xx.o(.text) refers (Special) to heapauxi.o(.text) for __use_two_region_memory
    startup_stm32g474xx.o(.text) refers to system_stm32g4xx.o(i.SystemInit) for SystemInit
    startup_stm32g474xx.o(.text) refers to __main.o(!!!main) for __main
    startup_stm32g474xx.o(.text) refers to startup_stm32g474xx.o(HEAP) for Heap_Mem
    startup_stm32g474xx.o(.text) refers to startup_stm32g474xx.o(STACK) for Stack_Mem
    hhpid.o(i.PID_Init) refers to hhpid.o(i.PID_Reset) for PID_Reset
    measure.o(i.ADC_Data_Update) refers to main.o(.data) for AD_Value
    measure.o(i.ADC_Data_Update) refers to measure.o(.bss) for .bss
    measure.o(i.ADC_Data_Update) refers to measure.o(.data) for .data
    measure.o(i.Current_Get_Average) refers to measure.o(.bss) for .bss
    measure.o(i.Voltage_Get_Average) refers to measure.o(.bss) for .bss
    measure.o(i.calculate_rms) refers to measure.o(i.get_voltage_sample) for get_voltage_sample
    measure.o(i.calculate_rms) refers to measure.o(i.get_current_sample) for get_current_sample
    measure.o(i.calculate_rms) refers to measure.o(i.measure_rms) for measure_rms
    measure.o(i.calculate_rms) refers to measure.o(.bss) for .bss
    measure.o(i.calculate_rms) refers to measure.o(.data) for .data
    measure.o(i.get_current_sample) refers to measure.o(i.Current_Get_Average) for Current_Get_Average
    measure.o(i.get_current_sample) refers to main.o(.data) for AD_Value
    measure.o(i.get_current_sample) refers to measure.o(.data) for .data
    measure.o(i.get_voltage_sample) refers to measure.o(i.Voltage_Get_Average) for Voltage_Get_Average
    measure.o(i.get_voltage_sample) refers to main.o(.data) for AD_Value
    measure.o(i.get_voltage_sample) refers to measure.o(.data) for .data
    measure.o(i.measure_rms) refers to arm_rms_f32.o(.text.arm_rms_f32) for arm_rms_f32
    measure.o(i.measure_rms) refers to measure.o(.bss) for .bss
    oled.o(i.OLED_Clear) refers to oled.o(i.OLED_SetCursor) for OLED_SetCursor
    oled.o(i.OLED_Clear) refers to oled.o(i.OLED_WriteData) for OLED_WriteData
    oled.o(i.OLED_I2C_Init) refers to gpio.o(i.MX_GPIO_Init) for MX_GPIO_Init
    oled.o(i.OLED_I2C_Init) refers to oled.o(i.OLED_W_SCL) for OLED_W_SCL
    oled.o(i.OLED_I2C_Init) refers to oled.o(i.OLED_W_SDA) for OLED_W_SDA
    oled.o(i.OLED_I2C_SendByte) refers to oled.o(i.OLED_W_SDA) for OLED_W_SDA
    oled.o(i.OLED_I2C_SendByte) refers to oled.o(i.OLED_W_SCL) for OLED_W_SCL
    oled.o(i.OLED_I2C_Start) refers to oled.o(i.OLED_W_SDA) for OLED_W_SDA
    oled.o(i.OLED_I2C_Start) refers to oled.o(i.OLED_W_SCL) for OLED_W_SCL
    oled.o(i.OLED_I2C_Stop) refers to oled.o(i.OLED_W_SDA) for OLED_W_SDA
    oled.o(i.OLED_I2C_Stop) refers to oled.o(i.OLED_W_SCL) for OLED_W_SCL
    oled.o(i.OLED_Init) refers to oled.o(i.OLED_I2C_Init) for OLED_I2C_Init
    oled.o(i.OLED_Init) refers to oled.o(i.OLED_WriteCommand) for OLED_WriteCommand
    oled.o(i.OLED_Init) refers to oled.o(i.OLED_Clear) for OLED_Clear
    oled.o(i.OLED_SetCursor) refers to oled.o(i.OLED_WriteCommand) for OLED_WriteCommand
    oled.o(i.OLED_ShowBinNum) refers to oled.o(i.OLED_Pow) for OLED_Pow
    oled.o(i.OLED_ShowBinNum) refers to oled.o(i.OLED_ShowChar) for OLED_ShowChar
    oled.o(i.OLED_ShowChar) refers to oled.o(i.OLED_SetCursor) for OLED_SetCursor
[...]
    i.OLED_ShowNum                           0x08004260   Section        0  oled.o(i.OLED_ShowNum)
    i.OLED_ShowString                        0x080042a2   Section        0  oled.o(i.OLED_ShowString)
    i.OLED_W_SCL                             0x080042c8   Section        0  oled.o(i.OLED_W_SCL)
    i.OLED_W_SDA                             0x080042e0   Section        0  oled.o(i.OLED_W_SDA)
    i.OLED_WriteCommand                      0x080042fc   Section        0  oled.o(i.OLED_WriteCommand)
    i.OLED_WriteData                         0x0800431e   Section        0  oled.o(i.OLED_WriteData)
    i.PendSV_Handler                         0x08004340   Section        0  stm32g4xx_it.o(i.PendSV_Handler)
    i.QPR_Calc                               0x08004344   Section        0  hqpr.o(i.QPR_Calc)
    i.SVC_Handler                            0x080043ec   Section        0  stm32g4xx_it.o(i.SVC_Handler)
    i.SysTick_Handler                        0x080043ee   Section        0  stm32g4xx_it.o(i.SysTick_Handler)
    i.SystemClock_Config                     0x080043f2   Section        0  main.o(i.SystemClock_Config)
    i.SystemInit                             0x0800445c   Section        0  system_stm32g4xx.o(i.SystemInit)
    i.TIM4_IRQHandler                        0x0800446c   Section        0  stm32g4xx_it.o(i.TIM4_IRQHandler)
    i.TIM_Base_SetConfig                     0x08004478   Section        0  stm32g4xx_hal_tim.o(i.TIM_Base_SetConfig)
    i.TIM_CCxChannelCmd                      0x08004554   Section        0  stm32g4xx_hal_tim.o(i.TIM_CCxChannelCmd)
    i.TIM_ETR_SetConfig                      0x0800456e   Section        0  stm32g4xx_hal_tim.o(i.TIM_ETR_SetConfig)
    i.TIM_ITRx_SetConfig                     0x08004584   Section        0  stm32g4xx_hal_tim.o(i.TIM_ITRx_SetConfig)
    TIM_ITRx_SetConfig                       0x08004585   Thumb Code    16  stm32g4xx_hal_tim.o(i.TIM_ITRx_SetConfig)
    i.TIM_OC1_SetConfig                      0x08004598   Section        0  stm32g4xx_hal_tim.o(i.TIM_OC1_SetConfig)
    TIM_OC1_SetConfig                        0x08004599   Thumb Code   152  stm32g4xx_hal_tim.o(i.TIM_OC1_SetConfig)
    i.TIM_OC2_SetConfig                      0x0800464c   Section        0  stm32g4xx_hal_tim.o(i.TIM_OC2_SetConfig)
    i.TIM_OC3_SetConfig                      0x080046f4   Section        0  stm32g4xx_hal_tim.o(i.TIM_OC3_SetConfig)
    TIM_OC3_SetConfig                        0x080046f5   Thumb Code   138  stm32g4xx_hal_tim.o(i.TIM_OC3_SetConfig)
    i.TIM_OC4_SetConfig                      0x0800479c   Section        0  stm32g4xx_hal_tim.o(i.TIM_OC4_SetConfig)
    TIM_OC4_SetConfig                        0x0800479d   Thumb Code   140  stm32g4xx_hal_tim.o(i.TIM_OC4_SetConfig)
    i.TIM_OC5_SetConfig                      0x08004844   Section        0  stm32g4xx_hal_tim.o(i.TIM_OC5_SetConfig)
    TIM_OC5_SetConfig                        0x08004845   Thumb Code    92  stm32g4xx_hal_tim.o(i.TIM_OC5_SetConfig)
    i.TIM_OC6_SetConfig                      0x080048bc   Section        0  stm32g4xx_hal_tim.o(i.TIM_OC6_SetConfig)
    TIM_OC6_SetConfig                        0x080048bd   Thumb Code    94  stm32g4xx_hal_tim.o(i.TIM_OC6_SetConfig)
    i.TIM_TI1_ConfigInputStage               0x08004938   Section        0  stm32g4xx_hal_tim.o(i.TIM_TI1_ConfigInputStage)
    TIM_TI1_ConfigInputStage                 0x08004939   Thumb Code    78  stm32g4xx_hal_tim.o(i.TIM_TI1_ConfigInputStage)
    i.TIM_TI2_ConfigInputStage               0x080049a0   Section        0  stm32g4xx_hal_tim.o(i.TIM_TI2_ConfigInputStage)
    TIM_TI2_ConfigInputStage                 0x080049a1   Thumb Code    62  stm32g4xx_hal_tim.o(i.TIM_TI2_ConfigInputStage)
    i.UARTEx_SetNbDataToProcess              0x080049ec   Section        0  stm32g4xx_hal_uart_ex.o(i.UARTEx_SetNbDataToProcess)
    UARTEx_SetNbDataToProcess                0x080049ed   Thumb Code    62  stm32g4xx_hal_uart_ex.o(i.UARTEx_SetNbDataToProcess)
    i.UART_AdvFeatureConfig                  0x08004a30   Section        0  stm32g4xx_hal_uart.o(i.UART_AdvFeatureConfig)
    i.UART_CheckIdleState                    0x08004af8   Section        0  stm32g4xx_hal_uart.o(i.UART_CheckIdleState)
    i.UART_EndRxTransfer                     0x08004ba4   Section        0  stm32g4xx_hal_uart.o(i.UART_EndRxTransfer)
    UART_EndRxTransfer                       0x08004ba5   Thumb Code    78  stm32g4xx_hal_uart.o(i.UART_EndRxTransfer)
    i.UART_SetConfig                         0x08004bf8   Section        0  stm32g4xx_hal_uart.o(i.UART_SetConfig)
    i.UART_WaitOnFlagUntilTimeout            0x08004e90   Section        0  stm32g4xx_hal_uart.o(i.UART_WaitOnFlagUntilTimeout)
    i.UsageFault_Handler                     0x08004f24   Section        0  stm32g4xx_it.o(i.UsageFault_Handler)
    i.Voltage_Get_Average                    0x08004f28   Section        0  measure.o(i.Voltage_Get_Average)
    i.__ARM_fpclassify                       0x08004f4c   Section        0  fpclassify.o(i.__ARM_fpclassify)
    i.__ARM_fpclassifyf                      0x08004f7c   Section        0  fpclassifyf.o(i.__ARM_fpclassifyf)
    i.__NVIC_SetPriority                     0x08004fa2   Section        0  stm32g4xx_hal_cortex.o(i.__NVIC_SetPriority)
    __NVIC_SetPriority                       0x08004fa3   Thumb Code    32  stm32g4xx_hal_cortex.o(i.__NVIC_SetPriority)
    i.__hardfp_sinf                          0x08004fc4   Section        0  sinf.o(i.__hardfp_sinf)
    i.__hardfp_sqrtf                         0x08005154   Section        0  sqrtf.o(i.__hardfp_sqrtf)
    i.__mathlib_flt_infnan                   0x0800518e   Section        0  funder.o(i.__mathlib_flt_infnan)
    i.__mathlib_flt_invalid                  0x08005194   Section        0  funder.o(i.__mathlib_flt_invalid)
    i.__mathlib_flt_underflow                0x080051a4   Section        0  funder.o(i.__mathlib_flt_underflow)
    i.__mathlib_rredf2                       0x080051b4   Section        0  rredf.o(i.__mathlib_rredf2)
    i._is_digit                              0x08005308   Section        0  __printf_wp.o(i._is_digit)
    i.calculate_rms                          0x08005318   Section        0  measure.o(i.calculate_rms)
    i.get_current_sample                     0x08005374   Section        0  measure.o(i.get_current_sample)
    i.get_voltage_sample                     0x080053ac   Section        0  measure.o(i.get_voltage_sample)
    i.inverter_spwm_T1_1                     0x080053e4   Section        0  spwm.o(i.inverter_spwm_T1_1)
    i.inverter_spwm_T1_3                     0x08005444   Section        0  spwm.o(i.inverter_spwm_T1_3)
    i.main                                   0x080054a4   Section        0  main.o(i.main)
    i.measure_rms                            0x080055dc   Section        0  measure.o(i.measure_rms)
    locale$$code                             0x080055fc   Section       44  lc_numeric_c.o(locale$$code)
    x$fpl$dretinf                            0x08005628   Section       12  dretinf.o(x$fpl$dretinf)
    $v0                                      0x08005628   Number         0  dretinf.o(x$fpl$dretinf)
    x$fpl$f2d                                0x08005634   Section       86  f2d.o(x$fpl$f2d)
    $v0                                      0x08005634   Number         0  f2d.o(x$fpl$f2d)
    x$fpl$fnaninf                            0x0800568a   Section      140  fnaninf.o(x$fpl$fnaninf)
    $v0                                      0x0800568a   Number         0  fnaninf.o(x$fpl$fnaninf)
    x$fpl$fpinit                             0x08005716   Section       10  fpinit.o(x$fpl$fpinit)
    $v0                                      0x08005716   Number         0  fpinit.o(x$fpl$fpinit)
    x$fpl$printf1                            0x08005720   Section        4  printf1.o(x$fpl$printf1)
    $v0                                      0x08005720   Number         0  printf1.o(x$fpl$printf1)
    .constdata                               0x08005724   Section     1520  oled.o(.constdata)
    x$fpl$usenofp                            0x08005724   Section        0  usenofp.o(x$fpl$usenofp)
    .constdata                               0x08005d14   Section       24  stm32g4xx_hal_uart.o(.constdata)
    .constdata                               0x08005d2c   Section       16  stm32g4xx_hal_uart_ex.o(.constdata)
    numerator                                0x08005d2c   Data           8  stm32g4xx_hal_uart_ex.o(.constdata)
    denominator                              0x08005d34   Data           8  stm32g4xx_hal_uart_ex.o(.constdata)
    .constdata                               0x08005d3c   Section       16  system_stm32g4xx.o(.constdata)
    .constdata                               0x08005d4c   Section        8  system_stm32g4xx.o(.constdata)
    .constdata                               0x08005d54   Section       32  rredf.o(.constdata)
    twooverpi                                0x08005d54   Data          32  rredf.o(.constdata)
    .constdata                               0x08005d74   Section      148  bigflt0.o(.constdata)
    tenpwrs_x                                0x08005d74   Data          60  bigflt0.o(.constdata)
    tenpwrs_i                                0x08005db0   Data          64  bigflt0.o(.constdata)
    locale$$data                             0x08005e28   Section       28  lc_numeric_c.o(locale$$data)
    __lcnum_c_name                           0x08005e2c   Data           2  lc_numeric_c.o(locale$$data)
    __lcnum_c_start                          0x08005e34   Data           0  lc_numeric_c.o(locale$$data)
    __lcnum_c_point                          0x08005e40   Data           0  lc_numeric_c.o(locale$$data)
    __lcnum_c_thousands                      0x08005e42   Data           0  lc_numeric_c.o(locale$$data)
    __lcnum_c_grouping                       0x08005e43   Data           0  lc_numeric_c.o(locale$$data)
    __lcnum_c_end                            0x08005e44   Data           0  lc_numeric_c.o(locale$$data)
    .data                                    0x20000000   Section       20  measure.o(.data)
    index                                    0x20000000   Data           2  measure.o(.data)
    buf_index                                0x20000008   Data           4  measure.o(.data)
    .data                                    0x20000014   Section     1612  spwm.o(.data)
    spwm_count                               0x20000014   Data           2  spwm.o(.data)
    spwm_count                               0x20000016   Data           2  spwm.o(.data)
    spwm_count                               0x20000018   Data           2  spwm.o(.data)
    spwm_count                               0x2000001a   Data           2  spwm.o(.data)
    .data                                    0x20000660   Section       24  main.o(.data)
    count                                    0x20000660   Data           2  main.o(.data)
    .data                                    0x20000678   Section       12  stm32g4xx_hal.o(.data)
    .data                                    0x20000684   Section        4  system_stm32g4xx.o(.data)
    .bss                                     0x20000688   Section     2400  measure.o(.bss)
    volt_buf                                 0x20000688   Data         800  measure.o(.bss)
    curr_buf                                 0x200009a8   Data         800  measure.o(.bss)
    .bss                                     0x20000fe8   Section      130  main.o(.bss)
    .bss                                     0x2000106c   Section      204  adc.o(.bss)
    .bss                                     0x20001138   Section      228  tim.o(.bss)
    .bss                                     0x2000121c   Section      148  usart.o(.bss)
    .bss                                     0x200012b0   Section       96  libspace.o(.bss)
    HEAP                                     0x20001310   Section      512  startup_stm32g474xx.o(HEAP)
    Heap_Mem                                 0x20001310   Data         512  startup_stm32g474xx.o(HEAP)
    STACK                                    0x20001510   Section     1024  startup_stm32g474xx.o(STACK)
    Stack_Mem                                0x20001510   Data        1024  startup_stm32g474xx.o(STACK)
    __initial_sp                             0x20001910   Data           0  startup_stm32g474xx.o(STACK)

    Global Symbols

    Symbol Name                              Value     Ov Type        Size  Object(Section)

    BuildAttributes$$THM_ISAv4$E$P$D$K$B$S$7EM$VFPi3$EXTD16$VFPS$VFMA$PE$A:L22UL41UL21$X:L11$S22US41US21$IEEE1$IW$USESV6$~STKCKD$USESV7$~SHL$OTIME$ROPI$IEEEX$EBA8$UX$STANDARDLIB$REQ8$PRES8$EABIv2 0x00000000   Number         0  anon$$obj.o ABSOLUTE
    __ARM_use_no_argv                        0x00000000   Number         0  main.o ABSOLUTE
    _printf_flags                            0x00000000   Number         0  printf_stubs.o ABSOLUTE
    _printf_return_value                     0x00000000   Number         0  printf_stubs.o ABSOLUTE
    _printf_sizespec                         0x00000000   Number         0  printf_stubs.o ABSOLUTE
    _printf_widthprec                        0x00000000   Number         0  printf_stubs.o ABSOLUTE
    __ARM_exceptions_init                     - Undefined Weak Reference
    __alloca_initialize                       - Undefined Weak Reference
    __arm_preinit_                            - Undefined Weak Reference
    __cpp_initialize__aeabi_                  - Undefined Weak Reference
    __cxa_finalize                            - Undefined Weak Reference
    __sigvec_lookup                           - Undefined Weak Reference
    _atexit_init                              - Undefined Weak Reference
    _call_atexit_fns                          - Undefined Weak Reference
    _clock_init                               - Undefined Weak Reference
    _fp_trap_init                             - Undefined Weak Reference
    _fp_trap_shutdown                         - Undefined Weak Reference
    _get_lc_collate                           - Undefined Weak Reference
    _get_lc_ctype                             - Undefined Weak Reference
    _get_lc_monetary                          - Undefined Weak Reference
    _get_lc_time                              - Undefined Weak Reference
    _getenv_init                              - Undefined Weak Reference
    _handle_redirection                       - Undefined Weak Reference
    _init_alloc                               - Undefined Weak Reference
    _init_user_alloc                          - Undefined Weak Reference
    _initio                                   - Undefined Weak Reference
    _printf_post_padding                      - Undefined Weak Reference
    _printf_pre_padding                       - Undefined Weak Reference
    _rand_init                                - Undefined Weak Reference
    _signal_finish                            - Undefined Weak Reference
    _signal_init                              - Undefined Weak Reference
    _terminate_alloc                          - Undefined Weak Reference
    _terminate_user_alloc                     - Undefined Weak Reference
    _terminateio                              - Undefined Weak Reference
    __Vectors_Size                           0x000001d8   Number         0  startup_stm32g474xx.o ABSOLUTE
    __Vectors                                0x08000000   Data           4  startup_stm32g474xx.o(RESET)
    __Vectors_End                            0x080001d8   Data           0  startup_stm32g474xx.o(RESET)
    __main                                   0x080001d9   Thumb Code     8  __main.o(!!!main)
    __scatterload                            0x080001e1   Thumb Code     0  __scatter.o(!!!scatter)
    __scatterload_rt2                        0x080001e1   Thumb Code    44  __scatter.o(!!!scatter)
    __scatterload_rt2_thumb_only             0x080001e1   Thumb Code     0  __scatter.o(!!!scatter)
    __scatterload_null                       0x080001ef   Thumb Code     0  __scatter.o(!!!scatter)
    __decompress                             0x08000215   Thumb Code   100  __dclz77c.o(!!dclz77c)
    __decompress2                            0x08000215   Thumb Code     0  __dclz77c.o(!!dclz77c)
    __scatterload_zeroinit                   0x08000279   Thumb Code    28  __scatter_zi.o(!!handler_zi)
    _printf_f                                0x08000295   Thumb Code     0  _printf_f.o(.ARM.Collect$$_printf_percent$$00000003)
    _printf_percent                          0x08000295   Thumb Code     0  _printf_percent.o(.ARM.Collect$$_printf_percent$$00000000)
    _printf_percent_end                      0x0800029b   Thumb Code     0  _printf_percent_end.o(.ARM.Collect$$_printf_percent$$00000017)
    __rt_lib_init                            0x0800029f   Thumb Code     0  libinit.o(.ARM.Collect$$libinit$$00000000)
    __rt_lib_init_fp_1                       0x080002a1   Thumb Code     0  libinit2.o(.ARM.Collect$$libinit$$00000001)
    __rt_lib_init_heap_1                     0x080002a5   Thumb Code     0  libinit2.o(.ARM.Collect$$libinit$$0000000A)
    __rt_lib_init_lc_common                  0x080002a5   Thumb Code     0  libinit2.o(.ARM.Collect$$libinit$$0000000F)
    __rt_lib_init_preinit_1                  0x080002a5   Thumb Code     0  libinit2.o(.ARM.Collect$$libinit$$00000004)
    __rt_lib_init_rand_1                     0x080002a5   Thumb Code     0  libinit2.o(.ARM.Collect$$libinit$$0000000E)
    __rt_lib_init_user_alloc_1               0x080002a5   Thumb Code     0  libinit2.o(.ARM.Collect$$libinit$$0000000C)
    __rt_lib_init_lc_collate_1               0x080002ab   Thumb Code     0  libinit2.o(.ARM.Collect$$libinit$$00000011)
    __rt_lib_init_lc_ctype_1                 0x080002ab   Thumb Code     0  libinit2.o(.ARM.Collect$$libinit$$00000013)
    __rt_lib_init_lc_monetary_1              0x080002ab   Thumb Code     0  libinit2.o(.ARM.Collect$$libinit$$00000015)
    __rt_lib_init_lc_numeric_2               0x080002ab   Thumb Code     0  libinit2.o(.ARM.Collect$$libinit$$00000016)
    __rt_lib_init_alloca_1                   0x080002b5   Thumb Code     0  libinit2.o(.ARM.Collect$$libinit$$0000002E)
    __rt_lib_init_argv_1                     0x080002b5   Thumb Code     0  libinit2.o(.ARM.Collect$$libinit$$0000002C)
    __rt_lib_init_atexit_1                   0x080002b5   Thumb Code     0  libinit2.o(.ARM.Collect$$libinit$$0000001B)
    __rt_lib_init_clock_1                    0x080002b5   Thumb Code     0  libinit2.o(.ARM.Collect$$libinit$$00000021)
    __rt_lib_init_cpp_1                      0x080002b5   Thumb Code     0  libinit2.o(.ARM.Collect$$libinit$$00000032)
    __rt_lib_init_exceptions_1               0x080002b5   Thumb Code     0  libinit2.o(.ARM.Collect$$libinit$$00000030)
    __rt_lib_init_fp_trap_1                  0x080002b5   Thumb Code     0  libinit2.o(.ARM.Collect$$libinit$$0000001F)
    __rt_lib_init_getenv_1                   0x080002b5   Thumb Code     0  libinit2.o(.ARM.Collect$$libinit$$00000023)
    __rt_lib_init_lc_numeric_1               0x080002b5   Thumb Code     0  libinit2.o(.ARM.Collect$$libinit$$00000017)
    __rt_lib_init_lc_time_1                  0x080002b5   Thumb Code     0  libinit2.o(.ARM.Collect$$libinit$$00000019)
    __rt_lib_init_return                     0x080002b5   Thumb Code     0  libinit2.o(.ARM.Collect$$libinit$$00000033)
    __rt_lib_init_signal_1                   0x080002b5   Thumb Code     0  libinit2.o(.ARM.Collect$$libinit$$0000001D)
    __rt_lib_init_stdio_1                    0x080002b5   Thumb Code     0  libinit2.o(.ARM.Collect$$libinit$$00000025)
    __rt_lib_shutdown                        0x080002b7   Thumb Code     0  libshutdown.o(.ARM.Collect$$libshutdown$$00000000)
    __rt_lib_shutdown_cpp_1                  0x080002b9   Thumb Code     0  libshutdown2.o(.ARM.Collect$$libshutdown$$00000002)
    __rt_lib_shutdown_fp_trap_1              0x080002b9   Thumb Code     0  libshutdown2.o(.ARM.Collect$$libshutdown$$00000007)
    __rt_lib_shutdown_heap_1                 0x080002b9   Thumb Code     0  libshutdown2.o(.ARM.Collect$$libshutdown$$0000000F)
    __rt_lib_shutdown_return                 0x080002b9   Thumb Code     0  libshutdown2.o(.ARM.Collect$$libshutdown$$00000010)
    __rt_lib_shutdown_signal_1               0x080002b9   Thumb Code     0  libshutdown2.o(.ARM.Collect$$libshutdown$$0000000A)
    __rt_lib_shutdown_stdio_1                0x080002b9   Thumb Code     0  libshutdown2.o(.ARM.Collect$$libshutdown$$00000004)
    __rt_lib_shutdown_user_alloc_1           0x080002b9   Thumb Code     0  libshutdown2.o(.ARM.Collect$$libshutdown$$0000000C)
    __rt_entry                               0x080002bb   Thumb Code     0  __rtentry.o(.ARM.Collect$$rtentry$$00000000)
    __rt_entry_presh_1                       0x080002bb   Thumb Code     0  __rtentry2.o(.ARM.Collect$$rtentry$$00000002)
    __rt_entry_sh                            0x080002bb   Thumb Code     0  __rtentry4.o(.ARM.Collect$$rtentry$$00000004)
    __rt_entry_li                            0x080002c1   Thumb Code     0  __rtentry2.o(.ARM.Collect$$rtentry$$0000000A)
    __rt_entry_postsh_1                      0x080002c1   Thumb Code     0  __rtentry2.o(.ARM.Collect$$rtentry$$00000009)
    __rt_entry_main                          0x080002c5   Thumb Code     0  __rtentry2.o(.ARM.Collect$$rtentry$$0000000D)
    __rt_entry_postli_1                      0x080002c5   Thumb Code     0  __rtentry2.o(.ARM.Collect$$rtentry$$0000000C)
    __rt_exit                                0x080002cd   Thumb Code     0  rtexit.o(.ARM.Collect$$rtexit$$00000000)
    __rt_exit_ls                             0x080002cf   Thumb Code     0  rtexit2.o(.ARM.Collect$$rtexit$$00000003)
    __rt_exit_prels_1                        0x080002cf   Thumb Code     0  rtexit2.o(.ARM.Collect$$rtexit$$00000002)
    __rt_exit_exit                           0x080002d3   Thumb Code     0  rtexit2.o(.ARM.Collect$$rtexit$$00000004)
    Reset_Handler                            0x080002d9   Thumb Code     8  startup_stm32g474xx.o(.text)
    ADC1_2_IRQHandler                        0x080002f3   Thumb Code     0  startup_stm32g474xx.o(.text)
    ADC3_IRQHandler                          0x080002f3   Thumb Code     0  startup_stm32g474xx.o(.text)
    ADC4_IRQHandler                          0x080002f3   Thumb Code     0  startup_stm32g474xx.o(.text)
    ADC5_IRQHandler                          0x080002f3   Thumb Code     0  startup_stm32g474xx.o(.text)
    COMP1_2_3_IRQHandler                     0x080002f3   Thumb Code     0  startup_stm32g474xx.o(.text)
    COMP4_5_6_IRQHandler                     0x080002f3   Thumb Code     0  startup_stm32g474xx.o(.text)
    COMP7_IRQHandler                         0x080002f3   Thumb Code     0  startup_stm32g474xx.o(.text)
    CORDIC_IRQHandler                        0x080002f3   Thumb Code     0  startup_stm32g474xx.o(.text)
    CRS_IRQHandler                           0x080002f3   Thumb Code     0  startup_stm32g474xx.o(.text)
    DMA1_Channel1_IRQHandler                 0x080002f3   Thumb Code     0  startup_stm32g474xx.o(.text)
    DMA1_Channel2_IRQHandler                 0x080002f3   Thumb Code     0  startup_stm32g474xx.o(.text)
    DMA1_Channel3_IRQHandler                 0x080002f3   Thumb Code     0  startup_stm32g474xx.o(.text)
    DMA1_Channel4_IRQHandler                 0x080002f3   Thumb Code     0  startup_stm32g474xx.o(.text)
    DMA1_Channel5_IRQHandler                 0x080002f3   Thumb Code     0  startup_stm32g474xx.o(.text)
    DMA1_Channel6_IRQHandler                 0x080002f3   Thumb Code     0  startup_stm32g474xx.o(.text)
    DMA1_Channel7_IRQHandler                 0x080002f3   Thumb Code     0  startup_stm32g474xx.o(.text)
    DMA1_Channel8_IRQHandler                 0x080002f3   Thumb Code     0  startup_stm32g474xx.o(.text)
    DMA2_Channel1_IRQHandler                 0x080002f3   Thumb Code     0  startup_stm32g474xx.o(.text)
    DMA2_Channel2_IRQHandler                 0x080002f3   Thumb Code     0  startup_stm32g474xx.o(.text)
    DMA2_Channel3_IRQHandler                 0x080002f3   Thumb Code     0  startup_stm32g474xx.o(.text)
    DMA2_Channel4_IRQHandler                 0x080002f3   Thumb Code     0  startup_stm32g474xx.o(.text)
    DMA2_Channel5_IRQHandler                 0x080002f3   Thumb Code     0  startup_stm32g474xx.o(.text)
    DMA2_Channel6_IRQHandler                 0x080002f3   Thumb Code     0  startup_stm32g474xx.o(.text)
    DMA2_Channel7_IRQHandler                 0x080002f3   Thumb Code     0  startup_stm32g474xx.o(.text)
    DMA2_Channel8_IRQHandler                 0x080002f3   Thumb Code     0  startup_stm32g474xx.o(.text)
    DMAMUX_OVR_IRQHandler                    0x080002f3   Thumb Code     0  startup_stm32g474xx.o(.text)
    EXTI0_IRQHandler                         0x080002f3   Thumb Code     0  startup_stm32g474xx.o(.text)
    EXTI15_10_IRQHandler                     0x080002f3   Thumb Code     0  startup_stm32g474xx.o(.text)
    EXTI1_IRQHandler                         0x080002f3   Thumb Code     0  startup_stm32g474xx.o(.text)
    EXTI2_IRQHandler                         0x080002f3   Thumb Code     0  startup_stm32g474xx.o(.text)
    EXTI3_IRQHandler                         0x080002f3   Thumb Code     0  startup_stm32g474xx.o(.text)
    EXTI4_IRQHandler                         0x080002f3   Thumb Code     0  startup_stm32g474xx.o(.text)
    EXTI9_5_IRQHandler                       0x080002f3   Thumb Code     0  startup_stm32g474xx.o(.text)
    FDCAN1_IT0_IRQHandler                    0x080002f3   Thumb Code     0  startup_stm32g474xx.o(.text)
    FDCAN1_IT1_IRQHandler                    0x080002f3   Thumb Code     0  startup_stm32g474xx.o(.text)
    FDCAN2_IT0_IRQHandler                    0x080002f3   Thumb Code     0  startup_stm32g474xx.o(.text)
    FDCAN2_IT1_IRQHandler                    0x080002f3   Thumb Code     0  startup_stm32g474xx.o(.text)
    FDCAN3_IT0_IRQHandler                    0x080002f3   Thumb Code     0  startup_stm32g474xx.o(.text)
    FDCAN3_IT1_IRQHandler                    0x080002f3   Thumb Code     0  startup_stm32g474xx.o(.text)
    FLASH_IRQHandler                         0x080002f3   Thumb Code     0  startup_stm32g474xx.o(.text)
    FMAC_IRQHandler                          0x080002f3   Thumb Code     0  startup_stm32g474xx.o(.text)
    FMC_IRQHandler                           0x080002f3   Thumb Code     0  startup_stm32g474xx.o(.text)
    FPU_IRQHandler                           0x080002f3   Thumb Code     0  startup_stm32g474xx.o(.text)
    HRTIM1_FLT_IRQHandler                    0x080002f3   Thumb Code     0  startup_stm32g474xx.o(.text)
    HRTIM1_Master_IRQHandler                 0x080002f3   Thumb Code     0  startup_stm32g474xx.o(.text)
    HRTIM1_TIMA_IRQHandler                   0x080002f3   Thumb Code     0  startup_stm32g474xx.o(.text)
    HRTIM1_TIMB_IRQHandler                   0x080002f3   Thumb Code     0  startup_stm32g474xx.o(.text)
    HRTIM1_TIMC_IRQHandler                   0x080002f3   Thumb Code     0  startup_stm32g474xx.o(.text)
    HRTIM1_TIMD_IRQHandler                   0x080002f3   Thumb Code     0  startup_stm32g474xx.o(.text)
    HRTIM1_TIME_IRQHandler                   0x080002f3   Thumb Code     0  startup_stm32g474xx.o(.text)
    HRTIM1_TIMF_IRQHandler                   0x080002f3   Thumb Code     0  startup_stm32g474xx.o(.text)
    I2C1_ER_IRQHandler                       0x080002f3   Thumb Code     0  startup_stm32g474xx.o(.text)
    I2C1_EV_IRQHandler                       0x080002f3   Thumb Code     0  startup_stm32g474xx.o(.text)
    I2C2_ER_IRQHandler                       0x080002f3   Thumb Code     0  startup_stm32g474xx.o(.text)
    I2C2_EV_IRQHandler                       0x080002f3   Thumb Code     0  startup_stm32g474xx.o(.text)
    I2C3_ER_IRQHandler                       0x080002f3   Thumb Code     0  startup_stm32g474xx.o(.text)
    I2C3_EV_IRQHandler                       0x080002f3   Thumb Code     0  startup_stm32g474xx.o(.text)
    I2C4_ER_IRQHandler                       0x080002f3   Thumb Code     0  startup_stm32g474xx.o(.text)
    I2C4_EV_IRQHandler                       0x080002f3   Thumb Code     0  startup_stm32g474xx.o(.text)
    LPTIM1_IRQHandler                        0x080002f3   Thumb Code     0  startup_stm32g474xx.o(.text)
    LPUART1_IRQHandler                       0x080002f3   Thumb Code     0  startup_stm32g474xx.o(.text)
    PVD_PVM_IRQHandler                       0x080002f3   Thumb Code     0  startup_stm32g474xx.o(.text)
    QUADSPI_IRQHandler                       0x080002f3   Thumb Code     0  startup_stm32g474xx.o(.text)
    RCC_IRQHandler                           0x080002f3   Thumb Code     0  startup_stm32g474xx.o(.text)
    RNG_IRQHandler                           0x080002f3   Thumb Code     0  startup_stm32g474xx.o(.text)
    RTC_Alarm_IRQHandler                     0x080002f3   Thumb Code     0  startup_stm32g474xx.o(.text)
    RTC_TAMP_LSECSS_IRQHandler               0x080002f3   Thumb Code     0  startup_stm32g474xx.o(.text)
    RTC_WKUP_IRQHandler                      0x080002f3   Thumb Code     0  startup_stm32g474xx.o(.text)
    SAI1_IRQHandler                          0x080002f3   Thumb Code     0  startup_stm32g474xx.o(.text)
    SPI1_IRQHandler                          0x080002f3   Thumb Code     0  startup_stm32g474xx.o(.text)
    SPI2_IRQHandler                          0x080002f3   Thumb Code     0  startup_stm32g474xx.o(.text)
    SPI3_IRQHandler                          0x080002f3   Thumb Code     0  startup_stm32g474xx.o(.text)
    SPI4_IRQHandler                          0x080002f3   Thumb Code     0  startup_stm32g474xx.o(.text)
    TIM1_BRK_TIM15_IRQHandler                0x080002f3   Thumb Code     0  startup_stm32g474xx.o(.text)
    TIM1_CC_IRQHandler                       0x080002f3   Thumb Code     0  startup_stm32g474xx.o(.text)
    TIM1_TRG_COM_TIM17_IRQHandler            0x080002f3   Thumb Code     0  startup_stm32g474xx.o(.text)
    TIM1_UP_TIM16_IRQHandler                 0x080002f3   Thumb Code     0  startup_stm32g474xx.o(.text)
    TIM20_BRK_IRQHandler                     0x080002f3   Thumb Code     0  startup_stm32g474xx.o(.text)
    TIM20_CC_IRQHandler                      0x080002f3   Thumb Code     0  startup_stm32g474xx.o(.text)
    TIM20_TRG_COM_IRQHandler                 0x080002f3   Thumb Code     0  startup_stm32g474xx.o(.text)
    TIM20_UP_IRQHandler                      0x080002f3   Thumb Code     0  startup_stm32g474xx.o(.text)
    TIM2_IRQHandler                          0x080002f3   Thumb Code     0  startup_stm32g474xx.o(.text)
    TIM3_IRQHandler                          0x080002f3   Thumb Code     0  startup_stm32g474xx.o(.text)
    TIM5_IRQHandler                          0x080002f3   Thumb Code     0  startup_stm32g474xx.o(.text)
    TIM6_DAC_IRQHandler                      0x080002f3   Thumb Code     0  startup_stm32g474xx.o(.text)
    TIM7_DAC_IRQHandler                      0x080002f3   Thumb Code     0  startup_stm32g474xx.o(.text)
    TIM8_BRK_IRQHandler                      0x080002f3   Thumb Code     0  startup_stm32g474xx.o(.text)
    TIM8_CC_IRQHandler                       0x080002f3   Thumb Code     0  startup_stm32g474xx.o(.text)
    TIM8_TRG_COM_IRQHandler                  0x080002f3   Thumb Code     0  startup_stm32g474xx.o(.text)
    TIM8_UP_IRQHandler                       0x080002f3   Thumb Code     0  startup_stm32g474xx.o(.text)
    UART4_IRQHandler                         0x080002f3   Thumb Code     0  startup_stm32g474xx.o(.text)
    UART5_IRQHandler                         0x080002f3   Thumb Code     0  startup_stm32g474xx.o(.text)
    UCPD1_IRQHandler                         0x080002f3   Thumb Code     0  startup_stm32g474xx.o(.text)
    USART1_IRQHandler                        0x080002f3   Thumb Code     0  startup_stm32g474xx.o(.text)
    USART2_IRQHandler                        0x080002f3   Thumb Code     0  startup_stm32g474xx.o(.text)
    USART3_IRQHandler                        0x080002f3   Thumb Code     0  startup_stm32g474xx.o(.text)
    USBWakeUp_IRQHandler                     0x080002f3   Thumb Code     0  startup_stm32g474xx.o(.text)
    USB_HP_IRQHandler                        0x080002f3   Thumb Code     0  startup_stm32g474xx.o(.text)
    USB_LP_IRQHandler                        0x080002f3   Thumb Code     0  startup_stm32g474xx.o(.text)
    WWDG_IRQHandler                          0x080002f3   Thumb Code     0  startup_stm32g474xx.o(.text)
    __user_initial_stackheap                 0x080002f5   Thumb Code     0  startup_stm32g474xx.o(.text)
    __aeabi_uldivmod                         0x08000319   Thumb Code     0  lludivv7m.o(.text)
    _ll_udiv                                 0x08000319   Thumb Code   238  lludivv7m.o(.text)
    __2sprintf                               0x08000409   Thumb Code    34  noretval__2sprintf.o(.text)
    __printf                                 0x08000431   Thumb Code   270  __printf_wp.o(.text)
    __aeabi_memclr4                          0x0800053f   Thumb Code     0  rt_memclr_w.o(.text)
    __aeabi_memclr8                          0x0800053f   Thumb Code     0  rt_memclr_w.o(.text)
    __rt_memclr_w                            0x0800053f   Thumb Code    78  rt_memclr_w.o(.text)
    _memset_w                                0x08000543   Thumb Code     0  rt_memclr_w.o(.text)
    __use_two_region_memory                  0x0800058d   Thumb Code     2  heapauxi.o(.text)
    __rt_heap_escrow$2region                 0x0800058f   Thumb Code     2  heapauxi.o(.text)
    __rt_heap_expand$2region                 0x08000591   Thumb Code     2  heapauxi.o(.text)
    __read_errno                             0x08000593   Thumb Code    10  _rserrno.o(.text)
    __set_errno                              0x0800059d   Thumb Code    12  _rserrno.o(.text)
    __lib_sel_fp_printf                      0x080005a9   Thumb Code     2  _printf_fp_dec.o(.text)
    _printf_fp_dec_real                      0x0800075b   Thumb Code   620  _printf_fp_dec.o(.text)
    _printf_char_common                      0x080009d3   Thumb Code    32  _printf_char_common.o(.text)
    _sputc                                   0x080009f9   Thumb Code    10  _sputc.o(.text)
    __rt_locale                              0x08000a05   Thumb Code     8  rt_locale_intlibspace.o(.text)
    __aeabi_errno_addr                       0x08000a0d   Thumb Code     8  rt_errno_addr_intlibspace.o(.text)
    __errno$intlibspace                      0x08000a0d   Thumb Code     0  rt_errno_addr_intlibspace.o(.text)
    __rt_errno_addr$intlibspace              0x08000a0d   Thumb Code     0  rt_errno_addr_intlibspace.o(.text)
    _ll_udiv10                               0x08000a15   Thumb Code   138  lludiv10.o(.text)
    _printf_fp_infnan                        0x08000aa1   Thumb Code   112  _printf_fp_infnan.o(.text)
    _btod_etento                             0x08000b21   Thumb Code   224  bigflt0.o(.text)
    __user_libspace                          0x08000c05   Thumb Code     8  libspace.o(.text)
    __user_perproc_libspace                  0x08000c05   Thumb Code     0  libspace.o(.text)
    __user_perthread_libspace                0x08000c05   Thumb Code     0  libspace.o(.text)
    __user_setup_stackheap                   0x08000c0d   Thumb Code    74  sys_stackheap_outer.o(.text)
    exit                                     0x08000c57   Thumb Code    18  exit.o(.text)
    strcmp                                   0x08000c69   Thumb Code   128  strcmpv7m.o(.text)
    _sys_exit                                0x08000ce9   Thumb Code     8  sys_exit.o(.text)
    __I$use$semihosting                      0x08000cf5   Thumb Code     0  use_no_semi.o(.text)
    __use_no_semihosting_swi                 0x08000cf5   Thumb Code     2  use_no_semi.o(.text)
    __semihosting_library_function           0x08000cf7   Thumb Code     0  indicate_semi.o(.text)
    arm_rms_f32                              0x08000cf9   Thumb Code   188  arm_rms_f32.o(.text.arm_rms_f32)
    _btod_d2e                                0x08000db5   Thumb Code    62  btod.o(CL$$btod_d2e)
    _d2e_denorm_low                          0x08000df3   Thumb Code    70  btod.o(CL$$btod_d2e_denorm_low)
    _d2e_norm_op1                            0x08000e39   Thumb Code    96  btod.o(CL$$btod_d2e_norm_op1)
    __btod_div_common                        0x08000e99   Thumb Code   696  btod.o(CL$$btod_div_common)
    _e2e                                     0x080011d1   Thumb Code   220  btod.o(CL$$btod_e2e)
    _btod_ediv                               0x080012ad   Thumb Code    42  btod.o(CL$$btod_ediv)
    _btod_emul                               0x080012d7   Thumb Code    42  btod.o(CL$$btod_emul)
    __btod_mult_common                       0x08001301   Thumb Code   580  btod.o(CL$$btod_mult_common)
    ADC_DMAConvCplt                          0x08001545   Thumb Code   104  stm32g4xx_hal_adc.o(i.ADC_DMAConvCplt)
    ADC_DMAError                             0x080015ad   Thumb Code    26  stm32g4xx_hal_adc.o(i.ADC_DMAError)
    ADC_DMAHalfConvCplt                      0x080015c7   Thumb Code    10  stm32g4xx_hal_adc.o(i.ADC_DMAHalfConvCplt)
    ADC_Data_Update                          0x080015d1   Thumb Code    42  measure.o(i.ADC_Data_Update)
    ADC_Disable                              0x08001609   Thumb Code   106  stm32g4xx_hal_adc.o(i.ADC_Disable)
    ADC_Enable                               0x08001679   Thumb Code   172  stm32g4xx_hal_adc.o(i.ADC_Enable)
    BusFault_Handler                         0x0800173d   Thumb Code     2  stm32g4xx_it.o(i.BusFault_Handler)
    Current_Get_Average                      0x08001741   Thumb Code    30  measure.o(i.Current_Get_Average)
    DebugMon_Handler                         0x08001813   Thumb Code     2  stm32g4xx_it.o(i.DebugMon_Handler)
    Error_Handler                            0x08001815   Thumb Code     4  main.o(i.Error_Handler)
    Generate_U_Ref                           0x08001819   Thumb Code    56  main.o(i.Generate_U_Ref)
    HAL_ADCEx_Calibration_Start              0x08001861   Thumb Code   138  stm32g4xx_hal_adc_ex.o(i.HAL_ADCEx_Calibration_Start)
    HAL_ADC_ConfigChannel                    0x080018f5   Thumb Code  1062  stm32g4xx_hal_adc.o(i.HAL_ADC_ConfigChannel)
    HAL_ADC_ConvCpltCallback                 0x08001d5d   Thumb Code     2  stm32g4xx_hal_adc.o(i.HAL_ADC_ConvCpltCallback)
    HAL_ADC_ConvHalfCpltCallback             0x08001d5f   Thumb Code     2  stm32g4xx_hal_adc.o(i.HAL_ADC_ConvHalfCpltCallback)
    HAL_ADC_ErrorCallback                    0x08001d61   Thumb Code     2  stm32g4xx_hal_adc.o(i.HAL_ADC_ErrorCallback)
    HAL_ADC_Init                             0x08001d65   Thumb Code   510  stm32g4xx_hal_adc.o(i.HAL_ADC_Init)
    HAL_ADC_MspInit                          0x08001f95   Thumb Code   156  adc.o(i.HAL_ADC_MspInit)
    HAL_ADC_Start_DMA                        0x08002041   Thumb Code   260  stm32g4xx_hal_adc.o(i.HAL_ADC_Start_DMA)
    HAL_DMA_Init                             0x0800216d   Thumb Code   182  stm32g4xx_hal_dma.o(i.HAL_DMA_Init)
    HAL_DMA_Start_IT                         0x08002231   Thumb Code   140  stm32g4xx_hal_dma.o(i.HAL_DMA_Start_IT)
    HAL_Delay                                0x080022bd   Thumb Code    32  stm32g4xx_hal.o(i.HAL_Delay)
    HAL_GPIO_Init                            0x080022e1   Thumb Code   532  stm32g4xx_hal_gpio.o(i.HAL_GPIO_Init)
    HAL_GPIO_WritePin                        0x08002515   Thumb Code    10  stm32g4xx_hal_gpio.o(i.HAL_GPIO_WritePin)
    HAL_GetTick                              0x08002521   Thumb Code     6  stm32g4xx_hal.o(i.HAL_GetTick)
    HAL_IncTick                              0x0800252d   Thumb Code    12  stm32g4xx_hal.o(i.HAL_IncTick)
    HAL_Init                                 0x0800253d   Thumb Code    30  stm32g4xx_hal.o(i.HAL_Init)
    HAL_InitTick                             0x0800255d   Thumb Code    58  stm32g4xx_hal.o(i.HAL_InitTick)
    HAL_MspInit                              0x080025a1   Thumb Code    42  stm32g4xx_hal_msp.o(i.HAL_MspInit)
    HAL_NVIC_EnableIRQ                       0x080025d1   Thumb Code    26  stm32g4xx_hal_cortex.o(i.HAL_NVIC_EnableIRQ)
    HAL_NVIC_SetPriority                     0x080025ed   Thumb Code    60  stm32g4xx_hal_cortex.o(i.HAL_NVIC_SetPriority)
    HAL_NVIC_SetPriorityGrouping             0x0800262d   Thumb Code    26  stm32g4xx_hal_cortex.o(i.HAL_NVIC_SetPriorityGrouping)
    HAL_PWREx_ControlVoltageScaling          0x08002651   Thumb Code   174  stm32g4xx_hal_pwr_ex.o(i.HAL_PWREx_ControlVoltageScaling)
    HAL_PWREx_DisableUCPDDeadBattery         0x0800270d   Thumb Code    12  stm32g4xx_hal_pwr_ex.o(i.HAL_PWREx_DisableUCPDDeadBattery)
    HAL_RCCEx_PeriphCLKConfig                0x0800271d   Thumb Code   758  stm32g4xx_hal_rcc_ex.o(i.HAL_RCCEx_PeriphCLKConfig)
    HAL_RCC_ClockConfig                      0x08002a1d   Thumb Code   444  stm32g4xx_hal_rcc.o(i.HAL_RCC_ClockConfig)
    HAL_RCC_GetPCLK1Freq                     0x08002bf9   Thumb Code    24  stm32g4xx_hal_rcc.o(i.HAL_RCC_GetPCLK1Freq)
    HAL_RCC_GetPCLK2Freq                     0x08002c1d   Thumb Code    24  stm32g4xx_hal_rcc.o(i.HAL_RCC_GetPCLK2Freq)
    HAL_RCC_GetSysClockFreq                  0x08002c41   Thumb Code    98  stm32g4xx_hal_rcc.o(i.HAL_RCC_GetSysClockFreq)
    HAL_RCC_OscConfig                        0x08002cad   Thumb Code  1028  stm32g4xx_hal_rcc.o(i.HAL_RCC_OscConfig)
    HAL_SYSTICK_Config                       0x080030b1   Thumb Code    40  stm32g4xx_hal_cortex.o(i.HAL_SYSTICK_Config)
    HAL_TIMEx_Break2Callback                 0x080030d9   Thumb Code     2  stm32g4xx_hal_tim_ex.o(i.HAL_TIMEx_Break2Callback)
    HAL_TIMEx_BreakCallback                  0x080030db   Thumb Code     2  stm32g4xx_hal_tim_ex.o(i.HAL_TIMEx_BreakCallback)
    HAL_TIMEx_CommutCallback                 0x080030dd   Thumb Code     2  stm32g4xx_hal_tim_ex.o(i.HAL_TIMEx_CommutCallback)
    HAL_TIMEx_ConfigBreakDeadTime            0x080030e1   Thumb Code   154  stm32g4xx_hal_tim_ex.o(i.HAL_TIMEx_ConfigBreakDeadTime)
    HAL_TIMEx_DirectionChangeCallback        0x08003189   Thumb Code     2  stm32g4xx_hal_tim_ex.o(i.HAL_TIMEx_DirectionChangeCallback)
    HAL_TIMEx_EncoderIndexCallback           0x0800318b   Thumb Code     2  stm32g4xx_hal_tim_ex.o(i.HAL_TIMEx_EncoderIndexCallback)
    HAL_TIMEx_IndexErrorCallback             0x0800318d   Thumb Code     2  stm32g4xx_hal_tim_ex.o(i.HAL_TIMEx_IndexErrorCallback)
    HAL_TIMEx_MasterConfigSynchronization    0x08003191   Thumb Code   150  stm32g4xx_hal_tim_ex.o(i.HAL_TIMEx_MasterConfigSynchronization)
    HAL_TIMEx_TransitionErrorCallback        0x08003249   Thumb Code     2  stm32g4xx_hal_tim_ex.o(i.HAL_TIMEx_TransitionErrorCallback)
    HAL_TIM_Base_Init                        0x0800324b   Thumb Code    98  stm32g4xx_hal_tim.o(i.HAL_TIM_Base_Init)
    HAL_TIM_Base_MspInit                     0x080032ad   Thumb Code    94  tim.o(i.HAL_TIM_Base_MspInit)
    HAL_TIM_Base_Start_IT                    0x0800331d   Thumb Code   106  stm32g4xx_hal_tim.o(i.HAL_TIM_Base_Start_IT)
    HAL_TIM_ConfigClockSource                0x080033a9   Thumb Code   234  stm32g4xx_hal_tim.o(i.HAL_TIM_ConfigClockSource)
    HAL_TIM_IC_CaptureCallback               0x08003499   Thumb Code     2  stm32g4xx_hal_tim.o(i.HAL_TIM_IC_CaptureCallback)
    HAL_TIM_IRQHandler                       0x0800349b   Thumb Code   418  stm32g4xx_hal_tim.o(i.HAL_TIM_IRQHandler)
    HAL_TIM_MspPostInit                      0x0800363d   Thumb Code   112  tim.o(i.HAL_TIM_MspPostInit)
    HAL_TIM_OC_DelayElapsedCallback          0x080036bd   Thumb Code     2  stm32g4xx_hal_tim.o(i.HAL_TIM_OC_DelayElapsedCallback)
    HAL_TIM_PWM_ConfigChannel                0x080036bf   Thumb Code   292  stm32g4xx_hal_tim.o(i.HAL_TIM_PWM_ConfigChannel)
    HAL_TIM_PWM_Init                         0x080037e3   Thumb Code    98  stm32g4xx_hal_tim.o(i.HAL_TIM_PWM_Init)
    HAL_TIM_PWM_MspInit                      0x08003845   Thumb Code     2  stm32g4xx_hal_tim.o(i.HAL_TIM_PWM_MspInit)
    HAL_TIM_PWM_PulseFinishedCallback        0x08003847   Thumb Code     2  stm32g4xx_hal_tim.o(i.HAL_TIM_PWM_PulseFinishedCallback)
    HAL_TIM_PWM_Start                        0x08003849   Thumb Code   234  stm32g4xx_hal_tim.o(i.HAL_TIM_PWM_Start)
    HAL_TIM_PeriodElapsedCallback            0x0800395d   Thumb Code   190  main.o(i.HAL_TIM_PeriodElapsedCallback)
    HAL_TIM_TriggerCallback                  0x08003a49   Thumb Code     2  stm32g4xx_hal_tim.o(i.HAL_TIM_TriggerCallback)
    HAL_UARTEx_DisableFifoMode               0x08003a4b   Thumb Code    62  stm32g4xx_hal_uart_ex.o(i.HAL_UARTEx_DisableFifoMode)
    HAL_UARTEx_SetRxFifoThreshold            0x08003a89   Thumb Code    76  stm32g4xx_hal_uart_ex.o(i.HAL_UARTEx_SetRxFifoThreshold)
    HAL_UARTEx_SetTxFifoThreshold            0x08003ad5   Thumb Code    76  stm32g4xx_hal_uart_ex.o(i.HAL_UARTEx_SetTxFifoThreshold)
    HAL_UART_Init                            0x08003b21   Thumb Code   106  stm32g4xx_hal_uart.o(i.HAL_UART_Init)
    HAL_UART_MspInit                         0x08003b8d   Thumb Code   110  usart.o(i.HAL_UART_MspInit)
    HardFault_Handler                        0x08003c05   Thumb Code     2  stm32g4xx_it.o(i.HardFault_Handler)
    MX_ADC2_Init                             0x08003c61   Thumb Code   144  adc.o(i.MX_ADC2_Init)
    MX_DMA_Init                              0x08003d01   Thumb Code    38  dma.o(i.MX_DMA_Init)
    MX_GPIO_Init                             0x08003d2d   Thumb Code   140  gpio.o(i.MX_GPIO_Init)
    MX_TIM1_Init                             0x08003dc1   Thumb Code   232  tim.o(i.MX_TIM1_Init)
    MX_TIM4_Init                             0x08003eb1   Thumb Code    96  tim.o(i.MX_TIM4_Init)
    MX_TIM8_Init                             0x08003f19   Thumb Code   232  tim.o(i.MX_TIM8_Init)
    MX_USART2_UART_Init                      0x08004009   Thumb Code    94  usart.o(i.MX_USART2_UART_Init)
    MemManage_Handler                        0x08004071   Thumb Code     2  stm32g4xx_it.o(i.MemManage_Handler)
    NMI_Handler                              0x08004073   Thumb Code     2  stm32g4xx_it.o(i.NMI_Handler)
    OLED_Clear                               0x08004075   Thumb Code    38  oled.o(i.OLED_Clear)
    OLED_I2C_Init                            0x0800409b   Thumb Code    22  oled.o(i.OLED_I2C_Init)
    OLED_I2C_SendByte                        0x080040b1   Thumb Code    54  oled.o(i.OLED_I2C_SendByte)
    OLED_I2C_Start                           0x080040e7   Thumb Code    30  oled.o(i.OLED_I2C_Start)
    OLED_I2C_Stop                            0x08004105   Thumb Code    24  oled.o(i.OLED_I2C_Stop)
    OLED_Init                                0x0800411d   Thumb Code   172  oled.o(i.OLED_Init)
    OLED_Pow                                 0x080041c9   Thumb Code    14  oled.o(i.OLED_Pow)
    OLED_SetCursor                           0x080041d7   Thumb Code    34  oled.o(i.OLED_SetCursor)
    OLED_ShowChar                            0x080041f9   Thumb Code    98  oled.o(i.OLED_ShowChar)
    OLED_ShowNum                             0x08004261   Thumb Code    66  oled.o(i.OLED_ShowNum)
    OLED_ShowString                          0x080042a3   Thumb Code    38  oled.o(i.OLED_ShowString)
    OLED_W_SCL                               0x080042c9   Thumb Code    20  oled.o(i.OLED_W_SCL)
    OLED_W_SDA                               0x080042e1   Thumb Code    22  oled.o(i.OLED_W_SDA)
    OLED_WriteCommand                        0x080042fd   Thumb Code    34  oled.o(i.OLED_WriteCommand)
    OLED_WriteData                           0x0800431f   Thumb Code    34  oled.o(i.OLED_WriteData)
    PendSV_Handler                           0x08004341   Thumb Code     2  stm32g4xx_it.o(i.PendSV_Handler)
    QPR_Calc                                 0x08004345   Thumb Code   162  hqpr.o(i.QPR_Calc)
    SVC_Handler                              0x080043ed   Thumb Code     2  stm32g4xx_it.o(i.SVC_Handler)
    SysTick_Handler                          0x080043ef   Thumb Code     4  stm32g4xx_it.o(i.SysTick_Handler)
    SystemClock_Config                       0x080043f3   Thumb Code   106  main.o(i.SystemClock_Config)
    SystemInit                               0x0800445d   Thumb Code    12  system_stm32g4xx.o(i.SystemInit)
    TIM4_IRQHandler                          0x0800446d   Thumb Code     6  stm32g4xx_it.o(i.TIM4_IRQHandler)
    TIM_Base_SetConfig                       0x08004479   Thumb Code   184  stm32g4xx_hal_tim.o(i.TIM_Base_SetConfig)
    TIM_CCxChannelCmd                        0x08004555   Thumb Code    26  stm32g4xx_hal_tim.o(i.TIM_CCxChannelCmd)
    TIM_ETR_SetConfig                        0x0800456f   Thumb Code    20  stm32g4xx_hal_tim.o(i.TIM_ETR_SetConfig)
    TIM_OC2_SetConfig                        0x0800464d   Thumb Code   140  stm32g4xx_hal_tim.o(i.TIM_OC2_SetConfig)
    UART_AdvFeatureConfig                    0x08004a31   Thumb Code   200  stm32g4xx_hal_uart.o(i.UART_AdvFeatureConfig)
    UART_CheckIdleState                      0x08004af9   Thumb Code   172  stm32g4xx_hal_uart.o(i.UART_CheckIdleState)
    UART_SetConfig                           0x08004bf9   Thumb Code   614  stm32g4xx_hal_uart.o(i.UART_SetConfig)
    UART_WaitOnFlagUntilTimeout              0x08004e91   Thumb Code   148  stm32g4xx_hal_uart.o(i.UART_WaitOnFlagUntilTimeout)
    UsageFault_Handler                       0x08004f25   Thumb Code     2  stm32g4xx_it.o(i.UsageFault_Handler)
    Voltage_Get_Average                      0x08004f29   Thumb Code    30  measure.o(i.Voltage_Get_Average)
    __ARM_fpclassify                         0x08004f4d   Thumb Code    48  fpclassify.o(i.__ARM_fpclassify)
    __ARM_fpclassifyf                        0x08004f7d   Thumb Code    38  fpclassifyf.o(i.__ARM_fpclassifyf)
    __hardfp_sinf                            0x08004fc5   Thumb Code   344  sinf.o(i.__hardfp_sinf)
    __hardfp_sqrtf                           0x08005155   Thumb Code    58  sqrtf.o(i.__hardfp_sqrtf)
    __mathlib_flt_infnan                     0x0800518f   Thumb Code     6  funder.o(i.__mathlib_flt_infnan)
    __mathlib_flt_invalid                    0x08005195   Thumb Code    10  funder.o(i.__mathlib_flt_invalid)
    __mathlib_flt_underflow                  0x080051a5   Thumb Code    10  funder.o(i.__mathlib_flt_underflow)
    __mathlib_rredf2                         0x080051b5   Thumb Code   316  rredf.o(i.__mathlib_rredf2)
    _is_digit                                0x08005309   Thumb Code    14  __printf_wp.o(i._is_digit)
    calculate_rms                            0x08005319   Thumb Code    84  measure.o(i.calculate_rms)
    get_current_sample                       0x08005375   Thumb Code    44  measure.o(i.get_current_sample)
    get_voltage_sample                       0x080053ad   Thumb Code    44  measure.o(i.get_voltage_sample)
    inverter_spwm_T1_1                       0x080053e5   Thumb Code    80  spwm.o(i.inverter_spwm_T1_1)
    inverter_spwm_T1_3                       0x08005445   Thumb Code    80  spwm.o(i.inverter_spwm_T1_3)
    main                                     0x080054a5   Thumb Code   260  main.o(i.main)
    measure_rms                              0x080055dd   Thumb Code    28  measure.o(i.measure_rms)
    _get_lc_numeric                          0x080055fd   Thumb Code    44  lc_numeric_c.o(locale$$code)
    __fpl_dretinf                            0x08005629   Thumb Code    12  dretinf.o(x$fpl$dretinf)
    __aeabi_f2d                              0x08005635   Thumb Code     0  f2d.o(x$fpl$f2d)
    _f2d                                     0x08005635   Thumb Code    86  f2d.o(x$fpl$f2d)
    __fpl_fnaninf                            0x0800568b   Thumb Code   140  fnaninf.o(x$fpl$fnaninf)
    _fp_init                                 0x08005717   Thumb Code    10  fpinit.o(x$fpl$fpinit)
    __fplib_config_fpu_vfp                   0x0800571f   Thumb Code     0  fpinit.o(x$fpl$fpinit)
    __fplib_config_pureend_doubles           0x0800571f   Thumb Code     0  fpinit.o(x$fpl$fpinit)
    _printf_fp_dec                           0x08005721   Thumb Code     4  printf1.o(x$fpl$printf1)
    OLED_F8x16                               0x08005724   Data        1520  oled.o(.constdata)
    __I$use$fp                               0x08005724   Number         0  usenofp.o(x$fpl$usenofp)
    UARTPrescTable                           0x08005d14   Data          24  stm32g4xx_hal_uart.o(.constdata)
    AHBPrescTable                            0x08005d3c   Data          16  system_stm32g4xx.o(.constdata)
    APBPrescTable                            0x08005d4c   Data           8  system_stm32g4xx.o(.constdata)
    Region$$Table$$Base                      0x08005e08   Number         0  anon$$obj.o(Region$$Table)
    Region$$Table$$Limit                     0x08005e28   Number         0  anon$$obj.o(Region$$Table)
    AC_vref                                  0x20000002   Data           2  measure.o(.data)
    AC_iref                                  0x20000004   Data           2  measure.o(.data)
    AC_rms                                   0x2000000c   Data           8  measure.o(.data)
    inverter_duty                            0x2000001c   Data           4  spwm.o(.data)
    SIN_0_500                                0x20000020   Data         800  spwm.o(.data)
    SIN_0_3750                               0x20000340   Data         800  spwm.o(.data)
    i                                        0x20000662   Data           2  main.o(.data)
    Theta                                    0x20000664   Data           4  main.o(.data)
    U_amp                                    0x20000668   Data           4  main.o(.data)
    AD_Value                                 0x2000066c   Data           4  main.o(.data)
    U_fb                                     0x20000670   Data           4  main.o(.data)
    I_fb                                     0x20000674   Data           4  main.o(.data)
    uwTickPrio                               0x20000678   Data           4  stm32g4xx_hal.o(.data)
    uwTickFreq                               0x2000067c   Data           4  stm32g4xx_hal.o(.data)
    uwTick                                   0x20000680   Data           4  stm32g4xx_hal.o(.data)
    SystemCoreClock                          0x20000684   Data           4  system_stm32g4xx.o(.data)
    AC_sample_mat                            0x20000cc8   Data         800  measure.o(.bss)
    Voltage_QPR                              0x20000fe8   Data          40  main.o(.bss)
    Current_QPR                              0x20001010   Data          40  main.o(.bss)
    str                                      0x20001038   Data          50  main.o(.bss)
    hadc2                                    0x2000106c   Data         108  adc.o(.bss)
    hdma_adc2                                0x200010d8   Data          96  adc.o(.bss)
    htim1                                    0x20001138   Data          76  tim.o(.bss)
    htim4                                    0x20001184   Data          76  tim.o(.bss)
    htim8                                    0x200011d0   Data          76  tim.o(.bss)
    huart2                                   0x2000121c   Data         148  usart.o(.bss)
    __libspace_start                         0x200012b0   Data          96  libspace.o(.bss)
    __temporary_stack_top$libspace           0x20001310   Data           0  libspace.o(.bss)



==============================================================================

Memory Map of the image

  Image Entry point : 0x080001d9

  Load Region LR_IROM1 (Base: 0x08000000, Size: 0x000064cc, Max: 0x00080000, ABSOLUTE, COMPRESSED[0x000063c8])

    Execution Region ER_IROM1 (Exec base: 0x08000000, Load base: 0x08000000, Size: 0x00005e44, Max: 0x00080000, ABSOLUTE)

    Exec Addr    Load Addr    Size         Type   Attr      Idx    E Section Name        Object

    0x08000000   0x08000000   0x000001d8   Data   RO            3    RESET               startup_stm32g474xx.o
    0x080001d8   0x080001d8   0x00000008   Code   RO         4558  * !!!main             c_w.l(__main.o)
    0x080001e0   0x080001e0   0x00000034   Code   RO         4838    !!!scatter          c_w.l(__scatter.o)
    0x08000214   0x08000214   0x00000064   Code   RO         4836    !!dclz77c           c_w.l(__dclz77c.o)
    0x08000278   0x08000278   0x0000001c   Code   RO         4840    !!handler_zi        c_w.l(__scatter_zi.o)
    0x08000294   0x08000294   0x00000000   Code   RO         4553    .ARM.Collect$$_printf_percent$$00000000  c_w.l(_printf_percent.o)
    0x08000294   0x08000294   0x00000006   Code   RO         4552    .ARM.Collect$$_printf_percent$$00000003  c_w.l(_printf_f.o)
    0x0800029a   0x0800029a   0x00000004   Code   RO         4601    .ARM.Collect$$_printf_percent$$00000017  c_w.l(_printf_percent_end.o)
    0x0800029e   0x0800029e   0x00000002   Code   RO         4709    .ARM.Collect$$libinit$$00000000  c_w.l(libinit.o)
    0x080002a0   0x080002a0   0x00000004   Code   RO         4710    .ARM.Collect$$libinit$$00000001  c_w.l(libinit2.o)
    0x080002a4   0x080002a4   0x00000000   Code   RO         4713    .ARM.Collect$$libinit$$00000004  c_w.l(libinit2.o)
    0x080002a4   0x080002a4   0x00000000   Code   RO         4716    .ARM.Collect$$libinit$$0000000A  c_w.l(libinit2.o)
    0x080002a4   0x080002a4   0x00000000   Code   RO         4718    .ARM.Collect$$libinit$$0000000C  c_w.l(libinit2.o)
    0x080002a4   0x080002a4   0x00000000   Code   RO         4720    .ARM.Collect$$libinit$$0000000E  c_w.l(libinit2.o)
    0x080002a4   0x080002a4   0x00000006   Code   RO         4721    .ARM.Collect$$libinit$$0000000F  c_w.l(libinit2.o)
    0x080002aa   0x080002aa   0x00000000   Code   RO         4723    .ARM.Collect$$libinit$$00000011  c_w.l(libinit2.o)
    0x080002aa   0x080002aa   0x00000000   Code   RO         4725    .ARM.Collect$$libinit$$00000013  c_w.l(libinit2.o)
    0x080002aa   0x080002aa   0x00000000   Code   RO         4727    .ARM.Collect$$libinit$$00000015  c_w.l(libinit2.o)
    0x080002aa   0x080002aa   0x0000000a   Code   RO         4728    .ARM.Collect$$libinit$$00000016  c_w.l(libinit2.o)
    0x080002b4   0x080002b4   0x00000000   Code   RO         4729    .ARM.Collect$$libinit$$00000017  c_w.l(libinit2.o)
    0x080002b4   0x080002b4   0x00000000   Code   RO         4731    .ARM.Collect$$libinit$$00000019  c_w.l(libinit2.o)
    0x080002b4   0x080002b4   0x00000000   Code   RO         4733    .ARM.Collect$$libinit$$0000001B  c_w.l(libinit2.o)
    0x080002b4   0x080002b4   0x00000000   Code   RO         4735    .ARM.Collect$$libinit$$0000001D  c_w.l(libinit2.o)
    0x080002b4   0x080002b4   0x00000000   Code   RO         4737    .ARM.Collect$$libinit$$0000001F  c_w.l(libinit2.o)
    0x080002b4   0x080002b4   0x00000000   Code   RO         4739    .ARM.Collect$$libinit$$00000021  c_w.l(libinit2.o)
    0x080002b4   0x080002b4   0x00000000   Code   RO         4741    .ARM.Collect$$libinit$$00000023  c_w.l(libinit2.o)
    0x080002b4   0x080002b4   0x00000000   Code   RO         4743    .ARM.Collect$$libinit$$00000025  c_w.l(libinit2.o)
    0x080002b4   0x080002b4   0x00000000   Code   RO         4747    .ARM.Collect$$libinit$$0000002C  c_w.l(libinit2.o)
    0x080002b4   0x080002b4   0x00000000   Code   RO         4749    .ARM.Collect$$libinit$$0000002E  c_w.l(libinit2.o)
    0x080002b4   0x080002b4   0x00000000   Code   RO         4751    .ARM.Collect$$libinit$$00000030  c_w.l(libinit2.o)
    0x080002b4   0x080002b4   0x00000000   Code   RO         4753    .ARM.Collect$$libinit$$00000032  c_w.l(libinit2.o)
    0x080002b4   0x080002b4   0x00000002   Code   RO         4754    .ARM.Collect$$libinit$$00000033  c_w.l(libinit2.o)
    0x080002b6   0x080002b6   0x00000002   Code   RO         4801    .ARM.Collect$$libshutdown$$00000000  c_w.l(libshutdown.o)
    0x080002b8   0x080002b8   0x00000000   Code   RO         4819    .ARM.Collect$$libshutdown$$00000002  c_w.l(libshutdown2.o)
    0x080002b8   0x080002b8   0x00000000   Code   RO         4821    .ARM.Collect$$libshutdown$$00000004  c_w.l(libshutdown2.o)
    0x080002b8   0x080002b8   0x00000000   Code   RO         4824    .ARM.Collect$$libshutdown$$00000007  c_w.l(libshutdown2.o)
    0x080002b8   0x080002b8   0x00000000   Code   RO         4827    .ARM.Collect$$libshutdown$$0000000A  c_w.l(libshutdown2.o)
    0x080002b8   0x080002b8   0x00000000   Code   RO         4829    .ARM.Collect$$libshutdown$$0000000C  c_w.l(libshutdown2.o)
    0x080002b8   0x080002b8   0x00000000   Code   RO         4832    .ARM.Collect$$libshutdown$$0000000F  c_w.l(libshutdown2.o)
    0x080002b8   0x080002b8   0x00000002   Code   RO         4833    .ARM.Collect$$libshutdown$$00000010  c_w.l(libshutdown2.o)
    0x080002ba   0x080002ba   0x00000000   Code   RO         4588    .ARM.Collect$$rtentry$$00000000  c_w.l(__rtentry.o)
    0x080002ba   0x080002ba   0x00000000   Code   RO         4627    .ARM.Collect$$rtentry$$00000002  c_w.l(__rtentry2.o)
    0x080002ba   0x080002ba   0x00000006   Code   RO         4639    .ARM.Collect$$rtentry$$00000004  c_w.l(__rtentry4.o)
    0x080002c0   0x080002c0   0x00000000   Code   RO         4629    .ARM.Collect$$rtentry$$00000009  c_w.l(__rtentry2.o)
    0x080002c0   0x080002c0   0x00000004   Code   RO         4630    .ARM.Collect$$rtentry$$0000000A  c_w.l(__rtentry2.o)
    0x080002c4   0x080002c4   0x00000000   Code   RO         4632    .ARM.Collect$$rtentry$$0000000C  c_w.l(__rtentry2.o)
    0x080002c4   0x080002c4   0x00000008   Code   RO         4633    .ARM.Collect$$rtentry$$0000000D  c_w.l(__rtentry2.o)
    0x080002cc   0x080002cc   0x00000002   Code   RO         4755    .ARM.Collect$$rtexit$$00000000  c_w.l(rtexit.o)
    0x080002ce   0x080002ce   0x00000000   Code   RO         4770    .ARM.Collect$$rtexit$$00000002  c_w.l(rtexit2.o)
    0x080002ce   0x080002ce   0x00000004   Code   RO         4771    .ARM.Collect$$rtexit$$00000003  c_w.l(rtexit2.o)
    0x080002d2   0x080002d2   0x00000006   Code   RO         4772    .ARM.Collect$$rtexit$$00000004  c_w.l(rtexit2.o)
    0x080002d8   0x080002d8   0x00000040   Code   RO            4    .text               startup_stm32g474xx.o
    0x08000318   0x08000318   0x000000ee   Code   RO         4524    .text               c_w.l(lludivv7m.o)
    0x08000406   0x08000406   0x00000002   PAD
    0x08000408   0x08000408   0x00000028   Code   RO         4528    .text               c_w.l(noretval__2sprintf.o)
    0x08000430   0x08000430   0x0000010e   Code   RO         4540    .text               c_w.l(__printf_wp.o)
    0x0800053e   0x0800053e   0x0000004e   Code   RO         4554    .text               c_w.l(rt_memclr_w.o)
    0x0800058c   0x0800058c   0x00000006   Code   RO         4556    .text               c_w.l(heapauxi.o)
    0x08000592   0x08000592   0x00000016   Code   RO         4593    .text               c_w.l(_rserrno.o)
    0x080005a8   0x080005a8   0x0000041e   Code   RO         4595    .text               c_w.l(_printf_fp_dec.o)
    0x080009c6   0x080009c6   0x00000002   PAD
    0x080009c8   0x080009c8   0x00000030   Code   RO         4597    .text               c_w.l(_printf_char_common.o)
    0x080009f8   0x080009f8   0x0000000a   Code   RO         4599    .text               c_w.l(_sputc.o)
    0x08000a02   0x08000a02   0x00000002   PAD
    0x08000a04   0x08000a04   0x00000008   Code   RO         4646    .text               c_w.l(rt_locale_intlibspace.o)
    0x08000a0c   0x08000a0c   0x00000008   Code   RO         4651    .text               c_w.l(rt_errno_addr_intlibspace.o)
    0x08000a14   0x08000a14   0x0000008a   Code   RO         4653    .text               c_w.l(lludiv10.o)
    0x08000a9e   0x08000a9e   0x00000002   PAD
    0x08000aa0   0x08000aa0   0x00000080   Code   RO         4655    .text               c_w.l(_printf_fp_infnan.o)
    0x08000b20   0x08000b20   0x000000e4   Code   RO         4659    .text               c_w.l(bigflt0.o)
    0x08000c04   0x08000c04   0x00000008   Code   RO         4691    .text               c_w.l(libspace.o)
    0x08000c0c   0x08000c0c   0x0000004a   Code   RO         4694    .text               c_w.l(sys_stackheap_outer.o)
    0x08000c56   0x08000c56   0x00000012   Code   RO         4696    .text               c_w.l(exit.o)
    0x08000c68   0x08000c68   0x00000080   Code   RO         4702    .text               c_w.l(strcmpv7m.o)
    0x08000ce8   0x08000ce8   0x0000000c   Code   RO         4767    .text               c_w.l(sys_exit.o)
    0x08000cf4   0x08000cf4   0x00000002   Code   RO         4788    .text               c_w.l(use_no_semi.o)
    0x08000cf6   0x08000cf6   0x00000000   Code   RO         4790    .text               c_w.l(indicate_semi.o)
    0x08000cf6   0x08000cf6   0x00000002   PAD
    0x08000cf8   0x08000cf8   0x000000bc   Code   RO         4513    .text.arm_rms_f32   arm_cortexM4lf_math.lib(arm_rms_f32.o)
    0x08000db4   0x08000db4   0x0000003e   Code   RO         4662    CL$$btod_d2e        c_w.l(btod.o)
    0x08000df2   0x08000df2   0x00000046   Code   RO         4664    CL$$btod_d2e_denorm_low  c_w.l(btod.o)
    0x08000e38   0x08000e38   0x00000060   Code   RO         4663    CL$$btod_d2e_norm_op1  c_w.l(btod.o)
    0x08000e98   0x08000e98   0x00000338   Code   RO         4672    CL$$btod_div_common  c_w.l(btod.o)
    0x080011d0   0x080011d0   0x000000dc   Code   RO         4669    CL$$btod_e2e        c_w.l(btod.o)
    0x080012ac   0x080012ac   0x0000002a   Code   RO         4666    CL$$btod_ediv       c_w.l(btod.o)
    0x080012d6   0x080012d6   0x0000002a   Code   RO         4665    CL$$btod_emul       c_w.l(btod.o)
    0x08001300   0x08001300   0x00000244   Code   RO         4671    CL$$btod_mult_common  c_w.l(btod.o)
    0x08001544   0x08001544   0x00000068   Code   RO          827    i.ADC_DMAConvCplt   stm32g4xx_hal_adc.o
    0x080015ac   0x080015ac   0x0000001a   Code   RO          828    i.ADC_DMAError      stm32g4xx_hal_adc.o
    0x080015c6   0x080015c6   0x0000000a   Code   RO          829    i.ADC_DMAHalfConvCplt  stm32g4xx_hal_adc.o
    0x080015d0   0x080015d0   0x00000038   Code   RO           69    i.ADC_Data_Update   measure.o
    0x08001608   0x08001608   0x00000070   Code   RO          830    i.ADC_Disable       stm32g4xx_hal_adc.o
    0x08001678   0x08001678   0x000000c4   Code   RO          831    i.ADC_Enable        stm32g4xx_hal_adc.o
    0x0800173c   0x0800173c   0x00000002   Code   RO          720    i.BusFault_Handler  stm32g4xx_it.o
    0x0800173e   0x0800173e   0x00000002   PAD
    0x08001740   0x08001740   0x00000024   Code   RO           70    i.Current_Get_Average  measure.o
    0x08001764   0x08001764   0x00000048   Code   RO         2140    i.DMA_CalcDMAMUXChannelBaseAndMask  stm32g4xx_hal_dma.o
    0x080017ac   0x080017ac   0x00000028   Code   RO         2141    i.DMA_CalcDMAMUXRequestGenBaseAndMask  stm32g4xx_hal_dma.o
    0x080017d4   0x080017d4   0x0000003e   Code   RO         2142    i.DMA_SetConfig     stm32g4xx_hal_dma.o
    0x08001812   0x08001812   0x00000002   Code   RO          721    i.DebugMon_Handler  stm32g4xx_it.o
    0x08001814   0x08001814   0x00000004   Code   RO          436    i.Error_Handler     main.o
    0x08001818   0x08001818   0x00000048   Code   RO          437    i.Generate_U_Ref    main.o
    0x08001860   0x08001860   0x00000094   Code   RO         1064    i.HAL_ADCEx_Calibration_Start  stm32g4xx_hal_adc_ex.o
    0x080018f4   0x080018f4   0x00000468   Code   RO          833    i.HAL_ADC_ConfigChannel  stm32g4xx_hal_adc.o
    0x08001d5c   0x08001d5c   0x00000002   Code   RO          834    i.HAL_ADC_ConvCpltCallback  stm32g4xx_hal_adc.o
    0x08001d5e   0x08001d5e   0x00000002   Code   RO          835    i.HAL_ADC_ConvHalfCpltCallback  stm32g4xx_hal_adc.o
    0x08001d60   0x08001d60   0x00000002   Code   RO          837    i.HAL_ADC_ErrorCallback  stm32g4xx_hal_adc.o
    0x08001d62   0x08001d62   0x00000002   PAD
    0x08001d64   0x08001d64   0x00000230   Code   RO          842    i.HAL_ADC_Init      stm32g4xx_hal_adc.o
    0x08001f94   0x08001f94   0x000000ac   Code   RO          546    i.HAL_ADC_MspInit   adc.o
    0x08002040   0x08002040   0x0000012c   Code   RO          850    i.HAL_ADC_Start_DMA  stm32g4xx_hal_adc.o
    0x0800216c   0x0800216c   0x000000c4   Code   RO         2149    i.HAL_DMA_Init      stm32g4xx_hal_dma.o
    0x08002230   0x08002230   0x0000008c   Code   RO         2153    i.HAL_DMA_Start_IT  stm32g4xx_hal_dma.o
    0x080022bc   0x080022bc   0x00000024   Code   RO         1280    i.HAL_Delay         stm32g4xx_hal.o
    0x080022e0   0x080022e0   0x00000234   Code   RO         2005    i.HAL_GPIO_Init     stm32g4xx_hal_gpio.o
    0x08002514   0x08002514   0x0000000a   Code   RO         2009    i.HAL_GPIO_WritePin  stm32g4xx_hal_gpio.o
    0x0800251e   0x0800251e   0x00000002   PAD
    0x08002520   0x08002520   0x0000000c   Code   RO         1284    i.HAL_GetTick       stm32g4xx_hal.o
    0x0800252c   0x0800252c   0x00000010   Code   RO         1290    i.HAL_IncTick       stm32g4xx_hal.o
    0x0800253c   0x0800253c   0x0000001e   Code   RO         1291    i.HAL_Init          stm32g4xx_hal.o
    0x0800255a   0x0800255a   0x00000002   PAD
    0x0800255c   0x0800255c   0x00000044   Code   RO         1292    i.HAL_InitTick      stm32g4xx_hal.o
    0x080025a0   0x080025a0   0x00000030   Code   RO          802    i.HAL_MspInit       stm32g4xx_hal_msp.o
    0x080025d0   0x080025d0   0x0000001a   Code   RO         2654    i.HAL_NVIC_EnableIRQ  stm32g4xx_hal_cortex.o
    0x080025ea   0x080025ea   0x00000002   PAD
    0x080025ec   0x080025ec   0x00000040   Code   RO         2660    i.HAL_NVIC_SetPriority  stm32g4xx_hal_cortex.o
    0x0800262c   0x0800262c   0x00000024   Code   RO         2661    i.HAL_NVIC_SetPriorityGrouping  stm32g4xx_hal_cortex.o
    0x08002650   0x08002650   0x000000bc   Code   RO         2408    i.HAL_PWREx_ControlVoltageScaling  stm32g4xx_hal_pwr_ex.o
    0x0800270c   0x0800270c   0x00000010   Code   RO         2420    i.HAL_PWREx_DisableUCPDDeadBattery  stm32g4xx_hal_pwr_ex.o
    0x0800271c   0x0800271c   0x00000300   Code   RO         1651    i.HAL_RCCEx_PeriphCLKConfig  stm32g4xx_hal_rcc_ex.o
    0x08002a1c   0x08002a1c   0x000001dc   Code   RO         1526    i.HAL_RCC_ClockConfig  stm32g4xx_hal_rcc.o
    0x08002bf8   0x08002bf8   0x00000024   Code   RO         1534    i.HAL_RCC_GetPCLK1Freq  stm32g4xx_hal_rcc.o
    0x08002c1c   0x08002c1c   0x00000024   Code   RO         1535    i.HAL_RCC_GetPCLK2Freq  stm32g4xx_hal_rcc.o
    0x08002c40   0x08002c40   0x0000006c   Code   RO         1536    i.HAL_RCC_GetSysClockFreq  stm32g4xx_hal_rcc.o
    0x08002cac   0x08002cac   0x00000404   Code   RO         1539    i.HAL_RCC_OscConfig  stm32g4xx_hal_rcc.o
    0x080030b0   0x080030b0   0x00000028   Code   RO         2665    i.HAL_SYSTICK_Config  stm32g4xx_hal_cortex.o
    0x080030d8   0x080030d8   0x00000002   Code   RO         3510    i.HAL_TIMEx_Break2Callback  stm32g4xx_hal_tim_ex.o
    0x080030da   0x080030da   0x00000002   Code   RO         3511    i.HAL_TIMEx_BreakCallback  stm32g4xx_hal_tim_ex.o
    0x080030dc   0x080030dc   0x00000002   Code   RO         3512    i.HAL_TIMEx_CommutCallback  stm32g4xx_hal_tim_ex.o
    0x080030de   0x080030de   0x00000002   PAD
    0x080030e0   0x080030e0   0x000000a8   Code   RO         3515    i.HAL_TIMEx_ConfigBreakDeadTime  stm32g4xx_hal_tim_ex.o
    0x08003188   0x08003188   0x00000002   Code   RO         3523    i.HAL_TIMEx_DirectionChangeCallback  stm32g4xx_hal_tim_ex.o
    0x0800318a   0x0800318a   0x00000002   Code   RO         3537    i.HAL_TIMEx_EncoderIndexCallback  stm32g4xx_hal_tim_ex.o
    0x0800318c   0x0800318c   0x00000002   Code   RO         3551    i.HAL_TIMEx_IndexErrorCallback  stm32g4xx_hal_tim_ex.o
    0x0800318e   0x0800318e   0x00000002   PAD
    0x08003190   0x08003190   0x000000b8   Code   RO         3552    i.HAL_TIMEx_MasterConfigSynchronization  stm32g4xx_hal_tim_ex.o
    0x08003248   0x08003248   0x00000002   Code   RO         3573    i.HAL_TIMEx_TransitionErrorCallback  stm32g4xx_hal_tim_ex.o
    0x0800324a   0x0800324a   0x00000062   Code   RO         2796    i.HAL_TIM_Base_Init  stm32g4xx_hal_tim.o
    0x080032ac   0x080032ac   0x00000070   Code   RO          613    i.HAL_TIM_Base_MspInit  tim.o
    0x0800331c   0x0800331c   0x0000008c   Code   RO         2801    i.HAL_TIM_Base_Start_IT  stm32g4xx_hal_tim.o
    0x080033a8   0x080033a8   0x000000f0   Code   RO         2805    i.HAL_TIM_ConfigClockSource  stm32g4xx_hal_tim.o
    0x08003498   0x08003498   0x00000002   Code   RO         2830    i.HAL_TIM_IC_CaptureCallback  stm32g4xx_hal_tim.o
    0x0800349a   0x0800349a   0x000001a2   Code   RO         2844    i.HAL_TIM_IRQHandler  stm32g4xx_hal_tim.o
    0x0800363c   0x0800363c   0x00000080   Code   RO          614    i.HAL_TIM_MspPostInit  tim.o
    0x080036bc   0x080036bc   0x00000002   Code   RO         2847    i.HAL_TIM_OC_DelayElapsedCallback  stm32g4xx_hal_tim.o
    0x080036be   0x080036be   0x00000124   Code   RO         2868    i.HAL_TIM_PWM_ConfigChannel  stm32g4xx_hal_tim.o
    0x080037e2   0x080037e2   0x00000062   Code   RO         2871    i.HAL_TIM_PWM_Init  stm32g4xx_hal_tim.o
    0x08003844   0x08003844   0x00000002   Code   RO         2873    i.HAL_TIM_PWM_MspInit  stm32g4xx_hal_tim.o
    0x08003846   0x08003846   0x00000002   Code   RO         2874    i.HAL_TIM_PWM_PulseFinishedCallback  stm32g4xx_hal_tim.o
    0x08003848   0x08003848   0x00000114   Code   RO         2876    i.HAL_TIM_PWM_Start  stm32g4xx_hal_tim.o
    0x0800395c   0x0800395c   0x000000ec   Code   RO          438    i.HAL_TIM_PeriodElapsedCallback  main.o
    0x08003a48   0x08003a48   0x00000002   Code   RO         2887    i.HAL_TIM_TriggerCallback  stm32g4xx_hal_tim.o
    0x08003a4a   0x08003a4a   0x0000003e   Code   RO         4359    i.HAL_UARTEx_DisableFifoMode  stm32g4xx_hal_uart_ex.o
    0x08003a88   0x08003a88   0x0000004c   Code   RO         4368    i.HAL_UARTEx_SetRxFifoThreshold  stm32g4xx_hal_uart_ex.o
    0x08003ad4   0x08003ad4   0x0000004c   Code   RO         4369    i.HAL_UARTEx_SetTxFifoThreshold  stm32g4xx_hal_uart_ex.o
    0x08003b20   0x08003b20   0x0000006a   Code   RO         3968    i.HAL_UART_Init     stm32g4xx_hal_uart.o
    0x08003b8a   0x08003b8a   0x00000002   PAD
    0x08003b8c   0x08003b8c   0x00000078   Code   RO          673    i.HAL_UART_MspInit  usart.o
    0x08003c04   0x08003c04   0x00000002   Code   RO          722    i.HardFault_Handler  stm32g4xx_it.o
    0x08003c06   0x08003c06   0x0000000c   Code   RO          856    i.LL_ADC_GetOffsetChannel  stm32g4xx_hal_adc.o
    0x08003c12   0x08003c12   0x00000008   Code   RO          857    i.LL_ADC_INJ_IsConversionOngoing  stm32g4xx_hal_adc.o
    0x08003c1a   0x08003c1a   0x00000008   Code   RO          858    i.LL_ADC_REG_IsConversionOngoing  stm32g4xx_hal_adc.o
    0x08003c22   0x08003c22   0x00000010   Code   RO          859    i.LL_ADC_REG_IsTriggerSourceSWStart  stm32g4xx_hal_adc.o
    0x08003c32   0x08003c32   0x0000001e   Code   RO          861    i.LL_ADC_SetChannelSamplingTime  stm32g4xx_hal_adc.o
    0x08003c50   0x08003c50   0x00000010   Code   RO          862    i.LL_ADC_SetOffsetState  stm32g4xx_hal_adc.o
    0x08003c60   0x08003c60   0x000000a0   Code   RO          547    i.MX_ADC2_Init      adc.o
    0x08003d00   0x08003d00   0x0000002c   Code   RO          588    i.MX_DMA_Init       dma.o
    0x08003d2c   0x08003d2c   0x00000094   Code   RO          521    i.MX_GPIO_Init      gpio.o
    0x08003dc0   0x08003dc0   0x000000f0   Code   RO          615    i.MX_TIM1_Init      tim.o
    0x08003eb0   0x08003eb0   0x00000068   Code   RO          616    i.MX_TIM4_Init      tim.o
    0x08003f18   0x08003f18   0x000000f0   Code   RO          617    i.MX_TIM8_Init      tim.o
    0x08004008   0x08004008   0x00000068   Code   RO          674    i.MX_USART2_UART_Init  usart.o
    0x08004070   0x08004070   0x00000002   Code   RO          723    i.MemManage_Handler  stm32g4xx_it.o
    0x08004072   0x08004072   0x00000002   Code   RO          724    i.NMI_Handler       stm32g4xx_it.o
    0x08004074   0x08004074   0x00000026   Code   RO          255    i.OLED_Clear        oled.o
    0x0800409a   0x0800409a   0x00000016   Code   RO          256    i.OLED_I2C_Init     oled.o
    0x080040b0   0x080040b0   0x00000036   Code   RO          257    i.OLED_I2C_SendByte  oled.o
    0x080040e6   0x080040e6   0x0000001e   Code   RO          258    i.OLED_I2C_Start    oled.o
    0x08004104   0x08004104   0x00000018   Code   RO          259    i.OLED_I2C_Stop     oled.o
    0x0800411c   0x0800411c   0x000000ac   Code   RO          260    i.OLED_Init         oled.o
    0x080041c8   0x080041c8   0x0000000e   Code   RO          261    i.OLED_Pow          oled.o
    0x080041d6   0x080041d6   0x00000022   Code   RO          262    i.OLED_SetCursor    oled.o
    0x080041f8   0x080041f8   0x00000068   Code   RO          264    i.OLED_ShowChar     oled.o
    0x08004260   0x08004260   0x00000042   Code   RO          266    i.OLED_ShowNum      oled.o
    0x080042a2   0x080042a2   0x00000026   Code   RO          268    i.OLED_ShowString   oled.o
    0x080042c8   0x080042c8   0x00000018   Code   RO          269    i.OLED_W_SCL        oled.o
    0x080042e0   0x080042e0   0x0000001c   Code   RO          270    i.OLED_W_SDA        oled.o
    0x080042fc   0x080042fc   0x00000022   Code   RO          271    i.OLED_WriteCommand  oled.o
    0x0800431e   0x0800431e   0x00000022   Code   RO          272    i.OLED_WriteData    oled.o
    0x08004340   0x08004340   0x00000002   Code   RO          725    i.PendSV_Handler    stm32g4xx_it.o
    0x08004342   0x08004342   0x00000002   PAD
    0x08004344   0x08004344   0x000000a8   Code   RO           41    i.QPR_Calc          hqpr.o
    0x080043ec   0x080043ec   0x00000002   Code   RO          726    i.SVC_Handler       stm32g4xx_it.o
    0x080043ee   0x080043ee   0x00000004   Code   RO          727    i.SysTick_Handler   stm32g4xx_it.o
    0x080043f2   0x080043f2   0x0000006a   Code   RO          440    i.SystemClock_Config  main.o
    0x0800445c   0x0800445c   0x00000010   Code   RO         4478    i.SystemInit        system_stm32g4xx.o
    0x0800446c   0x0800446c   0x0000000c   Code   RO          728    i.TIM4_IRQHandler   stm32g4xx_it.o
    0x08004478   0x08004478   0x000000dc   Code   RO         2889    i.TIM_Base_SetConfig  stm32g4xx_hal_tim.o
    0x08004554   0x08004554   0x0000001a   Code   RO         2890    i.TIM_CCxChannelCmd  stm32g4xx_hal_tim.o
    0x0800456e   0x0800456e   0x00000014   Code   RO         2900    i.TIM_ETR_SetConfig  stm32g4xx_hal_tim.o
    0x08004582   0x08004582   0x00000002   PAD
    0x08004584   0x08004584   0x00000014   Code   RO         2901    i.TIM_ITRx_SetConfig  stm32g4xx_hal_tim.o
    0x08004598   0x08004598   0x000000b4   Code   RO         2902    i.TIM_OC1_SetConfig  stm32g4xx_hal_tim.o
    0x0800464c   0x0800464c   0x000000a8   Code   RO         2903    i.TIM_OC2_SetConfig  stm32g4xx_hal_tim.o
    0x080046f4   0x080046f4   0x000000a8   Code   RO         2904    i.TIM_OC3_SetConfig  stm32g4xx_hal_tim.o
    0x0800479c   0x0800479c   0x000000a8   Code   RO         2905    i.TIM_OC4_SetConfig  stm32g4xx_hal_tim.o
    0x08004844   0x08004844   0x00000078   Code   RO         2906    i.TIM_OC5_SetConfig  stm32g4xx_hal_tim.o
    0x080048bc   0x080048bc   0x0000007c   Code   RO         2907    i.TIM_OC6_SetConfig  stm32g4xx_hal_tim.o
    0x08004938   0x08004938   0x00000068   Code   RO         2909    i.TIM_TI1_ConfigInputStage  stm32g4xx_hal_tim.o
    0x080049a0   0x080049a0   0x0000004c   Code   RO         2911    i.TIM_TI2_ConfigInputStage  stm32g4xx_hal_tim.o
    0x080049ec   0x080049ec   0x00000044   Code   RO         4373    i.UARTEx_SetNbDataToProcess  stm32g4xx_hal_uart_ex.o
    0x08004a30   0x08004a30   0x000000c8   Code   RO         3982    i.UART_AdvFeatureConfig  stm32g4xx_hal_uart.o
    0x08004af8   0x08004af8   0x000000ac   Code   RO         3983    i.UART_CheckIdleState  stm32g4xx_hal_uart.o
    0x08004ba4   0x08004ba4   0x00000054   Code   RO         3994    i.UART_EndRxTransfer  stm32g4xx_hal_uart.o
    0x08004bf8   0x08004bf8   0x00000298   Code   RO         4000    i.UART_SetConfig    stm32g4xx_hal_uart.o
    0x08004e90   0x08004e90   0x00000094   Code   RO         4007    i.UART_WaitOnFlagUntilTimeout  stm32g4xx_hal_uart.o
    0x08004f24   0x08004f24   0x00000002   Code   RO          729    i.UsageFault_Handler  stm32g4xx_it.o
    0x08004f26   0x08004f26   0x00000002   PAD
    0x08004f28   0x08004f28   0x00000024   Code   RO           71    i.Voltage_Get_Average  measure.o
    0x08004f4c   0x08004f4c   0x00000030   Code   RO         4689    i.__ARM_fpclassify  m_wm.l(fpclassify.o)
    0x08004f7c   0x08004f7c   0x00000026   Code   RO         4607    i.__ARM_fpclassifyf  m_wm.l(fpclassifyf.o)
    0x08004fa2   0x08004fa2   0x00000020   Code   RO         2667    i.__NVIC_SetPriority  stm32g4xx_hal_cortex.o
    0x08004fc2   0x08004fc2   0x00000002   PAD
    0x08004fc4   0x08004fc4   0x00000190   Code   RO         4564    i.__hardfp_sinf     m_wm.l(sinf.o)
    0x08005154   0x08005154   0x0000003a   Code   RO         4576    i.__hardfp_sqrtf    m_wm.l(sqrtf.o)
    0x0800518e   0x0800518e   0x00000006   Code   RO         4610    i.__mathlib_flt_infnan  m_wm.l(funder.o)
    0x08005194   0x08005194   0x00000010   Code   RO         4612    i.__mathlib_flt_invalid  m_wm.l(funder.o)
    0x080051a4   0x080051a4   0x00000010   Code   RO         4615    i.__mathlib_flt_underflow  m_wm.l(funder.o)
    0x080051b4   0x080051b4   0x00000154   Code   RO         4623    i.__mathlib_rredf2  m_wm.l(rredf.o)
    0x08005308   0x08005308   0x0000000e   Code   RO         4542    i._is_digit         c_w.l(__printf_wp.o)
    0x08005316   0x08005316   0x00000002   PAD
    0x08005318   0x08005318   0x0000005c   Code   RO           72    i.calculate_rms     measure.o
    0x08005374   0x08005374   0x00000038   Code   RO           73    i.get_current_sample  measure.o
    0x080053ac   0x080053ac   0x00000038   Code   RO           74    i.get_voltage_sample  measure.o
    0x080053e4   0x080053e4   0x00000060   Code   RO          387    i.inverter_spwm_T1_1  spwm.o
    0x08005444   0x08005444   0x00000060   Code   RO          388    i.inverter_spwm_T1_3  spwm.o
    0x080054a4   0x080054a4   0x00000138   Code   RO          441    i.main              main.o
    0x080055dc   0x080055dc   0x00000020   Code   RO           75    i.measure_rms       measure.o
    0x080055fc   0x080055fc   0x0000002c   Code   RO         4685    locale$$code        c_w.l(lc_numeric_c.o)
    0x08005628   0x08005628   0x0000000c   Code   RO         4602    x$fpl$dretinf       fz_wm.l(dretinf.o)
    0x08005634   0x08005634   0x00000056   Code   RO         4560    x$fpl$f2d           fz_wm.l(f2d.o)
    0x0800568a   0x0800568a   0x0000008c   Code   RO         4604    x$fpl$fnaninf       fz_wm.l(fnaninf.o)
    0x08005716   0x08005716   0x0000000a   Code   RO         4765    x$fpl$fpinit        fz_wm.l(fpinit.o)
    0x08005720   0x08005720   0x00000004   Code   RO         4562    x$fpl$printf1       fz_wm.l(printf1.o)
    0x08005724   0x08005724   0x00000000   Code   RO         4606    x$fpl$usenofp       fz_wm.l(usenofp.o)
    0x08005724   0x08005724   0x000005f0   Data   RO          274    .constdata          oled.o
    0x08005d14   0x08005d14   0x00000018   Data   RO         4008    .constdata          stm32g4xx_hal_uart.o
    0x08005d2c   0x08005d2c   0x00000010   Data   RO         4374    .constdata          stm32g4xx_hal_uart_ex.o
    0x08005d3c   0x08005d3c   0x00000010   Data   RO         4479    .constdata          system_stm32g4xx.o
    0x08005d4c   0x08005d4c   0x00000008   Data   RO         4480    .constdata          system_stm32g4xx.o
    0x08005d54   0x08005d54   0x00000020   Data   RO         4624    .constdata          m_wm.l(rredf.o)
    0x08005d74   0x08005d74   0x00000094   Data   RO         4660    .constdata          c_w.l(bigflt0.o)
    0x08005e08   0x08005e08   0x00000020   Data   RO         4834    Region$$Table       anon$$obj.o
    0x08005e28   0x08005e28   0x0000001c   Data   RO         4684    locale$$data        c_w.l(lc_numeric_c.o)


    Execution Region RW_IRAM1 (Exec base: 0x20000000, Load base: 0x08005e44, Size: 0x00001910, Max: 0x00020000, ABSOLUTE, COMPRESSED[0x00000584])

    Exec Addr    Load Addr    Size         Type   Attr      Idx    E Section Name        Object

    0x20000000   COMPRESSED   0x00000014   Data   RW           77    .data               measure.o
    0x20000014   COMPRESSED   0x0000064c   Data   RW          391    .data               spwm.o
    0x20000660   COMPRESSED   0x00000018   Data   RW          445    .data               main.o
    0x20000678   COMPRESSED   0x0000000c   Data   RW         1311    .data               stm32g4xx_hal.o
    0x20000684   COMPRESSED   0x00000004   Data   RW         4481    .data               system_stm32g4xx.o
    0x20000688        -       0x00000960   Zero   RW           76    .bss                measure.o
    0x20000fe8        -       0x00000082   Zero   RW          442    .bss                main.o
    0x2000106a   COMPRESSED   0x00000002   PAD
    0x2000106c        -       0x000000cc   Zero   RW          548    .bss                adc.o
    0x20001138        -       0x000000e4   Zero   RW          618    .bss                tim.o
    0x2000121c        -       0x00000094   Zero   RW          676    .bss                usart.o
    0x200012b0        -       0x00000060   Zero   RW         4692    .bss                c_w.l(libspace.o)
    0x20001310        -       0x00000200   Zero   RW            2    HEAP                startup_stm32g474xx.o
    0x20001510        -       0x00000400   Zero   RW            1    STACK               startup_stm32g474xx.o


==============================================================================

Image component sizes


      Code (inc. data)   RO Data    RW Data    ZI Data      Debug   Object Name

       332         32          0          0        204       2015   adc.o
        44          6          0          0          0        850   dma.o
       148          8          0          0          0       1035   gpio.o
         0          0          0          0          0       4500   hhpid.o
       168          6          0          0          0       1539   hqpr.o
       730        114          0         24        130       4637   main.o
       364         62          0         20       2400     934945   measure.o
       716         16       1520          0          0       9885   oled.o
       192         32          0       1612          0       2541   spwm.o
        64         26        472          0       1536        868   startup_stm32g474xx.o
       162         24          0         12          0       4529   stm32g4xx_hal.o
      2532        186          0          0          0      82763   stm32g4xx_hal_adc.o
       148         10          0          0          0      68214   stm32g4xx_hal_adc_ex.o
       198         14          0          0          0      34015   stm32g4xx_hal_cortex.o
       510         30          0          0          0       4378   stm32g4xx_hal_dma.o
       574         32          0          0          0       2396   stm32g4xx_hal_gpio.o
        48          6          0          0          0        926   stm32g4xx_hal_msp.o
       204         18          0          0          0       1465   stm32g4xx_hal_pwr_ex.o
      1684         88          0          0          0       6476   stm32g4xx_hal_rcc.o
       768         10          0          0          0       2040   stm32g4xx_hal_rcc_ex.o
      2966        334          0          0          0      19622   stm32g4xx_hal_tim.o
       366         48          0          0          0       6620   stm32g4xx_hal_tim_ex.o
      1374         76         24          0          0      25358   stm32g4xx_hal_uart.o
       282          6         16          0          0       3821   stm32g4xx_hal_uart_ex.o
        32          6          0          0          0       4936   stm32g4xx_it.o
        16          4         24          4          0       1219   system_stm32g4xx.o
       824         58          0          0        228       4358   tim.o
       224         20          0          0        148       1910   usart.o

    ----------------------------------------------------------------------
     15694       1272       2088       1672       4648    1237861   Object Totals
         0          0         32          0          0          0   (incl. Generated)
        24          0          0          0          2          0   (incl. Padding)

    ----------------------------------------------------------------------

      Code (inc. data)   RO Data    RW Data    ZI Data      Debug   Library Member Name

       188          4          0          0          0       1649   arm_rms_f32.o
       100          0          0          0          0          0   __dclz77c.o
         8          0          0          0          0         68   __main.o
       284          0          0          0          0        156   __printf_wp.o
         0          0          0          0          0          0   __rtentry.o
        12          0          0          0          0          0   __rtentry2.o
         6          0          0          0          0          0   __rtentry4.o
        52          8          0          0          0          0   __scatter.o
        28          0          0          0          0          0   __scatter_zi.o
        48          6          0          0          0         96   _printf_char_common.o
         6          0          0          0          0          0   _printf_f.o
      1054          0          0          0          0        216   _printf_fp_dec.o
       128         16          0          0          0         84   _printf_fp_infnan.o
         0          0          0          0          0          0   _printf_percent.o
         4          0          0          0          0          0   _printf_percent_end.o
        22          0          0          0          0        100   _rserrno.o
        10          0          0          0          0         68   _sputc.o
       228          4        148          0          0         96   bigflt0.o
      1936        128          0          0          0        672   btod.o
        18          0          0          0          0         80   exit.o
         6          0          0          0          0        152   heapauxi.o
         0          0          0          0          0          0   indicate_semi.o
        44         10         28          0          0         76   lc_numeric_c.o
         2          0          0          0          0          0   libinit.o
        22          0          0          0          0          0   libinit2.o
         2          0          0          0          0          0   libshutdown.o
         2          0          0          0          0          0   libshutdown2.o
         8          4          0          0         96         68   libspace.o
       138          0          0          0          0         80   lludiv10.o
       238          0          0          0          0        100   lludivv7m.o
        40          6          0          0          0         84   noretval__2sprintf.o
         8          4          0          0          0         68   rt_errno_addr_intlibspace.o
         8          4          0          0          0         68   rt_locale_intlibspace.o
        78          0          0          0          0         80   rt_memclr_w.o
         2          0          0          0          0          0   rtexit.o
        10          0          0          0          0          0   rtexit2.o
       128          0          0          0          0         68   strcmpv7m.o
        12          4          0          0          0         68   sys_exit.o
        74          0          0          0          0         80   sys_stackheap_outer.o
         2          0          0          0          0         68   use_no_semi.o
        12          0          0          0          0        116   dretinf.o
        86          4          0          0          0        132   f2d.o
       140          4          0          0          0        132   fnaninf.o
        10          0          0          0          0        116   fpinit.o
         4          0          0          0          0        116   printf1.o
         0          0          0          0          0          0   usenofp.o
        48          0          0          0          0        124   fpclassify.o
        38          0          0          0          0        116   fpclassifyf.o
        38         12          0          0          0        348   funder.o
       340         24         32          0          0        160   rredf.o
       400         56          0          0          0        212   sinf.o
        58          0          0          0          0        136   sqrtf.o

    ----------------------------------------------------------------------
      6142        298        208          0         96       6053   Library Totals
        12          0          0          0          0          0   (incl. Padding)

    ----------------------------------------------------------------------

      Code (inc. data)   RO Data    RW Data    ZI Data      Debug   Library Name

       188          4          0          0          0       1649   arm_cortexM4lf_math.lib
      4768        194        176          0         96       2696   c_w.l
       252          8          0          0          0        612   fz_wm.l
       922         92         32          0          0       1096   m_wm.l

    ----------------------------------------------------------------------
      6142        298        208          0         96       6053   Library Totals

    ----------------------------------------------------------------------

==============================================================================


      Code (inc. data)   RO Data    RW Data    ZI Data      Debug   

     21836       1570       2296       1672       4744    1228358   Grand Totals
     21836       1570       2296       1412       4744    1228358   ELF Image Totals (compressed)
     21836       1570       2296       1412          0          0   ROM Totals

==============================================================================

    Total RO  Size (Code + RO Data)                24132 (  23.57kB)
    Total RW  Size (RW Data + ZI Data)              6416 (   6.27kB)
    Total ROM Size (Code + RO Data + RW Data)      25544 (  24.95kB)

==============================================================================

