*** Using Compiler 'V5.06 update 5 (build 528)', folder: 'D:\Keil5\ARM\ARMCC\Bin'
Rebuild target '02OpenLoop'
assembling startup_stm32g474xx.s...
compiling CBSVPWM.c...
compiling pr.c...
compiling stm32g4xx_ll_adc.c...
compiling inv_open_loop.c...
compiling dma.c...
compiling stm32g4xx_hal_msp.c...
compiling stm32g4xx_hal_rcc_ex.c...
compiling OLED.c...
compiling stm32g4xx_hal_flash.c...
compiling inv_voltage_pr.c...
compiling stm32g4xx_hal_flash_ex.c...
compiling gpio.c...
compiling inv_hrtim.c...
compiling stm32g4xx_hal_flash_ramfunc.c...
compiling stm32g4xx_hal_dma_ex.c...
compiling iwdg.c...
compiling stm32g4xx_hal_rcc.c...
compiling stm32g4xx_it.c...
compiling stm32g4xx_hal_exti.c...
compiling stm32g4xx_hal_gpio.c...
compiling adc.c...
compiling stm32g4xx_hal_cortex.c...
compiling stm32g4xx_hal_adc_ex.c...
compiling usart.c...
compiling inv_measure.c...
compiling stm32g4xx_hal_pwr_ex.c...
compiling stm32g4xx_hal.c...
compiling vofa.c...
compiling stm32g4xx_hal_dma.c...
compiling hrtim.c...
compiling stm32g4xx_hal_pwr.c...
compiling main.c...
compiling stm32g4xx_hal_adc.c...
compiling stm32g4xx_hal_hrtim.c...
compiling stm32g4xx_hal_iwdg.c...
compiling stm32g4xx_hal_uart_ex.c...
compiling system_stm32g4xx.c...
compiling stm32g4xx_hal_uart.c...
linking...
Program Size: Code=30600 RO-data=2556 RW-data=152 ZI-data=3712  
FromELF: creating hex file...
"02OpenLoop\02OpenLoop.axf" - 0 Error(s), 0 Warning(s).
Build Time Elapsed:  00:00:14
