<html>
<body>
<pre>
<h1>礦ision Build Log</h1>
<h2>Tool Versions:</h2>
IDE-Version: μVision V5.24.2.0
Copyright (C) 2017 ARM Ltd and ARM Germany GmbH. All rights reserved.
License Information: A A, A, LIC=32B1Q-N8RV1-Y8NFK-Z8MRY-MI3FA-KZ5D2
 
Tool Versions:
Toolchain:       MDK-ARM Plus  Version: 5.24.1
Toolchain Path:  D:\Keil5\ARM\ARMCC\Bin
C Compiler:      Armcc.exe V5.06 update 5 (build 528)
Assembler:       Armasm.exe V5.06 update 5 (build 528)
Linker/Locator:  ArmLink.exe V5.06 update 5 (build 528)
Library Manager: ArmAr.exe V5.06 update 5 (build 528)
Hex Converter:   FromElf.exe V5.06 update 5 (build 528)
CPU DLL:         SARMCM3.DLL V5.24.1
Dialog DLL:      DCM.DLL V1.16.0.0
Target DLL:      STLink\ST-LINKIII-KEIL_SWO.dll V3.0.1.0
Dialog DLL:      TCM.DLL V1.32.0.0
 
<h2>Project:</h2>
C:\Users\张辉宇\Desktop\Our Preparation\李源德组\电赛\单相PWM整流器+三相逆变\01仅INV\03仅INV初步验证开环\MDK-ARM\03OpenLoop.uvprojx
Project File Date:  07/29/2026

<h2>Output:</h2>
*** Using Compiler 'V5.06 update 5 (build 528)', folder: 'D:\Keil5\ARM\ARMCC\Bin'
Build target '03OpenLoop'
assembling startup_stm32g474xx.s...
compiling CBSVPWM.c...
compiling stm32g4xx_ll_adc.c...
compiling gpio.c...
compiling stm32g4xx_hal_cortex.c...
compiling inv_measure.c...
compiling stm32g4xx_hal_flash.c...
compiling dma.c...
compiling stm32g4xx_hal_msp.c...
compiling vofa.c...
compiling stm32g4xx_hal_dma.c...
compiling OLED.c...
compiling inv_open_loop.c...
compiling main.c...
compiling stm32g4xx_hal_rcc.c...
compiling hrtim.c...
compiling stm32g4xx_hal_dma_ex.c...
compiling stm32g4xx_hal_exti.c...
compiling stm32g4xx_hal_pwr_ex.c...
compiling stm32g4xx_hal_flash_ex.c...
compiling stm32g4xx_hal_pwr.c...
compiling stm32g4xx_hal_gpio.c...
compiling adc.c...
compiling inv_hrtim.c...
compiling stm32g4xx_hal.c...
compiling iwdg.c...
compiling usart.c...
compiling stm32g4xx_hal_flash_ramfunc.c...
compiling stm32g4xx_hal_iwdg.c...
compiling stm32g4xx_hal_rcc_ex.c...
compiling stm32g4xx_hal_hrtim.c...
compiling stm32g4xx_hal_adc_ex.c...
compiling stm32g4xx_it.c...
compiling stm32g4xx_hal_adc.c...
compiling system_stm32g4xx.c...
compiling stm32g4xx_hal_uart_ex.c...
compiling stm32g4xx_hal_uart.c...
linking...
Program Size: Code=26456 RO-data=2464 RW-data=180 ZI-data=3316  
FromELF: creating hex file...
"03OpenLoop\03OpenLoop.axf" - 0 Error(s), 0 Warning(s).

<h2>Software Packages used:</h2>

Package Vendor: ARM
                http://www.keil.com/pack/ARM.CMSIS.5.0.1.pack
                ARM.CMSIS.5.0.1
                CMSIS (Cortex Microcontroller Software Interface Standard)
   * Component: CORE Version: 5.0.1

Package Vendor: Keil
                http://www.keil.com/pack/Keil.STM32G4xx_DFP.1.4.0.pack
                Keil.STM32G4xx_DFP.1.4.0
                STMicroelectronics STM32G4 Series Device Support, Drivers and Examples

<h2>Collection of Component include folders:</h2>
  .\RTE\_03OpenLoop
  D:\Keil5\ARM\PACK\ARM\CMSIS\5.0.1\CMSIS\Include
  D:\Keil5\ARM\PACK\Keil\STM32G4xx_DFP\1.4.0\Drivers\CMSIS\Device\ST\STM32G4xx\Include

<h2>Collection of Component Files used:</h2>

   * Component: ARM::CMSIS:CORE:5.0.1
Build Time Elapsed:  00:00:13
</pre>
</body>
</html>
