../Core/user/oled/soft_i2c.c:20:13:I2C_Delay	16	static
../Core/user/oled/soft_i2c.c:24:17:I2C_Lock	24	static,ignoring_inline_asm
../Core/user/oled/soft_i2c.c:32:13:I2C_Unlock	24	static,ignoring_inline_asm
../Core/user/oled/soft_i2c.c:36:13:I2C_Start	8	static
../Core/user/oled/soft_i2c.c:42:13:I2C_Stop	8	static
../Core/user/oled/soft_i2c.c:47:12:I2C_WriteByte	24	static
../Core/user/oled/soft_i2c.c:63:6:Soft_I2C_Init	8	static
../Core/user/oled/soft_i2c.c:68:6:Soft_I2C_WriteCmd	24	static
../Core/user/oled/soft_i2c.c:78:6:Soft_I2C_WriteData	24	static
../Core/user/oled/soft_i2c.c:88:6:Soft_I2C_WriteMultiData	24	static
