Copyright 1986-2018 Xilinx, Inc. All Rights Reserved.
---------------------------------------------------------------------------------------------------
| Tool Version : Vivado v.2018.3 (win64) Build 2405991 Thu Dec  6 23:38:27 MST 2018
| Date         : Thu Jun 18 17:17:50 2026
| Host         : LAPTOP-JO00M47A running 64-bit major release  (build 9200)
| Command      : report_drc -file main_drc_opted.rpt -pb main_drc_opted.pb -rpx main_drc_opted.rpx
| Design       : main
| Device       : xc7z020clg484-2
| Speed File   : -2
| Design State : Synthesized
---------------------------------------------------------------------------------------------------

Report DRC

Table of Contents
-----------------
1. REPORT SUMMARY
2. REPORT DETAILS

1. REPORT SUMMARY
-----------------
            Netlist: netlist
          Floorplan: design_1
      Design limits: <entire design considered>
           Ruledeck: default
             Max violations: <unlimited>
             Violations found: 8
+-----------+----------+-------------------------------------+------------+
| Rule      | Severity | Description                         | Violations |
+-----------+----------+-------------------------------------+------------+
| REQP-1839 | Warning  | RAMB36 async control check          | 4          |
| REQP-28   | Advisory | enum_USE_MULT_NONE_connects_CEM_GND | 2          |
| REQP-30   | Advisory | enum_MREG_0_connects_CEM_GND        | 2          |
+-----------+----------+-------------------------------------+------------+

2. REPORT DETAILS
-----------------
REQP-1839#1 Warning
RAMB36 async control check  
The RAMB36E1 decode_ASK/task_1/cos_gen_1/dds1/U0/i_synth/i_dds/I_SINCOS.i_quad_sym_rast.i_rom/i_rtl.i_quarter_table.i_block_rom.i_pipe_1.pre_asyn_sin_RAM_op_reg has an input control pin decode_ASK/task_1/cos_gen_1/dds1/U0/i_synth/i_dds/I_SINCOS.i_quad_sym_rast.i_rom/i_rtl.i_quarter_table.i_block_rom.i_pipe_1.pre_asyn_sin_RAM_op_reg/ENARDEN (net: decode_ASK/task_1/cos_gen_1/dds1/U0/i_synth/i_dds/I_SINCOS.i_quad_sym_rast.i_rom/s_axis_phase_tvalid) which is driven by a register (decode_ASK/task_1/cos_gen_1/s_tdata_flag_reg) that has an active asychronous set or reset. This may cause corruption of the memory contents and/or read values when the set/reset is asserted and is not analyzed by the default static timing analysis. It is suggested to eliminate the use of a set/reset to registers driving this RAMB pin or else use a synchronous reset in which the assertion of the reset is timed by default.
Related violations: <none>

REQP-1839#2 Warning
RAMB36 async control check  
The RAMB36E1 decode_ASK/task_1/cos_gen_1/dds1/U0/i_synth/i_dds/I_SINCOS.i_quad_sym_rast.i_rom/i_rtl.i_quarter_table.i_block_rom.i_pipe_1.pre_asyn_sin_RAM_op_reg has an input control pin decode_ASK/task_1/cos_gen_1/dds1/U0/i_synth/i_dds/I_SINCOS.i_quad_sym_rast.i_rom/i_rtl.i_quarter_table.i_block_rom.i_pipe_1.pre_asyn_sin_RAM_op_reg/ENBWREN (net: decode_ASK/task_1/cos_gen_1/dds1/U0/i_synth/i_dds/I_SINCOS.i_quad_sym_rast.i_rom/s_axis_phase_tvalid) which is driven by a register (decode_ASK/task_1/cos_gen_1/s_tdata_flag_reg) that has an active asychronous set or reset. This may cause corruption of the memory contents and/or read values when the set/reset is asserted and is not analyzed by the default static timing analysis. It is suggested to eliminate the use of a set/reset to registers driving this RAMB pin or else use a synchronous reset in which the assertion of the reset is timed by default.
Related violations: <none>

REQP-1839#3 Warning
RAMB36 async control check  
The RAMB36E1 decode_ASK/task_1/sin_gen_1/dds1/U0/i_synth/i_dds/I_SINCOS.i_quad_sym_rast.i_rom/i_rtl.i_quarter_table.i_block_rom.i_pipe_1.pre_asyn_sin_RAM_op_reg has an input control pin decode_ASK/task_1/sin_gen_1/dds1/U0/i_synth/i_dds/I_SINCOS.i_quad_sym_rast.i_rom/i_rtl.i_quarter_table.i_block_rom.i_pipe_1.pre_asyn_sin_RAM_op_reg/ENARDEN (net: decode_ASK/task_1/sin_gen_1/dds1/U0/i_synth/i_dds/I_SINCOS.i_quad_sym_rast.i_rom/s_axis_phase_tvalid) which is driven by a register (decode_ASK/task_1/cos_gen_1/s_tdata_flag_reg) that has an active asychronous set or reset. This may cause corruption of the memory contents and/or read values when the set/reset is asserted and is not analyzed by the default static timing analysis. It is suggested to eliminate the use of a set/reset to registers driving this RAMB pin or else use a synchronous reset in which the assertion of the reset is timed by default.
Related violations: <none>

REQP-1839#4 Warning
RAMB36 async control check  
The RAMB36E1 decode_ASK/task_1/sin_gen_1/dds1/U0/i_synth/i_dds/I_SINCOS.i_quad_sym_rast.i_rom/i_rtl.i_quarter_table.i_block_rom.i_pipe_1.pre_asyn_sin_RAM_op_reg has an input control pin decode_ASK/task_1/sin_gen_1/dds1/U0/i_synth/i_dds/I_SINCOS.i_quad_sym_rast.i_rom/i_rtl.i_quarter_table.i_block_rom.i_pipe_1.pre_asyn_sin_RAM_op_reg/ENBWREN (net: decode_ASK/task_1/sin_gen_1/dds1/U0/i_synth/i_dds/I_SINCOS.i_quad_sym_rast.i_rom/s_axis_phase_tvalid) which is driven by a register (decode_ASK/task_1/cos_gen_1/s_tdata_flag_reg) that has an active asychronous set or reset. This may cause corruption of the memory contents and/or read values when the set/reset is asserted and is not analyzed by the default static timing analysis. It is suggested to eliminate the use of a set/reset to registers driving this RAMB pin or else use a synchronous reset in which the assertion of the reset is timed by default.
Related violations: <none>

REQP-28#1 Advisory
enum_USE_MULT_NONE_connects_CEM_GND  
decode_ASK/task_1/fir_I/fir_1/U0/i_synth/g_single_rate.i_single_rate/g_semi_parallel_and_smac.g_paths[0].g_madd_array_and_accum.g_accum.i_accum/i_add_accum/g_dsp48.g_dsp48e1.i_dsp48e1: When the DSP48E1 USE_MULT attribute is set to NONE, the CEM input pin should be tied to GND to save power.
Related violations: <none>

REQP-28#2 Advisory
enum_USE_MULT_NONE_connects_CEM_GND  
decode_ASK/task_1/fir_Q/fir_1/U0/i_synth/g_single_rate.i_single_rate/g_semi_parallel_and_smac.g_paths[0].g_madd_array_and_accum.g_accum.i_accum/i_add_accum/g_dsp48.g_dsp48e1.i_dsp48e1: When the DSP48E1 USE_MULT attribute is set to NONE, the CEM input pin should be tied to GND to save power.
Related violations: <none>

REQP-30#1 Advisory
enum_MREG_0_connects_CEM_GND  
decode_ASK/task_1/fir_I/fir_1/U0/i_synth/g_single_rate.i_single_rate/g_semi_parallel_and_smac.g_paths[0].g_madd_array_and_accum.g_accum.i_accum/i_add_accum/g_dsp48.g_dsp48e1.i_dsp48e1: When the DSP48E1 MREG attribute is set to 0, the CEM input pin should be tied to GND to save power.
Related violations: <none>

REQP-30#2 Advisory
enum_MREG_0_connects_CEM_GND  
decode_ASK/task_1/fir_Q/fir_1/U0/i_synth/g_single_rate.i_single_rate/g_semi_parallel_and_smac.g_paths[0].g_madd_array_and_accum.g_accum.i_accum/i_add_accum/g_dsp48.g_dsp48e1.i_dsp48e1: When the DSP48E1 MREG attribute is set to 0, the CEM input pin should be tied to GND to save power.
Related violations: <none>


