<html>
<body>
<pre>
<h1>礦ision Build Log</h1>
<h2>Tool Versions:</h2>
IDE-Version: μVision V5.20.0.0
Copyright (C) 2016 ARM Ltd and ARM Germany GmbH. All rights reserved.
License Information:  ,  , LIC=HN0AE-5H37A-QDJKD-8Q083-AANNZ-03DWE
 
Tool Versions:
Toolchain:       MDK-ARM Plus  Version: 5.20
Toolchain Path:  C:\Keil_v5\ARM\ARMCC\Bin
C Compiler:      Armcc.exe V5.06 update 2 (build 183)
Assembler:       Armasm.exe V5.06 update 2 (build 183)
Linker/Locator:  ArmLink.exe V5.06 update 2 (build 183)
Library Manager: ArmAr.exe V5.06 update 2 (build 183)
Hex Converter:   FromElf.exe V5.06 update 2 (build 183)
CPU DLL:         SARMCM3.DLL V5.20
Dialog DLL:      DCM.DLL V1.13.7.0
Target DLL:      STLink\ST-LINKIII-KEIL_SWO.dll V2.0.18.0
Dialog DLL:      TCM.DLL V1.14.9.0
 
<h2>Project:</h2>
C:\Users\张书清\Desktop\电赛资料\双制式自动识别\USER\VirtualCOMPort.uvprojx
Project File Date:  04/21/2026

<h2>Output:</h2>
*** Using Compiler 'V5.06 update 2 (build 183)', folder: 'C:\Keil_v5\ARM\ARMCC\Bin'
Rebuild target 'VirtualCOMPort'
compiling core_cm3.c...
assembling startup_stm32f10x_md.s...
compiling stm32f10x_exti.c...
compiling stm32f10x_adc.c...
compiling misc.c...
compiling stm32f10x_cec.c...
compiling stm32f10x_gpio.c...
compiling stm32f10x_crc.c...
compiling stm32f10x_it.c...
compiling system_stm32f10x.c...
compiling stm32f10x_bkp.c...
compiling stm32f10x_rcc.c...
compiling stm32f10x_can.c...
compiling stm32f10x_usart.c...
compiling stm32f10x_fsmc.c...
compiling stm32f10x_dac.c...
compiling stm32f10x_dbgmcu.c...
compiling stm32f10x_dma.c...
compiling stm32f10x_i2c.c...
compiling stm32f10x_iwdg.c...
compiling stm32f10x_flash.c...
compiling stm32f10x_pwr.c...
compiling stm32f10x_rtc.c...
compiling stm32f10x_sdio.c...
compiling stm32f10x_spi.c...
compiling stm32f10x_wwdg.c...
compiling delay.c...
compiling stm32f10x_tim.c...
compiling usart.c...
compiling sys.c...
compiling DC_bias.c...
compiling recognize.c...
compiling timer.c...
compiling OLED.c...
assembling cr4_fft_256_stm32.s...
compiling main.c...
main.c(40): warning:  #550-D: variable "g_adc_ready" was set but never used
  static uint8_t g_adc_ready = 0;                      // ADC??始化状态：1?晒Γ?0失??/超时
main.c(338): warning:  #177-D: function "TIM4_Timebase_Init" was declared but never referenced
  static void TIM4_Timebase_Init(void)
main.c(146): warning:  #177-D: function "RDA5820_BuildStatusLine" was declared but never referenced
  static void RDA5820_BuildStatusLine(char *line, uint16_t line_len, uint8_t rda_ready)
main.c: 3 warnings, 0 errors
assembling cr4_fft_1024_stm32.s...
compiling 74HC595.c...
compiling ad9851.c...
compiling adf4002.c...
compiling RDA5820.c...
linking...
Program Size: Code=35170 RO-data=2306 RW-data=4272 ZI-data=10184  
FromELF: creating hex file...
"..\OBJ\VirtualCOMPort.axf" - 0 Error(s), 3 Warning(s).

<h2>Collection of Component include folders:</h2>
  C:\Users\张书清\Desktop\电赛资料\双制式自动识别\USER\RTE
  C:\Keil_v5\ARM\PACK\Keil\STM32F1xx_DFP\2.1.0\Device\Include

<h2>Collection of Component Files used:</h2>
Build Time Elapsed:  00:00:04
</pre>
</body>
</html>
