*** Using Compiler 'V5.06 update 5 (build 528)', folder: 'D:\Keil5\ARM\ARMCC\Bin'
Build target '02-2OLED+HRTIM+ADC'
assembling startup_stm32g474xx.s...
compiling stm32g4xx_ll_adc.c...
compiling pfc_hrtim.c...
compiling stm32g4xx_hal_pwr_ex.c...
compiling hrtim.c...
compiling stm32g4xx_hal_gpio.c...
compiling stm32g4xx_hal_flash.c...
compiling stm32g4xx_it.c...
compiling OLED.c...
compiling adc.c...
compiling gpio.c...
compiling stm32g4xx_hal_uart_ex.c...
compiling usart.c...
compiling stm32g4xx_hal_adc_ex.c...
compiling stm32g4xx_hal_dma.c...
compiling stm32g4xx_hal_iwdg.c...
compiling stm32g4xx_hal_pwr.c...
compiling iwdg.c...
compiling stm32g4xx_hal_uart.c...
compiling stm32g4xx_hal_flash_ex.c...
compiling pfc_measure.c...
compiling stm32g4xx_hal_dma_ex.c...
compiling stm32g4xx_hal_rcc.c...
compiling dma.c...
compiling main.c...
compiling stm32g4xx_hal_exti.c...
compiling stm32g4xx_hal_cortex.c...
compiling stm32g4xx_hal.c...
compiling stm32g4xx_hal_msp.c...
compiling stm32g4xx_hal_flash_ramfunc.c...
compiling stm32g4xx_hal_hrtim.c...
compiling stm32g4xx_hal_adc.c...
compiling stm32g4xx_hal_rcc_ex.c...
compiling system_stm32g4xx.c...
linking...
Program Size: Code=19518 RO-data=2130 RW-data=52 ZI-data=2500  
FromELF: creating hex file...
"02-2OLED+HRTIM+ADC\02-2OLED+HRTIM+ADC.axf" - 0 Error(s), 0 Warning(s).
Build Time Elapsed:  00:00:12
