******************************************************************************
             TMS320C2000 Linker PC v22.6.1                     
******************************************************************************
>> Linked Mon May  4 14:05:27 2026

OUTPUT FILE NAME:   <REG_LED_BLINK.out>
ENTRY POINT SYMBOL: "_c_int00"  address: 0000b7e7


MEMORY CONFIGURATION

         name            origin    length      used     unused   attr    fill
----------------------  --------  ---------  --------  --------  ----  --------
PAGE 0:
  BEGIN                 00000000   00000002  00000002  00000000  RWIX
  RAMM0                 00000123   000002dd  00000034  000002a9  RWIX
  RAMLS0                00008000   00000800  00000800  00000000  RWIX
  RAMLS1                00008800   00000800  000007fe  00000002  RWIX
  RAMLS2                00009000   00000800  000007fd  00000003  RWIX
  RAMLS3                00009800   00000800  000001f5  0000060b  RWIX
  RAMLS4                0000a000   00000800  00000000  00000800  RWIX
  RAMD0                 0000b000   00000800  00000800  00000000  RWIX
  FLASHA                00080002   00001ffe  00000000  00001ffe  RWIX
  FLASHB                00082000   00002000  00000000  00002000  RWIX
  FLASHC                00084000   00002000  00000000  00002000  RWIX
  FLASHD                00086000   00002000  00000000  00002000  RWIX
  FLASHE                00088000   00008000  00000000  00008000  RWIX
  FLASHF                00090000   00008000  00000000  00008000  RWIX
  FLASHG                00098000   00008000  00000000  00008000  RWIX
  FLASHH                000a0000   00008000  00000000  00008000  RWIX
  FLASHI                000a8000   00008000  00000000  00008000  RWIX
  FLASHJ                000b0000   00008000  00000000  00008000  RWIX
  FLASHK                000b8000   00002000  00000000  00002000  RWIX
  FLASHL                000ba000   00002000  00000000  00002000  RWIX
  FLASHM                000bc000   00002000  00000000  00002000  RWIX
  FLASHN                000be000   00001ff0  00000000  00001ff0  RWIX
  RESET                 003fffc0   00000002  00000000  00000002  RWIX

PAGE 1:
  BOOT_RSVD             00000002   00000121  00000000  00000121  RWIX
  RAMM1                 00000400   000003f8  00000200  000001f8  RWIX
  ADCARESULT            00000b00   00000018  00000018  00000000  RWIX
  ADCBRESULT            00000b20   00000018  00000018  00000000  RWIX
  ADCCRESULT            00000b40   00000018  00000000  00000018  RWIX
  ADCDRESULT            00000b60   00000018  00000018  00000000  RWIX
  CPUTIMER0             00000c00   00000008  00000008  00000000  RWIX
  CPUTIMER1             00000c08   00000008  00000008  00000000  RWIX
  CPUTIMER2             00000c10   00000008  00000008  00000000  RWIX
  PIECTRL               00000ce0   0000001a  0000001a  00000000  RWIX
  PIEVECTTABLE          00000d00   00000200  000001c0  00000040  RWIX
  DMA                   00001000   00000200  00000000  00000200  RWIX
  CLA1                  00001400   00000080  00000000  00000080  RWIX
  CLB1LOGICCFG          00003000   00000052  00000000  00000052  RWIX
  CLB1LOGICCTRL         00003100   00000040  00000000  00000040  RWIX
  CLB1DATAEXCH          00003200   00000200  00000000  00000200  RWIX
  CLB2LOGICCFG          00003400   00000052  00000000  00000052  RWIX
  CLB2LOGICCTRL         00003500   00000040  00000000  00000040  RWIX
  CLB2DATAEXCH          00003600   00000200  00000000  00000200  RWIX
  CLB3LOGICCFG          00003800   00000052  00000000  00000052  RWIX
  CLB3LOGICCTRL         00003900   00000040  00000000  00000040  RWIX
  CLB3DATAEXCH          00003a00   00000200  00000000  00000200  RWIX
  CLB4LOGICCFG          00003c00   00000052  00000000  00000052  RWIX
  CLB4LOGICCTRL         00003d00   00000040  00000000  00000040  RWIX
  CLB4DATAEXCH          00003e00   00000200  00000000  00000200  RWIX
  EPWM1                 00004000   00000100  00000100  00000000  RWIX
  EPWM2                 00004100   00000100  00000100  00000000  RWIX
  EPWM3                 00004200   00000100  00000100  00000000  RWIX
  EPWM4                 00004300   00000100  00000100  00000000  RWIX
  EPWM5                 00004400   00000100  00000100  00000000  RWIX
  EPWM6                 00004500   00000100  00000100  00000000  RWIX
  EPWM7                 00004600   00000100  00000100  00000000  RWIX
  EPWM8                 00004700   00000100  00000100  00000000  RWIX
  EPWM9                 00004800   00000100  00000100  00000000  RWIX
  EPWM10                00004900   00000100  00000100  00000000  RWIX
  EPWM11                00004a00   00000100  00000100  00000000  RWIX
  EPWM12                00004b00   00000100  00000100  00000000  RWIX
  ECAP1                 00005000   00000020  00000000  00000020  RWIX
  ECAP2                 00005020   00000020  00000000  00000020  RWIX
  ECAP3                 00005040   00000020  00000000  00000020  RWIX
  ECAP4                 00005060   00000020  00000000  00000020  RWIX
  ECAP5                 00005080   00000020  00000000  00000020  RWIX
  ECAP6                 000050a0   00000020  00000000  00000020  RWIX
  EQEP1                 00005100   00000022  00000000  00000022  RWIX
  EQEP2                 00005140   00000022  00000000  00000022  RWIX
  EQEP3                 00005180   00000022  00000000  00000022  RWIX
  DACA                  00005c00   00000008  00000000  00000008  RWIX
  DACB                  00005c10   00000008  00000000  00000008  RWIX
  DACC                  00005c20   00000008  00000000  00000008  RWIX
  CMPSS1                00005c80   00000020  0000001b  00000005  RWIX
  CMPSS2                00005ca0   00000020  00000000  00000020  RWIX
  CMPSS3                00005cc0   00000020  00000000  00000020  RWIX
  CMPSS4                00005ce0   00000020  00000000  00000020  RWIX
  CMPSS5                00005d00   00000020  00000000  00000020  RWIX
  CMPSS6                00005d20   00000020  00000000  00000020  RWIX
  CMPSS7                00005d40   00000020  00000000  00000020  RWIX
  CMPSS8                00005d60   00000020  00000000  00000020  RWIX
  SDFM1                 00005e00   00000080  00000000  00000080  RWIX
  SDFM2                 00005e80   00000080  00000000  00000080  RWIX
  MCBSPA                00006000   00000024  00000000  00000024  RWIX
  MCBSPB                00006040   00000024  00000000  00000024  RWIX
  SPIA                  00006100   00000010  00000000  00000010  RWIX
  SPIB                  00006110   00000010  00000000  00000010  RWIX
  SPIC                  00006120   00000010  00000000  00000010  RWIX
  UPP                   00006200   00000048  00000000  00000048  RWIX
  WD                    00007000   0000002b  0000002b  00000000  RWIX
  NMIINTRUPT            00007060   00000007  00000000  00000007  RWIX
  XINT                  00007070   0000000b  00000000  0000000b  RWIX
  SCIA                  00007200   00000010  00000010  00000000  RWIX
  SCIB                  00007210   00000010  00000000  00000010  RWIX
  SCIC                  00007220   00000010  00000000  00000010  RWIX
  SCID                  00007230   00000010  00000000  00000010  RWIX
  I2CA                  00007300   00000022  00000000  00000022  RWIX
  I2CB                  00007340   00000022  00000000  00000022  RWIX
  ADCA                  00007400   00000080  0000007c  00000004  RWIX
  ADCB                  00007480   00000080  0000007c  00000004  RWIX
  ADCC                  00007500   00000080  00000000  00000080  RWIX
  ADCD                  00007580   00000080  0000007c  00000004  RWIX
  INPUTXBAR             00007900   00000020  00000020  00000000  RWIX
  XBAR                  00007920   00000020  00000000  00000020  RWIX
  SYNCSOC               00007940   00000006  00000006  00000000  RWIX
  DMACLASRCSEL          00007980   0000001a  00000000  0000001a  RWIX
  EPWMXBAR              00007a00   00000040  00000040  00000000  RWIX
  CLBXBAR               00007a40   00000040  00000000  00000040  RWIX
  OUTPUTXBAR            00007a80   00000040  00000040  00000000  RWIX
  GPIOCTRL              00007c00   00000180  00000180  00000000  RWIX
  GPIODATA              00007f00   00000030  00000030  00000000  RWIX
  RAMLS5                0000a800   00000800  0000021a  000005e6  RWIX
  RAMD1                 0000b800   00000800  00000000  00000800  RWIX
  RAMGS0                0000c000   00001000  00000000  00001000  RWIX
  RAMGS1                0000d000   00001000  00000000  00001000  RWIX
  RAMGS2                0000e000   00001000  00000000  00001000  RWIX
  RAMGS3                0000f000   00001000  00000000  00001000  RWIX
  RAMGS4                00010000   00001000  00000000  00001000  RWIX
  RAMGS5                00011000   00001000  00000000  00001000  RWIX
  RAMGS6                00012000   00001000  00000d0a  000002f6  RWIX
  RAMGS7                00013000   00001000  00000c80  00000380  RWIX
  RAMGS8                00014000   00001000  00000000  00001000  RWIX
  RAMGS9                00015000   00001000  00000000  00001000  RWIX
  RAMGS10               00016000   00001000  00000000  00001000  RWIX
  RAMGS11               00017000   00001000  00000000  00001000  RWIX
  RAMGS12               00018000   00001000  00000000  00001000  RWIX
  RAMGS13               00019000   00001000  00000000  00001000  RWIX
  RAMGS14               0001a000   00001000  00000000  00001000  RWIX
  RAMGS15               0001b000   00000ff8  00000000  00000ff8  RWIX
  CPU2TOCPU1RAM         0003f800   00000400  00000000  00000400  RWIX
  CPU1TOCPU2RAM         0003fc00   00000400  00000000  00000400  RWIX
  EMIF1                 00047000   00000070  00000000  00000070  RWIX
  EMIF2                 00047800   00000070  00000000  00000070  RWIX
  CANA                  00048000   00000200  00000000  00000200  RWIX
  CANA_MSG_RAM          00049000   00000800  00000000  00000800  RWIX
  CANB                  0004a000   00000200  00000000  00000200  RWIX
  CANB_MSG_RAM          0004b000   00000800  00000000  00000800  RWIX
  IPC                   00050000   00000024  00000000  00000024  RWIX
  FLASHPUMPSEMAPHORE    00050024   00000002  00000002  00000000  RWIX
  DEVCFG                0005d000   0000012e  0000012e  00000000  RWIX
  ANALOGSUBSYS          0005d180   00000048  0000003e  0000000a  RWIX
  CLKCFG                0005d200   00000032  00000032  00000000  RWIX
  CPUSYS                0005d300   00000082  00000082  00000000  RWIX
  ROMPREFETCH           0005e608   00000002  00000000  00000002  RWIX
  DCSMZ1                0005f000   00000024  00000022  00000002  RWIX
  DCSMZ2                0005f040   00000024  00000022  00000002  RWIX
  DCSMCOMMON            0005f070   00000008  00000000  00000008  RWIX
  MEMCFG                0005f400   00000080  00000000  00000080  RWIX
  EMIF1CONFIG           0005f480   00000020  00000000  00000020  RWIX
  EMIF2CONFIG           0005f4a0   00000020  00000000  00000020  RWIX
  ACCESSPROTECTION      0005f4c0   00000040  00000000  00000040  RWIX
  MEMORYERROR           0005f500   00000040  00000000  00000040  RWIX
  ROMWAITSTATE          0005f540   00000002  00000000  00000002  RWIX
  FLASH0CTRL            0005f800   00000182  00000000  00000182  RWIX
  FLASH0ECC             0005fb00   00000028  00000000  00000028  RWIX
  UID                   000703c0   00000010  00000000  00000010  RWIX


SECTION ALLOCATION MAP

 output                                  attributes/
section   page    origin      length       input sections
--------  ----  ----------  ----------   ----------------
codestart 
*          0    00000000    00000002     
                  00000000    00000002     F2837xD_CodeStartBranch.obj (codestart)

.cinit     0    00000128    00000030     
                  00000128    0000000d     (.cinit..data.load) [load image, compression = lzss]
                  00000135    00000001     --HOLE-- [fill = 0]
                  00000136    00000006     (__TI_handler_table)
                  0000013c    00000004     (.cinit..bss.1.load) [load image, compression = zero_init]
                  00000140    00000004     (.cinit..bss.2.load) [load image, compression = zero_init]
                  00000144    00000004     (.cinit.PieVectTableFile.load) [load image, compression = zero_init]
                  00000148    00000010     (__TI_cinit_table)

.reset     0    003fffc0    00000000     DSECT

.stack     1    00000400    00000200     UNINITIALIZED
                  00000400    00000200     --HOLE--

.init_array 
*          0    00000123    00000000     UNINITIALIZED

AdcaResultRegsFile 
*          1    00000b00    00000018     UNINITIALIZED
                  00000b00    00000018     F2837xD_GlobalVariableDefs.obj (AdcaResultRegsFile)

AdcbResultRegsFile 
*          1    00000b20    00000018     UNINITIALIZED
                  00000b20    00000018     F2837xD_GlobalVariableDefs.obj (AdcbResultRegsFile)

.const     1    0000a800    000001f8     
                  0000a800    000001c0     F2837xD_PieVect.obj (.const)
                  0000a9c0    00000024     main.obj (.const)
                  0000a9e4    0000000c     PR.obj (.const)
                  0000a9f0    00000008     F2837xD_SysCtrl.obj (.const)

.data      1    0000a9f8    00000022     UNINITIALIZED
                  0000a9f8    00000006     rts2800_fpu32_eabi.lib : exit.c.obj (.data)
                  0000a9fe    00000002                            : _lock.c.obj (.data:_lock)
                  0000aa00    00000018     main.obj (.data)
                  0000aa18    00000002     rts2800_fpu32_eabi.lib : _lock.c.obj (.data:_unlock)

.TI.ramfunc 
*          0    00000123    00000004     
                  00000123    00000004     F2837xD_usDelay.obj (.TI.ramfunc)

GETBUFFER 
*          0    0003f800    00000000     DSECT

GETWRITEIDX 
*          0    0003f800    00000000     DSECT

PUTREADIDX 
*          0    0003f800    00000000     DSECT

PieVectTableFile 
*          1    00000d00    000001c0     UNINITIALIZED
                  00000d00    000001c0     F2837xD_GlobalVariableDefs.obj (PieVectTableFile)

EmuKeyVar 
*          1    00000d00    00000000     UNINITIALIZED

EmuBModeVar 
*          1    00000d00    00000000     UNINITIALIZED

EmuBootPinsVar 
*          1    00000d00    00000000     UNINITIALIZED

FlashCallbackVar 
*          1    00000d00    00000000     UNINITIALIZED

FlashScalingVar 
*          1    00000d00    00000000     UNINITIALIZED

AdcaRegsFile 
*          1    00007400    0000007c     UNINITIALIZED
                  00007400    0000007c     F2837xD_GlobalVariableDefs.obj (AdcaRegsFile)

AdcbRegsFile 
*          1    00007480    0000007c     UNINITIALIZED
                  00007480    0000007c     F2837xD_GlobalVariableDefs.obj (AdcbRegsFile)

AdcdRegsFile 
*          1    00007580    0000007c     UNINITIALIZED
                  00007580    0000007c     F2837xD_GlobalVariableDefs.obj (AdcdRegsFile)

AdcdResultRegsFile 
*          1    00000b60    00000018     UNINITIALIZED
                  00000b60    00000018     F2837xD_GlobalVariableDefs.obj (AdcdResultRegsFile)

AnalogSubsysRegsFile 
*          1    0005d180    0000003e     UNINITIALIZED
                  0005d180    0000003e     F2837xD_GlobalVariableDefs.obj (AnalogSubsysRegsFile)

Cmpss1RegsFile 
*          1    00005c80    0000001b     UNINITIALIZED
                  00005c80    0000001b     F2837xD_GlobalVariableDefs.obj (Cmpss1RegsFile)

ClkCfgRegsFile 
*          1    0005d200    00000032     UNINITIALIZED
                  0005d200    00000032     F2837xD_GlobalVariableDefs.obj (ClkCfgRegsFile)

CpuTimer0RegsFile 
*          1    00000c00    00000008     UNINITIALIZED
                  00000c00    00000008     F2837xD_GlobalVariableDefs.obj (CpuTimer0RegsFile)

CpuTimer1RegsFile 
*          1    00000c08    00000008     UNINITIALIZED
                  00000c08    00000008     F2837xD_GlobalVariableDefs.obj (CpuTimer1RegsFile)

CpuTimer2RegsFile 
*          1    00000c10    00000008     UNINITIALIZED
                  00000c10    00000008     F2837xD_GlobalVariableDefs.obj (CpuTimer2RegsFile)

DevCfgRegsFile 
*          1    0005d000    0000012e     UNINITIALIZED
                  0005d000    0000012e     F2837xD_GlobalVariableDefs.obj (DevCfgRegsFile)

CpuSysRegsFile 
*          1    0005d300    00000082     UNINITIALIZED
                  0005d300    00000082     F2837xD_GlobalVariableDefs.obj (CpuSysRegsFile)

DcsmZ1RegsFile 
*          1    0005f000    00000022     UNINITIALIZED
                  0005f000    00000022     F2837xD_GlobalVariableDefs.obj (DcsmZ1RegsFile)

DcsmZ2RegsFile 
*          1    0005f040    00000022     UNINITIALIZED
                  0005f040    00000022     F2837xD_GlobalVariableDefs.obj (DcsmZ2RegsFile)

PieCtrlRegsFile 
*          1    00000ce0    0000001a     UNINITIALIZED
                  00000ce0    0000001a     F2837xD_GlobalVariableDefs.obj (PieCtrlRegsFile)

EPwm1RegsFile 
*          1    00004000    00000100     UNINITIALIZED
                  00004000    00000100     F2837xD_GlobalVariableDefs.obj (EPwm1RegsFile)

EPwm2RegsFile 
*          1    00004100    00000100     UNINITIALIZED
                  00004100    00000100     F2837xD_GlobalVariableDefs.obj (EPwm2RegsFile)

EPwm3RegsFile 
*          1    00004200    00000100     UNINITIALIZED
                  00004200    00000100     F2837xD_GlobalVariableDefs.obj (EPwm3RegsFile)

EPwm4RegsFile 
*          1    00004300    00000100     UNINITIALIZED
                  00004300    00000100     F2837xD_GlobalVariableDefs.obj (EPwm4RegsFile)

EPwm5RegsFile 
*          1    00004400    00000100     UNINITIALIZED
                  00004400    00000100     F2837xD_GlobalVariableDefs.obj (EPwm5RegsFile)

EPwm6RegsFile 
*          1    00004500    00000100     UNINITIALIZED
                  00004500    00000100     F2837xD_GlobalVariableDefs.obj (EPwm6RegsFile)

EPwm7RegsFile 
*          1    00004600    00000100     UNINITIALIZED
                  00004600    00000100     F2837xD_GlobalVariableDefs.obj (EPwm7RegsFile)

EPwm8RegsFile 
*          1    00004700    00000100     UNINITIALIZED
                  00004700    00000100     F2837xD_GlobalVariableDefs.obj (EPwm8RegsFile)

EPwm9RegsFile 
*          1    00004800    00000100     UNINITIALIZED
                  00004800    00000100     F2837xD_GlobalVariableDefs.obj (EPwm9RegsFile)

EPwm10RegsFile 
*          1    00004900    00000100     UNINITIALIZED
                  00004900    00000100     F2837xD_GlobalVariableDefs.obj (EPwm10RegsFile)

EPwm11RegsFile 
*          1    00004a00    00000100     UNINITIALIZED
                  00004a00    00000100     F2837xD_GlobalVariableDefs.obj (EPwm11RegsFile)

EPwm12RegsFile 
*          1    00004b00    00000100     UNINITIALIZED
                  00004b00    00000100     F2837xD_GlobalVariableDefs.obj (EPwm12RegsFile)

EPwmXbarRegsFile 
*          1    00007a00    00000040     UNINITIALIZED
                  00007a00    00000040     F2837xD_GlobalVariableDefs.obj (EPwmXbarRegsFile)

GpioCtrlRegsFile 
*          1    00007c00    00000180     UNINITIALIZED
                  00007c00    00000180     F2837xD_GlobalVariableDefs.obj (GpioCtrlRegsFile)

GpioDataRegsFile 
*          1    00007f00    00000030     UNINITIALIZED
                  00007f00    00000030     F2837xD_GlobalVariableDefs.obj (GpioDataRegsFile)

FlashPumpSemaphoreRegsFile 
*          1    00050024    00000002     UNINITIALIZED
                  00050024    00000002     F2837xD_GlobalVariableDefs.obj (FlashPumpSemaphoreRegsFile)

InputXbarRegsFile 
*          1    00007900    00000020     UNINITIALIZED
                  00007900    00000020     F2837xD_GlobalVariableDefs.obj (InputXbarRegsFile)

OutputXbarRegsFile 
*          1    00007a80    00000040     UNINITIALIZED
                  00007a80    00000040     F2837xD_GlobalVariableDefs.obj (OutputXbarRegsFile)

SciaRegsFile 
*          1    00007200    00000010     UNINITIALIZED
                  00007200    00000010     F2837xD_GlobalVariableDefs.obj (SciaRegsFile)

SyncSocRegsFile 
*          1    00007940    00000006     UNINITIALIZED
                  00007940    00000006     F2837xD_GlobalVariableDefs.obj (SyncSocRegsFile)

WdRegsFile 
*          1    00007000    0000002b     UNINITIALIZED
                  00007000    0000002b     F2837xD_GlobalVariableDefs.obj (WdRegsFile)

.text.1    0    00008000    00000800     
                  00008000    00000585     F2837xD_DefaultISR.obj (.text:retain)
                  00008585    00000244     F2837xD_Gpio.obj (.text)
                  000087c9    0000002a     rts2800_fpu32_eabi.lib : fd_cmp28.asm.obj (.text)
                  000087f3    0000000c                            : args_main.c.obj (.text)
                  000087ff    00000001                            : startup.c.obj (.text)

.text.2    0    00008800    000007fe     
                  00008800    000004bb     F2837xD_SysCtrl.obj (.text)
                  00008cbb    000002e8     main.obj (.text:retain)
                  00008fa3    00000029     DITASY.obj (.text:retain)
                  00008fcc    00000029     rts2800_fpu32_eabi.lib : exit.c.obj (.text)
                  00008ff5    00000009                            : _lock.c.obj (.text)

.text.3    0    00009000    000007fd     
                  00009000    000003ab     PR.obj (.text)
                  000093ab    000001b2     DITASY_ADC.obj (.text)
                  0000955d    000000f1     main.obj (.text)
                  0000964e    0000009c     rts2800_fpu32_eabi.lib : fd_add28.asm.obj (.text)
                  000096ea    0000008b                            : fd_div28.asm.obj (.text)
                  00009775    00000088                            : fs_div28.asm.obj (.text)

.text.4    0    00009800    000001f5     
                  00009800    00000083     rts2800_fpu32_eabi.lib : fd_mpy28.asm.obj (.text)
                  00009883    0000007c     F2837xD_CpuTimers.obj (.text)
                  000098ff    00000028     F2837xD_PieCtrl.obj (.text)
                  00009927    00000026     F2837xD_PieVect.obj (.text)
                  0000994d    00000023     rts2800_fpu32_eabi.lib : fd_tofsfpu32.asm.obj (.text)
                  00009970    00000021                            : fd_toi28.asm.obj (.text)
                  00009991    0000001d                            : memcpy.c.obj (.text)
                  000099ae    0000001c                            : fs_tofdfpu32.asm.obj (.text)
                  000099ca    0000000e                            : fd_sub28.asm.obj (.text)
                  000099d8    00000008     F2837xD_CodeStartBranch.obj (.text)
                  000099e0    00000008     rts2800_fpu32_eabi.lib : copy_decompress_none.c.obj (.text:decompress:none)
                  000099e8    00000007                            : memset.c.obj (.text)
                  000099ef    00000006                            : copy_zero_init.c.obj (.text:decompress:ZI)

.text.5    0    0000b000    00000800     
                  0000b000    0000068f     DITASY.obj (.text)
                  0000b68f    000000fd     F2837xD_EPwm.obj (.text)
                  0000b78c    00000030     rts2800_fpu32_eabi.lib : copy_decompress_lzss.c.obj (.text:decompress:lzss)
                  0000b7bc    0000002b                            : autoinit.c.obj (.text:__TI_auto_init_nobinit_nopinit)
                  0000b7e7    00000017                            : boot28.asm.obj (.text)
                  0000b7fe    00000002                            : pre_init.c.obj (.text)

.bss.1     1    00012000    00000d0a     UNINITIALIZED
                  00012000    00000c80     main.obj (.bss:OSC_CH1)
                  00012c80    00000043     DITASY.obj (.bss)
                  00012cc3    00000001     --HOLE--
                  00012cc4    00000024     main.obj (.bss)
                  00012ce8    00000018     F2837xD_CpuTimers.obj (.bss)
                  00012d00    0000000a     main.obj (.bss:ADCGET)

.bss.2     1    00013000    00000c80     UNINITIALIZED
                  00013000    00000c80     main.obj (.bss:OSC_CH2)

MODULE SUMMARY

       Module                           code   ro data   rw data
       ------                           ----   -------   -------
    .\USER\
       main.obj                         985    36        6470   
       DITASY.obj                       1720   0         67     
       PR.obj                           939    12        0      
       DITASY_ADC.obj                   434    0         0      
    +--+--------------------------------+------+---------+---------+
       Total:                           4078   48        6537   
                                                                
    .\source\
       F2837xD_GlobalVariableDefs.obj   0      0         5312   
       F2837xD_DefaultISR.obj           1413   0         0      
       F2837xD_SysCtrl.obj              1211   8         0      
       F2837xD_Gpio.obj                 580    0         0      
       F2837xD_PieVect.obj              38     448       0      
       F2837xD_EPwm.obj                 253    0         0      
       F2837xD_CpuTimers.obj            124    0         24     
       F2837xD_PieCtrl.obj              40     0         0      
       F2837xD_CodeStartBranch.obj      10     0         0      
       F2837xD_usDelay.obj              4      0         0      
    +--+--------------------------------+------+---------+---------+
       Total:                           3673   456       5336   
                                                                
    C:\ti\ccs1281\ccs\tools\compiler\ti-cgt-c2000_22.6.1.LTS\lib\rts2800_fpu32_eabi.lib
       fd_add28.asm.obj                 156    0         0      
       fd_div28.asm.obj                 139    0         0      
       fs_div28.asm.obj                 136    0         0      
       fd_mpy28.asm.obj                 131    0         0      
       copy_decompress_lzss.c.obj       48     0         0      
       exit.c.obj                       41     0         6      
       autoinit.c.obj                   43     0         0      
       fd_cmp28.asm.obj                 42     0         0      
       fd_tofsfpu32.asm.obj             35     0         0      
       fd_toi28.asm.obj                 33     0         0      
       memcpy.c.obj                     29     0         0      
       fs_tofdfpu32.asm.obj             28     0         0      
       boot28.asm.obj                   23     0         0      
       fd_sub28.asm.obj                 14     0         0      
       _lock.c.obj                      9      0         4      
       args_main.c.obj                  12     0         0      
       copy_decompress_none.c.obj       8      0         0      
       memset.c.obj                     7      0         0      
       copy_zero_init.c.obj             6      0         0      
       pre_init.c.obj                   2      0         0      
       startup.c.obj                    1      0         0      
    +--+--------------------------------+------+---------+---------+
       Total:                           943    0         10     
                                                                
       Stack:                           0      0         512    
       Linker Generated:                0      47        0      
    +--+--------------------------------+------+---------+---------+
       Grand Total:                     8694   551       12395  


LINKER GENERATED COPY TABLES

__TI_cinit_table @ 00000148 records: 4, size/record: 4, table size: 16
	.data: load addr=00000128, load size=0000000d bytes, run addr=0000a9f8, run size=00000022 bytes, compression=lzss
	.bss.1: load addr=0000013c, load size=00000004 bytes, run addr=00012000, run size=00000d0a bytes, compression=zero_init
	.bss.2: load addr=00000140, load size=00000004 bytes, run addr=00013000, run size=00000c80 bytes, compression=zero_init
	PieVectTableFile: load addr=00000144, load size=00000004 bytes, run addr=00000d00, run size=000001c0 bytes, compression=zero_init


LINKER GENERATED HANDLER TABLE

__TI_handler_table @ 00000136 records: 3, size/record: 2, table size: 6
	index: 0, handler: __TI_zero_init
	index: 1, handler: __TI_decompress_lzss
	index: 2, handler: __TI_decompress_none


GLOBAL DATA SYMBOLS: SORTED BY DATA PAGE

address     data page           name
--------    ----------------    ----
00000400      10 (00000400)     __stack

00000b00      2c (00000b00)     AdcaResultRegs
00000b20      2c (00000b00)     AdcbResultRegs

00000b60      2d (00000b40)     AdcdResultRegs

00000c00      30 (00000c00)     CpuTimer0Regs
00000c08      30 (00000c00)     CpuTimer1Regs
00000c10      30 (00000c00)     CpuTimer2Regs

00000ce0      33 (00000cc0)     PieCtrlRegs

00000d00      34 (00000d00)     PieVectTable

00004000     100 (00004000)     EPwm1Regs

00004100     104 (00004100)     EPwm2Regs

00004200     108 (00004200)     EPwm3Regs

00004300     10c (00004300)     EPwm4Regs

00004400     110 (00004400)     EPwm5Regs

00004500     114 (00004500)     EPwm6Regs

00004600     118 (00004600)     EPwm7Regs

00004700     11c (00004700)     EPwm8Regs

00004800     120 (00004800)     EPwm9Regs

00004900     124 (00004900)     EPwm10Regs

00004a00     128 (00004a00)     EPwm11Regs

00004b00     12c (00004b00)     EPwm12Regs

00005c80     172 (00005c80)     Cmpss1Regs

00007000     1c0 (00007000)     WdRegs

00007200     1c8 (00007200)     SciaRegs

00007400     1d0 (00007400)     AdcaRegs

00007480     1d2 (00007480)     AdcbRegs

00007580     1d6 (00007580)     AdcdRegs

00007900     1e4 (00007900)     InputXbarRegs

00007940     1e5 (00007940)     SyncSocRegs

00007a00     1e8 (00007a00)     EPwmXbarRegs

00007a80     1ea (00007a80)     OutputXbarRegs

00007c00     1f0 (00007c00)     GpioCtrlRegs

00007f00     1fc (00007f00)     GpioDataRegs

0000a800     2a0 (0000a800)     PieVectTableInit

0000a9f8     2a7 (0000a9c0)     __TI_enable_exit_profile_output
0000a9fa     2a7 (0000a9c0)     __TI_cleanup_ptr
0000a9fc     2a7 (0000a9c0)     __TI_dtors_ptr
0000a9fe     2a7 (0000a9c0)     _lock

0000aa00     2a8 (0000aa00)     PSout
0000aa01     2a8 (0000aa00)     CHBout
0000aa02     2a8 (0000aa00)     OSC_num
0000aa03     2a8 (0000aa00)     SEND_CD
0000aa04     2a8 (0000aa00)     OSC_LOAD
0000aa05     2a8 (0000aa00)     num
0000aa06     2a8 (0000aa00)     TXD_FLG
0000aa07     2a8 (0000aa00)     GO_PR
0000aa08     2a8 (0000aa00)     PIout
0000aa0a     2a8 (0000aa00)     ITG
0000aa0c     2a8 (0000aa00)     DCerr
0000aa0e     2a8 (0000aa00)     Iref
0000aa18     2a8 (0000aa00)     _unlock

00012000     480 (00012000)     OSC_CH1

00012c80     4b2 (00012c80)     DI_SCIA_ARRAY

00012cc4     4b3 (00012cc0)     Vac
00012cc6     4b3 (00012cc0)     Iac
00012cc8     4b3 (00012cc0)     Udc
00012cca     4b3 (00012cc0)     Udc1
00012ccc     4b3 (00012cc0)     Udc2
00012cce     4b3 (00012cc0)     Udcout
00012cd0     4b3 (00012cc0)     PRA
00012ce8     4b3 (00012cc0)     CpuTimer0
00012cf0     4b3 (00012cc0)     CpuTimer1
00012cf8     4b3 (00012cc0)     CpuTimer2

00012d00     4b4 (00012d00)     ADCGET

00013000     4c0 (00013000)     OSC_CH2

00050024    1400 (00050000)     FlashPumpSemaphoreRegs

0005d000    1740 (0005d000)     DevCfgRegs

0005d180    1746 (0005d180)     AnalogSubsysRegs

0005d200    1748 (0005d200)     ClkCfgRegs

0005d300    174c (0005d300)     CpuSysRegs

0005f000    17c0 (0005f000)     DcsmZ1Regs

0005f040    17c1 (0005f040)     DcsmZ2Regs


GLOBAL SYMBOLS: SORTED ALPHABETICALLY BY Name 

page  address   name                                 
----  -------   ----                                 
0     000080be  ADCA1_ISR                            
0     0000833e  ADCA2_ISR                            
0     00008348  ADCA3_ISR                            
0     00008352  ADCA4_ISR                            
0     00008334  ADCA_EVT_ISR                         
0     00008d07  ADCA_INIT_HANDLE                     
0     000080c8  ADCB1_ISR                            
0     00008366  ADCB2_ISR                            
0     00008370  ADCB3_ISR                            
0     0000837a  ADCB4_ISR                            
0     0000835c  ADCB_EVT_ISR                         
0     000080d2  ADCC1_ISR                            
0     000084ce  ADCC2_ISR                            
0     000084d8  ADCC3_ISR                            
0     000084e2  ADCC4_ISR                            
0     000084c4  ADCC_EVT_ISR                         
0     000080f0  ADCD1_ISR                            
0     000084f6  ADCD2_ISR                            
0     00008500  ADCD3_ISR                            
0     0000850a  ADCD4_ISR                            
0     000084ec  ADCD_EVT_ISR                         
1     00012d00  ADCGET                               
0     00008546  AUX_PLL_SLIP_ISR                     
1     00007400  AdcaRegs                             
1     00000b00  AdcaResultRegs                       
1     00007480  AdcbRegs                             
1     00000b20  AdcbResultRegs                       
1     00007580  AdcdRegs                             
1     00000b60  AdcdResultRegs                       
1     0005d180  AnalogSubsysRegs                     
0     00008c4a  AuxAuxClkSel                         
0     00008c34  AuxIntOsc2Sel                        
0     00008c3e  AuxXtalOscSel                        
0     00008fcc  C$$EXIT                              
0     0000830c  CANA0_ISR                            
0     00008316  CANA1_ISR                            
0     00008320  CANB0_ISR                            
0     0000832a  CANB1_ISR                            
1     0000aa01  CHBout                               
0     00008384  CLA1_1_ISR                           
0     0000838e  CLA1_2_ISR                           
0     00008398  CLA1_3_ISR                           
0     000083a2  CLA1_4_ISR                           
0     000083ac  CLA1_5_ISR                           
0     000083b6  CLA1_6_ISR                           
0     000083c0  CLA1_7_ISR                           
0     000083ca  CLA1_8_ISR                           
0     00008550  CLA_OVERFLOW_ISR                     
0     0000855a  CLA_UNDERFLOW_ISR                    
0     00008cbb  CPUTIMER0_HANDLE                     
1     0005d200  ClkCfgRegs                           
1     00005c80  Cmpss1Regs                           
0     000098c4  ConfigCpuTimer                       
0     00008c9e  ConfigureTMXAnalogTrim               
1     0005d300  CpuSysRegs                           
1     00012ce8  CpuTimer0                            
1     00000c00  CpuTimer0Regs                        
1     00012cf0  CpuTimer1                            
1     00000c08  CpuTimer1Regs                        
1     00012cf8  CpuTimer2                            
1     00000c10  CpuTimer2Regs                        
0     00008bdf  CsmUnlock                            
0     00008014  DATALOG_ISR                          
1     0000aa0c  DCerr                                
0     000093ab  DI_ADCA_Init                         
0     0000940d  DI_ADCB_Init                         
0     00009438  DI_ADCD_Init                         
0     00009473  DI_CMPSS1_Init                       
0     000094ff  DI_CMPSS_CLR                         
0     0000b0a4  DI_EPWM1_Init                        
0     0000b117  DI_EPWM2_SYNC_Init                   
0     0000b18e  DI_EPWM3_SYNC_Init                   
0     0000b205  DI_EPWM4_SYNC1_Init                  
0     0000b280  DI_EPWM5_SYNC_Init                   
0     0000b2f7  DI_EPWM6_SYNC_Init                   
0     0000b36e  DI_EPWM7_SYNC1_Init                  
0     0000b3e9  DI_EPWM8_SYNC_Init                   
0     0000b4ea  DI_NEPWM10_SYNC1_Init                
0     0000b57d  DI_NEPWM11_SYNC_Init                 
0     0000b606  DI_NEPWM12_SYNC_Init                 
0     0000b460  DI_NEPWM9_SYNC_Init                  
1     00012c80  DI_SCIA_ARRAY                        
0     0000b044  DI_SCIA_Init                         
0     0000b012  DI_Send_Float                        
0     0000b000  DI_Timer0_Init                       
0     00008258  DMA_CH1_ISR                          
0     00008262  DMA_CH2_ISR                          
0     0000826c  DMA_CH3_ISR                          
0     00008276  DMA_CH4_ISR                          
0     00008280  DMA_CH5_ISR                          
0     0000828a  DMA_CH6_ISR                          
1     0005f000  DcsmZ1Regs                           
1     0005f040  DcsmZ2Regs                           
1     0005d000  DevCfgRegs                           
0     000088e3  DisableDog                           
0     000088a4  DisablePeripheralClocks              
0     000081ae  ECAP1_ISR                            
0     000081b8  ECAP2_ISR                            
0     000081c2  ECAP3_ISR                            
0     000081cc  ECAP4_ISR                            
0     000081d6  ECAP5_ISR                            
0     000081e0  ECAP6_ISR                            
0     00008514  EMIF_ERROR_ISR                       
0     0000856e  EMPTY_ISR                            
0     00008028  EMU_ISR                              
0     0000846a  EPWM10_ISR                           
0     00008442  EPWM10_TZ_ISR                        
0     00008474  EPWM11_ISR                           
0     0000844c  EPWM11_TZ_ISR                        
0     0000847e  EPWM12_ISR                           
0     00008456  EPWM12_TZ_ISR                        
0     0000815e  EPWM1_ISR                            
0     0000810e  EPWM1_TZ_ISR                         
0     00008168  EPWM2_ISR                            
0     00008118  EPWM2_TZ_ISR                         
0     00008172  EPWM3_ISR                            
0     00008122  EPWM3_TZ_ISR                         
0     0000817c  EPWM4_ISR                            
0     0000812c  EPWM4_TZ_ISR                         
0     00008186  EPWM5_ISR                            
0     00008136  EPWM5_TZ_ISR                         
0     00008190  EPWM6_ISR                            
0     00008140  EPWM6_TZ_ISR                         
0     0000819a  EPWM7_ISR                            
0     0000814a  EPWM7_TZ_ISR                         
0     000081a4  EPWM8_ISR                            
0     00008154  EPWM8_TZ_ISR                         
0     00008460  EPWM9_ISR                            
0     00008438  EPWM9_TZ_ISR                         
1     00004900  EPwm10Regs                           
1     00004a00  EPwm11Regs                           
1     00004b00  EPwm12Regs                           
1     00004000  EPwm1Regs                            
1     00004100  EPwm2Regs                            
1     00004200  EPwm3Regs                            
1     00004300  EPwm4Regs                            
1     00004400  EPwm5Regs                            
1     00004500  EPwm6Regs                            
1     00004600  EPwm7Regs                            
1     00004700  EPwm8Regs                            
1     00004800  EPwm9Regs                            
1     00007a00  EPwmXbarRegs                         
0     000081ea  EQEP1_ISR                            
0     000081f4  EQEP2_ISR                            
0     000081fe  EQEP3_ISR                            
0     0000991e  EnableInterrupts                     
0     00000123  F28x_usDelay                         
0     00008528  FLASH_CORRECTABLE_ERROR_ISR          
0     000083fc  FPU_OVERFLOW_ISR                     
0     00008406  FPU_UNDERFLOW_ISR                    
1     00050024  FlashPumpSemaphoreRegs               
1     0000aa07  GO_PR                                
0     0000877e  GPIO_EnableUnbondedIOPullups         
0     00008759  GPIO_EnableUnbondedIOPullupsFor100Pin
0     00008740  GPIO_EnableUnbondedIOPullupsFor176Pin
0     00008794  GPIO_ReadPin                         
0     000086e5  GPIO_SetupLock                       
0     000085c5  GPIO_SetupPinMux                     
0     00008651  GPIO_SetupPinOptions                 
0     0000870e  GPIO_SetupXINT1Gpio                  
0     00008718  GPIO_SetupXINT2Gpio                  
0     00008722  GPIO_SetupXINT3Gpio                  
0     0000872c  GPIO_SetupXINT4Gpio                  
0     00008736  GPIO_SetupXINT5Gpio                  
0     000087ab  GPIO_WritePin                        
1     00007c00  GpioCtrlRegs                         
1     00007f00  GpioDataRegs                         
0     00008c68  HALT                                 
0     00008c81  HIB                                  
0     0000829e  I2CA_FIFO_ISR                        
0     00008294  I2CA_ISR                             
0     000082b2  I2CB_FIFO_ISR                        
0     000082a8  I2CB_ISR                             
0     00008c54  IDLE                                 
0     0000803c  ILLEGAL_ISR                          
0     00008410  IPC0_ISR                             
0     0000841a  IPC1_ISR                             
0     00008424  IPC2_ISR                             
0     0000842e  IPC3_ISR                             
1     0000aa0a  ITG                                  
1     00012cc6  Iac                                  
0     00008af0  InitAuxPll                           
0     00009883  InitCpuTimers                        
0     0000b752  InitEPwm10Gpio                       
0     0000b765  InitEPwm11Gpio                       
0     0000b779  InitEPwm12Gpio                       
0     0000b6a8  InitEPwm1Gpio                        
0     0000b6ba  InitEPwm2Gpio                        
0     0000b6cc  InitEPwm3Gpio                        
0     0000b6e0  InitEPwm4Gpio                        
0     0000b6f4  InitEPwm5Gpio                        
0     0000b706  InitEPwm6Gpio                        
0     0000b718  InitEPwm7Gpio                        
0     0000b72c  InitEPwm8Gpio                        
0     0000b740  InitEPwm9Gpio                        
0     0000b68f  InitEPwmGpio                         
0     00008585  InitGpio                             
0     00008820  InitPeripheralClocks                 
0     000098ff  InitPieCtrl                          
0     00009927  InitPieVectTable                     
0     00008800  InitSysCtrl                          
0     000088f1  InitSysPll                           
1     00007900  InputXbarRegs                        
1     0000aa0e  Iref                                 
0     00008230  MCBSPA_RX_ISR                        
0     0000823a  MCBSPA_TX_ISR                        
0     00008244  MCBSPB_RX_ISR                        
0     0000824e  MCBSPB_TX_ISR                        
0     00008032  NMI_ISR                              
0     0000857b  NOTUSED_ISR                          
1     00012000  OSC_CH1                              
1     00013000  OSC_CH2                              
1     0000aa04  OSC_LOAD                             
1     0000aa02  OSC_num                              
1     00007a80  OutputXbarRegs                       
0     00008564  PIE_RESERVED_ISR                     
1     0000aa08  PIout                                
1     00012cd0  PRA                                  
0     00009000  PR_init                              
0     00009343  PR_update                            
1     0000aa00  PSout                                
1     00000ce0  PieCtrlRegs                          
1     00000d00  PieVectTable                         
1     0000a800  PieVectTableInit                     
0     00008532  RAM_ACCESS_VIOLATION_ISR             
0     0000851e  RAM_CORRECTABLE_ERROR_ISR            
0     0000801e  RTOS_ISR                             
0     000088cb  ReleaseFlashPump                     
0     000082e4  SCIA_RX_ISR                          
0     0000b08b  SCIA_TRANSMIT_ARRAY                  
0     000082ee  SCIA_TX_ISR                          
0     000082f8  SCIB_RX_ISR                          
0     00008302  SCIB_TX_ISR                          
0     000082bc  SCIC_RX_ISR                          
0     000082c6  SCIC_TX_ISR                          
0     000082d0  SCID_RX_ISR                          
0     000082da  SCID_TX_ISR                          
0     00008fa3  SCI_TXINT                            
0     00008488  SD1_ISR                              
0     00008492  SD2_ISR                              
1     0000aa03  SEND_CD                              
0     00008208  SPIA_RX_ISR                          
0     00008212  SPIA_TX_ISR                          
0     0000821c  SPIB_RX_ISR                          
0     00008226  SPIB_TX_ISR                          
0     0000849c  SPIC_RX_ISR                          
0     000084a6  SPIC_TX_ISR                          
0     00008c5d  STANDBY                              
0     0000853c  SYS_PLL_SLIP_ISR                     
1     00007200  SciaRegs                             
0     000088bc  SeizeFlashPump                       
0     000088d5  ServiceDog                           
1     00007940  SyncSocRegs                          
0     00008c00  SysIntOsc1Sel                        
0     00008c10  SysIntOsc2Sel                        
0     00008c24  SysXtalOscSel                        
0     000080fa  TIMER0_ISR                           
0     00008000  TIMER1_ISR                           
0     0000800a  TIMER2_ISR                           
1     0000aa06  TXD_FLG                              
0     000084b0  UPPA_ISR                             
0     000084ba  USBA_ISR                             
0     000080a0  USER10_ISR                           
0     000080aa  USER11_ISR                           
0     000080b4  USER12_ISR                           
0     00008046  USER1_ISR                            
0     00008050  USER2_ISR                            
0     0000805a  USER3_ISR                            
0     00008064  USER4_ISR                            
0     0000806e  USER5_ISR                            
0     00008078  USER6_ISR                            
0     00008082  USER7_ISR                            
0     0000808c  USER8_ISR                            
0     00008096  USER9_ISR                            
1     00012cc8  Udc                                  
1     00012cca  Udc1                                 
1     00012ccc  Udc2                                 
1     00012cce  Udcout                               
0     000083f2  VCU_ISR                              
1     00012cc4  Vac                                  
0     00008104  WAKE_ISR                             
1     00007000  WdRegs                               
0     000080dc  XINT1_ISR                            
0     000080e6  XINT2_ISR                            
0     000083d4  XINT3_ISR                            
0     000083de  XINT4_ISR                            
0     000083e8  XINT5_ISR                            
0     00000148  __TI_CINIT_Base                      
0     00000158  __TI_CINIT_Limit                     
0     00000158  __TI_CINIT_Warm                      
0     00000136  __TI_Handler_Table_Base              
0     0000013c  __TI_Handler_Table_Limit             
1     00000600  __TI_STACK_END                       
abs   00000200  __TI_STACK_SIZE                      
0     0000b7bc  __TI_auto_init_nobinit_nopinit       
1     0000a9fa  __TI_cleanup_ptr                     
0     0000b78c  __TI_decompress_lzss                 
0     000099e0  __TI_decompress_none                 
1     0000a9fc  __TI_dtors_ptr                       
1     0000a9f8  __TI_enable_exit_profile_output      
abs   ffffffff  __TI_pprof_out_hndl                  
abs   ffffffff  __TI_prof_data_size                  
abs   ffffffff  __TI_prof_data_start                 
0     000099ef  __TI_zero_init                       
0     0000964e  __c28xabi_addd                       
0     000087c9  __c28xabi_cmpd                       
0     000096ea  __c28xabi_divd                       
0     00009775  __c28xabi_divf                       
0     0000994d  __c28xabi_dtof                       
0     00009970  __c28xabi_dtoi                       
0     000099ae  __c28xabi_ftod                       
0     00009800  __c28xabi_mpyd                       
0     000099ca  __c28xabi_subd                       
n/a   UNDEFED   __c_args__                           
1     00000400  __stack                              
0     000087f3  _args_main                           
0     0000b7e7  _c_int00                             
1     0000a9fe  _lock                                
0     00008ffd  _nop                                 
0     00008ff9  _register_lock                       
0     00008ff5  _register_unlock                     
0     000087ff  _system_post_cinit                   
0     0000b7fe  _system_pre_init                     
1     0000aa18  _unlock                              
0     00008fcc  abort                                
0     00000000  code_start                           
0     00008fce  exit                                 
0     0000955d  main                                 
0     00009991  memcpy                               
0     000099e8  memset                               
1     0000aa05  num                                  


GLOBAL SYMBOLS: SORTED BY Symbol Address 

page  address   name                                 
----  -------   ----                                 
0     00000000  code_start                           
0     00000123  F28x_usDelay                         
0     00000136  __TI_Handler_Table_Base              
0     0000013c  __TI_Handler_Table_Limit             
0     00000148  __TI_CINIT_Base                      
0     00000158  __TI_CINIT_Limit                     
0     00000158  __TI_CINIT_Warm                      
0     00008000  TIMER1_ISR                           
0     0000800a  TIMER2_ISR                           
0     00008014  DATALOG_ISR                          
0     0000801e  RTOS_ISR                             
0     00008028  EMU_ISR                              
0     00008032  NMI_ISR                              
0     0000803c  ILLEGAL_ISR                          
0     00008046  USER1_ISR                            
0     00008050  USER2_ISR                            
0     0000805a  USER3_ISR                            
0     00008064  USER4_ISR                            
0     0000806e  USER5_ISR                            
0     00008078  USER6_ISR                            
0     00008082  USER7_ISR                            
0     0000808c  USER8_ISR                            
0     00008096  USER9_ISR                            
0     000080a0  USER10_ISR                           
0     000080aa  USER11_ISR                           
0     000080b4  USER12_ISR                           
0     000080be  ADCA1_ISR                            
0     000080c8  ADCB1_ISR                            
0     000080d2  ADCC1_ISR                            
0     000080dc  XINT1_ISR                            
0     000080e6  XINT2_ISR                            
0     000080f0  ADCD1_ISR                            
0     000080fa  TIMER0_ISR                           
0     00008104  WAKE_ISR                             
0     0000810e  EPWM1_TZ_ISR                         
0     00008118  EPWM2_TZ_ISR                         
0     00008122  EPWM3_TZ_ISR                         
0     0000812c  EPWM4_TZ_ISR                         
0     00008136  EPWM5_TZ_ISR                         
0     00008140  EPWM6_TZ_ISR                         
0     0000814a  EPWM7_TZ_ISR                         
0     00008154  EPWM8_TZ_ISR                         
0     0000815e  EPWM1_ISR                            
0     00008168  EPWM2_ISR                            
0     00008172  EPWM3_ISR                            
0     0000817c  EPWM4_ISR                            
0     00008186  EPWM5_ISR                            
0     00008190  EPWM6_ISR                            
0     0000819a  EPWM7_ISR                            
0     000081a4  EPWM8_ISR                            
0     000081ae  ECAP1_ISR                            
0     000081b8  ECAP2_ISR                            
0     000081c2  ECAP3_ISR                            
0     000081cc  ECAP4_ISR                            
0     000081d6  ECAP5_ISR                            
0     000081e0  ECAP6_ISR                            
0     000081ea  EQEP1_ISR                            
0     000081f4  EQEP2_ISR                            
0     000081fe  EQEP3_ISR                            
0     00008208  SPIA_RX_ISR                          
0     00008212  SPIA_TX_ISR                          
0     0000821c  SPIB_RX_ISR                          
0     00008226  SPIB_TX_ISR                          
0     00008230  MCBSPA_RX_ISR                        
0     0000823a  MCBSPA_TX_ISR                        
0     00008244  MCBSPB_RX_ISR                        
0     0000824e  MCBSPB_TX_ISR                        
0     00008258  DMA_CH1_ISR                          
0     00008262  DMA_CH2_ISR                          
0     0000826c  DMA_CH3_ISR                          
0     00008276  DMA_CH4_ISR                          
0     00008280  DMA_CH5_ISR                          
0     0000828a  DMA_CH6_ISR                          
0     00008294  I2CA_ISR                             
0     0000829e  I2CA_FIFO_ISR                        
0     000082a8  I2CB_ISR                             
0     000082b2  I2CB_FIFO_ISR                        
0     000082bc  SCIC_RX_ISR                          
0     000082c6  SCIC_TX_ISR                          
0     000082d0  SCID_RX_ISR                          
0     000082da  SCID_TX_ISR                          
0     000082e4  SCIA_RX_ISR                          
0     000082ee  SCIA_TX_ISR                          
0     000082f8  SCIB_RX_ISR                          
0     00008302  SCIB_TX_ISR                          
0     0000830c  CANA0_ISR                            
0     00008316  CANA1_ISR                            
0     00008320  CANB0_ISR                            
0     0000832a  CANB1_ISR                            
0     00008334  ADCA_EVT_ISR                         
0     0000833e  ADCA2_ISR                            
0     00008348  ADCA3_ISR                            
0     00008352  ADCA4_ISR                            
0     0000835c  ADCB_EVT_ISR                         
0     00008366  ADCB2_ISR                            
0     00008370  ADCB3_ISR                            
0     0000837a  ADCB4_ISR                            
0     00008384  CLA1_1_ISR                           
0     0000838e  CLA1_2_ISR                           
0     00008398  CLA1_3_ISR                           
0     000083a2  CLA1_4_ISR                           
0     000083ac  CLA1_5_ISR                           
0     000083b6  CLA1_6_ISR                           
0     000083c0  CLA1_7_ISR                           
0     000083ca  CLA1_8_ISR                           
0     000083d4  XINT3_ISR                            
0     000083de  XINT4_ISR                            
0     000083e8  XINT5_ISR                            
0     000083f2  VCU_ISR                              
0     000083fc  FPU_OVERFLOW_ISR                     
0     00008406  FPU_UNDERFLOW_ISR                    
0     00008410  IPC0_ISR                             
0     0000841a  IPC1_ISR                             
0     00008424  IPC2_ISR                             
0     0000842e  IPC3_ISR                             
0     00008438  EPWM9_TZ_ISR                         
0     00008442  EPWM10_TZ_ISR                        
0     0000844c  EPWM11_TZ_ISR                        
0     00008456  EPWM12_TZ_ISR                        
0     00008460  EPWM9_ISR                            
0     0000846a  EPWM10_ISR                           
0     00008474  EPWM11_ISR                           
0     0000847e  EPWM12_ISR                           
0     00008488  SD1_ISR                              
0     00008492  SD2_ISR                              
0     0000849c  SPIC_RX_ISR                          
0     000084a6  SPIC_TX_ISR                          
0     000084b0  UPPA_ISR                             
0     000084ba  USBA_ISR                             
0     000084c4  ADCC_EVT_ISR                         
0     000084ce  ADCC2_ISR                            
0     000084d8  ADCC3_ISR                            
0     000084e2  ADCC4_ISR                            
0     000084ec  ADCD_EVT_ISR                         
0     000084f6  ADCD2_ISR                            
0     00008500  ADCD3_ISR                            
0     0000850a  ADCD4_ISR                            
0     00008514  EMIF_ERROR_ISR                       
0     0000851e  RAM_CORRECTABLE_ERROR_ISR            
0     00008528  FLASH_CORRECTABLE_ERROR_ISR          
0     00008532  RAM_ACCESS_VIOLATION_ISR             
0     0000853c  SYS_PLL_SLIP_ISR                     
0     00008546  AUX_PLL_SLIP_ISR                     
0     00008550  CLA_OVERFLOW_ISR                     
0     0000855a  CLA_UNDERFLOW_ISR                    
0     00008564  PIE_RESERVED_ISR                     
0     0000856e  EMPTY_ISR                            
0     0000857b  NOTUSED_ISR                          
0     00008585  InitGpio                             
0     000085c5  GPIO_SetupPinMux                     
0     00008651  GPIO_SetupPinOptions                 
0     000086e5  GPIO_SetupLock                       
0     0000870e  GPIO_SetupXINT1Gpio                  
0     00008718  GPIO_SetupXINT2Gpio                  
0     00008722  GPIO_SetupXINT3Gpio                  
0     0000872c  GPIO_SetupXINT4Gpio                  
0     00008736  GPIO_SetupXINT5Gpio                  
0     00008740  GPIO_EnableUnbondedIOPullupsFor176Pin
0     00008759  GPIO_EnableUnbondedIOPullupsFor100Pin
0     0000877e  GPIO_EnableUnbondedIOPullups         
0     00008794  GPIO_ReadPin                         
0     000087ab  GPIO_WritePin                        
0     000087c9  __c28xabi_cmpd                       
0     000087f3  _args_main                           
0     000087ff  _system_post_cinit                   
0     00008800  InitSysCtrl                          
0     00008820  InitPeripheralClocks                 
0     000088a4  DisablePeripheralClocks              
0     000088bc  SeizeFlashPump                       
0     000088cb  ReleaseFlashPump                     
0     000088d5  ServiceDog                           
0     000088e3  DisableDog                           
0     000088f1  InitSysPll                           
0     00008af0  InitAuxPll                           
0     00008bdf  CsmUnlock                            
0     00008c00  SysIntOsc1Sel                        
0     00008c10  SysIntOsc2Sel                        
0     00008c24  SysXtalOscSel                        
0     00008c34  AuxIntOsc2Sel                        
0     00008c3e  AuxXtalOscSel                        
0     00008c4a  AuxAuxClkSel                         
0     00008c54  IDLE                                 
0     00008c5d  STANDBY                              
0     00008c68  HALT                                 
0     00008c81  HIB                                  
0     00008c9e  ConfigureTMXAnalogTrim               
0     00008cbb  CPUTIMER0_HANDLE                     
0     00008d07  ADCA_INIT_HANDLE                     
0     00008fa3  SCI_TXINT                            
0     00008fcc  C$$EXIT                              
0     00008fcc  abort                                
0     00008fce  exit                                 
0     00008ff5  _register_unlock                     
0     00008ff9  _register_lock                       
0     00008ffd  _nop                                 
0     00009000  PR_init                              
0     00009343  PR_update                            
0     000093ab  DI_ADCA_Init                         
0     0000940d  DI_ADCB_Init                         
0     00009438  DI_ADCD_Init                         
0     00009473  DI_CMPSS1_Init                       
0     000094ff  DI_CMPSS_CLR                         
0     0000955d  main                                 
0     0000964e  __c28xabi_addd                       
0     000096ea  __c28xabi_divd                       
0     00009775  __c28xabi_divf                       
0     00009800  __c28xabi_mpyd                       
0     00009883  InitCpuTimers                        
0     000098c4  ConfigCpuTimer                       
0     000098ff  InitPieCtrl                          
0     0000991e  EnableInterrupts                     
0     00009927  InitPieVectTable                     
0     0000994d  __c28xabi_dtof                       
0     00009970  __c28xabi_dtoi                       
0     00009991  memcpy                               
0     000099ae  __c28xabi_ftod                       
0     000099ca  __c28xabi_subd                       
0     000099e0  __TI_decompress_none                 
0     000099e8  memset                               
0     000099ef  __TI_zero_init                       
0     0000b000  DI_Timer0_Init                       
0     0000b012  DI_Send_Float                        
0     0000b044  DI_SCIA_Init                         
0     0000b08b  SCIA_TRANSMIT_ARRAY                  
0     0000b0a4  DI_EPWM1_Init                        
0     0000b117  DI_EPWM2_SYNC_Init                   
0     0000b18e  DI_EPWM3_SYNC_Init                   
0     0000b205  DI_EPWM4_SYNC1_Init                  
0     0000b280  DI_EPWM5_SYNC_Init                   
0     0000b2f7  DI_EPWM6_SYNC_Init                   
0     0000b36e  DI_EPWM7_SYNC1_Init                  
0     0000b3e9  DI_EPWM8_SYNC_Init                   
0     0000b460  DI_NEPWM9_SYNC_Init                  
0     0000b4ea  DI_NEPWM10_SYNC1_Init                
0     0000b57d  DI_NEPWM11_SYNC_Init                 
0     0000b606  DI_NEPWM12_SYNC_Init                 
0     0000b68f  InitEPwmGpio                         
0     0000b6a8  InitEPwm1Gpio                        
0     0000b6ba  InitEPwm2Gpio                        
0     0000b6cc  InitEPwm3Gpio                        
0     0000b6e0  InitEPwm4Gpio                        
0     0000b6f4  InitEPwm5Gpio                        
0     0000b706  InitEPwm6Gpio                        
0     0000b718  InitEPwm7Gpio                        
0     0000b72c  InitEPwm8Gpio                        
0     0000b740  InitEPwm9Gpio                        
0     0000b752  InitEPwm10Gpio                       
0     0000b765  InitEPwm11Gpio                       
0     0000b779  InitEPwm12Gpio                       
0     0000b78c  __TI_decompress_lzss                 
0     0000b7bc  __TI_auto_init_nobinit_nopinit       
0     0000b7e7  _c_int00                             
0     0000b7fe  _system_pre_init                     
1     00000400  __stack                              
1     00000600  __TI_STACK_END                       
1     00000b00  AdcaResultRegs                       
1     00000b20  AdcbResultRegs                       
1     00000b60  AdcdResultRegs                       
1     00000c00  CpuTimer0Regs                        
1     00000c08  CpuTimer1Regs                        
1     00000c10  CpuTimer2Regs                        
1     00000ce0  PieCtrlRegs                          
1     00000d00  PieVectTable                         
1     00004000  EPwm1Regs                            
1     00004100  EPwm2Regs                            
1     00004200  EPwm3Regs                            
1     00004300  EPwm4Regs                            
1     00004400  EPwm5Regs                            
1     00004500  EPwm6Regs                            
1     00004600  EPwm7Regs                            
1     00004700  EPwm8Regs                            
1     00004800  EPwm9Regs                            
1     00004900  EPwm10Regs                           
1     00004a00  EPwm11Regs                           
1     00004b00  EPwm12Regs                           
1     00005c80  Cmpss1Regs                           
1     00007000  WdRegs                               
1     00007200  SciaRegs                             
1     00007400  AdcaRegs                             
1     00007480  AdcbRegs                             
1     00007580  AdcdRegs                             
1     00007900  InputXbarRegs                        
1     00007940  SyncSocRegs                          
1     00007a00  EPwmXbarRegs                         
1     00007a80  OutputXbarRegs                       
1     00007c00  GpioCtrlRegs                         
1     00007f00  GpioDataRegs                         
1     0000a800  PieVectTableInit                     
1     0000a9f8  __TI_enable_exit_profile_output      
1     0000a9fa  __TI_cleanup_ptr                     
1     0000a9fc  __TI_dtors_ptr                       
1     0000a9fe  _lock                                
1     0000aa00  PSout                                
1     0000aa01  CHBout                               
1     0000aa02  OSC_num                              
1     0000aa03  SEND_CD                              
1     0000aa04  OSC_LOAD                             
1     0000aa05  num                                  
1     0000aa06  TXD_FLG                              
1     0000aa07  GO_PR                                
1     0000aa08  PIout                                
1     0000aa0a  ITG                                  
1     0000aa0c  DCerr                                
1     0000aa0e  Iref                                 
1     0000aa18  _unlock                              
1     00012000  OSC_CH1                              
1     00012c80  DI_SCIA_ARRAY                        
1     00012cc4  Vac                                  
1     00012cc6  Iac                                  
1     00012cc8  Udc                                  
1     00012cca  Udc1                                 
1     00012ccc  Udc2                                 
1     00012cce  Udcout                               
1     00012cd0  PRA                                  
1     00012ce8  CpuTimer0                            
1     00012cf0  CpuTimer1                            
1     00012cf8  CpuTimer2                            
1     00012d00  ADCGET                               
1     00013000  OSC_CH2                              
1     00050024  FlashPumpSemaphoreRegs               
1     0005d000  DevCfgRegs                           
1     0005d180  AnalogSubsysRegs                     
1     0005d200  ClkCfgRegs                           
1     0005d300  CpuSysRegs                           
1     0005f000  DcsmZ1Regs                           
1     0005f040  DcsmZ2Regs                           
abs   00000200  __TI_STACK_SIZE                      
abs   ffffffff  __TI_pprof_out_hndl                  
abs   ffffffff  __TI_prof_data_size                  
abs   ffffffff  __TI_prof_data_start                 
n/a   UNDEFED   __c_args__                           

[331 symbols]
