<html>
<body>
<pre>
<h1>µVision Build Log</h1>
<h2>Tool Versions:</h2>
IDE-Version: ¦ÌVision V5.40.0.0
Copyright (C) 2024 ARM Ltd and ARM Germany GmbH. All rights reserved.
License Information: 111 Administrator, 111, LIC=FYKYW-QK360-45QT5-GG6V1-6DJAP-YEKZH
 
Tool Versions:
Toolchain:       MDK-ARM Plus  Version: 5.40.0.3
Toolchain Path:  F:\keil5\ARM\ARMCLANG\Bin
C Compiler:      ArmClang.exe V6.22
Assembler:       Armasm.exe V6.22
Linker/Locator:  ArmLink.exe V6.22
Library Manager: ArmAr.exe V6.22
Hex Converter:   FromElf.exe V6.22
CPU DLL:         SARMCM3.DLL V5.40.0.3
Dialog DLL:      DCM.DLL V1.17.5.0
Target DLL:      CMSIS_AGDI.dll V1.33.18.0
Dialog DLL:      TCM.DLL V1.56.4.0
 
<h2>Project:</h2>
C:\Users\Administrator\Desktop\SMT32F407_TP_Droop\MDK-ARM\single_invert.uvprojx
Project File Date:  06/30/2026

<h2>Output:</h2>
*** Using Compiler 'V6.22', folder: 'F:\keil5\ARM\ARMCLANG\Bin'
Build target 'single_invert'
../Core/Src/main.c(17): warning: In file included from...
../Core/Src\../user/adc_calib.h(5): warning: In file included from...
../Core/Src\../user\control.h(13): warning: '/*' within block comment [-Wcomment]
   13 | #define CTRL_MODE_DQ_OPEN_LOOP      0   /* <C8><FD><CF><E0>dq<BF><AA><BB><B7> SVPWM + <CA><E4><B3><F6><CF>ßµ<E7>Ñ¹ Uab=20v */
      |                                         ^
1 warning generated.
compiling main.c...
linking...
Program Size: Code=26076 RO-data=512 RW-data=36 ZI-data=2716  
FromELF: creating hex file...
"single_invert\single_invert.axf" - 0 Error(s), 1 Warning(s).

<h2>Software Packages used:</h2>

Package Vendor: ARM
                https://www.keil.com/pack/ARM.CMSIS.6.1.0.pack
                ARM::CMSIS@6.1.0
                CMSIS (Common Microcontroller Software Interface Standard)
   * Component: CORE Version: 6.1.0

Package Vendor: Keil
                https://www.keil.com/pack/Keil.STM32F4xx_DFP.3.1.1.pack
                Keil::STM32F4xx_DFP@3.1.1
                STMicroelectronics STM32F4 Series Device Support

<h2>Collection of Component include folders:</h2>
  ./RTE/_single_invert
  F:/keil5/ARM/PACK/ARM/CMSIS/6.1.0/CMSIS/Core/Include

<h2>Collection of Component Files used:</h2>

   * Component: ARM::CMSIS:CORE@6.1.0
      Include file:  CMSIS/Core/Include/tz_context.h
Build Time Elapsed:  00:00:01
</pre>
</body>
</html>
