Component: ARM Compiler 5.06 update 5 (build 528) Tool: armlink [4d35e2]

==============================================================================

Section Cross References

    startup_stm32g474xx.o(STACK) refers (Special) to heapauxi.o(.text) for __use_two_region_memory
    startup_stm32g474xx.o(HEAP) refers (Special) to heapauxi.o(.text) for __use_two_region_memory
    startup_stm32g474xx.o(RESET) refers (Special) to heapauxi.o(.text) for __use_two_region_memory
    startup_stm32g474xx.o(RESET) refers to startup_stm32g474xx.o(STACK) for __initial_sp
    startup_stm32g474xx.o(RESET) refers to startup_stm32g474xx.o(.text) for Reset_Handler
    startup_stm32g474xx.o(RESET) refers to stm32g4xx_it.o(i.NMI_Handler) for NMI_Handler
    startup_stm32g474xx.o(RESET) refers to stm32g4xx_it.o(i.HardFault_Handler) for HardFault_Handler
    startup_stm32g474xx.o(RESET) refers to stm32g4xx_it.o(i.MemManage_Handler) for MemManage_Handler
    startup_stm32g474xx.o(RESET) refers to stm32g4xx_it.o(i.BusFault_Handler) for BusFault_Handler
    startup_stm32g474xx.o(RESET) refers to stm32g4xx_it.o(i.UsageFault_Handler) for UsageFault_Handler
    startup_stm32g474xx.o(RESET) refers to stm32g4xx_it.o(i.SVC_Handler) for SVC_Handler
    startup_stm32g474xx.o(RESET) refers to stm32g4xx_it.o(i.DebugMon_Handler) for DebugMon_Handler
    startup_stm32g474xx.o(RESET) refers to stm32g4xx_it.o(i.PendSV_Handler) for PendSV_Handler
    startup_stm32g474xx.o(RESET) refers to stm32g4xx_it.o(i.SysTick_Handler) for SysTick_Handler
    startup_stm32g474xx.o(RESET) refers to stm32g4xx_it.o(i.DMA1_Channel1_IRQHandler) for DMA1_Channel1_IRQHandler
    startup_stm32g474xx.o(RESET) refers to stm32g4xx_it.o(i.DMA1_Channel2_IRQHandler) for DMA1_Channel2_IRQHandler
    startup_stm32g474xx.o(RESET) refers to stm32g4xx_it.o(i.ADC1_2_IRQHandler) for ADC1_2_IRQHandler
    startup_stm32g474xx.o(RESET) refers to stm32g4xx_it.o(i.ADC3_IRQHandler) for ADC3_IRQHandler
    startup_stm32g474xx.o(RESET) refers to stm32g4xx_it.o(i.DMA2_Channel1_IRQHandler) for DMA2_Channel1_IRQHandler
    startup_stm32g474xx.o(RESET) refers to stm32g4xx_it.o(i.DMA2_Channel2_IRQHandler) for DMA2_Channel2_IRQHandler
    startup_stm32g474xx.o(RESET) refers to stm32g4xx_it.o(i.DMA2_Channel3_IRQHandler) for DMA2_Channel3_IRQHandler
    startup_stm32g474xx.o(RESET) refers to stm32g4xx_it.o(i.ADC4_IRQHandler) for ADC4_IRQHandler
    startup_stm32g474xx.o(RESET) refers to stm32g4xx_it.o(i.ADC5_IRQHandler) for ADC5_IRQHandler
    startup_stm32g474xx.o(RESET) refers to stm32g4xx_it.o(i.HRTIM1_FLT_IRQHandler) for HRTIM1_FLT_IRQHandler
    startup_stm32g474xx.o(.text) refers (Special) to heapauxi.o(.text) for __use_two_region_memory
    startup_stm32g474xx.o(.text) refers to system_stm32g4xx.o(i.SystemInit) for SystemInit
    startup_stm32g474xx.o(.text) refers to __main.o(!!!main) for __main
    startup_stm32g474xx.o(.text) refers to startup_stm32g474xx.o(HEAP) for Heap_Mem
    startup_stm32g474xx.o(.text) refers to startup_stm32g474xx.o(STACK) for Stack_Mem
    cbsvpwm.o(i.CBSVPWM_Calc3Leg) refers to cbsvpwm.o(i.CBSVPWM_CalcInternal) for CBSVPWM_CalcInternal
    cbsvpwm.o(i.CBSVPWM_Calc4Leg) refers to cbsvpwm.o(i.CBSVPWM_CalcInternal) for CBSVPWM_CalcInternal
    cbsvpwm.o(i.CBSVPWM_CalcInternal) refers to cbsvpwm.o(i.CBSVPWM_IsFinite) for CBSVPWM_IsFinite
    cbsvpwm.o(i.CBSVPWM_CalcInternal) refers to cbsvpwm.o(i.CBSVPWM_Max3) for CBSVPWM_Max3
    cbsvpwm.o(i.CBSVPWM_CalcInternal) refers to cbsvpwm.o(i.CBSVPWM_Abs) for CBSVPWM_Abs
    cbsvpwm.o(i.CBSVPWM_CalcInternal) refers to cbsvpwm.o(i.CBSVPWM_LimitDuty) for CBSVPWM_LimitDuty
    cbsvpwm.o(i.CBSVPWM_CalcInternal) refers to cbsvpwm.o(i.CBSVPWM_SetNeutralOutput) for CBSVPWM_SetNeutralOutput
    cbsvpwm.o(i.CBSVPWM_Init) refers to rt_memclr_w.o(.text) for __aeabi_memclr4
    cbsvpwm.o(i.CBSVPWM_Init) refers to cbsvpwm.o(i.CBSVPWM_SetNeutralOutput) for CBSVPWM_SetNeutralOutput
    cbsvpwm.o(i.CBSVPWM_Init) refers to cbsvpwm.o(i.CBSVPWM_IsFinite) for CBSVPWM_IsFinite
    cbsvpwm.o(i.CBSVPWM_Reset) refers to cbsvpwm.o(i.CBSVPWM_SetNeutralOutput) for CBSVPWM_SetNeutralOutput
    inv_open_loop.o(i.INV_OpenLoop_GetSnapshot) refers to inv_open_loop.o(.bss) for .bss
    inv_open_loop.o(i.INV_OpenLoop_Init) refers to rt_memclr_w.o(.text) for __aeabi_memclr4
    inv_open_loop.o(i.INV_OpenLoop_Init) refers to rt_memcpy_w.o(.text) for __aeabi_memcpy4
    inv_open_loop.o(i.INV_OpenLoop_Init) refers to inv_open_loop.o(i.INV_OpenLoop_IsFinite) for INV_OpenLoop_IsFinite
    inv_open_loop.o(i.INV_OpenLoop_Init) refers to inv_open_loop.o(i.INV_OpenLoop_SetFrequency) for INV_OpenLoop_SetFrequency
    inv_open_loop.o(i.INV_OpenLoop_Init) refers to inv_open_loop.o(.data) for .data
    inv_open_loop.o(i.INV_OpenLoop_Init) refers to inv_open_loop.o(.constdata) for .constdata
    inv_open_loop.o(i.INV_OpenLoop_Init) refers to inv_open_loop.o(.bss) for .bss
    inv_open_loop.o(i.INV_OpenLoop_Reset) refers to rt_memclr_w.o(.text) for __aeabi_memclr4
[...]
    <Data2>                                  0x08007178   Data          44  inv_open_loop.o(.constdata)
    .constdata                               0x080071a4   Section     1520  oled.o(.constdata)
    .constdata                               0x08007794   Section        4  vofa.o(.constdata)
    vofa_tail                                0x08007794   Data           4  vofa.o(.constdata)
    .constdata                               0x08007798   Section       84  main.o(.constdata)
    inv_open_loop_config                     0x08007798   Data          24  main.o(.constdata)
    inv_measure_config                       0x080077b0   Data          60  main.o(.constdata)
    .constdata                               0x080077ec   Section       24  stm32g4xx_hal_uart.o(.constdata)
    .constdata                               0x08007804   Section       16  stm32g4xx_hal_uart_ex.o(.constdata)
    numerator                                0x08007804   Data           8  stm32g4xx_hal_uart_ex.o(.constdata)
    denominator                              0x0800780c   Data           8  stm32g4xx_hal_uart_ex.o(.constdata)
    .constdata                               0x08007814   Section       16  system_stm32g4xx.o(.constdata)
    .constdata                               0x08007824   Section        8  system_stm32g4xx.o(.constdata)
    .data                                    0x20000000   Section       40  inv_open_loop.o(.data)
    inv_initialized                          0x20000000   Data           1  inv_open_loop.o(.data)
    inv_frequency_hz                         0x20000002   Data           2  inv_open_loop.o(.data)
    inv_phase_peak_v                         0x20000004   Data           4  inv_open_loop.o(.data)
    inv_target_modulation                    0x20000008   Data           4  inv_open_loop.o(.data)
    inv_modulation_limit                     0x2000000c   Data           4  inv_open_loop.o(.data)
    inv_dc_bus_v                             0x20000010   Data           4  inv_open_loop.o(.data)
    inv_ramp                                 0x20000014   Data           4  inv_open_loop.o(.data)
    inv_ramp_increment                       0x20000018   Data           4  inv_open_loop.o(.data)
    inv_phase_accumulator                    0x2000001c   Data           4  inv_open_loop.o(.data)
    inv_phase_step                           0x20000020   Data           4  inv_open_loop.o(.data)
    inv_control_frequency_hz                 0x20000024   Data           4  inv_open_loop.o(.data)
    .data                                    0x20000028   Section        1  inv_hrtim.o(.data)
    inv_timebase_started                     0x20000028   Data           1  inv_hrtim.o(.data)
    .data                                    0x2000002c   Section       46  inv_measure.o(.data)
    inv_measure_initialized                  0x2000002c   Data           1  inv_measure.o(.data)
    calibration_sample_count                 0x2000002e   Data           2  inv_measure.o(.data)
    adc3_sequence                            0x2000003c   Data           4  inv_measure.o(.data)
    adc4_sequence                            0x20000040   Data           4  inv_measure.o(.data)
    adc5_sequence                            0x20000044   Data           4  inv_measure.o(.data)
    used_adc3_sequence                       0x20000048   Data           4  inv_measure.o(.data)
    used_adc4_sequence                       0x2000004c   Data           4  inv_measure.o(.data)
    used_adc5_sequence                       0x20000050   Data           4  inv_measure.o(.data)
    rail_frame_count                         0x20000054   Data           6  inv_measure.o(.data)
    .data                                    0x2000005c   Section       28  main.o(.data)
    vofa_tx_ok_count                         0x20000060   Data           4  main.o(.data)
    vofa_tx_error_count                      0x20000064   Data           4  main.o(.data)
    inv_limited_frames                       0x20000074   Data           4  main.o(.data)
    .data                                    0x20000078   Section        8  adc.o(.data)
    HAL_RCC_ADC12_CLK_ENABLED                0x20000078   Data           4  adc.o(.data)
    HAL_RCC_ADC345_CLK_ENABLED               0x2000007c   Data           4  adc.o(.data)
    .data                                    0x20000080   Section       12  stm32g4xx_hal.o(.data)
    .data                                    0x2000008c   Section        4  system_stm32g4xx.o(.data)
    .bss                                     0x20000090   Section       44  inv_open_loop.o(.bss)
    inv_published_output                     0x20000090   Data          44  inv_open_loop.o(.bss)
    .bss                                     0x200000bc   Section      196  inv_measure.o(.bss)
    inv_measure_config                       0x200000dc   Data          60  inv_measure.o(.bss)
    inv_measurement                          0x20000118   Data          68  inv_measure.o(.bss)
    calibration_sum                          0x2000015c   Data          24  inv_measure.o(.bss)
    measurement_offset                       0x20000174   Data          12  inv_measure.o(.bss)
    .bss                                     0x20000180   Section       36  vofa.o(.bss)
    vofa_tx_buffer                           0x20000180   Data          36  vofa.o(.bss)
    .bss                                     0x200001a4   Section      100  main.o(.bss)
    vofa_data                                0x200001a4   Data          32  main.o(.bss)
    .bss                                     0x20000208   Section     1020  adc.o(.bss)
    .bss                                     0x20000604   Section      252  hrtim.o(.bss)
    .bss                                     0x20000700   Section       16  iwdg.o(.bss)
    .bss                                     0x20000710   Section      148  usart.o(.bss)
    .bss                                     0x200007a4   Section       96  libspace.o(.bss)
    HEAP                                     0x20000808   Section      512  startup_stm32g474xx.o(HEAP)
    Heap_Mem                                 0x20000808   Data         512  startup_stm32g474xx.o(HEAP)
    STACK                                    0x20000a08   Section     1024  startup_stm32g474xx.o(STACK)
    Stack_Mem                                0x20000a08   Data        1024  startup_stm32g474xx.o(STACK)
    __initial_sp                             0x20000e08   Data           0  startup_stm32g474xx.o(STACK)

    Global Symbols

    Symbol Name                              Value     Ov Type        Size  Object(Section)

    BuildAttributes$$THM_ISAv4$E$P$D$K$B$S$7EM$VFPi3$EXTD16$VFPS$VFMA$PE$A:L22UL41UL21$X:L11$S22US41US21$IEEE1$IW$USESV6$~STKCKD$USESV7$~SHL$OSPACE$ROPI$EBA8$UX$STANDARDLIB$REQ8$PRES8$EABIv2 0x00000000   Number         0  anon$$obj.o ABSOLUTE
    __ARM_use_no_argv                        0x00000000   Number         0  main.o ABSOLUTE
    __ARM_exceptions_init                     - Undefined Weak Reference
    __alloca_initialize                       - Undefined Weak Reference
    __arm_preinit_                            - Undefined Weak Reference
    __cpp_initialize__aeabi_                  - Undefined Weak Reference
    __cxa_finalize                            - Undefined Weak Reference
    __rt_locale                               - Undefined Weak Reference
    __sigvec_lookup                           - Undefined Weak Reference
    _atexit_init                              - Undefined Weak Reference
    _call_atexit_fns                          - Undefined Weak Reference
    _clock_init                               - Undefined Weak Reference
    _fp_trap_init                             - Undefined Weak Reference
    _fp_trap_shutdown                         - Undefined Weak Reference
    _get_lc_collate                           - Undefined Weak Reference
    _get_lc_ctype                             - Undefined Weak Reference
    _get_lc_monetary                          - Undefined Weak Reference
    _get_lc_numeric                           - Undefined Weak Reference
    _get_lc_time                              - Undefined Weak Reference
    _getenv_init                              - Undefined Weak Reference
    _handle_redirection                       - Undefined Weak Reference
    _init_alloc                               - Undefined Weak Reference
    _init_user_alloc                          - Undefined Weak Reference
    _initio                                   - Undefined Weak Reference
    _rand_init                                - Undefined Weak Reference
    _signal_finish                            - Undefined Weak Reference
    _signal_init                              - Undefined Weak Reference
    _terminate_alloc                          - Undefined Weak Reference
    _terminate_user_alloc                     - Undefined Weak Reference
    _terminateio                              - Undefined Weak Reference
    __Vectors_Size                           0x000001d8   Number         0  startup_stm32g474xx.o ABSOLUTE
    __Vectors                                0x08000000   Data           4  startup_stm32g474xx.o(RESET)
    __Vectors_End                            0x080001d8   Data           0  startup_stm32g474xx.o(RESET)
    __main                                   0x080001d9   Thumb Code     8  __main.o(!!!main)
    __scatterload                            0x080001e1   Thumb Code     0  __scatter.o(!!!scatter)
    __scatterload_rt2                        0x080001e1   Thumb Code    44  __scatter.o(!!!scatter)
    __scatterload_rt2_thumb_only             0x080001e1   Thumb Code     0  __scatter.o(!!!scatter)
    __scatterload_null                       0x080001ef   Thumb Code     0  __scatter.o(!!!scatter)
    __scatterload_copy                       0x08000215   Thumb Code    26  __scatter_copy.o(!!handler_copy)
    __scatterload_zeroinit                   0x08000231   Thumb Code    28  __scatter_zi.o(!!handler_zi)
    __rt_lib_init                            0x0800024d   Thumb Code     0  libinit.o(.ARM.Collect$$libinit$$00000000)
    __rt_lib_init_fp_1                       0x0800024f   Thumb Code     0  libinit2.o(.ARM.Collect$$libinit$$00000001)
    __rt_lib_init_alloca_1                   0x08000253   Thumb Code     0  libinit2.o(.ARM.Collect$$libinit$$0000002E)
    __rt_lib_init_argv_1                     0x08000253   Thumb Code     0  libinit2.o(.ARM.Collect$$libinit$$0000002C)
    __rt_lib_init_atexit_1                   0x08000253   Thumb Code     0  libinit2.o(.ARM.Collect$$libinit$$0000001B)
    __rt_lib_init_clock_1                    0x08000253   Thumb Code     0  libinit2.o(.ARM.Collect$$libinit$$00000021)
    __rt_lib_init_cpp_1                      0x08000253   Thumb Code     0  libinit2.o(.ARM.Collect$$libinit$$00000032)
    __rt_lib_init_exceptions_1               0x08000253   Thumb Code     0  libinit2.o(.ARM.Collect$$libinit$$00000030)
    __rt_lib_init_fp_trap_1                  0x08000253   Thumb Code     0  libinit2.o(.ARM.Collect$$libinit$$0000001F)
    __rt_lib_init_getenv_1                   0x08000253   Thumb Code     0  libinit2.o(.ARM.Collect$$libinit$$00000023)
    __rt_lib_init_heap_1                     0x08000253   Thumb Code     0  libinit2.o(.ARM.Collect$$libinit$$0000000A)
    __rt_lib_init_lc_collate_1               0x08000253   Thumb Code     0  libinit2.o(.ARM.Collect$$libinit$$00000011)
    __rt_lib_init_lc_ctype_1                 0x08000253   Thumb Code     0  libinit2.o(.ARM.Collect$$libinit$$00000013)
    __rt_lib_init_lc_monetary_1              0x08000253   Thumb Code     0  libinit2.o(.ARM.Collect$$libinit$$00000015)
    __rt_lib_init_lc_numeric_1               0x08000253   Thumb Code     0  libinit2.o(.ARM.Collect$$libinit$$00000017)
    __rt_lib_init_lc_time_1                  0x08000253   Thumb Code     0  libinit2.o(.ARM.Collect$$libinit$$00000019)
    __rt_lib_init_preinit_1                  0x08000253   Thumb Code     0  libinit2.o(.ARM.Collect$$libinit$$00000004)
    __rt_lib_init_rand_1                     0x08000253   Thumb Code     0  libinit2.o(.ARM.Collect$$libinit$$0000000E)
    __rt_lib_init_return                     0x08000253   Thumb Code     0  libinit2.o(.ARM.Collect$$libinit$$00000033)
    __rt_lib_init_signal_1                   0x08000253   Thumb Code     0  libinit2.o(.ARM.Collect$$libinit$$0000001D)
    __rt_lib_init_stdio_1                    0x08000253   Thumb Code     0  libinit2.o(.ARM.Collect$$libinit$$00000025)
    __rt_lib_init_user_alloc_1               0x08000253   Thumb Code     0  libinit2.o(.ARM.Collect$$libinit$$0000000C)
    __rt_lib_shutdown                        0x08000255   Thumb Code     0  libshutdown.o(.ARM.Collect$$libshutdown$$00000000)
    __rt_lib_shutdown_cpp_1                  0x08000257   Thumb Code     0  libshutdown2.o(.ARM.Collect$$libshutdown$$00000002)
    __rt_lib_shutdown_fp_trap_1              0x08000257   Thumb Code     0  libshutdown2.o(.ARM.Collect$$libshutdown$$00000007)
    __rt_lib_shutdown_heap_1                 0x08000257   Thumb Code     0  libshutdown2.o(.ARM.Collect$$libshutdown$$0000000F)
    __rt_lib_shutdown_return                 0x08000257   Thumb Code     0  libshutdown2.o(.ARM.Collect$$libshutdown$$00000010)
    __rt_lib_shutdown_signal_1               0x08000257   Thumb Code     0  libshutdown2.o(.ARM.Collect$$libshutdown$$0000000A)
    __rt_lib_shutdown_stdio_1                0x08000257   Thumb Code     0  libshutdown2.o(.ARM.Collect$$libshutdown$$00000004)
    __rt_lib_shutdown_user_alloc_1           0x08000257   Thumb Code     0  libshutdown2.o(.ARM.Collect$$libshutdown$$0000000C)
    __rt_entry                               0x08000259   Thumb Code     0  __rtentry.o(.ARM.Collect$$rtentry$$00000000)
    __rt_entry_presh_1                       0x08000259   Thumb Code     0  __rtentry2.o(.ARM.Collect$$rtentry$$00000002)
    __rt_entry_sh                            0x08000259   Thumb Code     0  __rtentry4.o(.ARM.Collect$$rtentry$$00000004)
    __rt_entry_li                            0x0800025f   Thumb Code     0  __rtentry2.o(.ARM.Collect$$rtentry$$0000000A)
    __rt_entry_postsh_1                      0x0800025f   Thumb Code     0  __rtentry2.o(.ARM.Collect$$rtentry$$00000009)
    __rt_entry_main                          0x08000263   Thumb Code     0  __rtentry2.o(.ARM.Collect$$rtentry$$0000000D)
    __rt_entry_postli_1                      0x08000263   Thumb Code     0  __rtentry2.o(.ARM.Collect$$rtentry$$0000000C)
    __rt_exit                                0x0800026b   Thumb Code     0  rtexit.o(.ARM.Collect$$rtexit$$00000000)
    __rt_exit_ls                             0x0800026d   Thumb Code     0  rtexit2.o(.ARM.Collect$$rtexit$$00000003)
    __rt_exit_prels_1                        0x0800026d   Thumb Code     0  rtexit2.o(.ARM.Collect$$rtexit$$00000002)
    __rt_exit_exit                           0x08000271   Thumb Code     0  rtexit2.o(.ARM.Collect$$rtexit$$00000004)
    Reset_Handler                            0x08000279   Thumb Code     8  startup_stm32g474xx.o(.text)
    COMP1_2_3_IRQHandler                     0x08000293   Thumb Code     0  startup_stm32g474xx.o(.text)
    COMP4_5_6_IRQHandler                     0x08000293   Thumb Code     0  startup_stm32g474xx.o(.text)
    COMP7_IRQHandler                         0x08000293   Thumb Code     0  startup_stm32g474xx.o(.text)
    CORDIC_IRQHandler                        0x08000293   Thumb Code     0  startup_stm32g474xx.o(.text)
    CRS_IRQHandler                           0x08000293   Thumb Code     0  startup_stm32g474xx.o(.text)
    DMA1_Channel3_IRQHandler                 0x08000293   Thumb Code     0  startup_stm32g474xx.o(.text)
    DMA1_Channel4_IRQHandler                 0x08000293   Thumb Code     0  startup_stm32g474xx.o(.text)
    DMA1_Channel5_IRQHandler                 0x08000293   Thumb Code     0  startup_stm32g474xx.o(.text)
    DMA1_Channel6_IRQHandler                 0x08000293   Thumb Code     0  startup_stm32g474xx.o(.text)
    DMA1_Channel7_IRQHandler                 0x08000293   Thumb Code     0  startup_stm32g474xx.o(.text)
    DMA1_Channel8_IRQHandler                 0x08000293   Thumb Code     0  startup_stm32g474xx.o(.text)
    DMA2_Channel4_IRQHandler                 0x08000293   Thumb Code     0  startup_stm32g474xx.o(.text)
    DMA2_Channel5_IRQHandler                 0x08000293   Thumb Code     0  startup_stm32g474xx.o(.text)
    DMA2_Channel6_IRQHandler                 0x08000293   Thumb Code     0  startup_stm32g474xx.o(.text)
    DMA2_Channel7_IRQHandler                 0x08000293   Thumb Code     0  startup_stm32g474xx.o(.text)
    DMA2_Channel8_IRQHandler                 0x08000293   Thumb Code     0  startup_stm32g474xx.o(.text)
    DMAMUX_OVR_IRQHandler                    0x08000293   Thumb Code     0  startup_stm32g474xx.o(.text)
    EXTI0_IRQHandler                         0x08000293   Thumb Code     0  startup_stm32g474xx.o(.text)
    EXTI15_10_IRQHandler                     0x08000293   Thumb Code     0  startup_stm32g474xx.o(.text)
    EXTI1_IRQHandler                         0x08000293   Thumb Code     0  startup_stm32g474xx.o(.text)
    EXTI2_IRQHandler                         0x08000293   Thumb Code     0  startup_stm32g474xx.o(.text)
    EXTI3_IRQHandler                         0x08000293   Thumb Code     0  startup_stm32g474xx.o(.text)
    EXTI4_IRQHandler                         0x08000293   Thumb Code     0  startup_stm32g474xx.o(.text)
    EXTI9_5_IRQHandler                       0x08000293   Thumb Code     0  startup_stm32g474xx.o(.text)
    FDCAN1_IT0_IRQHandler                    0x08000293   Thumb Code     0  startup_stm32g474xx.o(.text)
    FDCAN1_IT1_IRQHandler                    0x08000293   Thumb Code     0  startup_stm32g474xx.o(.text)
    FDCAN2_IT0_IRQHandler                    0x08000293   Thumb Code     0  startup_stm32g474xx.o(.text)
    FDCAN2_IT1_IRQHandler                    0x08000293   Thumb Code     0  startup_stm32g474xx.o(.text)
    FDCAN3_IT0_IRQHandler                    0x08000293   Thumb Code     0  startup_stm32g474xx.o(.text)
    FDCAN3_IT1_IRQHandler                    0x08000293   Thumb Code     0  startup_stm32g474xx.o(.text)
    FLASH_IRQHandler                         0x08000293   Thumb Code     0  startup_stm32g474xx.o(.text)
    FMAC_IRQHandler                          0x08000293   Thumb Code     0  startup_stm32g474xx.o(.text)
    FMC_IRQHandler                           0x08000293   Thumb Code     0  startup_stm32g474xx.o(.text)
    FPU_IRQHandler                           0x08000293   Thumb Code     0  startup_stm32g474xx.o(.text)
    HRTIM1_Master_IRQHandler                 0x08000293   Thumb Code     0  startup_stm32g474xx.o(.text)
    HRTIM1_TIMA_IRQHandler                   0x08000293   Thumb Code     0  startup_stm32g474xx.o(.text)
    HRTIM1_TIMB_IRQHandler                   0x08000293   Thumb Code     0  startup_stm32g474xx.o(.text)
    HRTIM1_TIMC_IRQHandler                   0x08000293   Thumb Code     0  startup_stm32g474xx.o(.text)
    HRTIM1_TIMD_IRQHandler                   0x08000293   Thumb Code     0  startup_stm32g474xx.o(.text)
    HRTIM1_TIME_IRQHandler                   0x08000293   Thumb Code     0  startup_stm32g474xx.o(.text)
    HRTIM1_TIMF_IRQHandler                   0x08000293   Thumb Code     0  startup_stm32g474xx.o(.text)
    I2C1_ER_IRQHandler                       0x08000293   Thumb Code     0  startup_stm32g474xx.o(.text)
    I2C1_EV_IRQHandler                       0x08000293   Thumb Code     0  startup_stm32g474xx.o(.text)
    I2C2_ER_IRQHandler                       0x08000293   Thumb Code     0  startup_stm32g474xx.o(.text)
    I2C2_EV_IRQHandler                       0x08000293   Thumb Code     0  startup_stm32g474xx.o(.text)
    I2C3_ER_IRQHandler                       0x08000293   Thumb Code     0  startup_stm32g474xx.o(.text)
    I2C3_EV_IRQHandler                       0x08000293   Thumb Code     0  startup_stm32g474xx.o(.text)
    I2C4_ER_IRQHandler                       0x08000293   Thumb Code     0  startup_stm32g474xx.o(.text)
    I2C4_EV_IRQHandler                       0x08000293   Thumb Code     0  startup_stm32g474xx.o(.text)
    LPTIM1_IRQHandler                        0x08000293   Thumb Code     0  startup_stm32g474xx.o(.text)
    LPUART1_IRQHandler                       0x08000293   Thumb Code     0  startup_stm32g474xx.o(.text)
    PVD_PVM_IRQHandler                       0x08000293   Thumb Code     0  startup_stm32g474xx.o(.text)
    QUADSPI_IRQHandler                       0x08000293   Thumb Code     0  startup_stm32g474xx.o(.text)
    RCC_IRQHandler                           0x08000293   Thumb Code     0  startup_stm32g474xx.o(.text)
    RNG_IRQHandler                           0x08000293   Thumb Code     0  startup_stm32g474xx.o(.text)
    RTC_Alarm_IRQHandler                     0x08000293   Thumb Code     0  startup_stm32g474xx.o(.text)
    RTC_TAMP_LSECSS_IRQHandler               0x08000293   Thumb Code     0  startup_stm32g474xx.o(.text)
    RTC_WKUP_IRQHandler                      0x08000293   Thumb Code     0  startup_stm32g474xx.o(.text)
    SAI1_IRQHandler                          0x08000293   Thumb Code     0  startup_stm32g474xx.o(.text)
    SPI1_IRQHandler                          0x08000293   Thumb Code     0  startup_stm32g474xx.o(.text)
    SPI2_IRQHandler                          0x08000293   Thumb Code     0  startup_stm32g474xx.o(.text)
    SPI3_IRQHandler                          0x08000293   Thumb Code     0  startup_stm32g474xx.o(.text)
    SPI4_IRQHandler                          0x08000293   Thumb Code     0  startup_stm32g474xx.o(.text)
    TIM1_BRK_TIM15_IRQHandler                0x08000293   Thumb Code     0  startup_stm32g474xx.o(.text)
    TIM1_CC_IRQHandler                       0x08000293   Thumb Code     0  startup_stm32g474xx.o(.text)
    TIM1_TRG_COM_TIM17_IRQHandler            0x08000293   Thumb Code     0  startup_stm32g474xx.o(.text)
    TIM1_UP_TIM16_IRQHandler                 0x08000293   Thumb Code     0  startup_stm32g474xx.o(.text)
    TIM20_BRK_IRQHandler                     0x08000293   Thumb Code     0  startup_stm32g474xx.o(.text)
    TIM20_CC_IRQHandler                      0x08000293   Thumb Code     0  startup_stm32g474xx.o(.text)
    TIM20_TRG_COM_IRQHandler                 0x08000293   Thumb Code     0  startup_stm32g474xx.o(.text)
    TIM20_UP_IRQHandler                      0x08000293   Thumb Code     0  startup_stm32g474xx.o(.text)
    TIM2_IRQHandler                          0x08000293   Thumb Code     0  startup_stm32g474xx.o(.text)
    TIM3_IRQHandler                          0x08000293   Thumb Code     0  startup_stm32g474xx.o(.text)
    TIM4_IRQHandler                          0x08000293   Thumb Code     0  startup_stm32g474xx.o(.text)
    TIM5_IRQHandler                          0x08000293   Thumb Code     0  startup_stm32g474xx.o(.text)
    TIM6_DAC_IRQHandler                      0x08000293   Thumb Code     0  startup_stm32g474xx.o(.text)
    TIM7_DAC_IRQHandler                      0x08000293   Thumb Code     0  startup_stm32g474xx.o(.text)
    TIM8_BRK_IRQHandler                      0x08000293   Thumb Code     0  startup_stm32g474xx.o(.text)
    TIM8_CC_IRQHandler                       0x08000293   Thumb Code     0  startup_stm32g474xx.o(.text)
    TIM8_TRG_COM_IRQHandler                  0x08000293   Thumb Code     0  startup_stm32g474xx.o(.text)
    TIM8_UP_IRQHandler                       0x08000293   Thumb Code     0  startup_stm32g474xx.o(.text)
    UART4_IRQHandler                         0x08000293   Thumb Code     0  startup_stm32g474xx.o(.text)
    UART5_IRQHandler                         0x08000293   Thumb Code     0  startup_stm32g474xx.o(.text)
    UCPD1_IRQHandler                         0x08000293   Thumb Code     0  startup_stm32g474xx.o(.text)
    USART1_IRQHandler                        0x08000293   Thumb Code     0  startup_stm32g474xx.o(.text)
    USART2_IRQHandler                        0x08000293   Thumb Code     0  startup_stm32g474xx.o(.text)
    USART3_IRQHandler                        0x08000293   Thumb Code     0  startup_stm32g474xx.o(.text)
    USBWakeUp_IRQHandler                     0x08000293   Thumb Code     0  startup_stm32g474xx.o(.text)
    USB_HP_IRQHandler                        0x08000293   Thumb Code     0  startup_stm32g474xx.o(.text)
    USB_LP_IRQHandler                        0x08000293   Thumb Code     0  startup_stm32g474xx.o(.text)
    WWDG_IRQHandler                          0x08000293   Thumb Code     0  startup_stm32g474xx.o(.text)
    __user_initial_stackheap                 0x08000295   Thumb Code     0  startup_stm32g474xx.o(.text)
    __aeabi_uldivmod                         0x080002b9   Thumb Code     0  lludivv7m.o(.text)
    _ll_udiv                                 0x080002b9   Thumb Code   238  lludivv7m.o(.text)
    __aeabi_memcpy                           0x080003a7   Thumb Code     0  rt_memcpy_v6.o(.text)
    __rt_memcpy                              0x080003a7   Thumb Code   138  rt_memcpy_v6.o(.text)
    _memcpy_lastbytes                        0x0800040d   Thumb Code     0  rt_memcpy_v6.o(.text)
    __aeabi_memcpy4                          0x08000431   Thumb Code     0  rt_memcpy_w.o(.text)
    __aeabi_memcpy8                          0x08000431   Thumb Code     0  rt_memcpy_w.o(.text)
    __rt_memcpy_w                            0x08000431   Thumb Code   100  rt_memcpy_w.o(.text)
    _memcpy_lastbytes_aligned                0x08000479   Thumb Code     0  rt_memcpy_w.o(.text)
    __aeabi_memclr4                          0x08000495   Thumb Code     0  rt_memclr_w.o(.text)
    __aeabi_memclr8                          0x08000495   Thumb Code     0  rt_memclr_w.o(.text)
    __rt_memclr_w                            0x08000495   Thumb Code    78  rt_memclr_w.o(.text)
    _memset_w                                0x08000499   Thumb Code     0  rt_memclr_w.o(.text)
    __use_two_region_memory                  0x080004e3   Thumb Code     2  heapauxi.o(.text)
    __rt_heap_escrow$2region                 0x080004e5   Thumb Code     2  heapauxi.o(.text)
    __rt_heap_expand$2region                 0x080004e7   Thumb Code     2  heapauxi.o(.text)
    __user_setup_stackheap                   0x080004e9   Thumb Code    74  sys_stackheap_outer.o(.text)
    exit                                     0x08000533   Thumb Code    18  exit.o(.text)
    __user_libspace                          0x08000545   Thumb Code     8  libspace.o(.text)
    __user_perproc_libspace                  0x08000545   Thumb Code     0  libspace.o(.text)
    __user_perthread_libspace                0x08000545   Thumb Code     0  libspace.o(.text)
    _sys_exit                                0x0800054d   Thumb Code     8  sys_exit.o(.text)
    __I$use$semihosting                      0x08000559   Thumb Code     0  use_no_semi.o(.text)
    __use_no_semihosting_swi                 0x08000559   Thumb Code     2  use_no_semi.o(.text)
    __semihosting_library_function           0x0800055b   Thumb Code     0  indicate_semi.o(.text)
    ADC1_2_IRQHandler                        0x0800055d   Thumb Code    18  stm32g4xx_it.o(i.ADC1_2_IRQHandler)
    ADC3_IRQHandler                          0x08000579   Thumb Code     6  stm32g4xx_it.o(i.ADC3_IRQHandler)
    ADC4_IRQHandler                          0x08000585   Thumb Code     6  stm32g4xx_it.o(i.ADC4_IRQHandler)
    ADC5_IRQHandler                          0x08000591   Thumb Code     6  stm32g4xx_it.o(i.ADC5_IRQHandler)
    ADC_DMAConvCplt                          0x0800059d   Thumb Code   104  stm32g4xx_hal_adc.o(i.ADC_DMAConvCplt)
    ADC_DMAError                             0x08000605   Thumb Code    26  stm32g4xx_hal_adc.o(i.ADC_DMAError)
    ADC_DMAHalfConvCplt                      0x0800061f   Thumb Code    10  stm32g4xx_hal_adc.o(i.ADC_DMAHalfConvCplt)
    ADC_Disable                              0x08000629   Thumb Code   106  stm32g4xx_hal_adc.o(i.ADC_Disable)
    ADC_Enable                               0x08000699   Thumb Code   172  stm32g4xx_hal_adc.o(i.ADC_Enable)
    BusFault_Handler                         0x0800075d   Thumb Code    18  stm32g4xx_it.o(i.BusFault_Handler)
    CBSVPWM_Calc3Leg                         0x0800077f   Thumb Code     6  cbsvpwm.o(i.CBSVPWM_Calc3Leg)
    CBSVPWM_Init                             0x08000a9d   Thumb Code   100  cbsvpwm.o(i.CBSVPWM_Init)
    CBSVPWM_Reset                            0x08000b6b   Thumb Code    10  cbsvpwm.o(i.CBSVPWM_Reset)
    DMA1_Channel1_IRQHandler                 0x08000bc9   Thumb Code     6  stm32g4xx_it.o(i.DMA1_Channel1_IRQHandler)
    DMA1_Channel2_IRQHandler                 0x08000bd5   Thumb Code     6  stm32g4xx_it.o(i.DMA1_Channel2_IRQHandler)
    DMA2_Channel1_IRQHandler                 0x08000be1   Thumb Code     6  stm32g4xx_it.o(i.DMA2_Channel1_IRQHandler)
    DMA2_Channel2_IRQHandler                 0x08000bed   Thumb Code     6  stm32g4xx_it.o(i.DMA2_Channel2_IRQHandler)
    DMA2_Channel3_IRQHandler                 0x08000bf9   Thumb Code     6  stm32g4xx_it.o(i.DMA2_Channel3_IRQHandler)
    DebugMon_Handler                         0x08000cb3   Thumb Code     2  stm32g4xx_it.o(i.DebugMon_Handler)
    Error_Handler                            0x08000cb5   Thumb Code    36  main.o(i.Error_Handler)
    HAL_ADCEx_Calibration_Start              0x08000ce1   Thumb Code   138  stm32g4xx_hal_adc_ex.o(i.HAL_ADCEx_Calibration_Start)
    HAL_ADCEx_EndOfSamplingCallback          0x08000d75   Thumb Code     2  stm32g4xx_hal_adc_ex.o(i.HAL_ADCEx_EndOfSamplingCallback)
    HAL_ADCEx_InjectedConvCpltCallback       0x08000d77   Thumb Code     2  stm32g4xx_hal_adc_ex.o(i.HAL_ADCEx_InjectedConvCpltCallback)
    HAL_ADCEx_InjectedQueueOverflowCallback  0x08000d79   Thumb Code     2  stm32g4xx_hal_adc_ex.o(i.HAL_ADCEx_InjectedQueueOverflowCallback)
    HAL_ADCEx_LevelOutOfWindow2Callback      0x08000d7b   Thumb Code     2  stm32g4xx_hal_adc_ex.o(i.HAL_ADCEx_LevelOutOfWindow2Callback)
    HAL_ADCEx_LevelOutOfWindow3Callback      0x08000d7d   Thumb Code     2  stm32g4xx_hal_adc_ex.o(i.HAL_ADCEx_LevelOutOfWindow3Callback)
    HAL_ADCEx_MultiModeConfigChannel         0x08000d81   Thumb Code   326  stm32g4xx_hal_adc_ex.o(i.HAL_ADCEx_MultiModeConfigChannel)
    HAL_ADC_AnalogWDGConfig                  0x08000ee1   Thumb Code   578  stm32g4xx_hal_adc.o(i.HAL_ADC_AnalogWDGConfig)
    HAL_ADC_ConfigChannel                    0x08001139   Thumb Code  1062  stm32g4xx_hal_adc.o(i.HAL_ADC_ConfigChannel)
    HAL_ADC_ConvCpltCallback                 0x080015a1   Thumb Code    98  main.o(i.HAL_ADC_ConvCpltCallback)
    HAL_ADC_ConvHalfCpltCallback             0x08001611   Thumb Code     2  stm32g4xx_hal_adc.o(i.HAL_ADC_ConvHalfCpltCallback)
    HAL_ADC_ErrorCallback                    0x08001615   Thumb Code    32  main.o(i.HAL_ADC_ErrorCallback)
    HAL_ADC_IRQHandler                       0x08001641   Thumb Code   674  stm32g4xx_hal_adc.o(i.HAL_ADC_IRQHandler)
    HAL_ADC_Init                             0x080018f9   Thumb Code   510  stm32g4xx_hal_adc.o(i.HAL_ADC_Init)
    HAL_ADC_LevelOutOfWindowCallback         0x08001b29   Thumb Code    32  main.o(i.HAL_ADC_LevelOutOfWindowCallback)
    HAL_ADC_MspInit                          0x08001b55   Thumb Code   862  adc.o(i.HAL_ADC_MspInit)
    HAL_ADC_Start_DMA                        0x08001eed   Thumb Code   260  stm32g4xx_hal_adc.o(i.HAL_ADC_Start_DMA)
    HAL_DMA_IRQHandler                       0x08002019   Thumb Code   186  stm32g4xx_hal_dma.o(i.HAL_DMA_IRQHandler)
    HAL_DMA_Init                             0x080020d5   Thumb Code   182  stm32g4xx_hal_dma.o(i.HAL_DMA_Init)
    HAL_DMA_Start_IT                         0x08002199   Thumb Code   140  stm32g4xx_hal_dma.o(i.HAL_DMA_Start_IT)
    HAL_Delay                                0x08002225   Thumb Code    32  stm32g4xx_hal.o(i.HAL_Delay)
    HAL_GPIO_Init                            0x08002249   Thumb Code   532  stm32g4xx_hal_gpio.o(i.HAL_GPIO_Init)
    HAL_GPIO_ReadPin                         0x0800247d   Thumb Code    10  stm32g4xx_hal_gpio.o(i.HAL_GPIO_ReadPin)
    HAL_GPIO_WritePin                        0x08002487   Thumb Code    10  stm32g4xx_hal_gpio.o(i.HAL_GPIO_WritePin)
    HAL_GetTick                              0x08002491   Thumb Code     6  stm32g4xx_hal.o(i.HAL_GetTick)
    HAL_HRTIM_ADCPostScalerConfig            0x0800249d   Thumb Code   252  stm32g4xx_hal_hrtim.o(i.HAL_HRTIM_ADCPostScalerConfig)
    HAL_HRTIM_ADCTriggerConfig               0x08002599   Thumb Code   544  stm32g4xx_hal_hrtim.o(i.HAL_HRTIM_ADCTriggerConfig)
    HAL_HRTIM_BurstModePeriodCallback        0x080027b9   Thumb Code     2  stm32g4xx_hal_hrtim.o(i.HAL_HRTIM_BurstModePeriodCallback)
    HAL_HRTIM_Capture1EventCallback          0x080027bb   Thumb Code     2  stm32g4xx_hal_hrtim.o(i.HAL_HRTIM_Capture1EventCallback)
    HAL_HRTIM_Capture2EventCallback          0x080027bd   Thumb Code     2  stm32g4xx_hal_hrtim.o(i.HAL_HRTIM_Capture2EventCallback)
    HAL_HRTIM_Compare1EventCallback          0x080027bf   Thumb Code     2  stm32g4xx_hal_hrtim.o(i.HAL_HRTIM_Compare1EventCallback)
    HAL_HRTIM_Compare2EventCallback          0x080027c1   Thumb Code     2  stm32g4xx_hal_hrtim.o(i.HAL_HRTIM_Compare2EventCallback)
    HAL_HRTIM_Compare3EventCallback          0x080027c3   Thumb Code     2  stm32g4xx_hal_hrtim.o(i.HAL_HRTIM_Compare3EventCallback)
    HAL_HRTIM_Compare4EventCallback          0x080027c5   Thumb Code     2  stm32g4xx_hal_hrtim.o(i.HAL_HRTIM_Compare4EventCallback)
    HAL_HRTIM_CounterResetCallback           0x080027c7   Thumb Code     2  stm32g4xx_hal_hrtim.o(i.HAL_HRTIM_CounterResetCallback)
    HAL_HRTIM_DLLCalibrationReadyCallback    0x080027c9   Thumb Code     2  stm32g4xx_hal_hrtim.o(i.HAL_HRTIM_DLLCalibrationReadyCallback)
    HAL_HRTIM_DLLCalibrationStart            0x080027cb   Thumb Code    98  stm32g4xx_hal_hrtim.o(i.HAL_HRTIM_DLLCalibrationStart)
    HAL_HRTIM_DeadTimeConfig                 0x0800282d   Thumb Code   136  stm32g4xx_hal_hrtim.o(i.HAL_HRTIM_DeadTimeConfig)
    HAL_HRTIM_DelayedProtectionCallback      0x080028b9   Thumb Code     2  stm32g4xx_hal_hrtim.o(i.HAL_HRTIM_DelayedProtectionCallback)
    HAL_HRTIM_Fault1Callback                 0x080028bb   Thumb Code     2  stm32g4xx_hal_hrtim.o(i.HAL_HRTIM_Fault1Callback)
    HAL_HRTIM_Fault2Callback                 0x080028bd   Thumb Code     2  stm32g4xx_hal_hrtim.o(i.HAL_HRTIM_Fault2Callback)
    HAL_HRTIM_Fault3Callback                 0x080028c1   Thumb Code    20  main.o(i.HAL_HRTIM_Fault3Callback)
    HAL_HRTIM_Fault4Callback                 0x080028d9   Thumb Code     2  stm32g4xx_hal_hrtim.o(i.HAL_HRTIM_Fault4Callback)
    HAL_HRTIM_Fault5Callback                 0x080028db   Thumb Code     2  stm32g4xx_hal_hrtim.o(i.HAL_HRTIM_Fault5Callback)
    HAL_HRTIM_Fault6Callback                 0x080028dd   Thumb Code     2  stm32g4xx_hal_hrtim.o(i.HAL_HRTIM_Fault6Callback)
    HAL_HRTIM_FaultConfig                    0x080028e1   Thumb Code   468  stm32g4xx_hal_hrtim.o(i.HAL_HRTIM_FaultConfig)
    HAL_HRTIM_FaultCounterConfig             0x08002ab5   Thumb Code   244  stm32g4xx_hal_hrtim.o(i.HAL_HRTIM_FaultCounterConfig)
    HAL_HRTIM_FaultModeCtl                   0x08002ba9   Thumb Code   112  stm32g4xx_hal_hrtim.o(i.HAL_HRTIM_FaultModeCtl)
    HAL_HRTIM_FaultPrescalerConfig           0x08002c19   Thumb Code    64  stm32g4xx_hal_hrtim.o(i.HAL_HRTIM_FaultPrescalerConfig)
    HAL_HRTIM_IRQHandler                     0x08002c59   Thumb Code    20  stm32g4xx_hal_hrtim.o(i.HAL_HRTIM_IRQHandler)
    HAL_HRTIM_Init                           0x08002c6d   Thumb Code   184  stm32g4xx_hal_hrtim.o(i.HAL_HRTIM_Init)
    HAL_HRTIM_MspInit                        0x08002d2d   Thumb Code   106  hrtim.o(i.HAL_HRTIM_MspInit)
    HAL_HRTIM_MspPostInit                    0x08002da5   Thumb Code   146  hrtim.o(i.HAL_HRTIM_MspPostInit)
    HAL_HRTIM_Output1ResetCallback           0x08002e49   Thumb Code     2  stm32g4xx_hal_hrtim.o(i.HAL_HRTIM_Output1ResetCallback)
    HAL_HRTIM_Output1SetCallback             0x08002e4b   Thumb Code     2  stm32g4xx_hal_hrtim.o(i.HAL_HRTIM_Output1SetCallback)
    HAL_HRTIM_Output2ResetCallback           0x08002e4d   Thumb Code     2  stm32g4xx_hal_hrtim.o(i.HAL_HRTIM_Output2ResetCallback)
    HAL_HRTIM_Output2SetCallback             0x08002e4f   Thumb Code     2  stm32g4xx_hal_hrtim.o(i.HAL_HRTIM_Output2SetCallback)
    HAL_HRTIM_PollForDLLCalibration          0x08002e51   Thumb Code    66  stm32g4xx_hal_hrtim.o(i.HAL_HRTIM_PollForDLLCalibration)
    HAL_HRTIM_RegistersUpdateCallback        0x08002e93   Thumb Code     2  stm32g4xx_hal_hrtim.o(i.HAL_HRTIM_RegistersUpdateCallback)
    HAL_HRTIM_RepetitionEventCallback        0x08002e95   Thumb Code     2  stm32g4xx_hal_hrtim.o(i.HAL_HRTIM_RepetitionEventCallback)
    HAL_HRTIM_RollOverModeConfig             0x08002e97   Thumb Code    74  stm32g4xx_hal_hrtim.o(i.HAL_HRTIM_RollOverModeConfig)
    HAL_HRTIM_SynchronizationEventCallback   0x08002ee1   Thumb Code     2  stm32g4xx_hal_hrtim.o(i.HAL_HRTIM_SynchronizationEventCallback)
    HAL_HRTIM_SystemFaultCallback            0x08002ee3   Thumb Code     2  stm32g4xx_hal_hrtim.o(i.HAL_HRTIM_SystemFaultCallback)
    HAL_HRTIM_TimeBaseConfig                 0x08002ee5   Thumb Code   122  stm32g4xx_hal_hrtim.o(i.HAL_HRTIM_TimeBaseConfig)
    HAL_HRTIM_WaveformCompareConfig          0x08002f5f   Thumb Code   308  stm32g4xx_hal_hrtim.o(i.HAL_HRTIM_WaveformCompareConfig)
    HAL_HRTIM_WaveformCountStart             0x08003093   Thumb Code    44  stm32g4xx_hal_hrtim.o(i.HAL_HRTIM_WaveformCountStart)
    HAL_HRTIM_WaveformCountStop              0x080030bf   Thumb Code    44  stm32g4xx_hal_hrtim.o(i.HAL_HRTIM_WaveformCountStop)
    HAL_HRTIM_WaveformOutputConfig           0x080030eb   Thumb Code    54  stm32g4xx_hal_hrtim.o(i.HAL_HRTIM_WaveformOutputConfig)
    HAL_HRTIM_WaveformOutputStart            0x08003121   Thumb Code    48  stm32g4xx_hal_hrtim.o(i.HAL_HRTIM_WaveformOutputStart)
    HAL_HRTIM_WaveformOutputStop             0x08003151   Thumb Code    48  stm32g4xx_hal_hrtim.o(i.HAL_HRTIM_WaveformOutputStop)
    HAL_HRTIM_WaveformTimerConfig            0x08003181   Thumb Code   144  stm32g4xx_hal_hrtim.o(i.HAL_HRTIM_WaveformTimerConfig)
    HAL_HRTIM_WaveformTimerControl           0x08003211   Thumb Code   122  stm32g4xx_hal_hrtim.o(i.HAL_HRTIM_WaveformTimerControl)
    HAL_IWDG_Init                            0x0800328d   Thumb Code   106  stm32g4xx_hal_iwdg.o(i.HAL_IWDG_Init)
    HAL_IWDG_Refresh                         0x080032f7   Thumb Code    12  stm32g4xx_hal_iwdg.o(i.HAL_IWDG_Refresh)
    HAL_IncTick                              0x08003305   Thumb Code    12  stm32g4xx_hal.o(i.HAL_IncTick)
    HAL_Init                                 0x08003315   Thumb Code    30  stm32g4xx_hal.o(i.HAL_Init)
    HAL_InitTick                             0x08003335   Thumb Code    58  stm32g4xx_hal.o(i.HAL_InitTick)
    HAL_MspInit                              0x08003379   Thumb Code    42  stm32g4xx_hal_msp.o(i.HAL_MspInit)
    HAL_NVIC_EnableIRQ                       0x080033a9   Thumb Code    26  stm32g4xx_hal_cortex.o(i.HAL_NVIC_EnableIRQ)
    HAL_NVIC_SetPriority                     0x080033c5   Thumb Code    60  stm32g4xx_hal_cortex.o(i.HAL_NVIC_SetPriority)
    HAL_NVIC_SetPriorityGrouping             0x08003405   Thumb Code    26  stm32g4xx_hal_cortex.o(i.HAL_NVIC_SetPriorityGrouping)
    HAL_PWREx_ControlVoltageScaling          0x08003429   Thumb Code   174  stm32g4xx_hal_pwr_ex.o(i.HAL_PWREx_ControlVoltageScaling)
    HAL_PWREx_DisableUCPDDeadBattery         0x080034e5   Thumb Code    12  stm32g4xx_hal_pwr_ex.o(i.HAL_PWREx_DisableUCPDDeadBattery)
    HAL_RCCEx_PeriphCLKConfig                0x080034f5   Thumb Code   758  stm32g4xx_hal_rcc_ex.o(i.HAL_RCCEx_PeriphCLKConfig)
    HAL_RCC_CSSCallback                      0x080037f5   Thumb Code     2  stm32g4xx_hal_rcc.o(i.HAL_RCC_CSSCallback)
    HAL_RCC_ClockConfig                      0x080037f9   Thumb Code   444  stm32g4xx_hal_rcc.o(i.HAL_RCC_ClockConfig)
    HAL_RCC_EnableCSS                        0x080039d5   Thumb Code    12  stm32g4xx_hal_rcc.o(i.HAL_RCC_EnableCSS)
    HAL_RCC_GetPCLK1Freq                     0x080039e5   Thumb Code    24  stm32g4xx_hal_rcc.o(i.HAL_RCC_GetPCLK1Freq)
    HAL_RCC_GetPCLK2Freq                     0x08003a09   Thumb Code    24  stm32g4xx_hal_rcc.o(i.HAL_RCC_GetPCLK2Freq)
    HAL_RCC_GetSysClockFreq                  0x08003a2d   Thumb Code    98  stm32g4xx_hal_rcc.o(i.HAL_RCC_GetSysClockFreq)
    HAL_RCC_NMI_IRQHandler                   0x08003a99   Thumb Code    20  stm32g4xx_hal_rcc.o(i.HAL_RCC_NMI_IRQHandler)
    HAL_RCC_OscConfig                        0x08003ab1   Thumb Code  1028  stm32g4xx_hal_rcc.o(i.HAL_RCC_OscConfig)
    HAL_SYSTICK_Config                       0x08003eb5   Thumb Code    40  stm32g4xx_hal_cortex.o(i.HAL_SYSTICK_Config)
    HAL_UARTEx_DisableFifoMode               0x08003edd   Thumb Code    62  stm32g4xx_hal_uart_ex.o(i.HAL_UARTEx_DisableFifoMode)
    HAL_UARTEx_SetRxFifoThreshold            0x08003f1b   Thumb Code    76  stm32g4xx_hal_uart_ex.o(i.HAL_UARTEx_SetRxFifoThreshold)
    HAL_UARTEx_SetTxFifoThreshold            0x08003f67   Thumb Code    76  stm32g4xx_hal_uart_ex.o(i.HAL_UARTEx_SetTxFifoThreshold)
    HAL_UART_Init                            0x08003fb3   Thumb Code   106  stm32g4xx_hal_uart.o(i.HAL_UART_Init)
    HAL_UART_MspInit                         0x0800401d   Thumb Code   110  usart.o(i.HAL_UART_MspInit)
    HAL_UART_Transmit                        0x08004099   Thumb Code   182  stm32g4xx_hal_uart.o(i.HAL_UART_Transmit)
    HRTIM1_FLT_IRQHandler                    0x08004151   Thumb Code     8  stm32g4xx_it.o(i.HRTIM1_FLT_IRQHandler)
    HardFault_Handler                        0x080047cd   Thumb Code    18  stm32g4xx_it.o(i.HardFault_Handler)
    INV_HRTIM_DisableOutputs                 0x080048c5   Thumb Code    22  inv_hrtim.o(i.INV_HRTIM_DisableOutputs)
    INV_HRTIM_EnableOutputs                  0x0800490d   Thumb Code    78  inv_hrtim.o(i.INV_HRTIM_EnableOutputs)
    INV_HRTIM_SetCompare                     0x080049a9   Thumb Code    64  inv_hrtim.o(i.INV_HRTIM_SetCompare)
    INV_HRTIM_SetDuty                        0x080049f1   Thumb Code   148  inv_hrtim.o(i.INV_HRTIM_SetDuty)
    INV_HRTIM_StartTimeBase                  0x08004a8d   Thumb Code    54  inv_hrtim.o(i.INV_HRTIM_StartTimeBase)
    INV_HRTIM_StopInverterTimers             0x08004ad1   Thumb Code    34  inv_hrtim.o(i.INV_HRTIM_StopInverterTimers)
    INV_Measure_GetCalibrationResult         0x08004c1d   Thumb Code    78  inv_measure.o(i.INV_Measure_GetCalibrationResult)
    INV_Measure_GetFault                     0x08004c71   Thumb Code     6  inv_measure.o(i.INV_Measure_GetFault)
    INV_Measure_GetSnapshot                  0x08004c7d   Thumb Code   142  inv_measure.o(i.INV_Measure_GetSnapshot)
    INV_Measure_Init                         0x08004d11   Thumb Code   336  inv_measure.o(i.INV_Measure_Init)
    INV_Measure_LatchFault                   0x08004e7d   Thumb Code    30  inv_measure.o(i.INV_Measure_LatchFault)
    INV_Measure_OnAdc3Complete               0x08004ea1   Thumb Code    12  inv_measure.o(i.INV_Measure_OnAdc3Complete)
    INV_Measure_OnAdc4Complete               0x08004eb1   Thumb Code    12  inv_measure.o(i.INV_Measure_OnAdc4Complete)
    INV_Measure_OnAdc5Complete               0x08004ec1   Thumb Code    12  inv_measure.o(i.INV_Measure_OnAdc5Complete)
    INV_OpenLoop_GetSnapshot                 0x080051e9   Thumb Code   106  inv_open_loop.o(i.INV_OpenLoop_GetSnapshot)
    INV_OpenLoop_Init                        0x08005259   Thumb Code   416  inv_open_loop.o(i.INV_OpenLoop_Init)
    INV_OpenLoop_Reset                       0x08005439   Thumb Code   132  inv_open_loop.o(i.INV_OpenLoop_Reset)
    INV_OpenLoop_SetFrequency                0x080054cd   Thumb Code    56  inv_open_loop.o(i.INV_OpenLoop_SetFrequency)
    INV_OpenLoop_Step                        0x08005561   Thumb Code   330  inv_open_loop.o(i.INV_OpenLoop_Step)
    MX_ADC1_Init                             0x08005745   Thumb Code   246  adc.o(i.MX_ADC1_Init)
    MX_ADC2_Init                             0x08005851   Thumb Code   170  adc.o(i.MX_ADC2_Init)
    MX_ADC3_Init                             0x0800590d   Thumb Code   242  adc.o(i.MX_ADC3_Init)
    MX_ADC4_Init                             0x08005a19   Thumb Code   222  adc.o(i.MX_ADC4_Init)
    MX_ADC5_Init                             0x08005b11   Thumb Code   222  adc.o(i.MX_ADC5_Init)
    MX_DMA_Init                              0x08005c09   Thumb Code   136  dma.o(i.MX_DMA_Init)
    MX_GPIO_Init                             0x08005c95   Thumb Code   186  gpio.o(i.MX_GPIO_Init)
    MX_HRTIM1_Init                           0x08005d59   Thumb Code  1144  hrtim.o(i.MX_HRTIM1_Init)
    MX_IWDG_Init                             0x080061d5   Thumb Code    40  iwdg.o(i.MX_IWDG_Init)
    MX_USART2_UART_Init                      0x08006205   Thumb Code    94  usart.o(i.MX_USART2_UART_Init)
    MemManage_Handler                        0x0800626d   Thumb Code    18  stm32g4xx_it.o(i.MemManage_Handler)
    NMI_Handler                              0x0800627f   Thumb Code    22  stm32g4xx_it.o(i.NMI_Handler)
    OLED_Clear                               0x08006295   Thumb Code    38  oled.o(i.OLED_Clear)
    OLED_I2C_Init                            0x080062bb   Thumb Code    18  oled.o(i.OLED_I2C_Init)
    OLED_I2C_SendByte                        0x080062cd   Thumb Code    58  oled.o(i.OLED_I2C_SendByte)
    OLED_I2C_Start                           0x08006307   Thumb Code    30  oled.o(i.OLED_I2C_Start)
    OLED_I2C_Stop                            0x08006325   Thumb Code    24  oled.o(i.OLED_I2C_Stop)
    OLED_Init                                0x0800633d   Thumb Code   152  oled.o(i.OLED_Init)
    OLED_Pow                                 0x080063d5   Thumb Code    14  oled.o(i.OLED_Pow)
    OLED_SetCursor                           0x080063e3   Thumb Code    34  oled.o(i.OLED_SetCursor)
    OLED_ShowChar                            0x08006405   Thumb Code    98  oled.o(i.OLED_ShowChar)
    OLED_ShowHexNum                          0x0800646d   Thumb Code    68  oled.o(i.OLED_ShowHexNum)
    OLED_ShowNum                             0x080064b1   Thumb Code    66  oled.o(i.OLED_ShowNum)
    OLED_ShowString                          0x080064f3   Thumb Code    38  oled.o(i.OLED_ShowString)
    OLED_W_SCL                               0x08006519   Thumb Code    26  oled.o(i.OLED_W_SCL)
    OLED_W_SDA                               0x08006535   Thumb Code    22  oled.o(i.OLED_W_SDA)
    OLED_WriteCommand                        0x08006551   Thumb Code    34  oled.o(i.OLED_WriteCommand)
    OLED_WriteData                           0x08006573   Thumb Code    34  oled.o(i.OLED_WriteData)
    PendSV_Handler                           0x08006595   Thumb Code     2  stm32g4xx_it.o(i.PendSV_Handler)
    SVC_Handler                              0x08006597   Thumb Code     2  stm32g4xx_it.o(i.SVC_Handler)
    SysTick_Handler                          0x08006599   Thumb Code     4  stm32g4xx_it.o(i.SysTick_Handler)
    SystemClock_Config                       0x0800659d   Thumb Code   104  main.o(i.SystemClock_Config)
    SystemInit                               0x08006605   Thumb Code    12  system_stm32g4xx.o(i.SystemInit)
    UART_AdvFeatureConfig                    0x08006659   Thumb Code   200  stm32g4xx_hal_uart.o(i.UART_AdvFeatureConfig)
    UART_CheckIdleState                      0x08006721   Thumb Code   172  stm32g4xx_hal_uart.o(i.UART_CheckIdleState)
    UART_SetConfig                           0x08006821   Thumb Code   614  stm32g4xx_hal_uart.o(i.UART_SetConfig)
    UART_WaitOnFlagUntilTimeout              0x08006ab9   Thumb Code   148  stm32g4xx_hal_uart.o(i.UART_WaitOnFlagUntilTimeout)
    UsageFault_Handler                       0x08006b4d   Thumb Code    18  stm32g4xx_it.o(i.UsageFault_Handler)
    VOFA_Send                                0x08006b61   Thumb Code    56  vofa.o(i.VOFA_Send)
    delay_us                                 0x08006bc1   Thumb Code    26  oled.o(i.delay_us)
    main                                     0x08006bdd   Thumb Code  1020  main.o(i.main)
    _fp_init                                 0x0800703d   Thumb Code    10  fpinit.o(x$fpl$fpinit)
    __fplib_config_fpu_vfp                   0x08007045   Thumb Code     0  fpinit.o(x$fpl$fpinit)
    __fplib_config_pureend_doubles           0x08007045   Thumb Code     0  fpinit.o(x$fpl$fpinit)
    OLED_F8x16                               0x080071a4   Data        1520  oled.o(.constdata)
    UARTPrescTable                           0x080077ec   Data          24  stm32g4xx_hal_uart.o(.constdata)
    AHBPrescTable                            0x08007814   Data          16  system_stm32g4xx.o(.constdata)
    APBPrescTable                            0x08007824   Data           8  system_stm32g4xx.o(.constdata)
    Region$$Table$$Base                      0x0800782c   Number         0  anon$$obj.o(Region$$Table)
    Region$$Table$$Limit                     0x0800784c   Number         0  anon$$obj.o(Region$$Table)
    INV_Adc3Dma                              0x20000030   Data           4  inv_measure.o(.data)
    INV_Adc4Dma                              0x20000034   Data           4  inv_measure.o(.data)
    INV_Adc5Dma                              0x20000038   Data           4  inv_measure.o(.data)
    inv_state                                0x2000005c   Data           1  main.o(.data)
    inv_output_frequency_hz                  0x2000005e   Data           2  main.o(.data)
    inv_sine_u                               0x20000068   Data           4  main.o(.data)
    inv_control_heartbeat                    0x2000006c   Data           4  main.o(.data)
    inv_control_max_cycles                   0x20000070   Data           4  main.o(.data)
    uwTickPrio                               0x20000080   Data           4  stm32g4xx_hal.o(.data)
    uwTickFreq                               0x20000084   Data           4  stm32g4xx_hal.o(.data)
    uwTick                                   0x20000088   Data           4  stm32g4xx_hal.o(.data)
    SystemCoreClock                          0x2000008c   Data           4  system_stm32g4xx.o(.data)
    inv_calibration_result                   0x200000bc   Data          32  inv_measure.o(.bss)
    inv_svpwm                                0x200001c4   Data          68  main.o(.bss)
    hadc1                                    0x20000208   Data         108  adc.o(.bss)
    hadc2                                    0x20000274   Data         108  adc.o(.bss)
    hadc3                                    0x200002e0   Data         108  adc.o(.bss)
    hadc4                                    0x2000034c   Data         108  adc.o(.bss)
    hadc5                                    0x200003b8   Data         108  adc.o(.bss)
    hdma_adc1                                0x20000424   Data          96  adc.o(.bss)
    hdma_adc2                                0x20000484   Data          96  adc.o(.bss)
    hdma_adc3                                0x200004e4   Data          96  adc.o(.bss)
    hdma_adc4                                0x20000544   Data          96  adc.o(.bss)
    hdma_adc5                                0x200005a4   Data          96  adc.o(.bss)
    hhrtim1                                  0x20000604   Data         252  hrtim.o(.bss)
    hiwdg                                    0x20000700   Data          16  iwdg.o(.bss)
    huart2                                   0x20000710   Data         148  usart.o(.bss)
    __libspace_start                         0x200007a4   Data          96  libspace.o(.bss)
    __temporary_stack_top$libspace           0x20000804   Data           0  libspace.o(.bss)



==============================================================================

Memory Map of the image

  Image Entry point : 0x080001d9

  Load Region LR_IROM1 (Base: 0x08000000, Size: 0x000078dc, Max: 0x00040000, ABSOLUTE)

    Execution Region ER_IROM1 (Exec base: 0x08000000, Load base: 0x08000000, Size: 0x0000784c, Max: 0x00040000, ABSOLUTE)

    Exec Addr    Load Addr    Size         Type   Attr      Idx    E Section Name        Object

    0x08000000   0x08000000   0x000001d8   Data   RO            3    RESET               startup_stm32g474xx.o
    0x080001d8   0x080001d8   0x00000008   Code   RO         4657  * !!!main             c_w.l(__main.o)
    0x080001e0   0x080001e0   0x00000034   Code   RO         4824    !!!scatter          c_w.l(__scatter.o)
    0x08000214   0x08000214   0x0000001a   Code   RO         4826    !!handler_copy      c_w.l(__scatter_copy.o)
    0x0800022e   0x0800022e   0x00000002   PAD
    0x08000230   0x08000230   0x0000001c   Code   RO         4828    !!handler_zi        c_w.l(__scatter_zi.o)
    0x0800024c   0x0800024c   0x00000002   Code   RO         4694    .ARM.Collect$$libinit$$00000000  c_w.l(libinit.o)
    0x0800024e   0x0800024e   0x00000004   Code   RO         4706    .ARM.Collect$$libinit$$00000001  c_w.l(libinit2.o)
    0x08000252   0x08000252   0x00000000   Code   RO         4709    .ARM.Collect$$libinit$$00000004  c_w.l(libinit2.o)
    0x08000252   0x08000252   0x00000000   Code   RO         4712    .ARM.Collect$$libinit$$0000000A  c_w.l(libinit2.o)
    0x08000252   0x08000252   0x00000000   Code   RO         4714    .ARM.Collect$$libinit$$0000000C  c_w.l(libinit2.o)
    0x08000252   0x08000252   0x00000000   Code   RO         4716    .ARM.Collect$$libinit$$0000000E  c_w.l(libinit2.o)
    0x08000252   0x08000252   0x00000000   Code   RO         4719    .ARM.Collect$$libinit$$00000011  c_w.l(libinit2.o)
    0x08000252   0x08000252   0x00000000   Code   RO         4721    .ARM.Collect$$libinit$$00000013  c_w.l(libinit2.o)
    0x08000252   0x08000252   0x00000000   Code   RO         4723    .ARM.Collect$$libinit$$00000015  c_w.l(libinit2.o)
    0x08000252   0x08000252   0x00000000   Code   RO         4725    .ARM.Collect$$libinit$$00000017  c_w.l(libinit2.o)
    0x08000252   0x08000252   0x00000000   Code   RO         4727    .ARM.Collect$$libinit$$00000019  c_w.l(libinit2.o)
    0x08000252   0x08000252   0x00000000   Code   RO         4729    .ARM.Collect$$libinit$$0000001B  c_w.l(libinit2.o)
    0x08000252   0x08000252   0x00000000   Code   RO         4731    .ARM.Collect$$libinit$$0000001D  c_w.l(libinit2.o)
    0x08000252   0x08000252   0x00000000   Code   RO         4733    .ARM.Collect$$libinit$$0000001F  c_w.l(libinit2.o)
    0x08000252   0x08000252   0x00000000   Code   RO         4735    .ARM.Collect$$libinit$$00000021  c_w.l(libinit2.o)
    0x08000252   0x08000252   0x00000000   Code   RO         4737    .ARM.Collect$$libinit$$00000023  c_w.l(libinit2.o)
    0x08000252   0x08000252   0x00000000   Code   RO         4739    .ARM.Collect$$libinit$$00000025  c_w.l(libinit2.o)
    0x08000252   0x08000252   0x00000000   Code   RO         4743    .ARM.Collect$$libinit$$0000002C  c_w.l(libinit2.o)
    0x08000252   0x08000252   0x00000000   Code   RO         4745    .ARM.Collect$$libinit$$0000002E  c_w.l(libinit2.o)
    0x08000252   0x08000252   0x00000000   Code   RO         4747    .ARM.Collect$$libinit$$00000030  c_w.l(libinit2.o)
    0x08000252   0x08000252   0x00000000   Code   RO         4749    .ARM.Collect$$libinit$$00000032  c_w.l(libinit2.o)
    0x08000252   0x08000252   0x00000002   Code   RO         4750    .ARM.Collect$$libinit$$00000033  c_w.l(libinit2.o)
    0x08000254   0x08000254   0x00000002   Code   RO         4781    .ARM.Collect$$libshutdown$$00000000  c_w.l(libshutdown.o)
    0x08000256   0x08000256   0x00000000   Code   RO         4807    .ARM.Collect$$libshutdown$$00000002  c_w.l(libshutdown2.o)
    0x08000256   0x08000256   0x00000000   Code   RO         4809    .ARM.Collect$$libshutdown$$00000004  c_w.l(libshutdown2.o)
    0x08000256   0x08000256   0x00000000   Code   RO         4812    .ARM.Collect$$libshutdown$$00000007  c_w.l(libshutdown2.o)
    0x08000256   0x08000256   0x00000000   Code   RO         4815    .ARM.Collect$$libshutdown$$0000000A  c_w.l(libshutdown2.o)
    0x08000256   0x08000256   0x00000000   Code   RO         4817    .ARM.Collect$$libshutdown$$0000000C  c_w.l(libshutdown2.o)
    0x08000256   0x08000256   0x00000000   Code   RO         4820    .ARM.Collect$$libshutdown$$0000000F  c_w.l(libshutdown2.o)
    0x08000256   0x08000256   0x00000002   Code   RO         4821    .ARM.Collect$$libshutdown$$00000010  c_w.l(libshutdown2.o)
    0x08000258   0x08000258   0x00000000   Code   RO         4659    .ARM.Collect$$rtentry$$00000000  c_w.l(__rtentry.o)
    0x08000258   0x08000258   0x00000000   Code   RO         4665    .ARM.Collect$$rtentry$$00000002  c_w.l(__rtentry2.o)
    0x08000258   0x08000258   0x00000006   Code   RO         4677    .ARM.Collect$$rtentry$$00000004  c_w.l(__rtentry4.o)
    0x0800025e   0x0800025e   0x00000000   Code   RO         4667    .ARM.Collect$$rtentry$$00000009  c_w.l(__rtentry2.o)
    0x0800025e   0x0800025e   0x00000004   Code   RO         4668    .ARM.Collect$$rtentry$$0000000A  c_w.l(__rtentry2.o)
    0x08000262   0x08000262   0x00000000   Code   RO         4670    .ARM.Collect$$rtentry$$0000000C  c_w.l(__rtentry2.o)
    0x08000262   0x08000262   0x00000008   Code   RO         4671    .ARM.Collect$$rtentry$$0000000D  c_w.l(__rtentry2.o)
    0x0800026a   0x0800026a   0x00000002   Code   RO         4698    .ARM.Collect$$rtexit$$00000000  c_w.l(rtexit.o)
    0x0800026c   0x0800026c   0x00000000   Code   RO         4754    .ARM.Collect$$rtexit$$00000002  c_w.l(rtexit2.o)
    0x0800026c   0x0800026c   0x00000004   Code   RO         4755    .ARM.Collect$$rtexit$$00000003  c_w.l(rtexit2.o)
    0x08000270   0x08000270   0x00000006   Code   RO         4756    .ARM.Collect$$rtexit$$00000004  c_w.l(rtexit2.o)
    0x08000276   0x08000276   0x00000002   PAD
    0x08000278   0x08000278   0x00000040   Code   RO            4    .text               startup_stm32g474xx.o
    0x080002b8   0x080002b8   0x000000ee   Code   RO         4647    .text               c_w.l(lludivv7m.o)
    0x080003a6   0x080003a6   0x0000008a   Code   RO         4649    .text               c_w.l(rt_memcpy_v6.o)
    0x08000430   0x08000430   0x00000064   Code   RO         4651    .text               c_w.l(rt_memcpy_w.o)
    0x08000494   0x08000494   0x0000004e   Code   RO         4653    .text               c_w.l(rt_memclr_w.o)
    0x080004e2   0x080004e2   0x00000006   Code   RO         4655    .text               c_w.l(heapauxi.o)
    0x080004e8   0x080004e8   0x0000004a   Code   RO         4681    .text               c_w.l(sys_stackheap_outer.o)
    0x08000532   0x08000532   0x00000012   Code   RO         4683    .text               c_w.l(exit.o)
    0x08000544   0x08000544   0x00000008   Code   RO         4695    .text               c_w.l(libspace.o)
    0x0800054c   0x0800054c   0x0000000c   Code   RO         4751    .text               c_w.l(sys_exit.o)
    0x08000558   0x08000558   0x00000002   Code   RO         4770    .text               c_w.l(use_no_semi.o)
    0x0800055a   0x0800055a   0x00000000   Code   RO         4772    .text               c_w.l(indicate_semi.o)
    0x0800055a   0x0800055a   0x00000002   PAD
    0x0800055c   0x0800055c   0x0000001c   Code   RO         1069    i.ADC1_2_IRQHandler  stm32g4xx_it.o
    0x08000578   0x08000578   0x0000000c   Code   RO         1070    i.ADC3_IRQHandler   stm32g4xx_it.o
    0x08000584   0x08000584   0x0000000c   Code   RO         1071    i.ADC4_IRQHandler   stm32g4xx_it.o
    0x08000590   0x08000590   0x0000000c   Code   RO         1072    i.ADC5_IRQHandler   stm32g4xx_it.o
    0x0800059c   0x0800059c   0x00000068   Code   RO         1230    i.ADC_DMAConvCplt   stm32g4xx_hal_adc.o
    0x08000604   0x08000604   0x0000001a   Code   RO         1231    i.ADC_DMAError      stm32g4xx_hal_adc.o
    0x0800061e   0x0800061e   0x0000000a   Code   RO         1232    i.ADC_DMAHalfConvCplt  stm32g4xx_hal_adc.o
    0x08000628   0x08000628   0x00000070   Code   RO         1233    i.ADC_Disable       stm32g4xx_hal_adc.o
    0x08000698   0x08000698   0x000000c4   Code   RO         1234    i.ADC_Enable        stm32g4xx_hal_adc.o
    0x0800075c   0x0800075c   0x00000012   Code   RO         1073    i.BusFault_Handler  stm32g4xx_it.o
    0x0800076e   0x0800076e   0x00000010   Code   RO           10    i.CBSVPWM_Abs       cbsvpwm.o
    0x0800077e   0x0800077e   0x00000006   Code   RO           11    i.CBSVPWM_Calc3Leg  cbsvpwm.o
    0x08000784   0x08000784   0x00000318   Code   RO           13    i.CBSVPWM_CalcInternal  cbsvpwm.o
    0x08000a9c   0x08000a9c   0x00000064   Code   RO           14    i.CBSVPWM_Init      cbsvpwm.o
    0x08000b00   0x08000b00   0x00000026   Code   RO           15    i.CBSVPWM_IsFinite  cbsvpwm.o
    0x08000b26   0x08000b26   0x00000002   PAD
    0x08000b28   0x08000b28   0x00000024   Code   RO           16    i.CBSVPWM_LimitDuty  cbsvpwm.o
    0x08000b4c   0x08000b4c   0x0000001e   Code   RO           17    i.CBSVPWM_Max3      cbsvpwm.o
    0x08000b6a   0x08000b6a   0x0000000a   Code   RO           18    i.CBSVPWM_Reset     cbsvpwm.o
    0x08000b74   0x08000b74   0x00000054   Code   RO           19    i.CBSVPWM_SetNeutralOutput  cbsvpwm.o
    0x08000bc8   0x08000bc8   0x0000000c   Code   RO         1074    i.DMA1_Channel1_IRQHandler  stm32g4xx_it.o
    0x08000bd4   0x08000bd4   0x0000000c   Code   RO         1075    i.DMA1_Channel2_IRQHandler  stm32g4xx_it.o
    0x08000be0   0x08000be0   0x0000000c   Code   RO         1076    i.DMA2_Channel1_IRQHandler  stm32g4xx_it.o
    0x08000bec   0x08000bec   0x0000000c   Code   RO         1077    i.DMA2_Channel2_IRQHandler  stm32g4xx_it.o
    0x08000bf8   0x08000bf8   0x0000000c   Code   RO         1078    i.DMA2_Channel3_IRQHandler  stm32g4xx_it.o
    0x08000c04   0x08000c04   0x00000048   Code   RO         2540    i.DMA_CalcDMAMUXChannelBaseAndMask  stm32g4xx_hal_dma.o
    0x08000c4c   0x08000c4c   0x00000028   Code   RO         2541    i.DMA_CalcDMAMUXRequestGenBaseAndMask  stm32g4xx_hal_dma.o
    0x08000c74   0x08000c74   0x0000003e   Code   RO         2542    i.DMA_SetConfig     stm32g4xx_hal_dma.o
    0x08000cb2   0x08000cb2   0x00000002   Code   RO         1079    i.DebugMon_Handler  stm32g4xx_it.o
    0x08000cb4   0x08000cb4   0x0000002c   Code   RO          723    i.Error_Handler     main.o
    0x08000ce0   0x08000ce0   0x00000094   Code   RO         1467    i.HAL_ADCEx_Calibration_Start  stm32g4xx_hal_adc_ex.o
    0x08000d74   0x08000d74   0x00000002   Code   RO         1471    i.HAL_ADCEx_EndOfSamplingCallback  stm32g4xx_hal_adc_ex.o
    0x08000d76   0x08000d76   0x00000002   Code   RO         1474    i.HAL_ADCEx_InjectedConvCpltCallback  stm32g4xx_hal_adc_ex.o
    0x08000d78   0x08000d78   0x00000002   Code   RO         1477    i.HAL_ADCEx_InjectedQueueOverflowCallback  stm32g4xx_hal_adc_ex.o
    0x08000d7a   0x08000d7a   0x00000002   Code   RO         1482    i.HAL_ADCEx_LevelOutOfWindow2Callback  stm32g4xx_hal_adc_ex.o
    0x08000d7c   0x08000d7c   0x00000002   Code   RO         1483    i.HAL_ADCEx_LevelOutOfWindow3Callback  stm32g4xx_hal_adc_ex.o
    0x08000d7e   0x08000d7e   0x00000002   PAD
    0x08000d80   0x08000d80   0x00000160   Code   RO         1484    i.HAL_ADCEx_MultiModeConfigChannel  stm32g4xx_hal_adc_ex.o
    0x08000ee0   0x08000ee0   0x00000258   Code   RO         1235    i.HAL_ADC_AnalogWDGConfig  stm32g4xx_hal_adc.o
    0x08001138   0x08001138   0x00000468   Code   RO         1236    i.HAL_ADC_ConfigChannel  stm32g4xx_hal_adc.o
    0x080015a0   0x080015a0   0x00000070   Code   RO          724    i.HAL_ADC_ConvCpltCallback  main.o
    0x08001610   0x08001610   0x00000002   Code   RO         1238    i.HAL_ADC_ConvHalfCpltCallback  stm32g4xx_hal_adc.o
    0x08001612   0x08001612   0x00000002   PAD
    0x08001614   0x08001614   0x0000002c   Code   RO          725    i.HAL_ADC_ErrorCallback  main.o
    0x08001640   0x08001640   0x000002b8   Code   RO         1244    i.HAL_ADC_IRQHandler  stm32g4xx_hal_adc.o
    0x080018f8   0x080018f8   0x00000230   Code   RO         1245    i.HAL_ADC_Init      stm32g4xx_hal_adc.o
    0x08001b28   0x08001b28   0x0000002c   Code   RO          726    i.HAL_ADC_LevelOutOfWindowCallback  main.o
    0x08001b54   0x08001b54   0x00000398   Code   RO          859    i.HAL_ADC_MspInit   adc.o
    0x08001eec   0x08001eec   0x0000012c   Code   RO         1253    i.HAL_ADC_Start_DMA  stm32g4xx_hal_adc.o
    0x08002018   0x08002018   0x000000ba   Code   RO         2548    i.HAL_DMA_IRQHandler  stm32g4xx_hal_dma.o
    0x080020d2   0x080020d2   0x00000002   PAD
    0x080020d4   0x080020d4   0x000000c4   Code   RO         2549    i.HAL_DMA_Init      stm32g4xx_hal_dma.o
    0x08002198   0x08002198   0x0000008c   Code   RO         2553    i.HAL_DMA_Start_IT  stm32g4xx_hal_dma.o
    0x08002224   0x08002224   0x00000024   Code   RO         1683    i.HAL_Delay         stm32g4xx_hal.o
    0x08002248   0x08002248   0x00000234   Code   RO         2405    i.HAL_GPIO_Init     stm32g4xx_hal_gpio.o
    0x0800247c   0x0800247c   0x0000000a   Code   RO         2407    i.HAL_GPIO_ReadPin  stm32g4xx_hal_gpio.o
    0x08002486   0x08002486   0x0000000a   Code   RO         2409    i.HAL_GPIO_WritePin  stm32g4xx_hal_gpio.o
    0x08002490   0x08002490   0x0000000c   Code   RO         1687    i.HAL_GetTick       stm32g4xx_hal.o
    0x0800249c   0x0800249c   0x000000fc   Code   RO         3195    i.HAL_HRTIM_ADCPostScalerConfig  stm32g4xx_hal_hrtim.o
    0x08002598   0x08002598   0x00000220   Code   RO         3196    i.HAL_HRTIM_ADCTriggerConfig  stm32g4xx_hal_hrtim.o
    0x080027b8   0x080027b8   0x00000002   Code   RO         3202    i.HAL_HRTIM_BurstModePeriodCallback  stm32g4xx_hal_hrtim.o
    0x080027ba   0x080027ba   0x00000002   Code   RO         3204    i.HAL_HRTIM_Capture1EventCallback  stm32g4xx_hal_hrtim.o
    0x080027bc   0x080027bc   0x00000002   Code   RO         3205    i.HAL_HRTIM_Capture2EventCallback  stm32g4xx_hal_hrtim.o
    0x080027be   0x080027be   0x00000002   Code   RO         3207    i.HAL_HRTIM_Compare1EventCallback  stm32g4xx_hal_hrtim.o
    0x080027c0   0x080027c0   0x00000002   Code   RO         3208    i.HAL_HRTIM_Compare2EventCallback  stm32g4xx_hal_hrtim.o
    0x080027c2   0x080027c2   0x00000002   Code   RO         3209    i.HAL_HRTIM_Compare3EventCallback  stm32g4xx_hal_hrtim.o
    0x080027c4   0x080027c4   0x00000002   Code   RO         3210    i.HAL_HRTIM_Compare4EventCallback  stm32g4xx_hal_hrtim.o
    0x080027c6   0x080027c6   0x00000002   Code   RO         3211    i.HAL_HRTIM_CounterResetCallback  stm32g4xx_hal_hrtim.o
    0x080027c8   0x080027c8   0x00000002   Code   RO         3212    i.HAL_HRTIM_DLLCalibrationReadyCallback  stm32g4xx_hal_hrtim.o
    0x080027ca   0x080027ca   0x00000062   Code   RO         3213    i.HAL_HRTIM_DLLCalibrationStart  stm32g4xx_hal_hrtim.o
    0x0800282c   0x0800282c   0x0000008c   Code   RO         3216    i.HAL_HRTIM_DeadTimeConfig  stm32g4xx_hal_hrtim.o
    0x080028b8   0x080028b8   0x00000002   Code   RO         3217    i.HAL_HRTIM_DelayedProtectionCallback  stm32g4xx_hal_hrtim.o
    0x080028ba   0x080028ba   0x00000002   Code   RO         3225    i.HAL_HRTIM_Fault1Callback  stm32g4xx_hal_hrtim.o
    0x080028bc   0x080028bc   0x00000002   Code   RO         3226    i.HAL_HRTIM_Fault2Callback  stm32g4xx_hal_hrtim.o
    0x080028be   0x080028be   0x00000002   PAD
    0x080028c0   0x080028c0   0x00000018   Code   RO          727    i.HAL_HRTIM_Fault3Callback  main.o
    0x080028d8   0x080028d8   0x00000002   Code   RO         3228    i.HAL_HRTIM_Fault4Callback  stm32g4xx_hal_hrtim.o
    0x080028da   0x080028da   0x00000002   Code   RO         3229    i.HAL_HRTIM_Fault5Callback  stm32g4xx_hal_hrtim.o
    0x080028dc   0x080028dc   0x00000002   Code   RO         3230    i.HAL_HRTIM_Fault6Callback  stm32g4xx_hal_hrtim.o
    0x080028de   0x080028de   0x00000002   PAD
    0x080028e0   0x080028e0   0x000001d4   Code   RO         3232    i.HAL_HRTIM_FaultConfig  stm32g4xx_hal_hrtim.o
    0x08002ab4   0x08002ab4   0x000000f4   Code   RO         3233    i.HAL_HRTIM_FaultCounterConfig  stm32g4xx_hal_hrtim.o
    0x08002ba8   0x08002ba8   0x00000070   Code   RO         3235    i.HAL_HRTIM_FaultModeCtl  stm32g4xx_hal_hrtim.o
    0x08002c18   0x08002c18   0x00000040   Code   RO         3236    i.HAL_HRTIM_FaultPrescalerConfig  stm32g4xx_hal_hrtim.o
    0x08002c58   0x08002c58   0x00000014   Code   RO         3245    i.HAL_HRTIM_IRQHandler  stm32g4xx_hal_hrtim.o
    0x08002c6c   0x08002c6c   0x000000c0   Code   RO         3246    i.HAL_HRTIM_Init    stm32g4xx_hal_hrtim.o
    0x08002d2c   0x08002d2c   0x00000078   Code   RO          950    i.HAL_HRTIM_MspInit  hrtim.o
    0x08002da4   0x08002da4   0x000000a4   Code   RO          951    i.HAL_HRTIM_MspPostInit  hrtim.o
    0x08002e48   0x08002e48   0x00000002   Code   RO         3249    i.HAL_HRTIM_Output1ResetCallback  stm32g4xx_hal_hrtim.o
    0x08002e4a   0x08002e4a   0x00000002   Code   RO         3250    i.HAL_HRTIM_Output1SetCallback  stm32g4xx_hal_hrtim.o
    0x08002e4c   0x08002e4c   0x00000002   Code   RO         3251    i.HAL_HRTIM_Output2ResetCallback  stm32g4xx_hal_hrtim.o
    0x08002e4e   0x08002e4e   0x00000002   Code   RO         3252    i.HAL_HRTIM_Output2SetCallback  stm32g4xx_hal_hrtim.o
    0x08002e50   0x08002e50   0x00000042   Code   RO         3255    i.HAL_HRTIM_PollForDLLCalibration  stm32g4xx_hal_hrtim.o
    0x08002e92   0x08002e92   0x00000002   Code   RO         3256    i.HAL_HRTIM_RegistersUpdateCallback  stm32g4xx_hal_hrtim.o
    0x08002e94   0x08002e94   0x00000002   Code   RO         3257    i.HAL_HRTIM_RepetitionEventCallback  stm32g4xx_hal_hrtim.o
    0x08002e96   0x08002e96   0x0000004a   Code   RO         3258    i.HAL_HRTIM_RollOverModeConfig  stm32g4xx_hal_hrtim.o
    0x08002ee0   0x08002ee0   0x00000002   Code   RO         3295    i.HAL_HRTIM_SynchronizationEventCallback  stm32g4xx_hal_hrtim.o
    0x08002ee2   0x08002ee2   0x00000002   Code   RO         3296    i.HAL_HRTIM_SystemFaultCallback  stm32g4xx_hal_hrtim.o
    0x08002ee4   0x08002ee4   0x0000007a   Code   RO         3297    i.HAL_HRTIM_TimeBaseConfig  stm32g4xx_hal_hrtim.o
    0x08002f5e   0x08002f5e   0x00000134   Code   RO         3303    i.HAL_HRTIM_WaveformCompareConfig  stm32g4xx_hal_hrtim.o
    0x08003092   0x08003092   0x0000002c   Code   RO         3304    i.HAL_HRTIM_WaveformCountStart  stm32g4xx_hal_hrtim.o
    0x080030be   0x080030be   0x0000002c   Code   RO         3307    i.HAL_HRTIM_WaveformCountStop  stm32g4xx_hal_hrtim.o
    0x080030ea   0x080030ea   0x00000036   Code   RO         3312    i.HAL_HRTIM_WaveformOutputConfig  stm32g4xx_hal_hrtim.o
    0x08003120   0x08003120   0x00000030   Code   RO         3313    i.HAL_HRTIM_WaveformOutputStart  stm32g4xx_hal_hrtim.o
    0x08003150   0x08003150   0x00000030   Code   RO         3314    i.HAL_HRTIM_WaveformOutputStop  stm32g4xx_hal_hrtim.o
    0x08003180   0x08003180   0x00000090   Code   RO         3316    i.HAL_HRTIM_WaveformTimerConfig  stm32g4xx_hal_hrtim.o
    0x08003210   0x08003210   0x0000007a   Code   RO         3317    i.HAL_HRTIM_WaveformTimerControl  stm32g4xx_hal_hrtim.o
    0x0800328a   0x0800328a   0x00000002   PAD
    0x0800328c   0x0800328c   0x0000006a   Code   RO         4042    i.HAL_IWDG_Init     stm32g4xx_hal_iwdg.o
    0x080032f6   0x080032f6   0x0000000c   Code   RO         4043    i.HAL_IWDG_Refresh  stm32g4xx_hal_iwdg.o
    0x08003302   0x08003302   0x00000002   PAD
    0x08003304   0x08003304   0x00000010   Code   RO         1693    i.HAL_IncTick       stm32g4xx_hal.o
    0x08003314   0x08003314   0x0000001e   Code   RO         1694    i.HAL_Init          stm32g4xx_hal.o
    0x08003332   0x08003332   0x00000002   PAD
    0x08003334   0x08003334   0x00000044   Code   RO         1695    i.HAL_InitTick      stm32g4xx_hal.o
    0x08003378   0x08003378   0x00000030   Code   RO         1205    i.HAL_MspInit       stm32g4xx_hal_msp.o
    0x080033a8   0x080033a8   0x0000001a   Code   RO         3054    i.HAL_NVIC_EnableIRQ  stm32g4xx_hal_cortex.o
    0x080033c2   0x080033c2   0x00000002   PAD
    0x080033c4   0x080033c4   0x00000040   Code   RO         3060    i.HAL_NVIC_SetPriority  stm32g4xx_hal_cortex.o
    0x08003404   0x08003404   0x00000024   Code   RO         3061    i.HAL_NVIC_SetPriorityGrouping  stm32g4xx_hal_cortex.o
    0x08003428   0x08003428   0x000000bc   Code   RO         2808    i.HAL_PWREx_ControlVoltageScaling  stm32g4xx_hal_pwr_ex.o
    0x080034e4   0x080034e4   0x00000010   Code   RO         2820    i.HAL_PWREx_DisableUCPDDeadBattery  stm32g4xx_hal_pwr_ex.o
    0x080034f4   0x080034f4   0x00000300   Code   RO         2054    i.HAL_RCCEx_PeriphCLKConfig  stm32g4xx_hal_rcc_ex.o
    0x080037f4   0x080037f4   0x00000002   Code   RO         1928    i.HAL_RCC_CSSCallback  stm32g4xx_hal_rcc.o
    0x080037f6   0x080037f6   0x00000002   PAD
    0x080037f8   0x080037f8   0x000001dc   Code   RO         1929    i.HAL_RCC_ClockConfig  stm32g4xx_hal_rcc.o
    0x080039d4   0x080039d4   0x00000010   Code   RO         1932    i.HAL_RCC_EnableCSS  stm32g4xx_hal_rcc.o
    0x080039e4   0x080039e4   0x00000024   Code   RO         1937    i.HAL_RCC_GetPCLK1Freq  stm32g4xx_hal_rcc.o
    0x08003a08   0x08003a08   0x00000024   Code   RO         1938    i.HAL_RCC_GetPCLK2Freq  stm32g4xx_hal_rcc.o
    0x08003a2c   0x08003a2c   0x0000006c   Code   RO         1939    i.HAL_RCC_GetSysClockFreq  stm32g4xx_hal_rcc.o
    0x08003a98   0x08003a98   0x00000018   Code   RO         1941    i.HAL_RCC_NMI_IRQHandler  stm32g4xx_hal_rcc.o
    0x08003ab0   0x08003ab0   0x00000404   Code   RO         1942    i.HAL_RCC_OscConfig  stm32g4xx_hal_rcc.o
    0x08003eb4   0x08003eb4   0x00000028   Code   RO         3065    i.HAL_SYSTICK_Config  stm32g4xx_hal_cortex.o
    0x08003edc   0x08003edc   0x0000003e   Code   RO         4492    i.HAL_UARTEx_DisableFifoMode  stm32g4xx_hal_uart_ex.o
    0x08003f1a   0x08003f1a   0x0000004c   Code   RO         4501    i.HAL_UARTEx_SetRxFifoThreshold  stm32g4xx_hal_uart_ex.o
    0x08003f66   0x08003f66   0x0000004c   Code   RO         4502    i.HAL_UARTEx_SetTxFifoThreshold  stm32g4xx_hal_uart_ex.o
    0x08003fb2   0x08003fb2   0x0000006a   Code   RO         4101    i.HAL_UART_Init     stm32g4xx_hal_uart.o
    0x0800401c   0x0800401c   0x0000007c   Code   RO         1028    i.HAL_UART_MspInit  usart.o
    0x08004098   0x08004098   0x000000b6   Code   RO         4110    i.HAL_UART_Transmit  stm32g4xx_hal_uart.o
    0x0800414e   0x0800414e   0x00000002   PAD
    0x08004150   0x08004150   0x0000000c   Code   RO         1080    i.HRTIM1_FLT_IRQHandler  stm32g4xx_it.o
    0x0800415c   0x0800415c   0x00000068   Code   RO         3324    i.HRTIM_ForceRegistersUpdate  stm32g4xx_hal_hrtim.o
    0x080041c4   0x080041c4   0x000000a8   Code   RO         3328    i.HRTIM_HRTIM_ISR   stm32g4xx_hal_hrtim.o
    0x0800426c   0x0800426c   0x00000092   Code   RO         3329    i.HRTIM_MasterWaveform_Config  stm32g4xx_hal_hrtim.o
    0x080042fe   0x080042fe   0x000000f0   Code   RO         3330    i.HRTIM_Master_ISR  stm32g4xx_hal_hrtim.o
    0x080043ee   0x080043ee   0x000000de   Code   RO         3331    i.HRTIM_OutputConfig  stm32g4xx_hal_hrtim.o
    0x080044cc   0x080044cc   0x00000166   Code   RO         3333    i.HRTIM_Timer_ISR   stm32g4xx_hal_hrtim.o
    0x08004632   0x08004632   0x00000002   PAD
    0x08004634   0x08004634   0x00000198   Code   RO         3334    i.HRTIM_TimingUnitWaveform_Config  stm32g4xx_hal_hrtim.o
    0x080047cc   0x080047cc   0x00000012   Code   RO         1081    i.HardFault_Handler  stm32g4xx_it.o
    0x080047de   0x080047de   0x00000002   PAD
    0x080047e0   0x080047e0   0x000000bc   Code   RO          728    i.INV_AppRunFastControl  main.o
    0x0800489c   0x0800489c   0x00000028   Code   RO          729    i.INV_AppTrip       main.o
    0x080048c4   0x080048c4   0x00000020   Code   RO          273    i.INV_HRTIM_DisableOutputs  inv_hrtim.o
    0x080048e4   0x080048e4   0x00000028   Code   RO          274    i.INV_HRTIM_DutyToCompare  inv_hrtim.o
    0x0800490c   0x0800490c   0x0000005c   Code   RO          275    i.INV_HRTIM_EnableOutputs  inv_hrtim.o
    0x08004968   0x08004968   0x00000018   Code   RO          276    i.INV_HRTIM_IsFault3Set  inv_hrtim.o
    0x08004980   0x08004980   0x00000026   Code   RO          277    i.INV_HRTIM_IsFinite  inv_hrtim.o
    0x080049a6   0x080049a6   0x00000002   PAD
    0x080049a8   0x080049a8   0x00000048   Code   RO          278    i.INV_HRTIM_SetCompare  inv_hrtim.o
    0x080049f0   0x080049f0   0x0000009c   Code   RO          279    i.INV_HRTIM_SetDuty  inv_hrtim.o
    0x08004a8c   0x08004a8c   0x00000044   Code   RO          280    i.INV_HRTIM_StartTimeBase  inv_hrtim.o
    0x08004ad0   0x08004ad0   0x00000030   Code   RO          281    i.INV_HRTIM_StopInverterTimers  inv_hrtim.o
    0x08004b00   0x08004b00   0x0000011c   Code   RO          455    i.INV_Measure_ConvertPhysical  inv_measure.o
    0x08004c1c   0x08004c1c   0x00000054   Code   RO          456    i.INV_Measure_GetCalibrationResult  inv_measure.o
    0x08004c70   0x08004c70   0x0000000c   Code   RO          457    i.INV_Measure_GetFault  inv_measure.o
    0x08004c7c   0x08004c7c   0x00000094   Code   RO          458    i.INV_Measure_GetSnapshot  inv_measure.o
    0x08004d10   0x08004d10   0x00000158   Code   RO          459    i.INV_Measure_Init  inv_measure.o
    0x08004e68   0x08004e68   0x00000014   Code   RO          460    i.INV_Measure_IsFinite  inv_measure.o
    0x08004e7c   0x08004e7c   0x00000024   Code   RO          461    i.INV_Measure_LatchFault  inv_measure.o
    0x08004ea0   0x08004ea0   0x00000010   Code   RO          462    i.INV_Measure_OnAdc3Complete  inv_measure.o
    0x08004eb0   0x08004eb0   0x00000010   Code   RO          463    i.INV_Measure_OnAdc4Complete  inv_measure.o
    0x08004ec0   0x08004ec0   0x00000010   Code   RO          464    i.INV_Measure_OnAdc5Complete  inv_measure.o
    0x08004ed0   0x08004ed0   0x00000088   Code   RO          465    i.INV_Measure_ProcessGain  inv_measure.o
    0x08004f58   0x08004f58   0x00000074   Code   RO          466    i.INV_Measure_ProcessZero  inv_measure.o
    0x08004fcc   0x08004fcc   0x0000021c   Code   RO          467    i.INV_Measure_TryPublish  inv_measure.o
    0x080051e8   0x080051e8   0x00000070   Code   RO           89    i.INV_OpenLoop_GetSnapshot  inv_open_loop.o
    0x08005258   0x08005258   0x000001b8   Code   RO           90    i.INV_OpenLoop_Init  inv_open_loop.o
    0x08005410   0x08005410   0x00000026   Code   RO           91    i.INV_OpenLoop_IsFinite  inv_open_loop.o
    0x08005436   0x08005436   0x00000002   PAD
    0x08005438   0x08005438   0x00000094   Code   RO           92    i.INV_OpenLoop_Reset  inv_open_loop.o
    0x080054cc   0x080054cc   0x0000003c   Code   RO           93    i.INV_OpenLoop_SetFrequency  inv_open_loop.o
    0x08005508   0x08005508   0x00000058   Code   RO           95    i.INV_OpenLoop_Sine  inv_open_loop.o
    0x08005560   0x08005560   0x00000154   Code   RO           96    i.INV_OpenLoop_Step  inv_open_loop.o
    0x080056b4   0x080056b4   0x0000000c   Code   RO         1259    i.LL_ADC_GetOffsetChannel  stm32g4xx_hal_adc.o
    0x080056c0   0x080056c0   0x00000008   Code   RO         1260    i.LL_ADC_INJ_IsConversionOngoing  stm32g4xx_hal_adc.o
    0x080056c8   0x080056c8   0x00000008   Code   RO         1261    i.LL_ADC_REG_IsConversionOngoing  stm32g4xx_hal_adc.o
    0x080056d0   0x080056d0   0x00000008   Code   RO         1494    i.LL_ADC_REG_IsConversionOngoing  stm32g4xx_hal_adc_ex.o
    0x080056d8   0x080056d8   0x00000010   Code   RO         1262    i.LL_ADC_REG_IsTriggerSourceSWStart  stm32g4xx_hal_adc.o
    0x080056e8   0x080056e8   0x0000002c   Code   RO         1263    i.LL_ADC_SetAnalogWDMonitChannels  stm32g4xx_hal_adc.o
    0x08005714   0x08005714   0x0000001e   Code   RO         1264    i.LL_ADC_SetChannelSamplingTime  stm32g4xx_hal_adc.o
    0x08005732   0x08005732   0x00000010   Code   RO         1265    i.LL_ADC_SetOffsetState  stm32g4xx_hal_adc.o
    0x08005742   0x08005742   0x00000002   PAD
    0x08005744   0x08005744   0x0000010c   Code   RO          860    i.MX_ADC1_Init      adc.o
    0x08005850   0x08005850   0x000000bc   Code   RO          861    i.MX_ADC2_Init      adc.o
    0x0800590c   0x0800590c   0x0000010c   Code   RO          862    i.MX_ADC3_Init      adc.o
    0x08005a18   0x08005a18   0x000000f8   Code   RO          863    i.MX_ADC4_Init      adc.o
    0x08005b10   0x08005b10   0x000000f8   Code   RO          864    i.MX_ADC5_Init      adc.o
    0x08005c08   0x08005c08   0x0000008c   Code   RO          925    i.MX_DMA_Init       dma.o
    0x08005c94   0x08005c94   0x000000c4   Code   RO          834    i.MX_GPIO_Init      gpio.o
    0x08005d58   0x08005d58   0x0000047c   Code   RO          952    i.MX_HRTIM1_Init    hrtim.o
    0x080061d4   0x080061d4   0x00000030   Code   RO          997    i.MX_IWDG_Init      iwdg.o
    0x08006204   0x08006204   0x00000068   Code   RO         1029    i.MX_USART2_UART_Init  usart.o
    0x0800626c   0x0800626c   0x00000012   Code   RO         1082    i.MemManage_Handler  stm32g4xx_it.o
    0x0800627e   0x0800627e   0x00000016   Code   RO         1083    i.NMI_Handler       stm32g4xx_it.o
    0x08006294   0x08006294   0x00000026   Code   RO          556    i.OLED_Clear        oled.o
    0x080062ba   0x080062ba   0x00000012   Code   RO          557    i.OLED_I2C_Init     oled.o
    0x080062cc   0x080062cc   0x0000003a   Code   RO          558    i.OLED_I2C_SendByte  oled.o
    0x08006306   0x08006306   0x0000001e   Code   RO          559    i.OLED_I2C_Start    oled.o
    0x08006324   0x08006324   0x00000018   Code   RO          560    i.OLED_I2C_Stop     oled.o
    0x0800633c   0x0800633c   0x00000098   Code   RO          561    i.OLED_Init         oled.o
    0x080063d4   0x080063d4   0x0000000e   Code   RO          562    i.OLED_Pow          oled.o
    0x080063e2   0x080063e2   0x00000022   Code   RO          563    i.OLED_SetCursor    oled.o
    0x08006404   0x08006404   0x00000068   Code   RO          565    i.OLED_ShowChar     oled.o
    0x0800646c   0x0800646c   0x00000044   Code   RO          566    i.OLED_ShowHexNum   oled.o
    0x080064b0   0x080064b0   0x00000042   Code   RO          567    i.OLED_ShowNum      oled.o
    0x080064f2   0x080064f2   0x00000026   Code   RO          569    i.OLED_ShowString   oled.o
    0x08006518   0x08006518   0x0000001a   Code   RO          570    i.OLED_W_SCL        oled.o
    0x08006532   0x08006532   0x00000002   PAD
    0x08006534   0x08006534   0x0000001c   Code   RO          571    i.OLED_W_SDA        oled.o
    0x08006550   0x08006550   0x00000022   Code   RO          572    i.OLED_WriteCommand  oled.o
    0x08006572   0x08006572   0x00000022   Code   RO          573    i.OLED_WriteData    oled.o
    0x08006594   0x08006594   0x00000002   Code   RO         1084    i.PendSV_Handler    stm32g4xx_it.o
    0x08006596   0x08006596   0x00000002   Code   RO         1085    i.SVC_Handler       stm32g4xx_it.o
    0x08006598   0x08006598   0x00000004   Code   RO         1086    i.SysTick_Handler   stm32g4xx_it.o
    0x0800659c   0x0800659c   0x00000068   Code   RO          730    i.SystemClock_Config  main.o
    0x08006604   0x08006604   0x00000010   Code   RO         4611    i.SystemInit        system_stm32g4xx.o
    0x08006614   0x08006614   0x00000044   Code   RO         4506    i.UARTEx_SetNbDataToProcess  stm32g4xx_hal_uart_ex.o
    0x08006658   0x08006658   0x000000c8   Code   RO         4115    i.UART_AdvFeatureConfig  stm32g4xx_hal_uart.o
    0x08006720   0x08006720   0x000000ac   Code   RO         4116    i.UART_CheckIdleState  stm32g4xx_hal_uart.o
    0x080067cc   0x080067cc   0x00000054   Code   RO         4127    i.UART_EndRxTransfer  stm32g4xx_hal_uart.o
    0x08006820   0x08006820   0x00000298   Code   RO         4133    i.UART_SetConfig    stm32g4xx_hal_uart.o
    0x08006ab8   0x08006ab8   0x00000094   Code   RO         4140    i.UART_WaitOnFlagUntilTimeout  stm32g4xx_hal_uart.o
    0x08006b4c   0x08006b4c   0x00000012   Code   RO         1087    i.UsageFault_Handler  stm32g4xx_it.o
    0x08006b5e   0x08006b5e   0x00000002   PAD
    0x08006b60   0x08006b60   0x00000040   Code   RO          693    i.VOFA_Send         vofa.o
    0x08006ba0   0x08006ba0   0x00000020   Code   RO         3067    i.__NVIC_SetPriority  stm32g4xx_hal_cortex.o
    0x08006bc0   0x08006bc0   0x0000001a   Code   RO          574    i.delay_us          oled.o
    0x08006bda   0x08006bda   0x00000002   PAD
    0x08006bdc   0x08006bdc   0x00000460   Code   RO          731    i.main              main.o
    0x0800703c   0x0800703c   0x0000000a   Code   RO         4766    x$fpl$fpinit        fz_wm.l(fpinit.o)
    0x08007046   0x08007046   0x00000002   PAD
    0x08007048   0x08007048   0x0000015c   Data   RO           98    .constdata          inv_open_loop.o
    0x080071a4   0x080071a4   0x000005f0   Data   RO          575    .constdata          oled.o
    0x08007794   0x08007794   0x00000004   Data   RO          695    .constdata          vofa.o
    0x08007798   0x08007798   0x00000054   Data   RO          733    .constdata          main.o
    0x080077ec   0x080077ec   0x00000018   Data   RO         4141    .constdata          stm32g4xx_hal_uart.o
    0x08007804   0x08007804   0x00000010   Data   RO         4507    .constdata          stm32g4xx_hal_uart_ex.o
    0x08007814   0x08007814   0x00000010   Data   RO         4612    .constdata          system_stm32g4xx.o
    0x08007824   0x08007824   0x00000008   Data   RO         4613    .constdata          system_stm32g4xx.o
    0x0800782c   0x0800782c   0x00000020   Data   RO         4822    Region$$Table       anon$$obj.o


    Execution Region RW_IRAM1 (Exec base: 0x20000000, Load base: 0x0800784c, Size: 0x00000e08, Max: 0x00020000, ABSOLUTE)

    Exec Addr    Load Addr    Size         Type   Attr      Idx    E Section Name        Object

    0x20000000   0x0800784c   0x00000028   Data   RW           99    .data               inv_open_loop.o
    0x20000028   0x08007874   0x00000001   Data   RW          282    .data               inv_hrtim.o
    0x20000029   0x08007875   0x00000003   PAD
    0x2000002c   0x08007878   0x0000002e   Data   RW          469    .data               inv_measure.o
    0x2000005a   0x080078a6   0x00000002   PAD
    0x2000005c   0x080078a8   0x0000001c   Data   RW          735    .data               main.o
    0x20000078   0x080078c4   0x00000008   Data   RW          866    .data               adc.o
    0x20000080   0x080078cc   0x0000000c   Data   RW         1714    .data               stm32g4xx_hal.o
    0x2000008c   0x080078d8   0x00000004   Data   RW         4614    .data               system_stm32g4xx.o
    0x20000090        -       0x0000002c   Zero   RW           97    .bss                inv_open_loop.o
    0x200000bc        -       0x000000c4   Zero   RW          468    .bss                inv_measure.o
    0x20000180        -       0x00000024   Zero   RW          694    .bss                vofa.o
    0x200001a4        -       0x00000064   Zero   RW          732    .bss                main.o
    0x20000208        -       0x000003fc   Zero   RW          865    .bss                adc.o
    0x20000604        -       0x000000fc   Zero   RW          953    .bss                hrtim.o
    0x20000700        -       0x00000010   Zero   RW          998    .bss                iwdg.o
    0x20000710        -       0x00000094   Zero   RW         1030    .bss                usart.o
    0x200007a4        -       0x00000060   Zero   RW         4696    .bss                c_w.l(libspace.o)
    0x20000804   0x080078dc   0x00000004   PAD
    0x20000808        -       0x00000200   Zero   RW            2    HEAP                startup_stm32g474xx.o
    0x20000a08        -       0x00000400   Zero   RW            1    STACK               startup_stm32g474xx.o


==============================================================================

Image component sizes


      Code (inc. data)   RO Data    RW Data    ZI Data      Debug   Object Name

      2140        176          0          8       1020       6839   adc.o
      1112         18          0          0          0      14818   cbsvpwm.o
       140          4          0          0          0       1054   dma.o
       196         10          0          0          0       1227   gpio.o
      1432         44          0          0        252       3947   hrtim.o
       570         78          0          1          0      10313   inv_hrtim.o
      1768         76          0         46        196      13984   inv_measure.o
      1226         70        348         40         44     988593   inv_open_loop.o
        48          8          0          0         16        903   iwdg.o
      1720        172         84         28        100      12130   main.o
       792         12       1520          0          0      12428   oled.o
        64         26        472          0       1536        908   startup_stm32g474xx.o
       162         24          0         12          0       4941   stm32g4xx_hal.o
      3868        236          0          0          0      87511   stm32g4xx_hal_adc.o
       518         36          0          0          0      74114   stm32g4xx_hal_adc_ex.o
       198         14          0          0          0      34367   stm32g4xx_hal_cortex.o
       696         30          0          0          0       5763   stm32g4xx_hal_dma.o
       584         32          0          0          0       3323   stm32g4xx_hal_gpio.o
      4900         32          0          0          0      45344   stm32g4xx_hal_hrtim.o
       118          0          0          0          0       2199   stm32g4xx_hal_iwdg.o
        48          6          0          0          0       1042   stm32g4xx_hal_msp.o
       204         18          0          0          0       1581   stm32g4xx_hal_pwr_ex.o
      1726         96          0          0          0       8719   stm32g4xx_hal_rcc.o
       768         10          0          0          0       2160   stm32g4xx_hal_rcc_ex.o
      1556         76         24          0          0      27126   stm32g4xx_hal_uart.o
       282          6         16          0          0       4113   stm32g4xx_hal_uart_ex.o
       240         62          0          0          0      10715   stm32g4xx_it.o
        16          4         24          4          0       1391   system_stm32g4xx.o
       228         24          0          0        148       2134   usart.o
        64          8          4          0         36       1628   vofa.o

    ----------------------------------------------------------------------
     27424       1408       2524        144       3348    1385315   Object Totals
         0          0         32          0          0          0   (incl. Generated)
        40          0          0          5          0          0   (incl. Padding)

    ----------------------------------------------------------------------

      Code (inc. data)   RO Data    RW Data    ZI Data      Debug   Library Member Name

         8          0          0          0          0         68   __main.o
         0          0          0          0          0          0   __rtentry.o
        12          0          0          0          0          0   __rtentry2.o
         6          0          0          0          0          0   __rtentry4.o
        52          8          0          0          0          0   __scatter.o
        26          0          0          0          0          0   __scatter_copy.o
        28          0          0          0          0          0   __scatter_zi.o
        18          0          0          0          0         80   exit.o
         6          0          0          0          0        152   heapauxi.o
         0          0          0          0          0          0   indicate_semi.o
         2          0          0          0          0          0   libinit.o
         6          0          0          0          0          0   libinit2.o
         2          0          0          0          0          0   libshutdown.o
         2          0          0          0          0          0   libshutdown2.o
         8          4          0          0         96         68   libspace.o
       238          0          0          0          0        100   lludivv7m.o
        78          0          0          0          0         80   rt_memclr_w.o
       138          0          0          0          0         68   rt_memcpy_v6.o
       100          0          0          0          0         80   rt_memcpy_w.o
         2          0          0          0          0          0   rtexit.o
        10          0          0          0          0          0   rtexit2.o
        12          4          0          0          0         68   sys_exit.o
        74          0          0          0          0         80   sys_stackheap_outer.o
         2          0          0          0          0         68   use_no_semi.o
        10          0          0          0          0        116   fpinit.o

    ----------------------------------------------------------------------
       848         16          0          0        100       1028   Library Totals
         8          0          0          0          4          0   (incl. Padding)

    ----------------------------------------------------------------------

      Code (inc. data)   RO Data    RW Data    ZI Data      Debug   Library Name

       830         16          0          0         96        912   c_w.l
        10          0          0          0          0        116   fz_wm.l

    ----------------------------------------------------------------------
       848         16          0          0        100       1028   Library Totals

    ----------------------------------------------------------------------

==============================================================================


      Code (inc. data)   RO Data    RW Data    ZI Data      Debug   

     28272       1424       2524        144       3448    1364779   Grand Totals
     28272       1424       2524        144       3448    1364779   ELF Image Totals
     28272       1424       2524        144          0          0   ROM Totals

==============================================================================

    Total RO  Size (Code + RO Data)                30796 (  30.07kB)
    Total RW  Size (RW Data + ZI Data)              3592 (   3.51kB)
    Total ROM Size (Code + RO Data + RW Data)      30940 (  30.21kB)

==============================================================================

