<?xml version="1.0" encoding="ISO-8859-1" ?>
<link_info>
   <banner>TMS320C2000 Linker PC v22.6.1.LTS</banner>
   <copyright>Copyright (c) 1996-2018 Texas Instruments Incorporated</copyright>
   <link_time>0x69dba77d</link_time>
   <link_errors>0x0</link_errors>
   <output_file>REG_F28379D.out</output_file>
   <entry_point>
      <name>_c_int00</name>
      <address>0x83333</address>
   </entry_point>
   <input_file_list>
      <input_file id="fl-2">
         <path>.\USER\</path>
         <kind>object</kind>
         <file>DITASY.obj</file>
         <name>DITASY.obj</name>
      </input_file>
      <input_file id="fl-3">
         <path>.\USER\</path>
         <kind>object</kind>
         <file>DITASY_ADC.obj</file>
         <name>DITASY_ADC.obj</name>
      </input_file>
      <input_file id="fl-4">
         <path>.\USER\</path>
         <kind>object</kind>
         <file>main.obj</file>
         <name>main.obj</name>
      </input_file>
      <input_file id="fl-5">
         <path>.\source\</path>
         <kind>object</kind>
         <file>F2837xD_Adc.obj</file>
         <name>F2837xD_Adc.obj</name>
      </input_file>
      <input_file id="fl-6">
         <path>.\source\</path>
         <kind>object</kind>
         <file>F2837xD_CodeStartBranch.obj</file>
         <name>F2837xD_CodeStartBranch.obj</name>
      </input_file>
      <input_file id="fl-7">
         <path>.\source\</path>
         <kind>object</kind>
         <file>F2837xD_CpuTimers.obj</file>
         <name>F2837xD_CpuTimers.obj</name>
      </input_file>
      <input_file id="fl-8">
         <path>.\source\</path>
         <kind>object</kind>
         <file>F2837xD_DBGIER.obj</file>
         <name>F2837xD_DBGIER.obj</name>
      </input_file>
      <input_file id="fl-9">
         <path>.\source\</path>
         <kind>object</kind>
         <file>F2837xD_DefaultISR.obj</file>
         <name>F2837xD_DefaultISR.obj</name>
      </input_file>
      <input_file id="fl-a">
         <path>.\source\</path>
         <kind>object</kind>
         <file>F2837xD_Dma.obj</file>
         <name>F2837xD_Dma.obj</name>
      </input_file>
      <input_file id="fl-b">
         <path>.\source\</path>
         <kind>object</kind>
         <file>F2837xD_ECap.obj</file>
         <name>F2837xD_ECap.obj</name>
      </input_file>
      <input_file id="fl-c">
         <path>.\source\</path>
         <kind>object</kind>
         <file>F2837xD_EPwm.obj</file>
         <name>F2837xD_EPwm.obj</name>
      </input_file>
      <input_file id="fl-d">
         <path>.\source\</path>
         <kind>object</kind>
         <file>F2837xD_EQep.obj</file>
         <name>F2837xD_EQep.obj</name>
      </input_file>
      <input_file id="fl-e">
         <path>.\source\</path>
         <kind>object</kind>
         <file>F2837xD_Emif.obj</file>
         <name>F2837xD_Emif.obj</name>
      </input_file>
      <input_file id="fl-f">
         <path>.\source\</path>
         <kind>object</kind>
         <file>F2837xD_GlobalVariableDefs.obj</file>
         <name>F2837xD_GlobalVariableDefs.obj</name>
      </input_file>
      <input_file id="fl-10">
         <path>.\source\</path>
         <kind>object</kind>
         <file>F2837xD_Gpio.obj</file>
         <name>F2837xD_Gpio.obj</name>
      </input_file>
      <input_file id="fl-11">
         <path>.\source\</path>
         <kind>object</kind>
         <file>F2837xD_I2C.obj</file>
         <name>F2837xD_I2C.obj</name>
      </input_file>
      <input_file id="fl-12">
         <path>.\source\</path>
         <kind>object</kind>
         <file>F2837xD_Ipc.obj</file>
         <name>F2837xD_Ipc.obj</name>
      </input_file>
      <input_file id="fl-13">
         <path>.\source\</path>
         <kind>object</kind>
         <file>F2837xD_Ipc_Driver.obj</file>
         <name>F2837xD_Ipc_Driver.obj</name>
      </input_file>
      <input_file id="fl-14">
         <path>.\source\</path>
         <kind>object</kind>
         <file>F2837xD_Ipc_Driver_Lite.obj</file>
         <name>F2837xD_Ipc_Driver_Lite.obj</name>
      </input_file>
      <input_file id="fl-15">
         <path>.\source\</path>
         <kind>object</kind>
         <file>F2837xD_Ipc_Driver_Util.obj</file>
         <name>F2837xD_Ipc_Driver_Util.obj</name>
      </input_file>
      <input_file id="fl-16">
         <path>.\source\</path>
         <kind>object</kind>
         <file>F2837xD_Mcbsp.obj</file>
         <name>F2837xD_Mcbsp.obj</name>
      </input_file>
      <input_file id="fl-17">
         <path>.\source\</path>
         <kind>object</kind>
         <file>F2837xD_PieCtrl.obj</file>
         <name>F2837xD_PieCtrl.obj</name>
      </input_file>
      <input_file id="fl-18">
         <path>.\source\</path>
         <kind>object</kind>
         <file>F2837xD_PieVect.obj</file>
         <name>F2837xD_PieVect.obj</name>
      </input_file>
      <input_file id="fl-19">
         <path>.\source\</path>
         <kind>object</kind>
         <file>F2837xD_Sci.obj</file>
         <name>F2837xD_Sci.obj</name>
      </input_file>
      <input_file id="fl-1a">
         <path>.\source\</path>
         <kind>object</kind>
         <file>F2837xD_Spi.obj</file>
         <name>F2837xD_Spi.obj</name>
      </input_file>
      <input_file id="fl-1b">
         <path>.\source\</path>
         <kind>object</kind>
         <file>F2837xD_SysCtrl.obj</file>
         <name>F2837xD_SysCtrl.obj</name>
      </input_file>
      <input_file id="fl-1c">
         <path>.\source\</path>
         <kind>object</kind>
         <file>F2837xD_TempSensorConv.obj</file>
         <name>F2837xD_TempSensorConv.obj</name>
      </input_file>
      <input_file id="fl-1d">
         <path>.\source\</path>
         <kind>object</kind>
         <file>F2837xD_Upp.obj</file>
         <name>F2837xD_Upp.obj</name>
      </input_file>
      <input_file id="fl-1e">
         <path>.\source\</path>
         <kind>object</kind>
         <file>F2837xD_can.obj</file>
         <name>F2837xD_can.obj</name>
      </input_file>
      <input_file id="fl-1f">
         <path>.\source\</path>
         <kind>object</kind>
         <file>F2837xD_sci_io.obj</file>
         <name>F2837xD_sci_io.obj</name>
      </input_file>
      <input_file id="fl-20">
         <path>.\source\</path>
         <kind>object</kind>
         <file>F2837xD_sdfm_drivers.obj</file>
         <name>F2837xD_sdfm_drivers.obj</name>
      </input_file>
      <input_file id="fl-21">
         <path>.\source\</path>
         <kind>object</kind>
         <file>F2837xD_struct.obj</file>
         <name>F2837xD_struct.obj</name>
      </input_file>
      <input_file id="fl-22">
         <path>.\source\</path>
         <kind>object</kind>
         <file>F2837xD_usDelay.obj</file>
         <name>F2837xD_usDelay.obj</name>
      </input_file>
      <input_file id="fl-28">
         <kind>object</kind>
         <file>&lt;internal&gt;</file>
         <name>&lt;internal&gt;</name>
      </input_file>
      <input_file id="fl-34">
         <path>C:\ti\ccs1281\ccs\tools\compiler\ti-cgt-c2000_22.6.1.LTS\lib\</path>
         <kind>archive</kind>
         <file>rts2800_fpu32_eabi.lib</file>
         <name>boot28.asm.obj</name>
      </input_file>
      <input_file id="fl-35">
         <path>C:\ti\ccs1281\ccs\tools\compiler\ti-cgt-c2000_22.6.1.LTS\lib\</path>
         <kind>archive</kind>
         <file>rts2800_fpu32_eabi.lib</file>
         <name>fd_add28.asm.obj</name>
      </input_file>
      <input_file id="fl-36">
         <path>C:\ti\ccs1281\ccs\tools\compiler\ti-cgt-c2000_22.6.1.LTS\lib\</path>
         <kind>archive</kind>
         <file>rts2800_fpu32_eabi.lib</file>
         <name>fd_cmp28.asm.obj</name>
      </input_file>
      <input_file id="fl-37">
         <path>C:\ti\ccs1281\ccs\tools\compiler\ti-cgt-c2000_22.6.1.LTS\lib\</path>
         <kind>archive</kind>
         <file>rts2800_fpu32_eabi.lib</file>
         <name>fd_mpy28.asm.obj</name>
      </input_file>
      <input_file id="fl-38">
         <path>C:\ti\ccs1281\ccs\tools\compiler\ti-cgt-c2000_22.6.1.LTS\lib\</path>
         <kind>archive</kind>
         <file>rts2800_fpu32_eabi.lib</file>
         <name>fd_toi28.asm.obj</name>
      </input_file>
      <input_file id="fl-39">
         <path>C:\ti\ccs1281\ccs\tools\compiler\ti-cgt-c2000_22.6.1.LTS\lib\</path>
         <kind>archive</kind>
         <file>rts2800_fpu32_eabi.lib</file>
         <name>fs_div28.asm.obj</name>
      </input_file>
      <input_file id="fl-3a">
         <path>C:\ti\ccs1281\ccs\tools\compiler\ti-cgt-c2000_22.6.1.LTS\lib\</path>
         <kind>archive</kind>
         <file>rts2800_fpu32_eabi.lib</file>
         <name>ll_aox28.asm.obj</name>
      </input_file>
      <input_file id="fl-3b">
         <path>C:\ti\ccs1281\ccs\tools\compiler\ti-cgt-c2000_22.6.1.LTS\lib\</path>
         <kind>archive</kind>
         <file>rts2800_fpu32_eabi.lib</file>
         <name>ll_cmp28.asm.obj</name>
      </input_file>
      <input_file id="fl-3c">
         <path>C:\ti\ccs1281\ccs\tools\compiler\ti-cgt-c2000_22.6.1.LTS\lib\</path>
         <kind>archive</kind>
         <file>rts2800_fpu32_eabi.lib</file>
         <name>i_tofd28.asm.obj</name>
      </input_file>
      <input_file id="fl-3d">
         <path>C:\ti\ccs1281\ccs\tools\compiler\ti-cgt-c2000_22.6.1.LTS\lib\</path>
         <kind>archive</kind>
         <file>rts2800_fpu32_eabi.lib</file>
         <name>fs_tofdfpu32.asm.obj</name>
      </input_file>
      <input_file id="fl-3e">
         <path>C:\ti\ccs1281\ccs\tools\compiler\ti-cgt-c2000_22.6.1.LTS\lib\</path>
         <kind>archive</kind>
         <file>rts2800_fpu32_eabi.lib</file>
         <name>fd_div28.asm.obj</name>
      </input_file>
      <input_file id="fl-3f">
         <path>C:\ti\ccs1281\ccs\tools\compiler\ti-cgt-c2000_22.6.1.LTS\lib\</path>
         <kind>archive</kind>
         <file>rts2800_fpu32_eabi.lib</file>
         <name>memcpy.c.obj</name>
      </input_file>
      <input_file id="fl-40">
         <path>C:\ti\ccs1281\ccs\tools\compiler\ti-cgt-c2000_22.6.1.LTS\lib\</path>
         <kind>archive</kind>
         <file>rts2800_fpu32_eabi.lib</file>
         <name>pre_init.c.obj</name>
      </input_file>
      <input_file id="fl-41">
         <path>C:\ti\ccs1281\ccs\tools\compiler\ti-cgt-c2000_22.6.1.LTS\lib\</path>
         <kind>archive</kind>
         <file>rts2800_fpu32_eabi.lib</file>
         <name>autoinit.c.obj</name>
      </input_file>
      <input_file id="fl-42">
         <path>C:\ti\ccs1281\ccs\tools\compiler\ti-cgt-c2000_22.6.1.LTS\lib\</path>
         <kind>archive</kind>
         <file>rts2800_fpu32_eabi.lib</file>
         <name>copy_zero_init.c.obj</name>
      </input_file>
      <input_file id="fl-43">
         <path>C:\ti\ccs1281\ccs\tools\compiler\ti-cgt-c2000_22.6.1.LTS\lib\</path>
         <kind>archive</kind>
         <file>rts2800_fpu32_eabi.lib</file>
         <name>copy_decompress_none.c.obj</name>
      </input_file>
      <input_file id="fl-44">
         <path>C:\ti\ccs1281\ccs\tools\compiler\ti-cgt-c2000_22.6.1.LTS\lib\</path>
         <kind>archive</kind>
         <file>rts2800_fpu32_eabi.lib</file>
         <name>copy_decompress_lzss.c.obj</name>
      </input_file>
      <input_file id="fl-45">
         <path>C:\ti\ccs1281\ccs\tools\compiler\ti-cgt-c2000_22.6.1.LTS\lib\</path>
         <kind>archive</kind>
         <file>rts2800_fpu32_eabi.lib</file>
         <name>exit.c.obj</name>
      </input_file>
      <input_file id="fl-46">
         <path>C:\ti\ccs1281\ccs\tools\compiler\ti-cgt-c2000_22.6.1.LTS\lib\</path>
         <kind>archive</kind>
         <file>rts2800_fpu32_eabi.lib</file>
         <name>_lock.c.obj</name>
      </input_file>
      <input_file id="fl-47">
         <path>C:\ti\ccs1281\ccs\tools\compiler\ti-cgt-c2000_22.6.1.LTS\lib\</path>
         <kind>archive</kind>
         <file>rts2800_fpu32_eabi.lib</file>
         <name>args_main.c.obj</name>
      </input_file>
      <input_file id="fl-48">
         <path>C:\ti\ccs1281\ccs\tools\compiler\ti-cgt-c2000_22.6.1.LTS\lib\</path>
         <kind>archive</kind>
         <file>rts2800_fpu32_eabi.lib</file>
         <name>memset.c.obj</name>
      </input_file>
      <input_file id="fl-49">
         <path>C:\ti\ccs1281\ccs\tools\compiler\ti-cgt-c2000_22.6.1.LTS\lib\</path>
         <kind>archive</kind>
         <file>rts2800_fpu32_eabi.lib</file>
         <name>cpy_tbl.c.obj</name>
      </input_file>
      <input_file id="fl-4a">
         <path>C:\ti\ccs1281\ccs\tools\compiler\ti-cgt-c2000_22.6.1.LTS\lib\</path>
         <kind>archive</kind>
         <file>rts2800_fpu32_eabi.lib</file>
         <name>startup.c.obj</name>
      </input_file>
   </input_file_list>
   <object_component_list>
      <object_component id="oc-358">
         <name>.cinit..data.load</name>
         <load_address>0x83390</load_address>
         <run_address>0x83390</run_address>
         <size>0xb</size>
      </object_component>
      <object_component id="oc-355">
         <name>__TI_handler_table</name>
         <load_address>0x8339c</load_address>
         <run_address>0x8339c</run_address>
         <size>0x6</size>
      </object_component>
      <object_component id="oc-357">
         <name>.cinit..bss.load</name>
         <load_address>0x833a2</load_address>
         <run_address>0x833a2</run_address>
         <size>0x4</size>
      </object_component>
      <object_component id="oc-359">
         <name>.cinit.PieVectTableFile.load</name>
         <load_address>0x833a6</load_address>
         <run_address>0x833a6</run_address>
         <size>0x4</size>
      </object_component>
      <object_component id="oc-356">
         <name>__TI_cinit_table</name>
         <load_address>0x833aa</load_address>
         <run_address>0x833aa</run_address>
         <size>0xc</size>
      </object_component>
      <object_component id="oc-d2">
         <name>.text:retain</name>
         <load_address>0x82000</load_address>
         <run_address>0x82000</run_address>
         <size>0x585</size>
         <input_file_ref idref="fl-9"/>
      </object_component>
      <object_component id="oc-149">
         <name>.text</name>
         <load_address>0x82585</load_address>
         <run_address>0x82585</run_address>
         <size>0x507</size>
         <input_file_ref idref="fl-1b"/>
      </object_component>
      <object_component id="oc-12a">
         <name>.text</name>
         <load_address>0x82a8c</load_address>
         <run_address>0x82a8c</run_address>
         <size>0x1ca</size>
         <input_file_ref idref="fl-10"/>
      </object_component>
      <object_component id="oc-b0">
         <name>.text</name>
         <load_address>0x82c56</load_address>
         <run_address>0x82c56</run_address>
         <size>0x164</size>
         <input_file_ref idref="fl-2"/>
      </object_component>
      <object_component id="oc-130">
         <name>.text</name>
         <load_address>0x82dba</load_address>
         <run_address>0x82dba</run_address>
         <size>0x13f</size>
         <input_file_ref idref="fl-c"/>
      </object_component>
      <object_component id="oc-c2">
         <name>.text</name>
         <load_address>0x82ef9</load_address>
         <run_address>0x82ef9</run_address>
         <size>0xfc</size>
         <input_file_ref idref="fl-3"/>
      </object_component>
      <object_component id="oc-bb">
         <name>.text:retain</name>
         <load_address>0x82ff5</load_address>
         <run_address>0x82ff5</run_address>
         <size>0xcf</size>
         <input_file_ref idref="fl-4"/>
      </object_component>
      <object_component id="oc-206">
         <name>.text</name>
         <load_address>0x830c4</load_address>
         <run_address>0x830c4</run_address>
         <size>0x88</size>
         <input_file_ref idref="fl-39"/>
      </object_component>
      <object_component id="oc-124">
         <name>.text</name>
         <load_address>0x8314c</load_address>
         <run_address>0x8314c</run_address>
         <size>0x5e</size>
         <input_file_ref idref="fl-7"/>
      </object_component>
      <object_component id="oc-bc">
         <name>.text</name>
         <load_address>0x831aa</load_address>
         <run_address>0x831aa</run_address>
         <size>0x4f</size>
         <input_file_ref idref="fl-4"/>
      </object_component>
      <object_component id="oc-97">
         <name>.text:decompress:lzss</name>
         <load_address>0x831f9</load_address>
         <run_address>0x831f9</run_address>
         <size>0x30</size>
         <input_file_ref idref="fl-44"/>
      </object_component>
      <object_component id="oc-186">
         <name>.text:__TI_auto_init_nobinit_nopinit</name>
         <load_address>0x83229</load_address>
         <run_address>0x83229</run_address>
         <size>0x2b</size>
         <input_file_ref idref="fl-41"/>
      </object_component>
      <object_component id="oc-af">
         <name>.text:retain</name>
         <load_address>0x83254</load_address>
         <run_address>0x83254</run_address>
         <size>0x2b</size>
         <input_file_ref idref="fl-2"/>
      </object_component>
      <object_component id="oc-211">
         <name>.text</name>
         <load_address>0x8327f</load_address>
         <run_address>0x8327f</run_address>
         <size>0x2a</size>
         <input_file_ref idref="fl-36"/>
      </object_component>
      <object_component id="oc-ff">
         <name>.text</name>
         <load_address>0x832a9</load_address>
         <run_address>0x832a9</run_address>
         <size>0x29</size>
         <input_file_ref idref="fl-45"/>
      </object_component>
      <object_component id="oc-154">
         <name>.text</name>
         <load_address>0x832d2</load_address>
         <run_address>0x832d2</run_address>
         <size>0x28</size>
         <input_file_ref idref="fl-17"/>
      </object_component>
      <object_component id="oc-de">
         <name>.text</name>
         <load_address>0x832fa</load_address>
         <run_address>0x832fa</run_address>
         <size>0x1d</size>
         <input_file_ref idref="fl-3f"/>
      </object_component>
      <object_component id="oc-20b">
         <name>.text</name>
         <load_address>0x83317</load_address>
         <run_address>0x83317</run_address>
         <size>0x1c</size>
         <input_file_ref idref="fl-3d"/>
      </object_component>
      <object_component id="oc-a4">
         <name>.text</name>
         <load_address>0x83333</load_address>
         <run_address>0x83333</run_address>
         <size>0x17</size>
         <input_file_ref idref="fl-34"/>
      </object_component>
      <object_component id="oc-15a">
         <name>.text</name>
         <load_address>0x8334a</load_address>
         <run_address>0x8334a</run_address>
         <size>0x11</size>
         <input_file_ref idref="fl-18"/>
      </object_component>
      <object_component id="oc-e6">
         <name>.text:decompress:ZI:__TI_zero_init_nomemset</name>
         <load_address>0x8335b</load_address>
         <run_address>0x8335b</run_address>
         <size>0xd</size>
         <input_file_ref idref="fl-42"/>
      </object_component>
      <object_component id="oc-f9">
         <name>.text</name>
         <load_address>0x83368</load_address>
         <run_address>0x83368</run_address>
         <size>0xc</size>
         <input_file_ref idref="fl-47"/>
      </object_component>
      <object_component id="oc-256">
         <name>.text</name>
         <load_address>0x83374</load_address>
         <run_address>0x83374</run_address>
         <size>0x9</size>
         <input_file_ref idref="fl-46"/>
      </object_component>
      <object_component id="oc-168">
         <name>.text</name>
         <load_address>0x8337d</load_address>
         <run_address>0x8337d</run_address>
         <size>0x8</size>
         <input_file_ref idref="fl-6"/>
      </object_component>
      <object_component id="oc-9d">
         <name>.text:decompress:none</name>
         <load_address>0x83385</load_address>
         <run_address>0x83385</run_address>
         <size>0x8</size>
         <input_file_ref idref="fl-43"/>
      </object_component>
      <object_component id="oc-f2">
         <name>.text</name>
         <load_address>0x8338d</load_address>
         <run_address>0x8338d</run_address>
         <size>0x2</size>
         <input_file_ref idref="fl-40"/>
      </object_component>
      <object_component id="oc-23c">
         <name>.text</name>
         <load_address>0x8338f</load_address>
         <run_address>0x8338f</run_address>
         <size>0x1</size>
         <input_file_ref idref="fl-4a"/>
      </object_component>
      <object_component id="oc-cd">
         <name>codestart</name>
         <load_address>0x80000</load_address>
         <run_address>0x80000</run_address>
         <size>0x2</size>
         <input_file_ref idref="fl-6"/>
      </object_component>
      <object_component id="oc-db">
         <name>.stack</name>
         <uninitialized>true</uninitialized>
         <run_address>0x400</run_address>
         <size>0x0</size>
         <input_file_ref idref="fl-34"/>
      </object_component>
      <object_component id="oc-35a">
         <name>.stack</name>
         <uninitialized>true</uninitialized>
         <run_address>0x400</run_address>
         <size>0x0</size>
      </object_component>
      <object_component id="oc-106">
         <name>.bss</name>
         <uninitialized>true</uninitialized>
         <run_address>0xa800</run_address>
         <size>0x42</size>
         <input_file_ref idref="fl-2"/>
      </object_component>
      <object_component id="oc-121">
         <name>.bss</name>
         <uninitialized>true</uninitialized>
         <run_address>0xa842</run_address>
         <size>0x18</size>
         <input_file_ref idref="fl-7"/>
      </object_component>
      <object_component id="oc-139">
         <name>.data</name>
         <load_address>0xa85a</load_address>
         <run_address>0xa85a</run_address>
         <size>0xa</size>
         <input_file_ref idref="fl-4"/>
      </object_component>
      <object_component id="oc-1b8">
         <name>.data</name>
         <load_address>0xa864</load_address>
         <run_address>0xa864</run_address>
         <size>0x6</size>
         <input_file_ref idref="fl-45"/>
      </object_component>
      <object_component id="oc-1bb">
         <name>.data:_lock</name>
         <load_address>0xa86a</load_address>
         <run_address>0xa86a</run_address>
         <size>0x2</size>
         <input_file_ref idref="fl-46"/>
      </object_component>
      <object_component id="oc-29c">
         <name>.data:_unlock</name>
         <load_address>0xa86c</load_address>
         <run_address>0xa86c</run_address>
         <size>0x2</size>
         <input_file_ref idref="fl-46"/>
      </object_component>
      <object_component id="oc-d8">
         <name>.const</name>
         <load_address>0x90000</load_address>
         <run_address>0x90000</run_address>
         <size>0x1c0</size>
         <input_file_ref idref="fl-18"/>
      </object_component>
      <object_component id="oc-210">
         <name>.const</name>
         <load_address>0x901c0</load_address>
         <run_address>0x901c0</run_address>
         <size>0x8</size>
         <input_file_ref idref="fl-1b"/>
      </object_component>
      <object_component id="oc-216">
         <name>.TI.ramfunc</name>
         <load_address>0x86000</load_address>
         <run_address>0x8000</run_address>
         <size>0x48</size>
         <input_file_ref idref="fl-1b"/>
      </object_component>
      <object_component id="oc-14f">
         <name>.TI.ramfunc</name>
         <load_address>0x86048</load_address>
         <run_address>0x8048</run_address>
         <size>0x4</size>
         <input_file_ref idref="fl-22"/>
      </object_component>
      <object_component id="oc-118">
         <name>PieVectTableFile</name>
         <uninitialized>true</uninitialized>
         <run_address>0xd00</run_address>
         <size>0x1c0</size>
         <input_file_ref idref="fl-f"/>
      </object_component>
      <object_component id="oc-146">
         <name>AdcaRegsFile</name>
         <uninitialized>true</uninitialized>
         <run_address>0x7400</run_address>
         <size>0x7c</size>
         <input_file_ref idref="fl-f"/>
      </object_component>
      <object_component id="oc-143">
         <name>AdcaResultRegsFile</name>
         <uninitialized>true</uninitialized>
         <run_address>0xb00</run_address>
         <size>0x18</size>
         <input_file_ref idref="fl-f"/>
      </object_component>
      <object_component id="oc-1fd">
         <name>AnalogSubsysRegsFile</name>
         <uninitialized>true</uninitialized>
         <run_address>0x5d180</run_address>
         <size>0x3e</size>
         <input_file_ref idref="fl-f"/>
      </object_component>
      <object_component id="oc-115">
         <name>ClkCfgRegsFile</name>
         <uninitialized>true</uninitialized>
         <run_address>0x5d200</run_address>
         <size>0x32</size>
         <input_file_ref idref="fl-f"/>
      </object_component>
      <object_component id="oc-13d">
         <name>Cmpss1RegsFile</name>
         <uninitialized>true</uninitialized>
         <run_address>0x5c80</run_address>
         <size>0x1b</size>
         <input_file_ref idref="fl-f"/>
      </object_component>
      <object_component id="oc-10f">
         <name>CpuTimer0RegsFile</name>
         <uninitialized>true</uninitialized>
         <run_address>0xc00</run_address>
         <size>0x8</size>
         <input_file_ref idref="fl-f"/>
      </object_component>
      <object_component id="oc-1d6">
         <name>CpuTimer1RegsFile</name>
         <uninitialized>true</uninitialized>
         <run_address>0xc08</run_address>
         <size>0x8</size>
         <input_file_ref idref="fl-f"/>
      </object_component>
      <object_component id="oc-1d9">
         <name>CpuTimer2RegsFile</name>
         <uninitialized>true</uninitialized>
         <run_address>0xc10</run_address>
         <size>0x8</size>
         <input_file_ref idref="fl-f"/>
      </object_component>
      <object_component id="oc-112">
         <name>CpuSysRegsFile</name>
         <uninitialized>true</uninitialized>
         <run_address>0x5d300</run_address>
         <size>0x82</size>
         <input_file_ref idref="fl-f"/>
      </object_component>
      <object_component id="oc-200">
         <name>DcsmZ1RegsFile</name>
         <uninitialized>true</uninitialized>
         <run_address>0x5f000</run_address>
         <size>0x22</size>
         <input_file_ref idref="fl-f"/>
      </object_component>
      <object_component id="oc-203">
         <name>DcsmZ2RegsFile</name>
         <uninitialized>true</uninitialized>
         <run_address>0x5f040</run_address>
         <size>0x22</size>
         <input_file_ref idref="fl-f"/>
      </object_component>
      <object_component id="oc-1e3">
         <name>DevCfgRegsFile</name>
         <uninitialized>true</uninitialized>
         <run_address>0x5d000</run_address>
         <size>0x12e</size>
         <input_file_ref idref="fl-f"/>
      </object_component>
      <object_component id="oc-11e">
         <name>EPwm1RegsFile</name>
         <uninitialized>true</uninitialized>
         <run_address>0x4000</run_address>
         <size>0x100</size>
         <input_file_ref idref="fl-f"/>
      </object_component>
      <object_component id="oc-11b">
         <name>EPwm2RegsFile</name>
         <uninitialized>true</uninitialized>
         <run_address>0x4100</run_address>
         <size>0x100</size>
         <input_file_ref idref="fl-f"/>
      </object_component>
      <object_component id="oc-162">
         <name>EPwmXbarRegsFile</name>
         <uninitialized>true</uninitialized>
         <run_address>0x7a00</run_address>
         <size>0x40</size>
         <input_file_ref idref="fl-f"/>
      </object_component>
      <object_component id="oc-285">
         <name>Flash0CtrlRegsFile</name>
         <uninitialized>true</uninitialized>
         <run_address>0x5f800</run_address>
         <size>0x182</size>
         <input_file_ref idref="fl-f"/>
      </object_component>
      <object_component id="oc-288">
         <name>Flash0EccRegsFile</name>
         <uninitialized>true</uninitialized>
         <run_address>0x5fb00</run_address>
         <size>0x28</size>
         <input_file_ref idref="fl-f"/>
      </object_component>
      <object_component id="oc-1fa">
         <name>FlashPumpSemaphoreRegsFile</name>
         <uninitialized>true</uninitialized>
         <run_address>0x50024</run_address>
         <size>0x2</size>
         <input_file_ref idref="fl-f"/>
      </object_component>
      <object_component id="oc-1dd">
         <name>GpioCtrlRegsFile</name>
         <uninitialized>true</uninitialized>
         <run_address>0x7c00</run_address>
         <size>0x180</size>
         <input_file_ref idref="fl-f"/>
      </object_component>
      <object_component id="oc-13a">
         <name>GpioDataRegsFile</name>
         <uninitialized>true</uninitialized>
         <run_address>0x7f00</run_address>
         <size>0x30</size>
         <input_file_ref idref="fl-f"/>
      </object_component>
      <object_component id="oc-1e0">
         <name>InputXbarRegsFile</name>
         <uninitialized>true</uninitialized>
         <run_address>0x7900</run_address>
         <size>0x20</size>
         <input_file_ref idref="fl-f"/>
      </object_component>
      <object_component id="oc-140">
         <name>OutputXbarRegsFile</name>
         <uninitialized>true</uninitialized>
         <run_address>0x7a80</run_address>
         <size>0x40</size>
         <input_file_ref idref="fl-f"/>
      </object_component>
      <object_component id="oc-10c">
         <name>PieCtrlRegsFile</name>
         <uninitialized>true</uninitialized>
         <run_address>0xce0</run_address>
         <size>0x1a</size>
         <input_file_ref idref="fl-f"/>
      </object_component>
      <object_component id="oc-109">
         <name>SciaRegsFile</name>
         <uninitialized>true</uninitialized>
         <run_address>0x7200</run_address>
         <size>0x10</size>
         <input_file_ref idref="fl-f"/>
      </object_component>
      <object_component id="oc-1f7">
         <name>WdRegsFile</name>
         <uninitialized>true</uninitialized>
         <run_address>0x7000</run_address>
         <size>0x2b</size>
         <input_file_ref idref="fl-f"/>
      </object_component>
      <object_component id="oc-137">
         <name>.debug_types</name>
         <load_address>0x0</load_address>
         <run_address>0x0</run_address>
         <size>0x109d4</size>
         <input_file_ref idref="fl-2"/>
      </object_component>
      <object_component id="oc-166">
         <name>.debug_types</name>
         <load_address>0x109d4</load_address>
         <run_address>0x109d4</run_address>
         <size>0xf03d</size>
         <input_file_ref idref="fl-3"/>
      </object_component>
      <object_component id="oc-161">
         <name>.debug_types</name>
         <load_address>0x1fa11</load_address>
         <run_address>0x1fa11</run_address>
         <size>0x6297</size>
         <input_file_ref idref="fl-4"/>
      </object_component>
      <object_component id="oc-1d5">
         <name>.debug_types</name>
         <load_address>0x25ca8</load_address>
         <run_address>0x25ca8</run_address>
         <size>0x2f</size>
         <input_file_ref idref="fl-7"/>
      </object_component>
      <object_component id="oc-16f">
         <name>.debug_types</name>
         <load_address>0x0</load_address>
         <run_address>0x0</run_address>
         <size>0x0</size>
         <input_file_ref idref="fl-9"/>
      </object_component>
      <object_component id="oc-1e9">
         <name>.debug_types</name>
         <load_address>0x25cd7</load_address>
         <run_address>0x25cd7</run_address>
         <size>0xfe74</size>
         <input_file_ref idref="fl-c"/>
      </object_component>
      <object_component id="oc-1c4">
         <name>.debug_types</name>
         <load_address>0x35b4b</load_address>
         <run_address>0x35b4b</run_address>
         <size>0x2a91a</size>
         <input_file_ref idref="fl-f"/>
      </object_component>
      <object_component id="oc-1e7">
         <name>.debug_types</name>
         <load_address>0x60465</load_address>
         <run_address>0x60465</run_address>
         <size>0x89</size>
         <input_file_ref idref="fl-10"/>
      </object_component>
      <object_component id="oc-220">
         <name>.debug_types</name>
         <load_address>0x0</load_address>
         <run_address>0x0</run_address>
         <size>0x0</size>
         <input_file_ref idref="fl-17"/>
      </object_component>
      <object_component id="oc-172">
         <name>.debug_types</name>
         <load_address>0x604ee</load_address>
         <run_address>0x604ee</run_address>
         <size>0x5a</size>
         <input_file_ref idref="fl-18"/>
      </object_component>
      <object_component id="oc-21d">
         <name>.debug_types</name>
         <load_address>0x60548</load_address>
         <run_address>0x60548</run_address>
         <size>0x2f</size>
         <input_file_ref idref="fl-1b"/>
      </object_component>
      <object_component id="oc-177">
         <name>.debug_types</name>
         <load_address>0x60577</load_address>
         <run_address>0x60577</run_address>
         <size>0x142</size>
         <input_file_ref idref="fl-3f"/>
      </object_component>
      <object_component id="oc-185">
         <name>.debug_types</name>
         <load_address>0x0</load_address>
         <run_address>0x0</run_address>
         <size>0x0</size>
         <input_file_ref idref="fl-40"/>
      </object_component>
      <object_component id="oc-243">
         <name>.debug_types</name>
         <load_address>0x606b9</load_address>
         <run_address>0x606b9</run_address>
         <size>0x4ca</size>
         <input_file_ref idref="fl-41"/>
      </object_component>
      <object_component id="oc-17c">
         <name>.debug_types</name>
         <load_address>0x60b83</load_address>
         <run_address>0x60b83</run_address>
         <size>0x194</size>
         <input_file_ref idref="fl-42"/>
      </object_component>
      <object_component id="oc-e5">
         <name>.debug_types</name>
         <load_address>0x0</load_address>
         <run_address>0x0</run_address>
         <size>0x0</size>
         <input_file_ref idref="fl-43"/>
      </object_component>
      <object_component id="oc-dd">
         <name>.debug_types</name>
         <load_address>0x60d17</load_address>
         <run_address>0x60d17</run_address>
         <size>0x191</size>
         <input_file_ref idref="fl-44"/>
      </object_component>
      <object_component id="oc-1bf">
         <name>.debug_types</name>
         <load_address>0x60ea8</load_address>
         <run_address>0x60ea8</run_address>
         <size>0xbf</size>
         <input_file_ref idref="fl-45"/>
      </object_component>
      <object_component id="oc-25e">
         <name>.debug_types</name>
         <load_address>0x60f67</load_address>
         <run_address>0x60f67</run_address>
         <size>0x2f</size>
         <input_file_ref idref="fl-46"/>
      </object_component>
      <object_component id="oc-1b7">
         <name>.debug_types</name>
         <load_address>0x60f96</load_address>
         <run_address>0x60f96</run_address>
         <size>0xe1</size>
         <input_file_ref idref="fl-47"/>
      </object_component>
      <object_component id="oc-296">
         <name>.debug_types</name>
         <load_address>0x0</load_address>
         <run_address>0x0</run_address>
         <size>0x0</size>
         <input_file_ref idref="fl-4a"/>
      </object_component>
      <object_component id="oc-107">
         <name>.debug_info</name>
         <load_address>0x0</load_address>
         <run_address>0x0</run_address>
         <size>0xdd</size>
         <input_file_ref idref="fl-2"/>
      </object_component>
      <object_component id="oc-b6">
         <name>.debug_info</name>
         <load_address>0xdd</load_address>
         <run_address>0xdd</run_address>
         <size>0xf5</size>
         <input_file_ref idref="fl-2"/>
      </object_component>
      <object_component id="oc-b1">
         <name>.debug_info</name>
         <load_address>0x1d2</load_address>
         <run_address>0x1d2</run_address>
         <size>0x3b0</size>
         <input_file_ref idref="fl-2"/>
      </object_component>
      <object_component id="oc-c6">
         <name>.debug_info</name>
         <load_address>0x582</load_address>
         <run_address>0x582</run_address>
         <size>0x1b7</size>
         <input_file_ref idref="fl-3"/>
      </object_component>
      <object_component id="oc-bd">
         <name>.debug_info</name>
         <load_address>0x739</load_address>
         <run_address>0x739</run_address>
         <size>0x20f</size>
         <input_file_ref idref="fl-4"/>
      </object_component>
      <object_component id="oc-c9">
         <name>.debug_info</name>
         <load_address>0x948</load_address>
         <run_address>0x948</run_address>
         <size>0x1ca</size>
         <input_file_ref idref="fl-4"/>
      </object_component>
      <object_component id="oc-d0">
         <name>.debug_info</name>
         <load_address>0xb12</load_address>
         <run_address>0xb12</run_address>
         <size>0xf8</size>
         <input_file_ref idref="fl-6"/>
      </object_component>
      <object_component id="oc-16b">
         <name>.debug_info</name>
         <load_address>0xc0a</load_address>
         <run_address>0xc0a</run_address>
         <size>0xf9</size>
         <input_file_ref idref="fl-6"/>
      </object_component>
      <object_component id="oc-122">
         <name>.debug_info</name>
         <load_address>0xd03</load_address>
         <run_address>0xd03</run_address>
         <size>0x12e</size>
         <input_file_ref idref="fl-7"/>
      </object_component>
      <object_component id="oc-127">
         <name>.debug_info</name>
         <load_address>0xe31</load_address>
         <run_address>0xe31</run_address>
         <size>0x1d6</size>
         <input_file_ref idref="fl-7"/>
      </object_component>
      <object_component id="oc-d5">
         <name>.debug_info</name>
         <load_address>0x1007</load_address>
         <run_address>0x1007</run_address>
         <size>0x27e9</size>
         <input_file_ref idref="fl-9"/>
      </object_component>
      <object_component id="oc-133">
         <name>.debug_info</name>
         <load_address>0x37f0</load_address>
         <run_address>0x37f0</run_address>
         <size>0x5ad</size>
         <input_file_ref idref="fl-c"/>
      </object_component>
      <object_component id="oc-1fb">
         <name>.debug_info</name>
         <load_address>0x3d9d</load_address>
         <run_address>0x3d9d</run_address>
         <size>0x105</size>
         <input_file_ref idref="fl-f"/>
      </object_component>
      <object_component id="oc-110">
         <name>.debug_info</name>
         <load_address>0x3ea2</load_address>
         <run_address>0x3ea2</run_address>
         <size>0xf3</size>
         <input_file_ref idref="fl-f"/>
      </object_component>
      <object_component id="oc-1d7">
         <name>.debug_info</name>
         <load_address>0x3f95</load_address>
         <run_address>0x3f95</run_address>
         <size>0xf3</size>
         <input_file_ref idref="fl-f"/>
      </object_component>
      <object_component id="oc-1da">
         <name>.debug_info</name>
         <load_address>0x4088</load_address>
         <run_address>0x4088</run_address>
         <size>0xf3</size>
         <input_file_ref idref="fl-f"/>
      </object_component>
      <object_component id="oc-10a">
         <name>.debug_info</name>
         <load_address>0x417b</load_address>
         <run_address>0x417b</run_address>
         <size>0xe9</size>
         <input_file_ref idref="fl-f"/>
      </object_component>
      <object_component id="oc-144">
         <name>.debug_info</name>
         <load_address>0x4264</load_address>
         <run_address>0x4264</run_address>
         <size>0xf4</size>
         <input_file_ref idref="fl-f"/>
      </object_component>
      <object_component id="oc-10d">
         <name>.debug_info</name>
         <load_address>0x4358</load_address>
         <run_address>0x4358</run_address>
         <size>0xef</size>
         <input_file_ref idref="fl-f"/>
      </object_component>
      <object_component id="oc-13e">
         <name>.debug_info</name>
         <load_address>0x4447</load_address>
         <run_address>0x4447</run_address>
         <size>0xed</size>
         <input_file_ref idref="fl-f"/>
      </object_component>
      <object_component id="oc-1e1">
         <name>.debug_info</name>
         <load_address>0x4534</load_address>
         <run_address>0x4534</run_address>
         <size>0xf3</size>
         <input_file_ref idref="fl-f"/>
      </object_component>
      <object_component id="oc-201">
         <name>.debug_info</name>
         <load_address>0x4627</load_address>
         <run_address>0x4627</run_address>
         <size>0xed</size>
         <input_file_ref idref="fl-f"/>
      </object_component>
      <object_component id="oc-204">
         <name>.debug_info</name>
         <load_address>0x4714</load_address>
         <run_address>0x4714</run_address>
         <size>0xed</size>
         <input_file_ref idref="fl-f"/>
      </object_component>
      <object_component id="oc-289">
         <name>.debug_info</name>
         <load_address>0x4801</load_address>
         <run_address>0x4801</run_address>
         <size>0xf3</size>
         <input_file_ref idref="fl-f"/>
      </object_component>
      <object_component id="oc-1f8">
         <name>.debug_info</name>
         <load_address>0x48f4</load_address>
         <run_address>0x48f4</run_address>
         <size>0xe5</size>
         <input_file_ref idref="fl-f"/>
      </object_component>
      <object_component id="oc-13b">
         <name>.debug_info</name>
         <load_address>0x49d9</load_address>
         <run_address>0x49d9</run_address>
         <size>0xf1</size>
         <input_file_ref idref="fl-f"/>
      </object_component>
      <object_component id="oc-116">
         <name>.debug_info</name>
         <load_address>0x4aca</load_address>
         <run_address>0x4aca</run_address>
         <size>0xed</size>
         <input_file_ref idref="fl-f"/>
      </object_component>
      <object_component id="oc-1fe">
         <name>.debug_info</name>
         <load_address>0x4bb7</load_address>
         <run_address>0x4bb7</run_address>
         <size>0xf8</size>
         <input_file_ref idref="fl-f"/>
      </object_component>
      <object_component id="oc-163">
         <name>.debug_info</name>
         <load_address>0x4caf</load_address>
         <run_address>0x4caf</run_address>
         <size>0xf1</size>
         <input_file_ref idref="fl-f"/>
      </object_component>
      <object_component id="oc-141">
         <name>.debug_info</name>
         <load_address>0x4da0</load_address>
         <run_address>0x4da0</run_address>
         <size>0xf5</size>
         <input_file_ref idref="fl-f"/>
      </object_component>
      <object_component id="oc-147">
         <name>.debug_info</name>
         <load_address>0x4e95</load_address>
         <run_address>0x4e95</run_address>
         <size>0xe8</size>
         <input_file_ref idref="fl-f"/>
      </object_component>
      <object_component id="oc-113">
         <name>.debug_info</name>
         <load_address>0x4f7d</load_address>
         <run_address>0x4f7d</run_address>
         <size>0xed</size>
         <input_file_ref idref="fl-f"/>
      </object_component>
      <object_component id="oc-11f">
         <name>.debug_info</name>
         <load_address>0x506a</load_address>
         <run_address>0x506a</run_address>
         <size>0xeb</size>
         <input_file_ref idref="fl-f"/>
      </object_component>
      <object_component id="oc-11c">
         <name>.debug_info</name>
         <load_address>0x5155</load_address>
         <run_address>0x5155</run_address>
         <size>0xeb</size>
         <input_file_ref idref="fl-f"/>
      </object_component>
      <object_component id="oc-1e4">
         <name>.debug_info</name>
         <load_address>0x5240</load_address>
         <run_address>0x5240</run_address>
         <size>0xed</size>
         <input_file_ref idref="fl-f"/>
      </object_component>
      <object_component id="oc-1de">
         <name>.debug_info</name>
         <load_address>0x532d</load_address>
         <run_address>0x532d</run_address>
         <size>0xf1</size>
         <input_file_ref idref="fl-f"/>
      </object_component>
      <object_component id="oc-286">
         <name>.debug_info</name>
         <load_address>0x541e</load_address>
         <run_address>0x541e</run_address>
         <size>0xf5</size>
         <input_file_ref idref="fl-f"/>
      </object_component>
      <object_component id="oc-119">
         <name>.debug_info</name>
         <load_address>0x5513</load_address>
         <run_address>0x5513</run_address>
         <size>0xf1</size>
         <input_file_ref idref="fl-f"/>
      </object_component>
      <object_component id="oc-12b">
         <name>.debug_info</name>
         <load_address>0x5604</load_address>
         <run_address>0x5604</run_address>
         <size>0x9be</size>
         <input_file_ref idref="fl-10"/>
      </object_component>
      <object_component id="oc-155">
         <name>.debug_info</name>
         <load_address>0x5fc2</load_address>
         <run_address>0x5fc2</run_address>
         <size>0x166</size>
         <input_file_ref idref="fl-17"/>
      </object_component>
      <object_component id="oc-d9">
         <name>.debug_info</name>
         <load_address>0x6128</load_address>
         <run_address>0x6128</run_address>
         <size>0xee</size>
         <input_file_ref idref="fl-18"/>
      </object_component>
      <object_component id="oc-15b">
         <name>.debug_info</name>
         <load_address>0x6216</load_address>
         <run_address>0x6216</run_address>
         <size>0x13d</size>
         <input_file_ref idref="fl-18"/>
      </object_component>
      <object_component id="oc-14c">
         <name>.debug_info</name>
         <load_address>0x6353</load_address>
         <run_address>0x6353</run_address>
         <size>0xbf3</size>
         <input_file_ref idref="fl-1b"/>
      </object_component>
      <object_component id="oc-218">
         <name>.debug_info</name>
         <load_address>0x6f46</load_address>
         <run_address>0x6f46</run_address>
         <size>0x156</size>
         <input_file_ref idref="fl-1b"/>
      </object_component>
      <object_component id="oc-151">
         <name>.debug_info</name>
         <load_address>0x709c</load_address>
         <run_address>0x709c</run_address>
         <size>0xf3</size>
         <input_file_ref idref="fl-22"/>
      </object_component>
      <object_component id="oc-a6">
         <name>.debug_info</name>
         <load_address>0x718f</load_address>
         <run_address>0x718f</run_address>
         <size>0x158</size>
         <input_file_ref idref="fl-34"/>
      </object_component>
      <object_component id="oc-213">
         <name>.debug_info</name>
         <load_address>0x72e7</load_address>
         <run_address>0x72e7</run_address>
         <size>0x131</size>
         <input_file_ref idref="fl-36"/>
      </object_component>
      <object_component id="oc-207">
         <name>.debug_info</name>
         <load_address>0x7418</load_address>
         <run_address>0x7418</run_address>
         <size>0x127</size>
         <input_file_ref idref="fl-39"/>
      </object_component>
      <object_component id="oc-20d">
         <name>.debug_info</name>
         <load_address>0x753f</load_address>
         <run_address>0x753f</run_address>
         <size>0x12b</size>
         <input_file_ref idref="fl-3d"/>
      </object_component>
      <object_component id="oc-e0">
         <name>.debug_info</name>
         <load_address>0x766a</load_address>
         <run_address>0x766a</run_address>
         <size>0x19b</size>
         <input_file_ref idref="fl-3f"/>
      </object_component>
      <object_component id="oc-f4">
         <name>.debug_info</name>
         <load_address>0x7805</load_address>
         <run_address>0x7805</run_address>
         <size>0x14d</size>
         <input_file_ref idref="fl-40"/>
      </object_component>
      <object_component id="oc-187">
         <name>.debug_info</name>
         <load_address>0x7952</load_address>
         <run_address>0x7952</run_address>
         <size>0x1bf</size>
         <input_file_ref idref="fl-41"/>
      </object_component>
      <object_component id="oc-e7">
         <name>.debug_info</name>
         <load_address>0x7b11</load_address>
         <run_address>0x7b11</run_address>
         <size>0x1b6</size>
         <input_file_ref idref="fl-42"/>
      </object_component>
      <object_component id="oc-a0">
         <name>.debug_info</name>
         <load_address>0x7cc7</load_address>
         <run_address>0x7cc7</run_address>
         <size>0x1b7</size>
         <input_file_ref idref="fl-43"/>
      </object_component>
      <object_component id="oc-9b">
         <name>.debug_info</name>
         <load_address>0x7e7e</load_address>
         <run_address>0x7e7e</run_address>
         <size>0x219</size>
         <input_file_ref idref="fl-44"/>
      </object_component>
      <object_component id="oc-1b9">
         <name>.debug_info</name>
         <load_address>0x8097</load_address>
         <run_address>0x8097</run_address>
         <size>0x19e</size>
         <input_file_ref idref="fl-45"/>
      </object_component>
      <object_component id="oc-100">
         <name>.debug_info</name>
         <load_address>0x8235</load_address>
         <run_address>0x8235</run_address>
         <size>0x1a9</size>
         <input_file_ref idref="fl-45"/>
      </object_component>
      <object_component id="oc-1bc">
         <name>.debug_info</name>
         <load_address>0x83de</load_address>
         <run_address>0x83de</run_address>
         <size>0x107</size>
         <input_file_ref idref="fl-46"/>
      </object_component>
      <object_component id="oc-29d">
         <name>.debug_info</name>
         <load_address>0x84e5</load_address>
         <run_address>0x84e5</run_address>
         <size>0x10b</size>
         <input_file_ref idref="fl-46"/>
      </object_component>
      <object_component id="oc-257">
         <name>.debug_info</name>
         <load_address>0x85f0</load_address>
         <run_address>0x85f0</run_address>
         <size>0x203</size>
         <input_file_ref idref="fl-46"/>
      </object_component>
      <object_component id="oc-fd">
         <name>.debug_info</name>
         <load_address>0x87f3</load_address>
         <run_address>0x87f3</run_address>
         <size>0x15d</size>
         <input_file_ref idref="fl-47"/>
      </object_component>
      <object_component id="oc-240">
         <name>.debug_info</name>
         <load_address>0x8950</load_address>
         <run_address>0x8950</run_address>
         <size>0x147</size>
         <input_file_ref idref="fl-4a"/>
      </object_component>
      <object_component id="oc-35c">
         <name>.debug_info</name>
         <load_address>0x8a97</load_address>
         <run_address>0x8a97</run_address>
         <size>0x98</size>
      </object_component>
      <object_component id="oc-1c1">
         <name>.debug_line</name>
         <load_address>0x0</load_address>
         <run_address>0x0</run_address>
         <size>0x35</size>
         <input_file_ref idref="fl-2"/>
      </object_component>
      <object_component id="oc-b9">
         <name>.debug_line</name>
         <load_address>0x35</load_address>
         <run_address>0x35</run_address>
         <size>0x51</size>
         <input_file_ref idref="fl-2"/>
      </object_component>
      <object_component id="oc-b4">
         <name>.debug_line</name>
         <load_address>0x86</load_address>
         <run_address>0x86</run_address>
         <size>0x15b</size>
         <input_file_ref idref="fl-2"/>
      </object_component>
      <object_component id="oc-1eb">
         <name>.debug_line</name>
         <load_address>0x1e1</load_address>
         <run_address>0x1e1</run_address>
         <size>0x231</size>
         <input_file_ref idref="fl-2"/>
      </object_component>
      <object_component id="oc-c3">
         <name>.debug_line</name>
         <load_address>0x412</load_address>
         <run_address>0x412</run_address>
         <size>0x11c</size>
         <input_file_ref idref="fl-3"/>
      </object_component>
      <object_component id="oc-228">
         <name>.debug_line</name>
         <load_address>0x52e</load_address>
         <run_address>0x52e</run_address>
         <size>0x1e7</size>
         <input_file_ref idref="fl-3"/>
      </object_component>
      <object_component id="oc-c0">
         <name>.debug_line</name>
         <load_address>0x715</load_address>
         <run_address>0x715</run_address>
         <size>0x6e</size>
         <input_file_ref idref="fl-4"/>
      </object_component>
      <object_component id="oc-c8">
         <name>.debug_line</name>
         <load_address>0x783</load_address>
         <run_address>0x783</run_address>
         <size>0xbb</size>
         <input_file_ref idref="fl-4"/>
      </object_component>
      <object_component id="oc-223">
         <name>.debug_line</name>
         <load_address>0x83e</load_address>
         <run_address>0x83e</run_address>
         <size>0x1bd</size>
         <input_file_ref idref="fl-4"/>
      </object_component>
      <object_component id="oc-ce">
         <name>.debug_line</name>
         <load_address>0x9fb</load_address>
         <run_address>0x9fb</run_address>
         <size>0x55</size>
         <input_file_ref idref="fl-6"/>
      </object_component>
      <object_component id="oc-169">
         <name>.debug_line</name>
         <load_address>0xa50</load_address>
         <run_address>0xa50</run_address>
         <size>0x5d</size>
         <input_file_ref idref="fl-6"/>
      </object_component>
      <object_component id="oc-1d4">
         <name>.debug_line</name>
         <load_address>0xaad</load_address>
         <run_address>0xaad</run_address>
         <size>0x42</size>
         <input_file_ref idref="fl-7"/>
      </object_component>
      <object_component id="oc-125">
         <name>.debug_line</name>
         <load_address>0xaef</load_address>
         <run_address>0xaef</run_address>
         <size>0xb8</size>
         <input_file_ref idref="fl-7"/>
      </object_component>
      <object_component id="oc-266">
         <name>.debug_line</name>
         <load_address>0xba7</load_address>
         <run_address>0xba7</run_address>
         <size>0x5e</size>
         <input_file_ref idref="fl-7"/>
      </object_component>
      <object_component id="oc-d3">
         <name>.debug_line</name>
         <load_address>0xc05</load_address>
         <run_address>0xc05</run_address>
         <size>0xc5a</size>
         <input_file_ref idref="fl-9"/>
      </object_component>
      <object_component id="oc-22c">
         <name>.debug_line</name>
         <load_address>0x185f</load_address>
         <run_address>0x185f</run_address>
         <size>0x21</size>
         <input_file_ref idref="fl-9"/>
      </object_component>
      <object_component id="oc-135">
         <name>.debug_line</name>
         <load_address>0x1880</load_address>
         <run_address>0x1880</run_address>
         <size>0x190</size>
         <input_file_ref idref="fl-c"/>
      </object_component>
      <object_component id="oc-276">
         <name>.debug_line</name>
         <load_address>0x1a10</load_address>
         <run_address>0x1a10</run_address>
         <size>0x5a</size>
         <input_file_ref idref="fl-c"/>
      </object_component>
      <object_component id="oc-27b">
         <name>.debug_line</name>
         <load_address>0x1a6a</load_address>
         <run_address>0x1a6a</run_address>
         <size>0x4b</size>
         <input_file_ref idref="fl-f"/>
      </object_component>
      <object_component id="oc-1c8">
         <name>.debug_line</name>
         <load_address>0x1ab5</load_address>
         <run_address>0x1ab5</run_address>
         <size>0x4b</size>
         <input_file_ref idref="fl-f"/>
      </object_component>
      <object_component id="oc-269">
         <name>.debug_line</name>
         <load_address>0x1b00</load_address>
         <run_address>0x1b00</run_address>
         <size>0x4b</size>
         <input_file_ref idref="fl-f"/>
      </object_component>
      <object_component id="oc-26b">
         <name>.debug_line</name>
         <load_address>0x1b4b</load_address>
         <run_address>0x1b4b</run_address>
         <size>0x4b</size>
         <input_file_ref idref="fl-f"/>
      </object_component>
      <object_component id="oc-1c3">
         <name>.debug_line</name>
         <load_address>0x1b96</load_address>
         <run_address>0x1b96</run_address>
         <size>0x4b</size>
         <input_file_ref idref="fl-f"/>
      </object_component>
      <object_component id="oc-1f4">
         <name>.debug_line</name>
         <load_address>0x1be1</load_address>
         <run_address>0x1be1</run_address>
         <size>0x4b</size>
         <input_file_ref idref="fl-f"/>
      </object_component>
      <object_component id="oc-1c6">
         <name>.debug_line</name>
         <load_address>0x1c2c</load_address>
         <run_address>0x1c2c</run_address>
         <size>0x4b</size>
         <input_file_ref idref="fl-f"/>
      </object_component>
      <object_component id="oc-1f0">
         <name>.debug_line</name>
         <load_address>0x1c77</load_address>
         <run_address>0x1c77</run_address>
         <size>0x4b</size>
         <input_file_ref idref="fl-f"/>
      </object_component>
      <object_component id="oc-26f">
         <name>.debug_line</name>
         <load_address>0x1cc2</load_address>
         <run_address>0x1cc2</run_address>
         <size>0x4b</size>
         <input_file_ref idref="fl-f"/>
      </object_component>
      <object_component id="oc-27f">
         <name>.debug_line</name>
         <load_address>0x1d0d</load_address>
         <run_address>0x1d0d</run_address>
         <size>0x4b</size>
         <input_file_ref idref="fl-f"/>
      </object_component>
      <object_component id="oc-281">
         <name>.debug_line</name>
         <load_address>0x1d58</load_address>
         <run_address>0x1d58</run_address>
         <size>0x4b</size>
         <input_file_ref idref="fl-f"/>
      </object_component>
      <object_component id="oc-2a6">
         <name>.debug_line</name>
         <load_address>0x1da3</load_address>
         <run_address>0x1da3</run_address>
         <size>0x4b</size>
         <input_file_ref idref="fl-f"/>
      </object_component>
      <object_component id="oc-279">
         <name>.debug_line</name>
         <load_address>0x1dee</load_address>
         <run_address>0x1dee</run_address>
         <size>0x4b</size>
         <input_file_ref idref="fl-f"/>
      </object_component>
      <object_component id="oc-1ee">
         <name>.debug_line</name>
         <load_address>0x1e39</load_address>
         <run_address>0x1e39</run_address>
         <size>0x4b</size>
         <input_file_ref idref="fl-f"/>
      </object_component>
      <object_component id="oc-1cc">
         <name>.debug_line</name>
         <load_address>0x1e84</load_address>
         <run_address>0x1e84</run_address>
         <size>0x4b</size>
         <input_file_ref idref="fl-f"/>
      </object_component>
      <object_component id="oc-27d">
         <name>.debug_line</name>
         <load_address>0x1ecf</load_address>
         <run_address>0x1ecf</run_address>
         <size>0x4b</size>
         <input_file_ref idref="fl-f"/>
      </object_component>
      <object_component id="oc-226">
         <name>.debug_line</name>
         <load_address>0x1f1a</load_address>
         <run_address>0x1f1a</run_address>
         <size>0x4b</size>
         <input_file_ref idref="fl-f"/>
      </object_component>
      <object_component id="oc-1f2">
         <name>.debug_line</name>
         <load_address>0x1f65</load_address>
         <run_address>0x1f65</run_address>
         <size>0x4b</size>
         <input_file_ref idref="fl-f"/>
      </object_component>
      <object_component id="oc-1f6">
         <name>.debug_line</name>
         <load_address>0x1fb0</load_address>
         <run_address>0x1fb0</run_address>
         <size>0x4b</size>
         <input_file_ref idref="fl-f"/>
      </object_component>
      <object_component id="oc-1ca">
         <name>.debug_line</name>
         <load_address>0x1ffb</load_address>
         <run_address>0x1ffb</run_address>
         <size>0x4b</size>
         <input_file_ref idref="fl-f"/>
      </object_component>
      <object_component id="oc-1d2">
         <name>.debug_line</name>
         <load_address>0x2046</load_address>
         <run_address>0x2046</run_address>
         <size>0x4b</size>
         <input_file_ref idref="fl-f"/>
      </object_component>
      <object_component id="oc-1d0">
         <name>.debug_line</name>
         <load_address>0x2091</load_address>
         <run_address>0x2091</run_address>
         <size>0x4b</size>
         <input_file_ref idref="fl-f"/>
      </object_component>
      <object_component id="oc-271">
         <name>.debug_line</name>
         <load_address>0x20dc</load_address>
         <run_address>0x20dc</run_address>
         <size>0x4b</size>
         <input_file_ref idref="fl-f"/>
      </object_component>
      <object_component id="oc-26d">
         <name>.debug_line</name>
         <load_address>0x2127</load_address>
         <run_address>0x2127</run_address>
         <size>0x4b</size>
         <input_file_ref idref="fl-f"/>
      </object_component>
      <object_component id="oc-2a4">
         <name>.debug_line</name>
         <load_address>0x2172</load_address>
         <run_address>0x2172</run_address>
         <size>0x4b</size>
         <input_file_ref idref="fl-f"/>
      </object_component>
      <object_component id="oc-1ce">
         <name>.debug_line</name>
         <load_address>0x21bd</load_address>
         <run_address>0x21bd</run_address>
         <size>0x4b</size>
         <input_file_ref idref="fl-f"/>
      </object_component>
      <object_component id="oc-263">
         <name>.debug_line</name>
         <load_address>0x2208</load_address>
         <run_address>0x2208</run_address>
         <size>0x89</size>
         <input_file_ref idref="fl-f"/>
      </object_component>
      <object_component id="oc-12f">
         <name>.debug_line</name>
         <load_address>0x2291</load_address>
         <run_address>0x2291</run_address>
         <size>0x279</size>
         <input_file_ref idref="fl-10"/>
      </object_component>
      <object_component id="oc-273">
         <name>.debug_line</name>
         <load_address>0x250a</load_address>
         <run_address>0x250a</run_address>
         <size>0xd5</size>
         <input_file_ref idref="fl-10"/>
      </object_component>
      <object_component id="oc-158">
         <name>.debug_line</name>
         <load_address>0x25df</load_address>
         <run_address>0x25df</run_address>
         <size>0x85</size>
         <input_file_ref idref="fl-17"/>
      </object_component>
      <object_component id="oc-290">
         <name>.debug_line</name>
         <load_address>0x2664</load_address>
         <run_address>0x2664</run_address>
         <size>0x5d</size>
         <input_file_ref idref="fl-17"/>
      </object_component>
      <object_component id="oc-171">
         <name>.debug_line</name>
         <load_address>0x26c1</load_address>
         <run_address>0x26c1</run_address>
         <size>0x40</size>
         <input_file_ref idref="fl-18"/>
      </object_component>
      <object_component id="oc-15f">
         <name>.debug_line</name>
         <load_address>0x2701</load_address>
         <run_address>0x2701</run_address>
         <size>0x5d</size>
         <input_file_ref idref="fl-18"/>
      </object_component>
      <object_component id="oc-22f">
         <name>.debug_line</name>
         <load_address>0x275e</load_address>
         <run_address>0x275e</run_address>
         <size>0x9c</size>
         <input_file_ref idref="fl-18"/>
      </object_component>
      <object_component id="oc-14a">
         <name>.debug_line</name>
         <load_address>0x27fa</load_address>
         <run_address>0x27fa</run_address>
         <size>0x49f</size>
         <input_file_ref idref="fl-1b"/>
      </object_component>
      <object_component id="oc-21a">
         <name>.debug_line</name>
         <load_address>0x2c99</load_address>
         <run_address>0x2c99</run_address>
         <size>0x87</size>
         <input_file_ref idref="fl-1b"/>
      </object_component>
      <object_component id="oc-28d">
         <name>.debug_line</name>
         <load_address>0x2d20</load_address>
         <run_address>0x2d20</run_address>
         <size>0x193</size>
         <input_file_ref idref="fl-1b"/>
      </object_component>
      <object_component id="oc-150">
         <name>.debug_line</name>
         <load_address>0x2eb3</load_address>
         <run_address>0x2eb3</run_address>
         <size>0x52</size>
         <input_file_ref idref="fl-22"/>
      </object_component>
      <object_component id="oc-a8">
         <name>.debug_line</name>
         <load_address>0x2f05</load_address>
         <run_address>0x2f05</run_address>
         <size>0x4f</size>
         <input_file_ref idref="fl-34"/>
      </object_component>
      <object_component id="oc-212">
         <name>.debug_line</name>
         <load_address>0x2f54</load_address>
         <run_address>0x2f54</run_address>
         <size>0x61</size>
         <input_file_ref idref="fl-36"/>
      </object_component>
      <object_component id="oc-20a">
         <name>.debug_line</name>
         <load_address>0x2fb5</load_address>
         <run_address>0x2fb5</run_address>
         <size>0xae</size>
         <input_file_ref idref="fl-39"/>
      </object_component>
      <object_component id="oc-20c">
         <name>.debug_line</name>
         <load_address>0x3063</load_address>
         <run_address>0x3063</run_address>
         <size>0x59</size>
         <input_file_ref idref="fl-3d"/>
      </object_component>
      <object_component id="oc-df">
         <name>.debug_line</name>
         <load_address>0x30bc</load_address>
         <run_address>0x30bc</run_address>
         <size>0x63</size>
         <input_file_ref idref="fl-3f"/>
      </object_component>
      <object_component id="oc-232">
         <name>.debug_line</name>
         <load_address>0x311f</load_address>
         <run_address>0x311f</run_address>
         <size>0x21</size>
         <input_file_ref idref="fl-3f"/>
      </object_component>
      <object_component id="oc-f7">
         <name>.debug_line</name>
         <load_address>0x3140</load_address>
         <run_address>0x3140</run_address>
         <size>0x3f</size>
         <input_file_ref idref="fl-40"/>
      </object_component>
      <object_component id="oc-23a">
         <name>.debug_line</name>
         <load_address>0x317f</load_address>
         <run_address>0x317f</run_address>
         <size>0x21</size>
         <input_file_ref idref="fl-40"/>
      </object_component>
      <object_component id="oc-18a">
         <name>.debug_line</name>
         <load_address>0x31a0</load_address>
         <run_address>0x31a0</run_address>
         <size>0x74</size>
         <input_file_ref idref="fl-41"/>
      </object_component>
      <object_component id="oc-298">
         <name>.debug_line</name>
         <load_address>0x3214</load_address>
         <run_address>0x3214</run_address>
         <size>0x21</size>
         <input_file_ref idref="fl-41"/>
      </object_component>
      <object_component id="oc-ea">
         <name>.debug_line</name>
         <load_address>0x3235</load_address>
         <run_address>0x3235</run_address>
         <size>0x4d</size>
         <input_file_ref idref="fl-42"/>
      </object_component>
      <object_component id="oc-235">
         <name>.debug_line</name>
         <load_address>0x3282</load_address>
         <run_address>0x3282</run_address>
         <size>0x21</size>
         <input_file_ref idref="fl-42"/>
      </object_component>
      <object_component id="oc-9e">
         <name>.debug_line</name>
         <load_address>0x32a3</load_address>
         <run_address>0x32a3</run_address>
         <size>0x57</size>
         <input_file_ref idref="fl-43"/>
      </object_component>
      <object_component id="oc-179">
         <name>.debug_line</name>
         <load_address>0x32fa</load_address>
         <run_address>0x32fa</run_address>
         <size>0x21</size>
         <input_file_ref idref="fl-43"/>
      </object_component>
      <object_component id="oc-99">
         <name>.debug_line</name>
         <load_address>0x331b</load_address>
         <run_address>0x331b</run_address>
         <size>0x95</size>
         <input_file_ref idref="fl-44"/>
      </object_component>
      <object_component id="oc-174">
         <name>.debug_line</name>
         <load_address>0x33b0</load_address>
         <run_address>0x33b0</run_address>
         <size>0x21</size>
         <input_file_ref idref="fl-44"/>
      </object_component>
      <object_component id="oc-255">
         <name>.debug_line</name>
         <load_address>0x33d1</load_address>
         <run_address>0x33d1</run_address>
         <size>0x2b</size>
         <input_file_ref idref="fl-45"/>
      </object_component>
      <object_component id="oc-103">
         <name>.debug_line</name>
         <load_address>0x33fc</load_address>
         <run_address>0x33fc</run_address>
         <size>0x66</size>
         <input_file_ref idref="fl-45"/>
      </object_component>
      <object_component id="oc-260">
         <name>.debug_line</name>
         <load_address>0x3462</load_address>
         <run_address>0x3462</run_address>
         <size>0x21</size>
         <input_file_ref idref="fl-45"/>
      </object_component>
      <object_component id="oc-25d">
         <name>.debug_line</name>
         <load_address>0x3483</load_address>
         <run_address>0x3483</run_address>
         <size>0x2c</size>
         <input_file_ref idref="fl-46"/>
      </object_component>
      <object_component id="oc-2ae">
         <name>.debug_line</name>
         <load_address>0x34af</load_address>
         <run_address>0x34af</run_address>
         <size>0x2c</size>
         <input_file_ref idref="fl-46"/>
      </object_component>
      <object_component id="oc-25a">
         <name>.debug_line</name>
         <load_address>0x34db</load_address>
         <run_address>0x34db</run_address>
         <size>0x5f</size>
         <input_file_ref idref="fl-46"/>
      </object_component>
      <object_component id="oc-2a1">
         <name>.debug_line</name>
         <load_address>0x353a</load_address>
         <run_address>0x353a</run_address>
         <size>0x21</size>
         <input_file_ref idref="fl-46"/>
      </object_component>
      <object_component id="oc-fb">
         <name>.debug_line</name>
         <load_address>0x355b</load_address>
         <run_address>0x355b</run_address>
         <size>0x4e</size>
         <input_file_ref idref="fl-47"/>
      </object_component>
      <object_component id="oc-252">
         <name>.debug_line</name>
         <load_address>0x35a9</load_address>
         <run_address>0x35a9</run_address>
         <size>0x30</size>
         <input_file_ref idref="fl-47"/>
      </object_component>
      <object_component id="oc-23d">
         <name>.debug_line</name>
         <load_address>0x35d9</load_address>
         <run_address>0x35d9</run_address>
         <size>0x3b</size>
         <input_file_ref idref="fl-4a"/>
      </object_component>
      <object_component id="oc-2a8">
         <name>.debug_line</name>
         <load_address>0x3614</load_address>
         <run_address>0x3614</run_address>
         <size>0x21</size>
         <input_file_ref idref="fl-4a"/>
      </object_component>
      <object_component id="oc-ba">
         <name>.debug_frame</name>
         <load_address>0x0</load_address>
         <run_address>0x0</run_address>
         <size>0x70</size>
         <input_file_ref idref="fl-2"/>
      </object_component>
      <object_component id="oc-b5">
         <name>.debug_frame</name>
         <load_address>0x70</load_address>
         <run_address>0x70</run_address>
         <size>0xc4</size>
         <input_file_ref idref="fl-2"/>
      </object_component>
      <object_component id="oc-c5">
         <name>.debug_frame</name>
         <load_address>0x134</load_address>
         <run_address>0x134</run_address>
         <size>0x68</size>
         <input_file_ref idref="fl-3"/>
      </object_component>
      <object_component id="oc-c1">
         <name>.debug_frame</name>
         <load_address>0x19c</load_address>
         <run_address>0x19c</run_address>
         <size>0x40</size>
         <input_file_ref idref="fl-4"/>
      </object_component>
      <object_component id="oc-cc">
         <name>.debug_frame</name>
         <load_address>0x1dc</load_address>
         <run_address>0x1dc</run_address>
         <size>0xfc</size>
         <input_file_ref idref="fl-4"/>
      </object_component>
      <object_component id="oc-126">
         <name>.debug_frame</name>
         <load_address>0x2d8</load_address>
         <run_address>0x2d8</run_address>
         <size>0x58</size>
         <input_file_ref idref="fl-7"/>
      </object_component>
      <object_component id="oc-d7">
         <name>.debug_frame</name>
         <load_address>0x330</load_address>
         <run_address>0x330</run_address>
         <size>0x11d0</size>
         <input_file_ref idref="fl-9"/>
      </object_component>
      <object_component id="oc-131">
         <name>.debug_frame</name>
         <load_address>0x1500</load_address>
         <run_address>0x1500</run_address>
         <size>0x160</size>
         <input_file_ref idref="fl-c"/>
      </object_component>
      <object_component id="oc-12e">
         <name>.debug_frame</name>
         <load_address>0x1660</load_address>
         <run_address>0x1660</run_address>
         <size>0x1b0</size>
         <input_file_ref idref="fl-10"/>
      </object_component>
      <object_component id="oc-159">
         <name>.debug_frame</name>
         <load_address>0x1810</load_address>
         <run_address>0x1810</run_address>
         <size>0x58</size>
         <input_file_ref idref="fl-17"/>
      </object_component>
      <object_component id="oc-15e">
         <name>.debug_frame</name>
         <load_address>0x1868</load_address>
         <run_address>0x1868</run_address>
         <size>0x40</size>
         <input_file_ref idref="fl-18"/>
      </object_component>
      <object_component id="oc-14b">
         <name>.debug_frame</name>
         <load_address>0x18a8</load_address>
         <run_address>0x18a8</run_address>
         <size>0x278</size>
         <input_file_ref idref="fl-1b"/>
      </object_component>
      <object_component id="oc-21b">
         <name>.debug_frame</name>
         <load_address>0x1b20</load_address>
         <run_address>0x1b20</run_address>
         <size>0x58</size>
         <input_file_ref idref="fl-1b"/>
      </object_component>
      <object_component id="oc-e3">
         <name>.debug_frame</name>
         <load_address>0x1b78</load_address>
         <run_address>0x1b78</run_address>
         <size>0x40</size>
         <input_file_ref idref="fl-3f"/>
      </object_component>
      <object_component id="oc-f3">
         <name>.debug_frame</name>
         <load_address>0x1bb8</load_address>
         <run_address>0x1bb8</run_address>
         <size>0x40</size>
         <input_file_ref idref="fl-40"/>
      </object_component>
      <object_component id="oc-18b">
         <name>.debug_frame</name>
         <load_address>0x1bf8</load_address>
         <run_address>0x1bf8</run_address>
         <size>0x58</size>
         <input_file_ref idref="fl-41"/>
      </object_component>
      <object_component id="oc-eb">
         <name>.debug_frame</name>
         <load_address>0x1c50</load_address>
         <run_address>0x1c50</run_address>
         <size>0x40</size>
         <input_file_ref idref="fl-42"/>
      </object_component>
      <object_component id="oc-9f">
         <name>.debug_frame</name>
         <load_address>0x1c90</load_address>
         <run_address>0x1c90</run_address>
         <size>0x40</size>
         <input_file_ref idref="fl-43"/>
      </object_component>
      <object_component id="oc-9a">
         <name>.debug_frame</name>
         <load_address>0x1cd0</load_address>
         <run_address>0x1cd0</run_address>
         <size>0x48</size>
         <input_file_ref idref="fl-44"/>
      </object_component>
      <object_component id="oc-104">
         <name>.debug_frame</name>
         <load_address>0x1d18</load_address>
         <run_address>0x1d18</run_address>
         <size>0x60</size>
         <input_file_ref idref="fl-45"/>
      </object_component>
      <object_component id="oc-25b">
         <name>.debug_frame</name>
         <load_address>0x1d78</load_address>
         <run_address>0x1d78</run_address>
         <size>0x70</size>
         <input_file_ref idref="fl-46"/>
      </object_component>
      <object_component id="oc-fc">
         <name>.debug_frame</name>
         <load_address>0x1de8</load_address>
         <run_address>0x1de8</run_address>
         <size>0x40</size>
         <input_file_ref idref="fl-47"/>
      </object_component>
      <object_component id="oc-23f">
         <name>.debug_frame</name>
         <load_address>0x1e28</load_address>
         <run_address>0x1e28</run_address>
         <size>0x40</size>
         <input_file_ref idref="fl-4a"/>
      </object_component>
      <object_component id="oc-1c0">
         <name>.debug_abbrev</name>
         <load_address>0x0</load_address>
         <run_address>0x0</run_address>
         <size>0x28</size>
         <input_file_ref idref="fl-2"/>
      </object_component>
      <object_component id="oc-138">
         <name>.debug_abbrev</name>
         <load_address>0x28</load_address>
         <run_address>0x28</run_address>
         <size>0x49</size>
         <input_file_ref idref="fl-2"/>
      </object_component>
      <object_component id="oc-136">
         <name>.debug_abbrev</name>
         <load_address>0x71</load_address>
         <run_address>0x71</run_address>
         <size>0x6a</size>
         <input_file_ref idref="fl-2"/>
      </object_component>
      <object_component id="oc-1ea">
         <name>.debug_abbrev</name>
         <load_address>0xdb</load_address>
         <run_address>0xdb</run_address>
         <size>0x195</size>
         <input_file_ref idref="fl-2"/>
      </object_component>
      <object_component id="oc-165">
         <name>.debug_abbrev</name>
         <load_address>0x270</load_address>
         <run_address>0x270</run_address>
         <size>0x6a</size>
         <input_file_ref idref="fl-3"/>
      </object_component>
      <object_component id="oc-227">
         <name>.debug_abbrev</name>
         <load_address>0x2da</load_address>
         <run_address>0x2da</run_address>
         <size>0x177</size>
         <input_file_ref idref="fl-3"/>
      </object_component>
      <object_component id="oc-160">
         <name>.debug_abbrev</name>
[...]
      </symbol>
      <symbol id="sm-235">
         <name>DMA_CH3_ISR</name>
         <value>0x823ff</value>
         <object_component_ref idref="oc-d2"/>
      </symbol>
      <symbol id="sm-236">
         <name>ADCC_EVT_ISR</name>
         <value>0x824ef</value>
         <object_component_ref idref="oc-d2"/>
      </symbol>
      <symbol id="sm-237">
         <name>EPWM11_ISR</name>
         <value>0x82366</value>
         <object_component_ref idref="oc-d2"/>
      </symbol>
      <symbol id="sm-238">
         <name>DATALOG_ISR</name>
         <value>0x8241d</value>
         <object_component_ref idref="oc-d2"/>
      </symbol>
      <symbol id="sm-239">
         <name>XINT2_ISR</name>
         <value>0x8201e</value>
         <object_component_ref idref="oc-d2"/>
      </symbol>
      <symbol id="sm-23a">
         <name>PIE_RESERVED_ISR</name>
         <value>0x821b8</value>
         <object_component_ref idref="oc-d2"/>
      </symbol>
      <symbol id="sm-23b">
         <name>SCIB_RX_ISR</name>
         <value>0x8217c</value>
         <object_component_ref idref="oc-d2"/>
      </symbol>
      <symbol id="sm-23c">
         <name>SCIB_TX_ISR</name>
         <value>0x82172</value>
         <object_component_ref idref="oc-d2"/>
      </symbol>
      <symbol id="sm-23d">
         <name>I2CB_ISR</name>
         <value>0x82230</value>
         <object_component_ref idref="oc-d2"/>
      </symbol>
      <symbol id="sm-23e">
         <name>CANA1_ISR</name>
         <value>0x8249f</value>
         <object_component_ref idref="oc-d2"/>
      </symbol>
      <symbol id="sm-23f">
         <name>SPIC_RX_ISR</name>
         <value>0x82104</value>
         <object_component_ref idref="oc-d2"/>
      </symbol>
      <symbol id="sm-240">
         <name>CANB1_ISR</name>
         <value>0x8248b</value>
         <object_component_ref idref="oc-d2"/>
      </symbol>
      <symbol id="sm-241">
         <name>SPIC_TX_ISR</name>
         <value>0x820fa</value>
         <object_component_ref idref="oc-d2"/>
      </symbol>
      <symbol id="sm-242">
         <name>EPWM12_TZ_ISR</name>
         <value>0x82348</value>
         <object_component_ref idref="oc-d2"/>
      </symbol>
      <symbol id="sm-243">
         <name>ILLEGAL_ISR</name>
         <value>0x82226</value>
         <object_component_ref idref="oc-d2"/>
      </symbol>
      <symbol id="sm-244">
         <name>EPWM3_ISR</name>
         <value>0x82316</value>
         <object_component_ref idref="oc-d2"/>
      </symbol>
      <symbol id="sm-245">
         <name>IPC2_ISR</name>
         <value>0x82208</value>
         <object_component_ref idref="oc-d2"/>
      </symbol>
      <symbol id="sm-246">
         <name>TIMER0_ISR</name>
         <value>0x820e6</value>
         <object_component_ref idref="oc-d2"/>
      </symbol>
      <symbol id="sm-247">
         <name>EPWM10_ISR</name>
         <value>0x8237a</value>
         <object_component_ref idref="oc-d2"/>
      </symbol>
      <symbol id="sm-248">
         <name>USER3_ISR</name>
         <value>0x82082</value>
         <object_component_ref idref="oc-d2"/>
      </symbol>
      <symbol id="sm-257">
         <name>InitEPwm12Gpio</name>
         <value>0x82ec3</value>
         <object_component_ref idref="oc-130"/>
      </symbol>
      <symbol id="sm-258">
         <name>InitEPwm6Gpio</name>
         <value>0x82e2c</value>
         <object_component_ref idref="oc-130"/>
      </symbol>
      <symbol id="sm-259">
         <name>InitEPwm8Gpio</name>
         <value>0x82e5a</value>
         <object_component_ref idref="oc-130"/>
      </symbol>
      <symbol id="sm-25a">
         <name>InitEPwm7Gpio</name>
         <value>0x82e42</value>
         <object_component_ref idref="oc-130"/>
      </symbol>
      <symbol id="sm-25b">
         <name>InitEPwm9Gpio</name>
         <value>0x82e72</value>
         <object_component_ref idref="oc-130"/>
      </symbol>
      <symbol id="sm-25c">
         <name>InitEPwm1Gpio</name>
         <value>0x82dba</value>
         <object_component_ref idref="oc-130"/>
      </symbol>
      <symbol id="sm-25d">
         <name>InitEPwm2Gpio</name>
         <value>0x82dd0</value>
         <object_component_ref idref="oc-130"/>
      </symbol>
      <symbol id="sm-25e">
         <name>InitEPwm3Gpio</name>
         <value>0x82de6</value>
         <object_component_ref idref="oc-130"/>
      </symbol>
      <symbol id="sm-25f">
         <name>InitEPwm11Gpio</name>
         <value>0x82ea7</value>
         <object_component_ref idref="oc-130"/>
      </symbol>
      <symbol id="sm-260">
         <name>InitEPwm10Gpio</name>
         <value>0x82e8c</value>
         <object_component_ref idref="oc-130"/>
      </symbol>
      <symbol id="sm-261">
         <name>InitEPwm4Gpio</name>
         <value>0x82dfe</value>
         <object_component_ref idref="oc-130"/>
      </symbol>
      <symbol id="sm-262">
         <name>InitEPwmGpio</name>
         <value>0x82ee0</value>
         <object_component_ref idref="oc-130"/>
      </symbol>
      <symbol id="sm-263">
         <name>InitEPwm5Gpio</name>
         <value>0x82e16</value>
         <object_component_ref idref="oc-130"/>
      </symbol>
      <symbol id="sm-2ed">
         <name>EPwm2Regs</name>
         <value>0x4100</value>
         <object_component_ref idref="oc-11b"/>
      </symbol>
      <symbol id="sm-2ee">
         <name>ClkCfgRegs</name>
         <value>0x5d200</value>
         <object_component_ref idref="oc-115"/>
      </symbol>
      <symbol id="sm-2ef">
         <name>DcsmZ1Regs</name>
         <value>0x5f000</value>
         <object_component_ref idref="oc-200"/>
      </symbol>
      <symbol id="sm-2f0">
         <name>CpuTimer2Regs</name>
         <value>0xc10</value>
         <object_component_ref idref="oc-1d9"/>
      </symbol>
      <symbol id="sm-2f1">
         <name>EPwmXbarRegs</name>
         <value>0x7a00</value>
         <object_component_ref idref="oc-162"/>
      </symbol>
      <symbol id="sm-2f2">
         <name>PieVectTable</name>
         <value>0xd00</value>
         <object_component_ref idref="oc-118"/>
      </symbol>
      <symbol id="sm-2f3">
         <name>GpioCtrlRegs</name>
         <value>0x7c00</value>
         <object_component_ref idref="oc-1dd"/>
      </symbol>
      <symbol id="sm-2f4">
         <name>CpuSysRegs</name>
         <value>0x5d300</value>
         <object_component_ref idref="oc-112"/>
      </symbol>
      <symbol id="sm-2f5">
         <name>CpuTimer0Regs</name>
         <value>0xc00</value>
         <object_component_ref idref="oc-10f"/>
      </symbol>
      <symbol id="sm-2f6">
         <name>Flash0CtrlRegs</name>
         <value>0x5f800</value>
         <object_component_ref idref="oc-285"/>
      </symbol>
      <symbol id="sm-2f7">
         <name>CpuTimer1Regs</name>
         <value>0xc08</value>
         <object_component_ref idref="oc-1d6"/>
      </symbol>
      <symbol id="sm-2f8">
         <name>OutputXbarRegs</name>
         <value>0x7a80</value>
         <object_component_ref idref="oc-140"/>
      </symbol>
      <symbol id="sm-2f9">
         <name>DevCfgRegs</name>
         <value>0x5d000</value>
         <object_component_ref idref="oc-1e3"/>
      </symbol>
      <symbol id="sm-2fa">
         <name>Flash0EccRegs</name>
         <value>0x5fb00</value>
         <object_component_ref idref="oc-288"/>
      </symbol>
      <symbol id="sm-2fb">
         <name>AdcaResultRegs</name>
         <value>0xb00</value>
         <object_component_ref idref="oc-143"/>
      </symbol>
      <symbol id="sm-2fc">
         <name>FlashPumpSemaphoreRegs</name>
         <value>0x50024</value>
         <object_component_ref idref="oc-1fa"/>
      </symbol>
      <symbol id="sm-2fd">
         <name>PieCtrlRegs</name>
         <value>0xce0</value>
         <object_component_ref idref="oc-10c"/>
      </symbol>
      <symbol id="sm-2fe">
         <name>WdRegs</name>
         <value>0x7000</value>
         <object_component_ref idref="oc-1f7"/>
      </symbol>
      <symbol id="sm-2ff">
         <name>GpioDataRegs</name>
         <value>0x7f00</value>
         <object_component_ref idref="oc-13a"/>
      </symbol>
      <symbol id="sm-300">
         <name>InputXbarRegs</name>
         <value>0x7900</value>
         <object_component_ref idref="oc-1e0"/>
      </symbol>
      <symbol id="sm-301">
         <name>DcsmZ2Regs</name>
         <value>0x5f040</value>
         <object_component_ref idref="oc-203"/>
      </symbol>
      <symbol id="sm-302">
         <name>EPwm1Regs</name>
         <value>0x4000</value>
         <object_component_ref idref="oc-11e"/>
      </symbol>
      <symbol id="sm-303">
         <name>AnalogSubsysRegs</name>
         <value>0x5d180</value>
         <object_component_ref idref="oc-1fd"/>
      </symbol>
      <symbol id="sm-304">
         <name>Cmpss1Regs</name>
         <value>0x5c80</value>
         <object_component_ref idref="oc-13d"/>
      </symbol>
      <symbol id="sm-305">
         <name>AdcaRegs</name>
         <value>0x7400</value>
         <object_component_ref idref="oc-146"/>
      </symbol>
      <symbol id="sm-306">
         <name>SciaRegs</name>
         <value>0x7200</value>
         <object_component_ref idref="oc-109"/>
      </symbol>
      <symbol id="sm-325">
         <name>GPIO_SetupPinMux</name>
         <value>0x82b7d</value>
         <object_component_ref idref="oc-12a"/>
      </symbol>
      <symbol id="sm-326">
         <name>GPIO_SetupLock</name>
         <value>0x82bd2</value>
         <object_component_ref idref="oc-12a"/>
      </symbol>
      <symbol id="sm-327">
         <name>GPIO_SetupXINT2Gpio</name>
         <value>0x82aea</value>
         <object_component_ref idref="oc-12a"/>
      </symbol>
      <symbol id="sm-328">
         <name>GPIO_EnableUnbondedIOPullupsFor176Pin</name>
         <value>0x82c08</value>
         <object_component_ref idref="oc-12a"/>
      </symbol>
      <symbol id="sm-329">
         <name>GPIO_SetupXINT3Gpio</name>
         <value>0x82ae3</value>
         <object_component_ref idref="oc-12a"/>
      </symbol>
      <symbol id="sm-32a">
         <name>GPIO_WritePin</name>
         <value>0x82abb</value>
         <object_component_ref idref="oc-12a"/>
      </symbol>
      <symbol id="sm-32b">
         <name>GPIO_SetupXINT1Gpio</name>
         <value>0x82af1</value>
         <object_component_ref idref="oc-12a"/>
      </symbol>
      <symbol id="sm-32c">
         <name>GPIO_EnableUnbondedIOPullups</name>
         <value>0x82c46</value>
         <object_component_ref idref="oc-12a"/>
      </symbol>
      <symbol id="sm-32d">
         <name>GPIO_ReadPin</name>
         <value>0x82bf4</value>
         <object_component_ref idref="oc-12a"/>
      </symbol>
      <symbol id="sm-32e">
         <name>GPIO_SetupXINT4Gpio</name>
         <value>0x82adc</value>
         <object_component_ref idref="oc-12a"/>
      </symbol>
      <symbol id="sm-32f">
         <name>GPIO_SetupPinOptions</name>
         <value>0x82af8</value>
         <object_component_ref idref="oc-12a"/>
      </symbol>
      <symbol id="sm-330">
         <name>GPIO_EnableUnbondedIOPullupsFor100Pin</name>
         <value>0x82c21</value>
         <object_component_ref idref="oc-12a"/>
      </symbol>
      <symbol id="sm-331">
         <name>GPIO_SetupXINT5Gpio</name>
         <value>0x82ad5</value>
         <object_component_ref idref="oc-12a"/>
      </symbol>
      <symbol id="sm-332">
         <name>InitGpio</name>
         <value>0x82a8c</value>
         <object_component_ref idref="oc-12a"/>
      </symbol>
      <symbol id="sm-345">
         <name>InitPieCtrl</name>
         <value>0x832d2</value>
         <object_component_ref idref="oc-154"/>
      </symbol>
      <symbol id="sm-346">
         <name>EnableInterrupts</name>
         <value>0x832f1</value>
         <object_component_ref idref="oc-154"/>
      </symbol>
      <symbol id="sm-359">
         <name>InitPieVectTable</name>
         <value>0x8334a</value>
         <object_component_ref idref="oc-15a"/>
      </symbol>
      <symbol id="sm-35a">
         <name>PieVectTableInit</name>
         <value>0x90000</value>
         <object_component_ref idref="oc-d8"/>
      </symbol>
      <symbol id="sm-3a2">
         <name>FlashOff</name>
         <value>0x8034</value>
         <object_component_ref idref="oc-216"/>
      </symbol>
      <symbol id="sm-3a3">
         <name>DisablePeripheralClocks</name>
         <value>0x82a15</value>
         <object_component_ref idref="oc-149"/>
      </symbol>
      <symbol id="sm-3a4">
         <name>STANDBY</name>
         <value>0x825d9</value>
         <object_component_ref idref="oc-149"/>
      </symbol>
      <symbol id="sm-3a5">
         <name>InitPeripheralClocks</name>
         <value>0x82816</value>
         <object_component_ref idref="oc-149"/>
      </symbol>
      <symbol id="sm-3a6">
         <name>SysIntOsc1Sel</name>
         <value>0x825a9</value>
         <object_component_ref idref="oc-149"/>
      </symbol>
      <symbol id="sm-3a7">
         <name>SysXtalOscSel</name>
         <value>0x82585</value>
         <object_component_ref idref="oc-149"/>
      </symbol>
      <symbol id="sm-3a8">
         <name>ServiceDog</name>
         <value>0x825b9</value>
         <object_component_ref idref="oc-149"/>
      </symbol>
      <symbol id="sm-3a9">
         <name>CsmUnlock</name>
         <value>0x82a6b</value>
         <object_component_ref idref="oc-149"/>
      </symbol>
      <symbol id="sm-3aa">
         <name>AuxIntOsc2Sel</name>
         <value>0x82902</value>
         <object_component_ref idref="oc-149"/>
      </symbol>
      <symbol id="sm-3ab">
         <name>ConfigureTMXAnalogTrim</name>
         <value>0x827f3</value>
         <object_component_ref idref="oc-149"/>
      </symbol>
      <symbol id="sm-3ac">
         <name>InitSysCtrl</name>
         <value>0x828bf</value>
         <object_component_ref idref="oc-149"/>
      </symbol>
      <symbol id="sm-3ad">
         <name>InitAuxPll</name>
         <value>0x8290f</value>
         <object_component_ref idref="oc-149"/>
      </symbol>
      <symbol id="sm-3ae">
         <name>InitFlash</name>
         <value>0x8000</value>
         <object_component_ref idref="oc-216"/>
      </symbol>
      <symbol id="sm-3af">
         <name>DisableDog</name>
         <value>0x827e6</value>
         <object_component_ref idref="oc-149"/>
      </symbol>
      <symbol id="sm-3b0">
         <name>IDLE</name>
         <value>0x82a0c</value>
         <object_component_ref idref="oc-149"/>
      </symbol>
      <symbol id="sm-3b1">
         <name>HALT</name>
         <value>0x82a52</value>
         <object_component_ref idref="oc-149"/>
      </symbol>
      <symbol id="sm-3b2">
         <name>AuxAuxClkSel</name>
         <value>0x828e7</value>
         <object_component_ref idref="oc-149"/>
      </symbol>
      <symbol id="sm-3b3">
         <name>HIB</name>
         <value>0x82a33</value>
         <object_component_ref idref="oc-149"/>
      </symbol>
      <symbol id="sm-3b4">
         <name>AuxXtalOscSel</name>
         <value>0x828f1</value>
         <object_component_ref idref="oc-149"/>
      </symbol>
      <symbol id="sm-3b5">
         <name>InitSysPll</name>
         <value>0x825ee</value>
         <object_component_ref idref="oc-149"/>
      </symbol>
      <symbol id="sm-3b6">
         <name>SysIntOsc2Sel</name>
         <value>0x82595</value>
         <object_component_ref idref="oc-149"/>
      </symbol>
      <symbol id="sm-3b7">
         <name>ReleaseFlashPump</name>
         <value>0x825e4</value>
         <object_component_ref idref="oc-149"/>
      </symbol>
      <symbol id="sm-3b8">
         <name>SeizeFlashPump</name>
         <value>0x825c7</value>
         <object_component_ref idref="oc-149"/>
      </symbol>
      <symbol id="sm-3c6">
         <name>F28x_usDelay</name>
         <value>0x8048</value>
         <object_component_ref idref="oc-14f"/>
      </symbol>
      <symbol id="sm-3d0">
         <name>_c_int00</name>
         <value>0x83333</value>
         <object_component_ref idref="oc-a4"/>
      </symbol>
      <symbol id="sm-3d1">
         <name>__stack</name>
         <value>0x400</value>
         <object_component_ref idref="oc-db"/>
      </symbol>
      <symbol id="sm-3de">
         <name>__c28xabi_cmpd</name>
         <value>0x8327f</value>
         <object_component_ref idref="oc-211"/>
      </symbol>
      <symbol id="sm-3ed">
         <name>__c28xabi_divf</name>
         <value>0x830c4</value>
         <object_component_ref idref="oc-206"/>
      </symbol>
      <symbol id="sm-3fc">
         <name>__c28xabi_ftod</name>
         <value>0x83317</value>
         <object_component_ref idref="oc-20b"/>
      </symbol>
      <symbol id="sm-40f">
         <name>memcpy</name>
         <value>0x832fa</value>
         <object_component_ref idref="oc-de"/>
      </symbol>
      <symbol id="sm-41c">
         <name>_system_pre_init</name>
         <value>0x8338d</value>
         <object_component_ref idref="oc-f2"/>
      </symbol>
      <symbol id="sm-42b">
         <name>__TI_auto_init_nobinit_nopinit</name>
         <value>0x83229</value>
         <object_component_ref idref="oc-186"/>
      </symbol>
      <symbol id="sm-43a">
         <name>__TI_zero_init_nomemset</name>
         <value>0x8335b</value>
         <object_component_ref idref="oc-e6"/>
      </symbol>
      <symbol id="sm-447">
         <name>__TI_decompress_none</name>
         <value>0x83385</value>
         <object_component_ref idref="oc-9d"/>
      </symbol>
      <symbol id="sm-45b">
         <name>__TI_decompress_lzss</name>
         <value>0x831f9</value>
         <object_component_ref idref="oc-97"/>
      </symbol>
      <symbol id="sm-471">
         <name>C$$EXIT</name>
         <value>0x832a9</value>
         <object_component_ref idref="oc-ff"/>
      </symbol>
      <symbol id="sm-472">
         <name>abort</name>
         <value>0x832a9</value>
         <object_component_ref idref="oc-ff"/>
      </symbol>
      <symbol id="sm-473">
         <name>exit</name>
         <value>0x832ab</value>
         <object_component_ref idref="oc-ff"/>
      </symbol>
      <symbol id="sm-474">
         <name>__TI_dtors_ptr</name>
         <value>0xa868</value>
         <object_component_ref idref="oc-1b8"/>
      </symbol>
      <symbol id="sm-475">
         <name>__TI_cleanup_ptr</name>
         <value>0xa866</value>
         <object_component_ref idref="oc-1b8"/>
      </symbol>
      <symbol id="sm-476">
         <name>__TI_enable_exit_profile_output</name>
         <value>0xa864</value>
         <object_component_ref idref="oc-1b8"/>
      </symbol>
      <symbol id="sm-48d">
         <name>_nop</name>
         <value>0x8337c</value>
         <object_component_ref idref="oc-256"/>
      </symbol>
      <symbol id="sm-48e">
         <name>_lock</name>
         <value>0xa86a</value>
         <object_component_ref idref="oc-1bb"/>
      </symbol>
      <symbol id="sm-48f">
         <name>_unlock</name>
         <value>0xa86c</value>
         <object_component_ref idref="oc-29c"/>
      </symbol>
      <symbol id="sm-490">
         <name>_register_lock</name>
         <value>0x83378</value>
         <object_component_ref idref="oc-256"/>
      </symbol>
      <symbol id="sm-491">
         <name>_register_unlock</name>
         <value>0x83374</value>
         <object_component_ref idref="oc-256"/>
      </symbol>
      <symbol id="sm-4a0">
         <name>_args_main</name>
         <value>0x83368</value>
         <object_component_ref idref="oc-f9"/>
      </symbol>
      <symbol id="sm-4af">
         <name>_system_post_cinit</name>
         <value>0x8338f</value>
         <object_component_ref idref="oc-23c"/>
      </symbol>
      <symbol id="sm-4b1">
         <name>__c_args__</name>
         <value>0x0</value>
      </symbol>
   </symbol_table>
   <title>Link successful</title>
</link_info>
