<?xml version="1.0" encoding="ISO-8859-1" ?>
<link_info>
   <banner>TMS320C2000 Linker PC v22.6.1.LTS</banner>
   <copyright>Copyright (c) 1996-2018 Texas Instruments Incorporated</copyright>
   <link_time>0x69f9eec8</link_time>
   <link_errors>0x0</link_errors>
   <output_file>REG_LED_BLINK.out</output_file>
   <entry_point>
      <name>_c_int00</name>
      <address>0x8414e</address>
   </entry_point>
   <input_file_list>
      <input_file id="fl-2">
         <path>.\USER\</path>
         <kind>object</kind>
         <file>DITASY.obj</file>
         <name>DITASY.obj</name>
      </input_file>
      <input_file id="fl-3">
         <path>.\USER\</path>
         <kind>object</kind>
         <file>DITASY_ADC.obj</file>
         <name>DITASY_ADC.obj</name>
      </input_file>
      <input_file id="fl-4">
         <path>.\USER\</path>
         <kind>object</kind>
         <file>PR.obj</file>
         <name>PR.obj</name>
      </input_file>
      <input_file id="fl-5">
         <path>.\USER\</path>
         <kind>object</kind>
         <file>main.obj</file>
         <name>main.obj</name>
      </input_file>
      <input_file id="fl-6">
         <path>.\source\</path>
         <kind>object</kind>
         <file>F2837xD_Adc.obj</file>
         <name>F2837xD_Adc.obj</name>
      </input_file>
      <input_file id="fl-7">
         <path>.\source\</path>
         <kind>object</kind>
         <file>F2837xD_CodeStartBranch.obj</file>
         <name>F2837xD_CodeStartBranch.obj</name>
      </input_file>
      <input_file id="fl-8">
         <path>.\source\</path>
         <kind>object</kind>
         <file>F2837xD_CpuTimers.obj</file>
         <name>F2837xD_CpuTimers.obj</name>
      </input_file>
      <input_file id="fl-9">
         <path>.\source\</path>
         <kind>object</kind>
         <file>F2837xD_DBGIER.obj</file>
         <name>F2837xD_DBGIER.obj</name>
      </input_file>
      <input_file id="fl-a">
         <path>.\source\</path>
         <kind>object</kind>
         <file>F2837xD_DefaultISR.obj</file>
         <name>F2837xD_DefaultISR.obj</name>
      </input_file>
      <input_file id="fl-b">
         <path>.\source\</path>
         <kind>object</kind>
         <file>F2837xD_Dma.obj</file>
         <name>F2837xD_Dma.obj</name>
      </input_file>
      <input_file id="fl-c">
         <path>.\source\</path>
         <kind>object</kind>
         <file>F2837xD_ECap.obj</file>
         <name>F2837xD_ECap.obj</name>
      </input_file>
      <input_file id="fl-d">
         <path>.\source\</path>
         <kind>object</kind>
         <file>F2837xD_EPwm.obj</file>
         <name>F2837xD_EPwm.obj</name>
      </input_file>
      <input_file id="fl-e">
         <path>.\source\</path>
         <kind>object</kind>
         <file>F2837xD_EQep.obj</file>
         <name>F2837xD_EQep.obj</name>
      </input_file>
      <input_file id="fl-f">
         <path>.\source\</path>
         <kind>object</kind>
         <file>F2837xD_Emif.obj</file>
         <name>F2837xD_Emif.obj</name>
      </input_file>
      <input_file id="fl-10">
         <path>.\source\</path>
         <kind>object</kind>
         <file>F2837xD_GlobalVariableDefs.obj</file>
         <name>F2837xD_GlobalVariableDefs.obj</name>
      </input_file>
      <input_file id="fl-11">
         <path>.\source\</path>
         <kind>object</kind>
         <file>F2837xD_Gpio.obj</file>
         <name>F2837xD_Gpio.obj</name>
      </input_file>
      <input_file id="fl-12">
         <path>.\source\</path>
         <kind>object</kind>
         <file>F2837xD_I2C.obj</file>
         <name>F2837xD_I2C.obj</name>
      </input_file>
      <input_file id="fl-13">
         <path>.\source\</path>
         <kind>object</kind>
         <file>F2837xD_Ipc.obj</file>
         <name>F2837xD_Ipc.obj</name>
      </input_file>
      <input_file id="fl-14">
         <path>.\source\</path>
         <kind>object</kind>
         <file>F2837xD_Ipc_Driver.obj</file>
         <name>F2837xD_Ipc_Driver.obj</name>
      </input_file>
      <input_file id="fl-15">
         <path>.\source\</path>
         <kind>object</kind>
         <file>F2837xD_Ipc_Driver_Lite.obj</file>
         <name>F2837xD_Ipc_Driver_Lite.obj</name>
      </input_file>
      <input_file id="fl-16">
         <path>.\source\</path>
         <kind>object</kind>
         <file>F2837xD_Ipc_Driver_Util.obj</file>
         <name>F2837xD_Ipc_Driver_Util.obj</name>
      </input_file>
      <input_file id="fl-17">
         <path>.\source\</path>
         <kind>object</kind>
         <file>F2837xD_Mcbsp.obj</file>
         <name>F2837xD_Mcbsp.obj</name>
      </input_file>
      <input_file id="fl-18">
         <path>.\source\</path>
         <kind>object</kind>
         <file>F2837xD_PieCtrl.obj</file>
         <name>F2837xD_PieCtrl.obj</name>
      </input_file>
      <input_file id="fl-19">
         <path>.\source\</path>
         <kind>object</kind>
         <file>F2837xD_PieVect.obj</file>
         <name>F2837xD_PieVect.obj</name>
      </input_file>
      <input_file id="fl-1a">
         <path>.\source\</path>
         <kind>object</kind>
         <file>F2837xD_Sci.obj</file>
         <name>F2837xD_Sci.obj</name>
      </input_file>
      <input_file id="fl-1b">
         <path>.\source\</path>
         <kind>object</kind>
         <file>F2837xD_Spi.obj</file>
         <name>F2837xD_Spi.obj</name>
      </input_file>
      <input_file id="fl-1c">
         <path>.\source\</path>
         <kind>object</kind>
         <file>F2837xD_SysCtrl.obj</file>
         <name>F2837xD_SysCtrl.obj</name>
      </input_file>
      <input_file id="fl-1d">
         <path>.\source\</path>
         <kind>object</kind>
         <file>F2837xD_TempSensorConv.obj</file>
         <name>F2837xD_TempSensorConv.obj</name>
      </input_file>
      <input_file id="fl-1e">
         <path>.\source\</path>
         <kind>object</kind>
         <file>F2837xD_Upp.obj</file>
         <name>F2837xD_Upp.obj</name>
      </input_file>
      <input_file id="fl-1f">
         <path>.\source\</path>
         <kind>object</kind>
         <file>F2837xD_can.obj</file>
         <name>F2837xD_can.obj</name>
      </input_file>
      <input_file id="fl-20">
         <path>.\source\</path>
         <kind>object</kind>
         <file>F2837xD_sci_io.obj</file>
         <name>F2837xD_sci_io.obj</name>
      </input_file>
      <input_file id="fl-21">
         <path>.\source\</path>
         <kind>object</kind>
         <file>F2837xD_sdfm_drivers.obj</file>
         <name>F2837xD_sdfm_drivers.obj</name>
      </input_file>
      <input_file id="fl-22">
         <path>.\source\</path>
         <kind>object</kind>
         <file>F2837xD_struct.obj</file>
         <name>F2837xD_struct.obj</name>
      </input_file>
      <input_file id="fl-23">
         <path>.\source\</path>
         <kind>object</kind>
         <file>F2837xD_usDelay.obj</file>
         <name>F2837xD_usDelay.obj</name>
      </input_file>
      <input_file id="fl-29">
         <kind>object</kind>
         <file>&lt;internal&gt;</file>
         <name>&lt;internal&gt;</name>
      </input_file>
      <input_file id="fl-35">
         <path>C:\ti\ccs1281\ccs\tools\compiler\ti-cgt-c2000_22.6.1.LTS\lib\</path>
         <kind>archive</kind>
         <file>rts2800_fpu32_eabi.lib</file>
         <name>boot28.asm.obj</name>
      </input_file>
      <input_file id="fl-36">
         <path>C:\ti\ccs1281\ccs\tools\compiler\ti-cgt-c2000_22.6.1.LTS\lib\</path>
         <kind>archive</kind>
         <file>rts2800_fpu32_eabi.lib</file>
         <name>fd_add28.asm.obj</name>
      </input_file>
      <input_file id="fl-37">
         <path>C:\ti\ccs1281\ccs\tools\compiler\ti-cgt-c2000_22.6.1.LTS\lib\</path>
         <kind>archive</kind>
         <file>rts2800_fpu32_eabi.lib</file>
         <name>fd_cmp28.asm.obj</name>
      </input_file>
      <input_file id="fl-38">
         <path>C:\ti\ccs1281\ccs\tools\compiler\ti-cgt-c2000_22.6.1.LTS\lib\</path>
         <kind>archive</kind>
         <file>rts2800_fpu32_eabi.lib</file>
         <name>fd_mpy28.asm.obj</name>
      </input_file>
      <input_file id="fl-39">
         <path>C:\ti\ccs1281\ccs\tools\compiler\ti-cgt-c2000_22.6.1.LTS\lib\</path>
         <kind>archive</kind>
         <file>rts2800_fpu32_eabi.lib</file>
         <name>fd_sub28.asm.obj</name>
      </input_file>
      <input_file id="fl-3a">
         <path>C:\ti\ccs1281\ccs\tools\compiler\ti-cgt-c2000_22.6.1.LTS\lib\</path>
         <kind>archive</kind>
         <file>rts2800_fpu32_eabi.lib</file>
         <name>fd_toi28.asm.obj</name>
      </input_file>
      <input_file id="fl-3b">
         <path>C:\ti\ccs1281\ccs\tools\compiler\ti-cgt-c2000_22.6.1.LTS\lib\</path>
         <kind>archive</kind>
         <file>rts2800_fpu32_eabi.lib</file>
         <name>fs_div28.asm.obj</name>
      </input_file>
      <input_file id="fl-3c">
         <path>C:\ti\ccs1281\ccs\tools\compiler\ti-cgt-c2000_22.6.1.LTS\lib\</path>
         <kind>archive</kind>
         <file>rts2800_fpu32_eabi.lib</file>
         <name>ll_aox28.asm.obj</name>
      </input_file>
      <input_file id="fl-3d">
         <path>C:\ti\ccs1281\ccs\tools\compiler\ti-cgt-c2000_22.6.1.LTS\lib\</path>
         <kind>archive</kind>
         <file>rts2800_fpu32_eabi.lib</file>
         <name>ll_cmp28.asm.obj</name>
      </input_file>
      <input_file id="fl-3e">
         <path>C:\ti\ccs1281\ccs\tools\compiler\ti-cgt-c2000_22.6.1.LTS\lib\</path>
         <kind>archive</kind>
         <file>rts2800_fpu32_eabi.lib</file>
         <name>i_tofd28.asm.obj</name>
      </input_file>
      <input_file id="fl-3f">
         <path>C:\ti\ccs1281\ccs\tools\compiler\ti-cgt-c2000_22.6.1.LTS\lib\</path>
         <kind>archive</kind>
         <file>rts2800_fpu32_eabi.lib</file>
         <name>fs_tofdfpu32.asm.obj</name>
      </input_file>
      <input_file id="fl-40">
         <path>C:\ti\ccs1281\ccs\tools\compiler\ti-cgt-c2000_22.6.1.LTS\lib\</path>
         <kind>archive</kind>
         <file>rts2800_fpu32_eabi.lib</file>
         <name>fd_tofsfpu32.asm.obj</name>
      </input_file>
      <input_file id="fl-41">
         <path>C:\ti\ccs1281\ccs\tools\compiler\ti-cgt-c2000_22.6.1.LTS\lib\</path>
         <kind>archive</kind>
         <file>rts2800_fpu32_eabi.lib</file>
         <name>fd_div28.asm.obj</name>
      </input_file>
      <input_file id="fl-42">
         <path>C:\ti\ccs1281\ccs\tools\compiler\ti-cgt-c2000_22.6.1.LTS\lib\</path>
         <kind>archive</kind>
         <file>rts2800_fpu32_eabi.lib</file>
         <name>memcpy.c.obj</name>
      </input_file>
      <input_file id="fl-43">
         <path>C:\ti\ccs1281\ccs\tools\compiler\ti-cgt-c2000_22.6.1.LTS\lib\</path>
         <kind>archive</kind>
         <file>rts2800_fpu32_eabi.lib</file>
         <name>pre_init.c.obj</name>
      </input_file>
      <input_file id="fl-44">
         <path>C:\ti\ccs1281\ccs\tools\compiler\ti-cgt-c2000_22.6.1.LTS\lib\</path>
         <kind>archive</kind>
         <file>rts2800_fpu32_eabi.lib</file>
         <name>autoinit.c.obj</name>
      </input_file>
      <input_file id="fl-45">
         <path>C:\ti\ccs1281\ccs\tools\compiler\ti-cgt-c2000_22.6.1.LTS\lib\</path>
         <kind>archive</kind>
         <file>rts2800_fpu32_eabi.lib</file>
         <name>copy_zero_init.c.obj</name>
      </input_file>
      <input_file id="fl-46">
         <path>C:\ti\ccs1281\ccs\tools\compiler\ti-cgt-c2000_22.6.1.LTS\lib\</path>
         <kind>archive</kind>
         <file>rts2800_fpu32_eabi.lib</file>
         <name>copy_decompress_none.c.obj</name>
      </input_file>
      <input_file id="fl-47">
         <path>C:\ti\ccs1281\ccs\tools\compiler\ti-cgt-c2000_22.6.1.LTS\lib\</path>
         <kind>archive</kind>
         <file>rts2800_fpu32_eabi.lib</file>
         <name>copy_decompress_lzss.c.obj</name>
      </input_file>
      <input_file id="fl-48">
         <path>C:\ti\ccs1281\ccs\tools\compiler\ti-cgt-c2000_22.6.1.LTS\lib\</path>
         <kind>archive</kind>
         <file>rts2800_fpu32_eabi.lib</file>
         <name>exit.c.obj</name>
      </input_file>
      <input_file id="fl-49">
         <path>C:\ti\ccs1281\ccs\tools\compiler\ti-cgt-c2000_22.6.1.LTS\lib\</path>
         <kind>archive</kind>
         <file>rts2800_fpu32_eabi.lib</file>
         <name>_lock.c.obj</name>
      </input_file>
      <input_file id="fl-4a">
         <path>C:\ti\ccs1281\ccs\tools\compiler\ti-cgt-c2000_22.6.1.LTS\lib\</path>
         <kind>archive</kind>
         <file>rts2800_fpu32_eabi.lib</file>
         <name>args_main.c.obj</name>
      </input_file>
      <input_file id="fl-4b">
         <path>C:\ti\ccs1281\ccs\tools\compiler\ti-cgt-c2000_22.6.1.LTS\lib\</path>
         <kind>archive</kind>
         <file>rts2800_fpu32_eabi.lib</file>
         <name>memset.c.obj</name>
      </input_file>
      <input_file id="fl-4c">
         <path>C:\ti\ccs1281\ccs\tools\compiler\ti-cgt-c2000_22.6.1.LTS\lib\</path>
         <kind>archive</kind>
         <file>rts2800_fpu32_eabi.lib</file>
         <name>cpy_tbl.c.obj</name>
      </input_file>
      <input_file id="fl-4d">
         <path>C:\ti\ccs1281\ccs\tools\compiler\ti-cgt-c2000_22.6.1.LTS\lib\</path>
         <kind>archive</kind>
         <file>rts2800_fpu32_eabi.lib</file>
         <name>startup.c.obj</name>
      </input_file>
   </input_file_list>
   <object_component_list>
      <object_component id="oc-3f5">
         <name>.cinit..data.load</name>
         <load_address>0x98000</load_address>
         <run_address>0x98000</run_address>
         <size>0xf</size>
      </object_component>
      <object_component id="oc-3e7">
         <name>__TI_handler_table</name>
         <load_address>0x98010</load_address>
         <run_address>0x98010</run_address>
         <size>0x6</size>
      </object_component>
      <object_component id="oc-3f2">
         <name>.cinit..bss.1.load</name>
         <load_address>0x98016</load_address>
         <run_address>0x98016</run_address>
         <size>0x4</size>
      </object_component>
      <object_component id="oc-3f3">
         <name>.cinit..bss.2.load</name>
         <load_address>0x9801a</load_address>
         <run_address>0x9801a</run_address>
         <size>0x4</size>
      </object_component>
      <object_component id="oc-3eb">
         <name>.cinit.PieVectTableFile.load</name>
         <load_address>0x9801e</load_address>
         <run_address>0x9801e</run_address>
         <size>0x4</size>
      </object_component>
      <object_component id="oc-3e8">
         <name>__TI_cinit_table</name>
         <load_address>0x98022</load_address>
         <run_address>0x98022</run_address>
         <size>0x10</size>
      </object_component>
      <object_component id="oc-b0">
         <name>.text</name>
         <load_address>0x82000</load_address>
         <run_address>0x82000</run_address>
         <size>0x739</size>
         <input_file_ref idref="fl-2"/>
      </object_component>
      <object_component id="oc-d2">
         <name>.text:retain</name>
         <load_address>0x82739</load_address>
         <run_address>0x82739</run_address>
         <size>0x585</size>
         <input_file_ref idref="fl-a"/>
      </object_component>
      <object_component id="oc-1b8">
         <name>.text</name>
         <load_address>0x82cbe</load_address>
         <run_address>0x82cbe</run_address>
         <size>0x507</size>
         <input_file_ref idref="fl-1c"/>
      </object_component>
      <object_component id="oc-bb">
         <name>.text:retain</name>
         <load_address>0x831c5</load_address>
         <run_address>0x831c5</run_address>
         <size>0x32c</size>
         <input_file_ref idref="fl-5"/>
      </object_component>
      <object_component id="oc-18c">
         <name>.text</name>
         <load_address>0x834f1</load_address>
         <run_address>0x834f1</run_address>
         <size>0x238</size>
         <input_file_ref idref="fl-4"/>
      </object_component>
      <object_component id="oc-bc">
         <name>.text</name>
         <load_address>0x83729</load_address>
         <run_address>0x83729</run_address>
         <size>0x1e5</size>
         <input_file_ref idref="fl-3"/>
      </object_component>
      <object_component id="oc-14b">
         <name>.text</name>
         <load_address>0x8390e</load_address>
         <run_address>0x8390e</run_address>
         <size>0x1ca</size>
         <input_file_ref idref="fl-11"/>
      </object_component>
      <object_component id="oc-151">
         <name>.text</name>
         <load_address>0x83ad8</load_address>
         <run_address>0x83ad8</run_address>
         <size>0x13f</size>
         <input_file_ref idref="fl-d"/>
      </object_component>
      <object_component id="oc-c2">
         <name>.text</name>
         <load_address>0x83c17</load_address>
         <run_address>0x83c17</run_address>
         <size>0x118</size>
         <input_file_ref idref="fl-5"/>
      </object_component>
      <object_component id="oc-187">
         <name>.text</name>
         <load_address>0x83d2f</load_address>
         <run_address>0x83d2f</run_address>
         <size>0x9c</size>
         <input_file_ref idref="fl-36"/>
      </object_component>
      <object_component id="oc-192">
         <name>.text</name>
         <load_address>0x83dcb</load_address>
         <run_address>0x83dcb</run_address>
         <size>0x8b</size>
         <input_file_ref idref="fl-41"/>
      </object_component>
      <object_component id="oc-2a3">
         <name>.text</name>
         <load_address>0x83e56</load_address>
         <run_address>0x83e56</run_address>
         <size>0x88</size>
         <input_file_ref idref="fl-3b"/>
      </object_component>
      <object_component id="oc-17d">
         <name>.text</name>
         <load_address>0x83ede</load_address>
         <run_address>0x83ede</run_address>
         <size>0x83</size>
         <input_file_ref idref="fl-38"/>
      </object_component>
      <object_component id="oc-145">
         <name>.text</name>
         <load_address>0x83f61</load_address>
         <run_address>0x83f61</run_address>
         <size>0x5e</size>
         <input_file_ref idref="fl-8"/>
      </object_component>
      <object_component id="oc-97">
         <name>.text:decompress:lzss</name>
         <load_address>0x83fbf</load_address>
         <run_address>0x83fbf</run_address>
         <size>0x30</size>
         <input_file_ref idref="fl-47"/>
      </object_component>
      <object_component id="oc-1c4">
         <name>.text</name>
         <load_address>0x83fef</load_address>
         <run_address>0x83fef</run_address>
         <size>0x11</size>
         <input_file_ref idref="fl-19"/>
      </object_component>
      <object_component id="oc-1eb">
         <name>.text:__TI_auto_init_nobinit_nopinit</name>
         <load_address>0x84000</load_address>
         <run_address>0x84000</run_address>
         <size>0x2b</size>
         <input_file_ref idref="fl-44"/>
      </object_component>
      <object_component id="oc-af">
         <name>.text:retain</name>
         <load_address>0x8402b</load_address>
         <run_address>0x8402b</run_address>
         <size>0x2b</size>
         <input_file_ref idref="fl-2"/>
      </object_component>
      <object_component id="oc-2a9">
         <name>.text</name>
         <load_address>0x84056</load_address>
         <run_address>0x84056</run_address>
         <size>0x2a</size>
         <input_file_ref idref="fl-37"/>
      </object_component>
      <object_component id="oc-ff">
         <name>.text</name>
         <load_address>0x84080</load_address>
         <run_address>0x84080</run_address>
         <size>0x29</size>
         <input_file_ref idref="fl-48"/>
      </object_component>
      <object_component id="oc-1be">
         <name>.text</name>
         <load_address>0x840a9</load_address>
         <run_address>0x840a9</run_address>
         <size>0x28</size>
         <input_file_ref idref="fl-18"/>
      </object_component>
      <object_component id="oc-182">
         <name>.text</name>
         <load_address>0x840d1</load_address>
         <run_address>0x840d1</run_address>
         <size>0x23</size>
         <input_file_ref idref="fl-40"/>
      </object_component>
      <object_component id="oc-197">
         <name>.text</name>
         <load_address>0x840f4</load_address>
         <run_address>0x840f4</run_address>
         <size>0x21</size>
         <input_file_ref idref="fl-3a"/>
      </object_component>
      <object_component id="oc-de">
         <name>.text</name>
         <load_address>0x84115</load_address>
         <run_address>0x84115</run_address>
         <size>0x1d</size>
         <input_file_ref idref="fl-42"/>
      </object_component>
      <object_component id="oc-172">
         <name>.text</name>
         <load_address>0x84132</load_address>
         <run_address>0x84132</run_address>
         <size>0x1c</size>
         <input_file_ref idref="fl-3f"/>
      </object_component>
      <object_component id="oc-a4">
         <name>.text</name>
         <load_address>0x8414e</load_address>
         <run_address>0x8414e</run_address>
         <size>0x17</size>
         <input_file_ref idref="fl-35"/>
      </object_component>
      <object_component id="oc-178">
         <name>.text</name>
         <load_address>0x84165</load_address>
         <run_address>0x84165</run_address>
         <size>0xe</size>
         <input_file_ref idref="fl-39"/>
      </object_component>
      <object_component id="oc-f9">
         <name>.text</name>
         <load_address>0x84173</load_address>
         <run_address>0x84173</run_address>
         <size>0xc</size>
         <input_file_ref idref="fl-4a"/>
      </object_component>
      <object_component id="oc-2e8">
         <name>.text</name>
         <load_address>0x8417f</load_address>
         <run_address>0x8417f</run_address>
         <size>0x9</size>
         <input_file_ref idref="fl-49"/>
      </object_component>
      <object_component id="oc-1cd">
         <name>.text</name>
         <load_address>0x84188</load_address>
         <run_address>0x84188</run_address>
         <size>0x8</size>
         <input_file_ref idref="fl-7"/>
      </object_component>
      <object_component id="oc-9d">
         <name>.text:decompress:none</name>
         <load_address>0x84190</load_address>
         <run_address>0x84190</run_address>
         <size>0x8</size>
         <input_file_ref idref="fl-46"/>
      </object_component>
      <object_component id="oc-1e2">
         <name>.text</name>
         <load_address>0x84198</load_address>
         <run_address>0x84198</run_address>
         <size>0x7</size>
         <input_file_ref idref="fl-4b"/>
      </object_component>
      <object_component id="oc-ec">
         <name>.text:decompress:ZI</name>
         <load_address>0x8419f</load_address>
         <run_address>0x8419f</run_address>
         <size>0x6</size>
         <input_file_ref idref="fl-45"/>
      </object_component>
      <object_component id="oc-f2">
         <name>.text</name>
         <load_address>0x841a5</load_address>
         <run_address>0x841a5</run_address>
         <size>0x2</size>
         <input_file_ref idref="fl-43"/>
      </object_component>
      <object_component id="oc-2ce">
         <name>.text</name>
         <load_address>0x841a7</load_address>
         <run_address>0x841a7</run_address>
         <size>0x1</size>
         <input_file_ref idref="fl-4d"/>
      </object_component>
      <object_component id="oc-cd">
         <name>codestart</name>
         <load_address>0x80000</load_address>
         <run_address>0x80000</run_address>
         <size>0x2</size>
         <input_file_ref idref="fl-7"/>
      </object_component>
      <object_component id="oc-db">
         <name>.stack</name>
         <uninitialized>true</uninitialized>
         <run_address>0x400</run_address>
         <size>0x0</size>
         <input_file_ref idref="fl-35"/>
      </object_component>
      <object_component id="oc-3ec">
         <name>.stack</name>
         <uninitialized>true</uninitialized>
         <run_address>0x400</run_address>
         <size>0x0</size>
      </object_component>
      <object_component id="oc-19c">
         <name>.bss:OSC_CH1</name>
         <uninitialized>true</uninitialized>
         <run_address>0x12000</run_address>
         <size>0xc80</size>
         <input_file_ref idref="fl-5"/>
      </object_component>
      <object_component id="oc-106">
         <name>.bss</name>
         <uninitialized>true</uninitialized>
         <run_address>0x12c80</run_address>
         <size>0x43</size>
         <input_file_ref idref="fl-2"/>
      </object_component>
      <object_component id="oc-16c">
         <name>.bss</name>
         <uninitialized>true</uninitialized>
         <run_address>0x12cc4</run_address>
         <size>0x24</size>
         <input_file_ref idref="fl-5"/>
      </object_component>
      <object_component id="oc-142">
         <name>.bss</name>
         <uninitialized>true</uninitialized>
         <run_address>0x12ce8</run_address>
         <size>0x18</size>
         <input_file_ref idref="fl-8"/>
      </object_component>
      <object_component id="oc-169">
         <name>.bss:ADCGET</name>
         <uninitialized>true</uninitialized>
         <run_address>0x12d00</run_address>
         <size>0xa</size>
         <input_file_ref idref="fl-5"/>
      </object_component>
      <object_component id="oc-19f">
         <name>.bss:OSC_CH2</name>
         <uninitialized>true</uninitialized>
         <run_address>0x13000</run_address>
         <size>0xc80</size>
         <input_file_ref idref="fl-5"/>
      </object_component>
      <object_component id="oc-15a">
         <name>.data</name>
         <load_address>0x12d0a</load_address>
         <run_address>0x12d0a</run_address>
         <size>0x20</size>
         <input_file_ref idref="fl-5"/>
      </object_component>
      <object_component id="oc-21d">
         <name>.data</name>
         <load_address>0x12d2a</load_address>
         <run_address>0x12d2a</run_address>
         <size>0x6</size>
         <input_file_ref idref="fl-48"/>
      </object_component>
      <object_component id="oc-220">
         <name>.data:_lock</name>
         <load_address>0x12d30</load_address>
         <run_address>0x12d30</run_address>
         <size>0x2</size>
         <input_file_ref idref="fl-49"/>
      </object_component>
      <object_component id="oc-330">
         <name>.data:_unlock</name>
         <load_address>0x12d32</load_address>
         <run_address>0x12d32</run_address>
         <size>0x2</size>
         <input_file_ref idref="fl-49"/>
      </object_component>
      <object_component id="oc-d8">
         <name>.const</name>
         <load_address>0x90000</load_address>
         <run_address>0x90000</run_address>
         <size>0x1c0</size>
         <input_file_ref idref="fl-19"/>
      </object_component>
      <object_component id="oc-177">
         <name>.const</name>
         <load_address>0x901c0</load_address>
         <run_address>0x901c0</run_address>
         <size>0x34</size>
         <input_file_ref idref="fl-5"/>
      </object_component>
      <object_component id="oc-2a8">
         <name>.const</name>
         <load_address>0x901f4</load_address>
         <run_address>0x901f4</run_address>
         <size>0x8</size>
         <input_file_ref idref="fl-1c"/>
      </object_component>
      <object_component id="oc-27d">
         <name>.const</name>
         <load_address>0x901fc</load_address>
         <run_address>0x901fc</run_address>
         <size>0x8</size>
         <input_file_ref idref="fl-4"/>
      </object_component>
      <object_component id="oc-2ae">
         <name>.TI.ramfunc</name>
         <load_address>0x86000</load_address>
         <run_address>0x8000</run_address>
         <size>0x48</size>
         <input_file_ref idref="fl-1c"/>
      </object_component>
      <object_component id="oc-1b1">
         <name>.TI.ramfunc</name>
         <load_address>0x86048</load_address>
         <run_address>0x8048</run_address>
         <size>0x4</size>
         <input_file_ref idref="fl-23"/>
      </object_component>
      <object_component id="oc-118">
         <name>PieVectTableFile</name>
         <uninitialized>true</uninitialized>
         <run_address>0xd00</run_address>
         <size>0x1c0</size>
         <input_file_ref idref="fl-10"/>
      </object_component>
      <object_component id="oc-16f">
         <name>AdcaRegsFile</name>
         <uninitialized>true</uninitialized>
         <run_address>0x7400</run_address>
         <size>0x7c</size>
         <input_file_ref idref="fl-10"/>
      </object_component>
      <object_component id="oc-1ab">
         <name>AdcbRegsFile</name>
         <uninitialized>true</uninitialized>
         <run_address>0x7480</run_address>
         <size>0x7c</size>
         <input_file_ref idref="fl-10"/>
      </object_component>
      <object_component id="oc-1a8">
         <name>AdcdRegsFile</name>
         <uninitialized>true</uninitialized>
         <run_address>0x7580</run_address>
         <size>0x7c</size>
         <input_file_ref idref="fl-10"/>
      </object_component>
      <object_component id="oc-160">
         <name>AdcaResultRegsFile</name>
         <uninitialized>true</uninitialized>
         <run_address>0xb00</run_address>
         <size>0x18</size>
         <input_file_ref idref="fl-10"/>
      </object_component>
      <object_component id="oc-166">
         <name>AdcbResultRegsFile</name>
         <uninitialized>true</uninitialized>
         <run_address>0xb20</run_address>
         <size>0x18</size>
         <input_file_ref idref="fl-10"/>
      </object_component>
      <object_component id="oc-163">
         <name>AdcdResultRegsFile</name>
         <uninitialized>true</uninitialized>
         <run_address>0xb60</run_address>
         <size>0x18</size>
         <input_file_ref idref="fl-10"/>
      </object_component>
      <object_component id="oc-29a">
         <name>AnalogSubsysRegsFile</name>
         <uninitialized>true</uninitialized>
         <run_address>0x5d180</run_address>
         <size>0x3e</size>
         <input_file_ref idref="fl-10"/>
      </object_component>
      <object_component id="oc-115">
         <name>ClkCfgRegsFile</name>
         <uninitialized>true</uninitialized>
         <run_address>0x5d200</run_address>
         <size>0x32</size>
         <input_file_ref idref="fl-10"/>
      </object_component>
      <object_component id="oc-1a2">
         <name>Cmpss1RegsFile</name>
         <uninitialized>true</uninitialized>
         <run_address>0x5c80</run_address>
         <size>0x1b</size>
         <input_file_ref idref="fl-10"/>
      </object_component>
      <object_component id="oc-10f">
         <name>CpuTimer0RegsFile</name>
         <uninitialized>true</uninitialized>
         <run_address>0xc00</run_address>
         <size>0x8</size>
         <input_file_ref idref="fl-10"/>
      </object_component>
      <object_component id="oc-251">
         <name>CpuTimer1RegsFile</name>
         <uninitialized>true</uninitialized>
         <run_address>0xc08</run_address>
         <size>0x8</size>
         <input_file_ref idref="fl-10"/>
      </object_component>
      <object_component id="oc-254">
         <name>CpuTimer2RegsFile</name>
         <uninitialized>true</uninitialized>
         <run_address>0xc10</run_address>
         <size>0x8</size>
         <input_file_ref idref="fl-10"/>
      </object_component>
      <object_component id="oc-112">
         <name>CpuSysRegsFile</name>
         <uninitialized>true</uninitialized>
         <run_address>0x5d300</run_address>
         <size>0x82</size>
         <input_file_ref idref="fl-10"/>
      </object_component>
      <object_component id="oc-29d">
         <name>DcsmZ1RegsFile</name>
         <uninitialized>true</uninitialized>
         <run_address>0x5f000</run_address>
         <size>0x22</size>
         <input_file_ref idref="fl-10"/>
      </object_component>
      <object_component id="oc-2a0">
         <name>DcsmZ2RegsFile</name>
         <uninitialized>true</uninitialized>
         <run_address>0x5f040</run_address>
         <size>0x22</size>
         <input_file_ref idref="fl-10"/>
      </object_component>
      <object_component id="oc-25e">
         <name>DevCfgRegsFile</name>
         <uninitialized>true</uninitialized>
         <run_address>0x5d000</run_address>
         <size>0x12e</size>
         <input_file_ref idref="fl-10"/>
      </object_component>
      <object_component id="oc-13f">
         <name>EPwm1RegsFile</name>
         <uninitialized>true</uninitialized>
         <run_address>0x4000</run_address>
         <size>0x100</size>
         <input_file_ref idref="fl-10"/>
      </object_component>
      <object_component id="oc-13c">
         <name>EPwm2RegsFile</name>
         <uninitialized>true</uninitialized>
         <run_address>0x4100</run_address>
         <size>0x100</size>
         <input_file_ref idref="fl-10"/>
      </object_component>
      <object_component id="oc-139">
         <name>EPwm3RegsFile</name>
         <uninitialized>true</uninitialized>
         <run_address>0x4200</run_address>
         <size>0x100</size>
         <input_file_ref idref="fl-10"/>
      </object_component>
      <object_component id="oc-136">
         <name>EPwm4RegsFile</name>
         <uninitialized>true</uninitialized>
         <run_address>0x4300</run_address>
         <size>0x100</size>
         <input_file_ref idref="fl-10"/>
      </object_component>
      <object_component id="oc-133">
         <name>EPwm5RegsFile</name>
         <uninitialized>true</uninitialized>
         <run_address>0x4400</run_address>
         <size>0x100</size>
         <input_file_ref idref="fl-10"/>
      </object_component>
      <object_component id="oc-130">
         <name>EPwm6RegsFile</name>
         <uninitialized>true</uninitialized>
         <run_address>0x4500</run_address>
         <size>0x100</size>
         <input_file_ref idref="fl-10"/>
      </object_component>
      <object_component id="oc-12d">
         <name>EPwm7RegsFile</name>
         <uninitialized>true</uninitialized>
         <run_address>0x4600</run_address>
         <size>0x100</size>
         <input_file_ref idref="fl-10"/>
      </object_component>
      <object_component id="oc-12a">
         <name>EPwm8RegsFile</name>
         <uninitialized>true</uninitialized>
         <run_address>0x4700</run_address>
         <size>0x100</size>
         <input_file_ref idref="fl-10"/>
      </object_component>
      <object_component id="oc-11b">
         <name>EPwm9RegsFile</name>
         <uninitialized>true</uninitialized>
         <run_address>0x4800</run_address>
         <size>0x100</size>
         <input_file_ref idref="fl-10"/>
      </object_component>
      <object_component id="oc-127">
         <name>EPwm10RegsFile</name>
         <uninitialized>true</uninitialized>
         <run_address>0x4900</run_address>
         <size>0x100</size>
         <input_file_ref idref="fl-10"/>
      </object_component>
      <object_component id="oc-121">
         <name>EPwm11RegsFile</name>
         <uninitialized>true</uninitialized>
         <run_address>0x4a00</run_address>
         <size>0x100</size>
         <input_file_ref idref="fl-10"/>
      </object_component>
      <object_component id="oc-11e">
         <name>EPwm12RegsFile</name>
         <uninitialized>true</uninitialized>
         <run_address>0x4b00</run_address>
         <size>0x100</size>
         <input_file_ref idref="fl-10"/>
      </object_component>
      <object_component id="oc-1ae">
         <name>EPwmXbarRegsFile</name>
         <uninitialized>true</uninitialized>
         <run_address>0x7a00</run_address>
         <size>0x40</size>
         <input_file_ref idref="fl-10"/>
      </object_component>
      <object_component id="oc-319">
         <name>Flash0CtrlRegsFile</name>
         <uninitialized>true</uninitialized>
         <run_address>0x5f800</run_address>
         <size>0x182</size>
         <input_file_ref idref="fl-10"/>
      </object_component>
      <object_component id="oc-31c">
         <name>Flash0EccRegsFile</name>
         <uninitialized>true</uninitialized>
         <run_address>0x5fb00</run_address>
         <size>0x28</size>
         <input_file_ref idref="fl-10"/>
      </object_component>
      <object_component id="oc-297">
         <name>FlashPumpSemaphoreRegsFile</name>
         <uninitialized>true</uninitialized>
         <run_address>0x50024</run_address>
         <size>0x2</size>
         <input_file_ref idref="fl-10"/>
      </object_component>
      <object_component id="oc-258">
         <name>GpioCtrlRegsFile</name>
         <uninitialized>true</uninitialized>
         <run_address>0x7c00</run_address>
         <size>0x180</size>
         <input_file_ref idref="fl-10"/>
      </object_component>
      <object_component id="oc-15d">
         <name>GpioDataRegsFile</name>
         <uninitialized>true</uninitialized>
         <run_address>0x7f00</run_address>
         <size>0x30</size>
         <input_file_ref idref="fl-10"/>
      </object_component>
      <object_component id="oc-25b">
         <name>InputXbarRegsFile</name>
         <uninitialized>true</uninitialized>
         <run_address>0x7900</run_address>
         <size>0x20</size>
         <input_file_ref idref="fl-10"/>
      </object_component>
      <object_component id="oc-1a5">
         <name>OutputXbarRegsFile</name>
         <uninitialized>true</uninitialized>
         <run_address>0x7a80</run_address>
         <size>0x40</size>
         <input_file_ref idref="fl-10"/>
      </object_component>
      <object_component id="oc-10c">
         <name>PieCtrlRegsFile</name>
         <uninitialized>true</uninitialized>
         <run_address>0xce0</run_address>
         <size>0x1a</size>
         <input_file_ref idref="fl-10"/>
      </object_component>
      <object_component id="oc-109">
         <name>SciaRegsFile</name>
         <uninitialized>true</uninitialized>
         <run_address>0x7200</run_address>
         <size>0x10</size>
         <input_file_ref idref="fl-10"/>
      </object_component>
      <object_component id="oc-124">
         <name>SyncSocRegsFile</name>
         <uninitialized>true</uninitialized>
         <run_address>0x7940</run_address>
         <size>0x6</size>
         <input_file_ref idref="fl-10"/>
      </object_component>
      <object_component id="oc-294">
         <name>WdRegsFile</name>
         <uninitialized>true</uninitialized>
         <run_address>0x7000</run_address>
         <size>0x2b</size>
         <input_file_ref idref="fl-10"/>
      </object_component>
      <object_component id="oc-158">
         <name>.debug_types</name>
         <load_address>0x0</load_address>
         <run_address>0x0</run_address>
         <size>0x110bf</size>
         <input_file_ref idref="fl-2"/>
      </object_component>
      <object_component id="oc-1b7">
         <name>.debug_types</name>
         <load_address>0x110bf</load_address>
         <run_address>0x110bf</run_address>
         <size>0xf03d</size>
         <input_file_ref idref="fl-3"/>
      </object_component>
      <object_component id="oc-27f">
         <name>.debug_types</name>
         <load_address>0x200fc</load_address>
         <run_address>0x200fc</run_address>
         <size>0x172</size>
         <input_file_ref idref="fl-4"/>
      </object_component>
      <object_component id="oc-1cb">
         <name>.debug_types</name>
         <load_address>0x2026e</load_address>
         <run_address>0x2026e</run_address>
         <size>0x62fd</size>
         <input_file_ref idref="fl-5"/>
      </object_component>
      <object_component id="oc-250">
         <name>.debug_types</name>
         <load_address>0x2656b</load_address>
         <run_address>0x2656b</run_address>
         <size>0x2f</size>
         <input_file_ref idref="fl-8"/>
      </object_component>
      <object_component id="oc-1d4">
         <name>.debug_types</name>
         <load_address>0x0</load_address>
         <run_address>0x0</run_address>
         <size>0x0</size>
         <input_file_ref idref="fl-a"/>
      </object_component>
      <object_component id="oc-264">
         <name>.debug_types</name>
         <load_address>0x2659a</load_address>
         <run_address>0x2659a</run_address>
         <size>0xfe74</size>
         <input_file_ref idref="fl-d"/>
      </object_component>
      <object_component id="oc-229">
         <name>.debug_types</name>
         <load_address>0x3640e</load_address>
         <run_address>0x3640e</run_address>
         <size>0x2a242</size>
         <input_file_ref idref="fl-10"/>
      </object_component>
      <object_component id="oc-262">
         <name>.debug_types</name>
         <load_address>0x60650</load_address>
         <run_address>0x60650</run_address>
         <size>0x89</size>
         <input_file_ref idref="fl-11"/>
      </object_component>
      <object_component id="oc-2b7">
         <name>.debug_types</name>
         <load_address>0x0</load_address>
         <run_address>0x0</run_address>
         <size>0x0</size>
         <input_file_ref idref="fl-18"/>
      </object_component>
      <object_component id="oc-1d7">
         <name>.debug_types</name>
         <load_address>0x606d9</load_address>
         <run_address>0x606d9</run_address>
         <size>0x5a</size>
         <input_file_ref idref="fl-19"/>
      </object_component>
      <object_component id="oc-2b5">
         <name>.debug_types</name>
         <load_address>0x60733</load_address>
         <run_address>0x60733</run_address>
         <size>0x2f</size>
         <input_file_ref idref="fl-1c"/>
      </object_component>
      <object_component id="oc-1dc">
         <name>.debug_types</name>
         <load_address>0x60762</load_address>
         <run_address>0x60762</run_address>
         <size>0x142</size>
         <input_file_ref idref="fl-42"/>
      </object_component>
      <object_component id="oc-1ea">
         <name>.debug_types</name>
         <load_address>0x0</load_address>
         <run_address>0x0</run_address>
         <size>0x0</size>
         <input_file_ref idref="fl-43"/>
      </object_component>
      <object_component id="oc-2d5">
         <name>.debug_types</name>
         <load_address>0x608a4</load_address>
         <run_address>0x608a4</run_address>
         <size>0x4ca</size>
         <input_file_ref idref="fl-44"/>
      </object_component>
      <object_component id="oc-1e1">
         <name>.debug_types</name>
         <load_address>0x60d6e</load_address>
         <run_address>0x60d6e</run_address>
         <size>0x194</size>
         <input_file_ref idref="fl-45"/>
      </object_component>
      <object_component id="oc-e5">
         <name>.debug_types</name>
         <load_address>0x0</load_address>
         <run_address>0x0</run_address>
         <size>0x0</size>
         <input_file_ref idref="fl-46"/>
      </object_component>
      <object_component id="oc-dd">
         <name>.debug_types</name>
         <load_address>0x60f02</load_address>
         <run_address>0x60f02</run_address>
         <size>0x191</size>
         <input_file_ref idref="fl-47"/>
      </object_component>
      <object_component id="oc-224">
         <name>.debug_types</name>
         <load_address>0x61093</load_address>
         <run_address>0x61093</run_address>
         <size>0xbf</size>
         <input_file_ref idref="fl-48"/>
      </object_component>
      <object_component id="oc-2f0">
         <name>.debug_types</name>
         <load_address>0x61152</load_address>
         <run_address>0x61152</run_address>
         <size>0x2f</size>
         <input_file_ref idref="fl-49"/>
      </object_component>
      <object_component id="oc-21c">
         <name>.debug_types</name>
         <load_address>0x61181</load_address>
         <run_address>0x61181</run_address>
         <size>0xe1</size>
         <input_file_ref idref="fl-4a"/>
      </object_component>
      <object_component id="oc-2ca">
         <name>.debug_types</name>
         <load_address>0x0</load_address>
         <run_address>0x0</run_address>
         <size>0x0</size>
         <input_file_ref idref="fl-4b"/>
      </object_component>
      <object_component id="oc-32a">
         <name>.debug_types</name>
         <load_address>0x0</load_address>
         <run_address>0x0</run_address>
         <size>0x0</size>
         <input_file_ref idref="fl-4d"/>
      </object_component>
      <object_component id="oc-107">
         <name>.debug_info</name>
         <load_address>0x0</load_address>
         <run_address>0x0</run_address>
         <size>0xdf</size>
         <input_file_ref idref="fl-2"/>
      </object_component>
      <object_component id="oc-b6">
         <name>.debug_info</name>
         <load_address>0xdf</load_address>
         <run_address>0xdf</run_address>
         <size>0xf7</size>
         <input_file_ref idref="fl-2"/>
      </object_component>
      <object_component id="oc-b1">
         <name>.debug_info</name>
         <load_address>0x1d6</load_address>
         <run_address>0x1d6</run_address>
         <size>0x913</size>
         <input_file_ref idref="fl-2"/>
      </object_component>
      <object_component id="oc-bd">
         <name>.debug_info</name>
         <load_address>0xae9</load_address>
         <run_address>0xae9</run_address>
         <size>0x2b5</size>
         <input_file_ref idref="fl-3"/>
      </object_component>
      <object_component id="oc-18e">
         <name>.debug_info</name>
         <load_address>0xd9e</load_address>
         <run_address>0xd9e</run_address>
         <size>0x598</size>
         <input_file_ref idref="fl-4"/>
      </object_component>
      <object_component id="oc-15b">
         <name>.debug_info</name>
         <load_address>0x1336</load_address>
         <run_address>0x1336</run_address>
         <size>0x29b</size>
         <input_file_ref idref="fl-5"/>
      </object_component>
      <object_component id="oc-16d">
         <name>.debug_info</name>
         <load_address>0x15d1</load_address>
         <run_address>0x15d1</run_address>
         <size>0x16f</size>
         <input_file_ref idref="fl-5"/>
      </object_component>
      <object_component id="oc-16a">
         <name>.debug_info</name>
         <load_address>0x1740</load_address>
         <run_address>0x1740</run_address>
         <size>0xcf</size>
         <input_file_ref idref="fl-5"/>
      </object_component>
      <object_component id="oc-19d">
         <name>.debug_info</name>
         <load_address>0x180f</load_address>
         <run_address>0x180f</run_address>
         <size>0xd1</size>
         <input_file_ref idref="fl-5"/>
      </object_component>
      <object_component id="oc-1a0">
         <name>.debug_info</name>
         <load_address>0x18e0</load_address>
         <run_address>0x18e0</run_address>
         <size>0xd1</size>
         <input_file_ref idref="fl-5"/>
      </object_component>
      <object_component id="oc-c3">
         <name>.debug_info</name>
         <load_address>0x19b1</load_address>
         <run_address>0x19b1</run_address>
         <size>0x457</size>
         <input_file_ref idref="fl-5"/>
      </object_component>
      <object_component id="oc-c9">
         <name>.debug_info</name>
         <load_address>0x1e08</load_address>
         <run_address>0x1e08</run_address>
         <size>0x55c</size>
         <input_file_ref idref="fl-5"/>
      </object_component>
      <object_component id="oc-d0">
         <name>.debug_info</name>
         <load_address>0x2364</load_address>
         <run_address>0x2364</run_address>
         <size>0xfa</size>
         <input_file_ref idref="fl-7"/>
      </object_component>
      <object_component id="oc-1d0">
         <name>.debug_info</name>
         <load_address>0x245e</load_address>
         <run_address>0x245e</run_address>
         <size>0xfb</size>
         <input_file_ref idref="fl-7"/>
      </object_component>
      <object_component id="oc-143">
         <name>.debug_info</name>
         <load_address>0x2559</load_address>
         <run_address>0x2559</run_address>
         <size>0x130</size>
         <input_file_ref idref="fl-8"/>
      </object_component>
      <object_component id="oc-148">
         <name>.debug_info</name>
         <load_address>0x2689</load_address>
         <run_address>0x2689</run_address>
         <size>0x1d8</size>
         <input_file_ref idref="fl-8"/>
      </object_component>
      <object_component id="oc-d5">
         <name>.debug_info</name>
         <load_address>0x2861</load_address>
         <run_address>0x2861</run_address>
         <size>0x27eb</size>
         <input_file_ref idref="fl-a"/>
      </object_component>
      <object_component id="oc-152">
         <name>.debug_info</name>
         <load_address>0x504c</load_address>
         <run_address>0x504c</run_address>
         <size>0x5af</size>
         <input_file_ref idref="fl-d"/>
      </object_component>
      <object_component id="oc-298">
         <name>.debug_info</name>
         <load_address>0x55fb</load_address>
         <run_address>0x55fb</run_address>
         <size>0x107</size>
         <input_file_ref idref="fl-10"/>
      </object_component>
      <object_component id="oc-125">
         <name>.debug_info</name>
         <load_address>0x5702</load_address>
         <run_address>0x5702</run_address>
         <size>0xf1</size>
         <input_file_ref idref="fl-10"/>
      </object_component>
      <object_component id="oc-110">
         <name>.debug_info</name>
         <load_address>0x57f3</load_address>
         <run_address>0x57f3</run_address>
         <size>0xf5</size>
         <input_file_ref idref="fl-10"/>
      </object_component>
      <object_component id="oc-252">
         <name>.debug_info</name>
         <load_address>0x58e8</load_address>
         <run_address>0x58e8</run_address>
         <size>0xf5</size>
         <input_file_ref idref="fl-10"/>
      </object_component>
      <object_component id="oc-255">
         <name>.debug_info</name>
         <load_address>0x59dd</load_address>
         <run_address>0x59dd</run_address>
         <size>0xf5</size>
         <input_file_ref idref="fl-10"/>
      </object_component>
      <object_component id="oc-10a">
         <name>.debug_info</name>
         <load_address>0x5ad2</load_address>
         <run_address>0x5ad2</run_address>
         <size>0xeb</size>
         <input_file_ref idref="fl-10"/>
      </object_component>
      <object_component id="oc-161">
         <name>.debug_info</name>
         <load_address>0x5bbd</load_address>
         <run_address>0x5bbd</run_address>
         <size>0xf6</size>
         <input_file_ref idref="fl-10"/>
      </object_component>
      <object_component id="oc-167">
         <name>.debug_info</name>
         <load_address>0x5cb3</load_address>
         <run_address>0x5cb3</run_address>
         <size>0xf6</size>
         <input_file_ref idref="fl-10"/>
      </object_component>
      <object_component id="oc-164">
         <name>.debug_info</name>
         <load_address>0x5da9</load_address>
         <run_address>0x5da9</run_address>
         <size>0xf6</size>
         <input_file_ref idref="fl-10"/>
      </object_component>
      <object_component id="oc-10d">
         <name>.debug_info</name>
         <load_address>0x5e9f</load_address>
         <run_address>0x5e9f</run_address>
         <size>0xf1</size>
         <input_file_ref idref="fl-10"/>
      </object_component>
      <object_component id="oc-1a3">
         <name>.debug_info</name>
         <load_address>0x5f90</load_address>
         <run_address>0x5f90</run_address>
         <size>0xef</size>
         <input_file_ref idref="fl-10"/>
      </object_component>
      <object_component id="oc-25c">
         <name>.debug_info</name>
         <load_address>0x607f</load_address>
         <run_address>0x607f</run_address>
         <size>0xf5</size>
         <input_file_ref idref="fl-10"/>
      </object_component>
      <object_component id="oc-29e">
         <name>.debug_info</name>
         <load_address>0x6174</load_address>
         <run_address>0x6174</run_address>
         <size>0xef</size>
         <input_file_ref idref="fl-10"/>
      </object_component>
      <object_component id="oc-2a1">
         <name>.debug_info</name>
         <load_address>0x6263</load_address>
         <run_address>0x6263</run_address>
         <size>0xef</size>
         <input_file_ref idref="fl-10"/>
      </object_component>
      <object_component id="oc-31d">
         <name>.debug_info</name>
         <load_address>0x6352</load_address>
         <run_address>0x6352</run_address>
         <size>0xf5</size>
         <input_file_ref idref="fl-10"/>
      </object_component>
      <object_component id="oc-295">
         <name>.debug_info</name>
         <load_address>0x6447</load_address>
         <run_address>0x6447</run_address>
         <size>0xe7</size>
         <input_file_ref idref="fl-10"/>
      </object_component>
      <object_component id="oc-15e">
         <name>.debug_info</name>
         <load_address>0x652e</load_address>
         <run_address>0x652e</run_address>
         <size>0xf3</size>
         <input_file_ref idref="fl-10"/>
      </object_component>
      <object_component id="oc-116">
         <name>.debug_info</name>
         <load_address>0x6621</load_address>
         <run_address>0x6621</run_address>
         <size>0xef</size>
         <input_file_ref idref="fl-10"/>
      </object_component>
      <object_component id="oc-29b">
         <name>.debug_info</name>
         <load_address>0x6710</load_address>
         <run_address>0x6710</run_address>
         <size>0xfa</size>
         <input_file_ref idref="fl-10"/>
      </object_component>
      <object_component id="oc-1af">
         <name>.debug_info</name>
         <load_address>0x680a</load_address>
         <run_address>0x680a</run_address>
         <size>0xf3</size>
         <input_file_ref idref="fl-10"/>
      </object_component>
      <object_component id="oc-1a6">
         <name>.debug_info</name>
         <load_address>0x68fd</load_address>
         <run_address>0x68fd</run_address>
         <size>0xf7</size>
         <input_file_ref idref="fl-10"/>
      </object_component>
      <object_component id="oc-170">
         <name>.debug_info</name>
         <load_address>0x69f4</load_address>
         <run_address>0x69f4</run_address>
         <size>0xea</size>
         <input_file_ref idref="fl-10"/>
      </object_component>
      <object_component id="oc-1ac">
         <name>.debug_info</name>
         <load_address>0x6ade</load_address>
         <run_address>0x6ade</run_address>
         <size>0xea</size>
         <input_file_ref idref="fl-10"/>
      </object_component>
      <object_component id="oc-1a9">
         <name>.debug_info</name>
         <load_address>0x6bc8</load_address>
         <run_address>0x6bc8</run_address>
         <size>0xea</size>
         <input_file_ref idref="fl-10"/>
      </object_component>
      <object_component id="oc-113">
         <name>.debug_info</name>
         <load_address>0x6cb2</load_address>
         <run_address>0x6cb2</run_address>
         <size>0xef</size>
         <input_file_ref idref="fl-10"/>
      </object_component>
      <object_component id="oc-140">
         <name>.debug_info</name>
         <load_address>0x6da1</load_address>
         <run_address>0x6da1</run_address>
         <size>0xed</size>
         <input_file_ref idref="fl-10"/>
      </object_component>
      <object_component id="oc-13d">
         <name>.debug_info</name>
         <load_address>0x6e8e</load_address>
         <run_address>0x6e8e</run_address>
         <size>0xed</size>
         <input_file_ref idref="fl-10"/>
      </object_component>
      <object_component id="oc-13a">
         <name>.debug_info</name>
         <load_address>0x6f7b</load_address>
         <run_address>0x6f7b</run_address>
         <size>0xed</size>
         <input_file_ref idref="fl-10"/>
      </object_component>
      <object_component id="oc-137">
         <name>.debug_info</name>
         <load_address>0x7068</load_address>
         <run_address>0x7068</run_address>
         <size>0xed</size>
         <input_file_ref idref="fl-10"/>
      </object_component>
      <object_component id="oc-134">
         <name>.debug_info</name>
         <load_address>0x7155</load_address>
         <run_address>0x7155</run_address>
         <size>0xed</size>
         <input_file_ref idref="fl-10"/>
      </object_component>
      <object_component id="oc-131">
         <name>.debug_info</name>
         <load_address>0x7242</load_address>
         <run_address>0x7242</run_address>
         <size>0xed</size>
         <input_file_ref idref="fl-10"/>
      </object_component>
      <object_component id="oc-12e">
         <name>.debug_info</name>
         <load_address>0x732f</load_address>
         <run_address>0x732f</run_address>
         <size>0xed</size>
         <input_file_ref idref="fl-10"/>
      </object_component>
      <object_component id="oc-12b">
         <name>.debug_info</name>
         <load_address>0x741c</load_address>
         <run_address>0x741c</run_address>
         <size>0xed</size>
         <input_file_ref idref="fl-10"/>
      </object_component>
      <object_component id="oc-11c">
         <name>.debug_info</name>
         <load_address>0x7509</load_address>
         <run_address>0x7509</run_address>
         <size>0xed</size>
         <input_file_ref idref="fl-10"/>
      </object_component>
      <object_component id="oc-128">
         <name>.debug_info</name>
         <load_address>0x75f6</load_address>
         <run_address>0x75f6</run_address>
         <size>0xef</size>
         <input_file_ref idref="fl-10"/>
      </object_component>
      <object_component id="oc-122">
         <name>.debug_info</name>
         <load_address>0x76e5</load_address>
         <run_address>0x76e5</run_address>
         <size>0xef</size>
         <input_file_ref idref="fl-10"/>
      </object_component>
      <object_component id="oc-11f">
         <name>.debug_info</name>
         <load_address>0x77d4</load_address>
         <run_address>0x77d4</run_address>
         <size>0xef</size>
         <input_file_ref idref="fl-10"/>
      </object_component>
      <object_component id="oc-25f">
         <name>.debug_info</name>
         <load_address>0x78c3</load_address>
         <run_address>0x78c3</run_address>
         <size>0xef</size>
         <input_file_ref idref="fl-10"/>
      </object_component>
      <object_component id="oc-259">
         <name>.debug_info</name>
         <load_address>0x79b2</load_address>
         <run_address>0x79b2</run_address>
         <size>0xf3</size>
         <input_file_ref idref="fl-10"/>
      </object_component>
      <object_component id="oc-31a">
         <name>.debug_info</name>
         <load_address>0x7aa5</load_address>
         <run_address>0x7aa5</run_address>
         <size>0xf7</size>
         <input_file_ref idref="fl-10"/>
      </object_component>
      <object_component id="oc-119">
         <name>.debug_info</name>
         <load_address>0x7b9c</load_address>
         <run_address>0x7b9c</run_address>
         <size>0xf3</size>
         <input_file_ref idref="fl-10"/>
      </object_component>
      <object_component id="oc-14e">
         <name>.debug_info</name>
         <load_address>0x7c8f</load_address>
         <run_address>0x7c8f</run_address>
         <size>0x9c0</size>
         <input_file_ref idref="fl-11"/>
      </object_component>
      <object_component id="oc-1c2">
         <name>.debug_info</name>
         <load_address>0x864f</load_address>
         <run_address>0x864f</run_address>
         <size>0x168</size>
         <input_file_ref idref="fl-18"/>
      </object_component>
      <object_component id="oc-d9">
         <name>.debug_info</name>
         <load_address>0x87b7</load_address>
         <run_address>0x87b7</run_address>
         <size>0xf0</size>
         <input_file_ref idref="fl-19"/>
      </object_component>
      <object_component id="oc-1c6">
         <name>.debug_info</name>
         <load_address>0x88a7</load_address>
         <run_address>0x88a7</run_address>
         <size>0x13f</size>
         <input_file_ref idref="fl-19"/>
      </object_component>
      <object_component id="oc-1bb">
         <name>.debug_info</name>
         <load_address>0x89e6</load_address>
         <run_address>0x89e6</run_address>
         <size>0xbf5</size>
         <input_file_ref idref="fl-1c"/>
      </object_component>
      <object_component id="oc-2b2">
         <name>.debug_info</name>
         <load_address>0x95db</load_address>
         <run_address>0x95db</run_address>
         <size>0x158</size>
         <input_file_ref idref="fl-1c"/>
      </object_component>
      <object_component id="oc-1b3">
         <name>.debug_info</name>
         <load_address>0x9733</load_address>
         <run_address>0x9733</run_address>
         <size>0xf5</size>
         <input_file_ref idref="fl-23"/>
      </object_component>
      <object_component id="oc-a5">
         <name>.debug_info</name>
         <load_address>0x9828</load_address>
         <run_address>0x9828</run_address>
         <size>0x158</size>
         <input_file_ref idref="fl-35"/>
      </object_component>
      <object_component id="oc-188">
         <name>.debug_info</name>
         <load_address>0x9980</load_address>
         <run_address>0x9980</run_address>
         <size>0x127</size>
         <input_file_ref idref="fl-36"/>
      </object_component>
      <object_component id="oc-2ac">
         <name>.debug_info</name>
         <load_address>0x9aa7</load_address>
         <run_address>0x9aa7</run_address>
         <size>0x131</size>
         <input_file_ref idref="fl-37"/>
      </object_component>
      <object_component id="oc-17f">
         <name>.debug_info</name>
         <load_address>0x9bd8</load_address>
         <run_address>0x9bd8</run_address>
         <size>0x127</size>
         <input_file_ref idref="fl-38"/>
      </object_component>
      <object_component id="oc-179">
         <name>.debug_info</name>
         <load_address>0x9cff</load_address>
         <run_address>0x9cff</run_address>
         <size>0x13b</size>
         <input_file_ref idref="fl-39"/>
      </object_component>
      <object_component id="oc-199">
         <name>.debug_info</name>
         <load_address>0x9e3a</load_address>
         <run_address>0x9e3a</run_address>
         <size>0x127</size>
         <input_file_ref idref="fl-3a"/>
      </object_component>
      <object_component id="oc-2a4">
         <name>.debug_info</name>
         <load_address>0x9f61</load_address>
         <run_address>0x9f61</run_address>
         <size>0x127</size>
         <input_file_ref idref="fl-3b"/>
      </object_component>
      <object_component id="oc-173">
         <name>.debug_info</name>
         <load_address>0xa088</load_address>
         <run_address>0xa088</run_address>
         <size>0x12b</size>
         <input_file_ref idref="fl-3f"/>
      </object_component>
      <object_component id="oc-184">
         <name>.debug_info</name>
         <load_address>0xa1b3</load_address>
         <run_address>0xa1b3</run_address>
         <size>0x12b</size>
         <input_file_ref idref="fl-40"/>
      </object_component>
      <object_component id="oc-194">
         <name>.debug_info</name>
         <load_address>0xa2de</load_address>
         <run_address>0xa2de</run_address>
         <size>0x127</size>
         <input_file_ref idref="fl-41"/>
      </object_component>
      <object_component id="oc-df">
         <name>.debug_info</name>
         <load_address>0xa405</load_address>
         <run_address>0xa405</run_address>
         <size>0x19b</size>
         <input_file_ref idref="fl-42"/>
      </object_component>
      <object_component id="oc-f3">
         <name>.debug_info</name>
         <load_address>0xa5a0</load_address>
         <run_address>0xa5a0</run_address>
         <size>0x14d</size>
         <input_file_ref idref="fl-43"/>
      </object_component>
      <object_component id="oc-1ec">
         <name>.debug_info</name>
         <load_address>0xa6ed</load_address>
         <run_address>0xa6ed</run_address>
         <size>0x1bf</size>
         <input_file_ref idref="fl-44"/>
      </object_component>
      <object_component id="oc-ee">
         <name>.debug_info</name>
         <load_address>0xa8ac</load_address>
         <run_address>0xa8ac</run_address>
         <size>0x19f</size>
         <input_file_ref idref="fl-45"/>
      </object_component>
      <object_component id="oc-a0">
         <name>.debug_info</name>
         <load_address>0xaa4b</load_address>
         <run_address>0xaa4b</run_address>
         <size>0x1b7</size>
         <input_file_ref idref="fl-46"/>
      </object_component>
      <object_component id="oc-98">
         <name>.debug_info</name>
         <load_address>0xac02</load_address>
         <run_address>0xac02</run_address>
         <size>0x219</size>
         <input_file_ref idref="fl-47"/>
      </object_component>
      <object_component id="oc-21e">
         <name>.debug_info</name>
         <load_address>0xae1b</load_address>
         <run_address>0xae1b</run_address>
         <size>0x19e</size>
         <input_file_ref idref="fl-48"/>
      </object_component>
      <object_component id="oc-100">
         <name>.debug_info</name>
         <load_address>0xafb9</load_address>
         <run_address>0xafb9</run_address>
         <size>0x1a9</size>
         <input_file_ref idref="fl-48"/>
      </object_component>
      <object_component id="oc-221">
         <name>.debug_info</name>
         <load_address>0xb162</load_address>
         <run_address>0xb162</run_address>
         <size>0x107</size>
         <input_file_ref idref="fl-49"/>
      </object_component>
      <object_component id="oc-331">
         <name>.debug_info</name>
         <load_address>0xb269</load_address>
         <run_address>0xb269</run_address>
         <size>0x10b</size>
         <input_file_ref idref="fl-49"/>
      </object_component>
      <object_component id="oc-2ec">
         <name>.debug_info</name>
         <load_address>0xb374</load_address>
         <run_address>0xb374</run_address>
         <size>0x203</size>
         <input_file_ref idref="fl-49"/>
      </object_component>
      <object_component id="oc-fb">
         <name>.debug_info</name>
         <load_address>0xb577</load_address>
         <run_address>0xb577</run_address>
         <size>0x15d</size>
         <input_file_ref idref="fl-4a"/>
      </object_component>
      <object_component id="oc-1e3">
         <name>.debug_info</name>
         <load_address>0xb6d4</load_address>
         <run_address>0xb6d4</run_address>
         <size>0x208</size>
         <input_file_ref idref="fl-4b"/>
      </object_component>
      <object_component id="oc-2d2">
         <name>.debug_info</name>
         <load_address>0xb8dc</load_address>
         <run_address>0xb8dc</run_address>
         <size>0x147</size>
         <input_file_ref idref="fl-4d"/>
      </object_component>
      <object_component id="oc-3f6">
         <name>.debug_info</name>
         <load_address>0xba23</load_address>
         <run_address>0xba23</run_address>
         <size>0x9a</size>
      </object_component>
      <object_component id="oc-226">
         <name>.debug_line</name>
         <load_address>0x0</load_address>
         <run_address>0x0</run_address>
         <size>0x35</size>
         <input_file_ref idref="fl-2"/>
      </object_component>
      <object_component id="oc-b9">
         <name>.debug_line</name>
         <load_address>0x35</load_address>
         <run_address>0x35</run_address>
         <size>0x51</size>
         <input_file_ref idref="fl-2"/>
      </object_component>
      <object_component id="oc-b4">
         <name>.debug_line</name>
         <load_address>0x86</load_address>
         <run_address>0x86</run_address>
         <size>0x555</size>
         <input_file_ref idref="fl-2"/>
      </object_component>
      <object_component id="oc-266">
         <name>.debug_line</name>
         <load_address>0x5db</load_address>
         <run_address>0x5db</run_address>
         <size>0x241</size>
         <input_file_ref idref="fl-2"/>
      </object_component>
      <object_component id="oc-c1">
         <name>.debug_line</name>
         <load_address>0x81c</load_address>
         <run_address>0x81c</run_address>
         <size>0x1f3</size>
         <input_file_ref idref="fl-3"/>
      </object_component>
      <object_component id="oc-292">
         <name>.debug_line</name>
         <load_address>0xa0f</load_address>
         <run_address>0xa0f</run_address>
         <size>0x1f5</size>
         <input_file_ref idref="fl-3"/>
      </object_component>
      <object_component id="oc-191">
         <name>.debug_line</name>
         <load_address>0xc04</load_address>
         <run_address>0xc04</run_address>
         <size>0xa8</size>
         <input_file_ref idref="fl-4"/>
      </object_component>
      <object_component id="oc-30b">
         <name>.debug_line</name>
         <load_address>0xcac</load_address>
         <run_address>0xcac</run_address>
         <size>0x41</size>
         <input_file_ref idref="fl-4"/>
      </object_component>
      <object_component id="oc-269">
         <name>.debug_line</name>
         <load_address>0xced</load_address>
         <run_address>0xced</run_address>
         <size>0x33</size>
         <input_file_ref idref="fl-5"/>
      </object_component>
      <object_component id="oc-275">
         <name>.debug_line</name>
         <load_address>0xd20</load_address>
         <run_address>0xd20</run_address>
         <size>0x33</size>
         <input_file_ref idref="fl-5"/>
      </object_component>
      <object_component id="oc-273">
         <name>.debug_line</name>
         <load_address>0xd53</load_address>
         <run_address>0xd53</run_address>
         <size>0x33</size>
         <input_file_ref idref="fl-5"/>
      </object_component>
      <object_component id="oc-283">
         <name>.debug_line</name>
         <load_address>0xd86</load_address>
         <run_address>0xd86</run_address>
         <size>0x33</size>
         <input_file_ref idref="fl-5"/>
      </object_component>
      <object_component id="oc-285">
         <name>.debug_line</name>
         <load_address>0xdb9</load_address>
         <run_address>0xdb9</run_address>
         <size>0x33</size>
         <input_file_ref idref="fl-5"/>
      </object_component>
      <object_component id="oc-c7">
         <name>.debug_line</name>
         <load_address>0xdec</load_address>
         <run_address>0xdec</run_address>
         <size>0xce</size>
         <input_file_ref idref="fl-5"/>
      </object_component>
      <object_component id="oc-cc">
         <name>.debug_line</name>
         <load_address>0xeba</load_address>
         <run_address>0xeba</run_address>
         <size>0x155</size>
         <input_file_ref idref="fl-5"/>
      </object_component>
      <object_component id="oc-2ba">
         <name>.debug_line</name>
         <load_address>0x100f</load_address>
         <run_address>0x100f</run_address>
         <size>0x1b1</size>
         <input_file_ref idref="fl-5"/>
      </object_component>
      <object_component id="oc-ce">
         <name>.debug_line</name>
         <load_address>0x11c0</load_address>
         <run_address>0x11c0</run_address>
         <size>0x55</size>
         <input_file_ref idref="fl-7"/>
      </object_component>
      <object_component id="oc-1ce">
         <name>.debug_line</name>
         <load_address>0x1215</load_address>
         <run_address>0x1215</run_address>
         <size>0x5d</size>
         <input_file_ref idref="fl-7"/>
      </object_component>
      <object_component id="oc-24f">
         <name>.debug_line</name>
         <load_address>0x1272</load_address>
         <run_address>0x1272</run_address>
         <size>0x42</size>
         <input_file_ref idref="fl-8"/>
      </object_component>
      <object_component id="oc-14a">
         <name>.debug_line</name>
         <load_address>0x12b4</load_address>
         <run_address>0x12b4</run_address>
         <size>0xb8</size>
         <input_file_ref idref="fl-8"/>
      </object_component>
      <object_component id="oc-2f8">
         <name>.debug_line</name>
         <load_address>0x136c</load_address>
         <run_address>0x136c</run_address>
         <size>0x60</size>
         <input_file_ref idref="fl-8"/>
      </object_component>
      <object_component id="oc-d7">
         <name>.debug_line</name>
         <load_address>0x13cc</load_address>
         <run_address>0x13cc</run_address>
         <size>0xc5a</size>
         <input_file_ref idref="fl-a"/>
      </object_component>
      <object_component id="oc-2be">
         <name>.debug_line</name>
         <load_address>0x2026</load_address>
         <run_address>0x2026</run_address>
         <size>0x21</size>
         <input_file_ref idref="fl-a"/>
      </object_component>
      <object_component id="oc-155">
         <name>.debug_line</name>
         <load_address>0x2047</load_address>
         <run_address>0x2047</run_address>
         <size>0x190</size>
         <input_file_ref idref="fl-d"/>
      </object_component>
      <object_component id="oc-308">
         <name>.debug_line</name>
         <load_address>0x21d7</load_address>
         <run_address>0x21d7</run_address>
         <size>0x5c</size>
         <input_file_ref idref="fl-d"/>
      </object_component>
      <object_component id="oc-310">
         <name>.debug_line</name>
         <load_address>0x2233</load_address>
         <run_address>0x2233</run_address>
         <size>0x4b</size>
         <input_file_ref idref="fl-10"/>
      </object_component>
      <object_component id="oc-23b">
         <name>.debug_line</name>
         <load_address>0x227e</load_address>
         <run_address>0x227e</run_address>
         <size>0x4b</size>
         <input_file_ref idref="fl-10"/>
      </object_component>
      <object_component id="oc-22d">
         <name>.debug_line</name>
         <load_address>0x22c9</load_address>
         <run_address>0x22c9</run_address>
         <size>0x4b</size>
         <input_file_ref idref="fl-10"/>
      </object_component>
      <object_component id="oc-2fb">
         <name>.debug_line</name>
         <load_address>0x2314</load_address>
         <run_address>0x2314</run_address>
         <size>0x4b</size>
         <input_file_ref idref="fl-10"/>
      </object_component>
      <object_component id="oc-2fd">
         <name>.debug_line</name>
         <load_address>0x235f</load_address>
         <run_address>0x235f</run_address>
         <size>0x4b</size>
         <input_file_ref idref="fl-10"/>
      </object_component>
      <object_component id="oc-228">
         <name>.debug_line</name>
         <load_address>0x23aa</load_address>
         <run_address>0x23aa</run_address>
         <size>0x4b</size>
         <input_file_ref idref="fl-10"/>
      </object_component>
      <object_component id="oc-26d">
         <name>.debug_line</name>
         <load_address>0x23f5</load_address>
         <run_address>0x23f5</run_address>
         <size>0x4b</size>
         <input_file_ref idref="fl-10"/>
      </object_component>
      <object_component id="oc-271">
         <name>.debug_line</name>
         <load_address>0x2440</load_address>
         <run_address>0x2440</run_address>
         <size>0x4b</size>
         <input_file_ref idref="fl-10"/>
      </object_component>
      <object_component id="oc-26f">
         <name>.debug_line</name>
         <load_address>0x248b</load_address>
         <run_address>0x248b</run_address>
         <size>0x4b</size>
         <input_file_ref idref="fl-10"/>
      </object_component>
      <object_component id="oc-22b">
         <name>.debug_line</name>
         <load_address>0x24d6</load_address>
         <run_address>0x24d6</run_address>
         <size>0x4b</size>
         <input_file_ref idref="fl-10"/>
      </object_component>
      <object_component id="oc-287">
         <name>.debug_line</name>
         <load_address>0x2521</load_address>
         <run_address>0x2521</run_address>
         <size>0x4b</size>
         <input_file_ref idref="fl-10"/>
      </object_component>
      <object_component id="oc-301">
         <name>.debug_line</name>
         <load_address>0x256c</load_address>
         <run_address>0x256c</run_address>
         <size>0x4b</size>
         <input_file_ref idref="fl-10"/>
      </object_component>
      <object_component id="oc-314">
         <name>.debug_line</name>
         <load_address>0x25b7</load_address>
         <run_address>0x25b7</run_address>
         <size>0x4b</size>
         <input_file_ref idref="fl-10"/>
      </object_component>
      <object_component id="oc-316">
         <name>.debug_line</name>
         <load_address>0x2602</load_address>
         <run_address>0x2602</run_address>
         <size>0x4b</size>
         <input_file_ref idref="fl-10"/>
      </object_component>
      <object_component id="oc-33a">
         <name>.debug_line</name>
         <load_address>0x264d</load_address>
         <run_address>0x264d</run_address>
         <size>0x4b</size>
         <input_file_ref idref="fl-10"/>
      </object_component>
      <object_component id="oc-30e">
         <name>.debug_line</name>
         <load_address>0x2698</load_address>
         <run_address>0x2698</run_address>
         <size>0x4b</size>
         <input_file_ref idref="fl-10"/>
      </object_component>
      <object_component id="oc-26b">
         <name>.debug_line</name>
         <load_address>0x26e3</load_address>
         <run_address>0x26e3</run_address>
         <size>0x4b</size>
         <input_file_ref idref="fl-10"/>
      </object_component>
      <object_component id="oc-231">
         <name>.debug_line</name>
         <load_address>0x272e</load_address>
         <run_address>0x272e</run_address>
         <size>0x4b</size>
         <input_file_ref idref="fl-10"/>
      </object_component>
      <object_component id="oc-312">
         <name>.debug_line</name>
         <load_address>0x2779</load_address>
         <run_address>0x2779</run_address>
         <size>0x4b</size>
         <input_file_ref idref="fl-10"/>
      </object_component>
      <object_component id="oc-28f">
         <name>.debug_line</name>
         <load_address>0x27c4</load_address>
         <run_address>0x27c4</run_address>
         <size>0x4b</size>
         <input_file_ref idref="fl-10"/>
      </object_component>
      <object_component id="oc-289">
         <name>.debug_line</name>
         <load_address>0x280f</load_address>
         <run_address>0x280f</run_address>
         <size>0x4b</size>
         <input_file_ref idref="fl-10"/>
      </object_component>
      <object_component id="oc-277">
         <name>.debug_line</name>
         <load_address>0x285a</load_address>
         <run_address>0x285a</run_address>
         <size>0x4b</size>
         <input_file_ref idref="fl-10"/>
      </object_component>
      <object_component id="oc-28d">
         <name>.debug_line</name>
         <load_address>0x28a5</load_address>
         <run_address>0x28a5</run_address>
         <size>0x4b</size>
         <input_file_ref idref="fl-10"/>
      </object_component>
      <object_component id="oc-28b">
         <name>.debug_line</name>
         <load_address>0x28f0</load_address>
         <run_address>0x28f0</run_address>
         <size>0x4b</size>
         <input_file_ref idref="fl-10"/>
      </object_component>
      <object_component id="oc-22f">
         <name>.debug_line</name>
[...]
      </symbol>
      <symbol id="sm-2c9">
         <name>InitEPwm8Gpio</name>
         <value>0x83b78</value>
         <object_component_ref idref="oc-151"/>
      </symbol>
      <symbol id="sm-2ca">
         <name>InitEPwm7Gpio</name>
         <value>0x83b60</value>
         <object_component_ref idref="oc-151"/>
      </symbol>
      <symbol id="sm-2cb">
         <name>InitEPwm9Gpio</name>
         <value>0x83b90</value>
         <object_component_ref idref="oc-151"/>
      </symbol>
      <symbol id="sm-2cc">
         <name>InitEPwm1Gpio</name>
         <value>0x83ad8</value>
         <object_component_ref idref="oc-151"/>
      </symbol>
      <symbol id="sm-2cd">
         <name>InitEPwm2Gpio</name>
         <value>0x83aee</value>
         <object_component_ref idref="oc-151"/>
      </symbol>
      <symbol id="sm-2ce">
         <name>InitEPwm3Gpio</name>
         <value>0x83b04</value>
         <object_component_ref idref="oc-151"/>
      </symbol>
      <symbol id="sm-2cf">
         <name>InitEPwm11Gpio</name>
         <value>0x83bc5</value>
         <object_component_ref idref="oc-151"/>
      </symbol>
      <symbol id="sm-2d0">
         <name>InitEPwm10Gpio</name>
         <value>0x83baa</value>
         <object_component_ref idref="oc-151"/>
      </symbol>
      <symbol id="sm-2d1">
         <name>InitEPwm4Gpio</name>
         <value>0x83b1c</value>
         <object_component_ref idref="oc-151"/>
      </symbol>
      <symbol id="sm-2d2">
         <name>InitEPwmGpio</name>
         <value>0x83bfe</value>
         <object_component_ref idref="oc-151"/>
      </symbol>
      <symbol id="sm-2d3">
         <name>InitEPwm5Gpio</name>
         <value>0x83b34</value>
         <object_component_ref idref="oc-151"/>
      </symbol>
      <symbol id="sm-3a8">
         <name>EPwm2Regs</name>
         <value>0x4100</value>
         <object_component_ref idref="oc-13c"/>
      </symbol>
      <symbol id="sm-3a9">
         <name>EPwm11Regs</name>
         <value>0x4a00</value>
         <object_component_ref idref="oc-121"/>
      </symbol>
      <symbol id="sm-3aa">
         <name>AdcbRegs</name>
         <value>0x7480</value>
         <object_component_ref idref="oc-1ab"/>
      </symbol>
      <symbol id="sm-3ab">
         <name>EPwm3Regs</name>
         <value>0x4200</value>
         <object_component_ref idref="oc-139"/>
      </symbol>
      <symbol id="sm-3ac">
         <name>EPwm10Regs</name>
         <value>0x4900</value>
         <object_component_ref idref="oc-127"/>
      </symbol>
      <symbol id="sm-3ad">
         <name>ClkCfgRegs</name>
         <value>0x5d200</value>
         <object_component_ref idref="oc-115"/>
      </symbol>
      <symbol id="sm-3ae">
         <name>SyncSocRegs</name>
         <value>0x7940</value>
         <object_component_ref idref="oc-124"/>
      </symbol>
      <symbol id="sm-3af">
         <name>DcsmZ1Regs</name>
         <value>0x5f000</value>
         <object_component_ref idref="oc-29d"/>
      </symbol>
      <symbol id="sm-3b0">
         <name>AdcdRegs</name>
         <value>0x7580</value>
         <object_component_ref idref="oc-1a8"/>
      </symbol>
      <symbol id="sm-3b1">
         <name>CpuTimer2Regs</name>
         <value>0xc10</value>
         <object_component_ref idref="oc-254"/>
      </symbol>
      <symbol id="sm-3b2">
         <name>EPwm12Regs</name>
         <value>0x4b00</value>
         <object_component_ref idref="oc-11e"/>
      </symbol>
      <symbol id="sm-3b3">
         <name>EPwmXbarRegs</name>
         <value>0x7a00</value>
         <object_component_ref idref="oc-1ae"/>
      </symbol>
      <symbol id="sm-3b4">
         <name>PieVectTable</name>
         <value>0xd00</value>
         <object_component_ref idref="oc-118"/>
      </symbol>
      <symbol id="sm-3b5">
         <name>EPwm4Regs</name>
         <value>0x4300</value>
         <object_component_ref idref="oc-136"/>
      </symbol>
      <symbol id="sm-3b6">
         <name>GpioCtrlRegs</name>
         <value>0x7c00</value>
         <object_component_ref idref="oc-258"/>
      </symbol>
      <symbol id="sm-3b7">
         <name>CpuSysRegs</name>
         <value>0x5d300</value>
         <object_component_ref idref="oc-112"/>
      </symbol>
      <symbol id="sm-3b8">
         <name>EPwm5Regs</name>
         <value>0x4400</value>
         <object_component_ref idref="oc-133"/>
      </symbol>
      <symbol id="sm-3b9">
         <name>CpuTimer0Regs</name>
         <value>0xc00</value>
         <object_component_ref idref="oc-10f"/>
      </symbol>
      <symbol id="sm-3ba">
         <name>Flash0CtrlRegs</name>
         <value>0x5f800</value>
         <object_component_ref idref="oc-319"/>
      </symbol>
      <symbol id="sm-3bb">
         <name>EPwm6Regs</name>
         <value>0x4500</value>
         <object_component_ref idref="oc-130"/>
      </symbol>
      <symbol id="sm-3bc">
         <name>CpuTimer1Regs</name>
         <value>0xc08</value>
         <object_component_ref idref="oc-251"/>
      </symbol>
      <symbol id="sm-3bd">
         <name>EPwm8Regs</name>
         <value>0x4700</value>
         <object_component_ref idref="oc-12a"/>
      </symbol>
      <symbol id="sm-3be">
         <name>OutputXbarRegs</name>
         <value>0x7a80</value>
         <object_component_ref idref="oc-1a5"/>
      </symbol>
      <symbol id="sm-3bf">
         <name>DevCfgRegs</name>
         <value>0x5d000</value>
         <object_component_ref idref="oc-25e"/>
      </symbol>
      <symbol id="sm-3c0">
         <name>Flash0EccRegs</name>
         <value>0x5fb00</value>
         <object_component_ref idref="oc-31c"/>
      </symbol>
      <symbol id="sm-3c1">
         <name>EPwm7Regs</name>
         <value>0x4600</value>
         <object_component_ref idref="oc-12d"/>
      </symbol>
      <symbol id="sm-3c2">
         <name>AdcdResultRegs</name>
         <value>0xb60</value>
         <object_component_ref idref="oc-163"/>
      </symbol>
      <symbol id="sm-3c3">
         <name>EPwm9Regs</name>
         <value>0x4800</value>
         <object_component_ref idref="oc-11b"/>
      </symbol>
      <symbol id="sm-3c4">
         <name>AdcaResultRegs</name>
         <value>0xb00</value>
         <object_component_ref idref="oc-160"/>
      </symbol>
      <symbol id="sm-3c5">
         <name>FlashPumpSemaphoreRegs</name>
         <value>0x50024</value>
         <object_component_ref idref="oc-297"/>
      </symbol>
      <symbol id="sm-3c6">
         <name>PieCtrlRegs</name>
         <value>0xce0</value>
         <object_component_ref idref="oc-10c"/>
      </symbol>
      <symbol id="sm-3c7">
         <name>WdRegs</name>
         <value>0x7000</value>
         <object_component_ref idref="oc-294"/>
      </symbol>
      <symbol id="sm-3c8">
         <name>AdcbResultRegs</name>
         <value>0xb20</value>
         <object_component_ref idref="oc-166"/>
      </symbol>
      <symbol id="sm-3c9">
         <name>GpioDataRegs</name>
         <value>0x7f00</value>
         <object_component_ref idref="oc-15d"/>
      </symbol>
      <symbol id="sm-3ca">
         <name>InputXbarRegs</name>
         <value>0x7900</value>
         <object_component_ref idref="oc-25b"/>
      </symbol>
      <symbol id="sm-3cb">
         <name>DcsmZ2Regs</name>
         <value>0x5f040</value>
         <object_component_ref idref="oc-2a0"/>
      </symbol>
      <symbol id="sm-3cc">
         <name>EPwm1Regs</name>
         <value>0x4000</value>
         <object_component_ref idref="oc-13f"/>
      </symbol>
      <symbol id="sm-3cd">
         <name>AnalogSubsysRegs</name>
         <value>0x5d180</value>
         <object_component_ref idref="oc-29a"/>
      </symbol>
      <symbol id="sm-3ce">
         <name>Cmpss1Regs</name>
         <value>0x5c80</value>
         <object_component_ref idref="oc-1a2"/>
      </symbol>
      <symbol id="sm-3cf">
         <name>AdcaRegs</name>
         <value>0x7400</value>
         <object_component_ref idref="oc-16f"/>
      </symbol>
      <symbol id="sm-3d0">
         <name>SciaRegs</name>
         <value>0x7200</value>
         <object_component_ref idref="oc-109"/>
      </symbol>
      <symbol id="sm-3ef">
         <name>GPIO_SetupPinMux</name>
         <value>0x839ff</value>
         <object_component_ref idref="oc-14b"/>
      </symbol>
      <symbol id="sm-3f0">
         <name>GPIO_SetupLock</name>
         <value>0x83a54</value>
         <object_component_ref idref="oc-14b"/>
      </symbol>
      <symbol id="sm-3f1">
         <name>GPIO_SetupXINT2Gpio</name>
         <value>0x8396c</value>
         <object_component_ref idref="oc-14b"/>
      </symbol>
      <symbol id="sm-3f2">
         <name>GPIO_EnableUnbondedIOPullupsFor176Pin</name>
         <value>0x83a8a</value>
         <object_component_ref idref="oc-14b"/>
      </symbol>
      <symbol id="sm-3f3">
         <name>GPIO_SetupXINT3Gpio</name>
         <value>0x83965</value>
         <object_component_ref idref="oc-14b"/>
      </symbol>
      <symbol id="sm-3f4">
         <name>GPIO_WritePin</name>
         <value>0x8393d</value>
         <object_component_ref idref="oc-14b"/>
      </symbol>
      <symbol id="sm-3f5">
         <name>GPIO_SetupXINT1Gpio</name>
         <value>0x83973</value>
         <object_component_ref idref="oc-14b"/>
      </symbol>
      <symbol id="sm-3f6">
         <name>GPIO_EnableUnbondedIOPullups</name>
         <value>0x83ac8</value>
         <object_component_ref idref="oc-14b"/>
      </symbol>
      <symbol id="sm-3f7">
         <name>GPIO_ReadPin</name>
         <value>0x83a76</value>
         <object_component_ref idref="oc-14b"/>
      </symbol>
      <symbol id="sm-3f8">
         <name>GPIO_SetupXINT4Gpio</name>
         <value>0x8395e</value>
         <object_component_ref idref="oc-14b"/>
      </symbol>
      <symbol id="sm-3f9">
         <name>GPIO_SetupPinOptions</name>
         <value>0x8397a</value>
         <object_component_ref idref="oc-14b"/>
      </symbol>
      <symbol id="sm-3fa">
         <name>GPIO_EnableUnbondedIOPullupsFor100Pin</name>
         <value>0x83aa3</value>
         <object_component_ref idref="oc-14b"/>
      </symbol>
      <symbol id="sm-3fb">
         <name>GPIO_SetupXINT5Gpio</name>
         <value>0x83957</value>
         <object_component_ref idref="oc-14b"/>
      </symbol>
      <symbol id="sm-3fc">
         <name>InitGpio</name>
         <value>0x8390e</value>
         <object_component_ref idref="oc-14b"/>
      </symbol>
      <symbol id="sm-40f">
         <name>InitPieCtrl</name>
         <value>0x840a9</value>
         <object_component_ref idref="oc-1be"/>
      </symbol>
      <symbol id="sm-410">
         <name>EnableInterrupts</name>
         <value>0x840c8</value>
         <object_component_ref idref="oc-1be"/>
      </symbol>
      <symbol id="sm-423">
         <name>InitPieVectTable</name>
         <value>0x83fef</value>
         <object_component_ref idref="oc-1c4"/>
      </symbol>
      <symbol id="sm-424">
         <name>PieVectTableInit</name>
         <value>0x90000</value>
         <object_component_ref idref="oc-d8"/>
      </symbol>
      <symbol id="sm-46c">
         <name>FlashOff</name>
         <value>0x8034</value>
         <object_component_ref idref="oc-2ae"/>
      </symbol>
      <symbol id="sm-46d">
         <name>DisablePeripheralClocks</name>
         <value>0x8314e</value>
         <object_component_ref idref="oc-1b8"/>
      </symbol>
      <symbol id="sm-46e">
         <name>STANDBY</name>
         <value>0x82d12</value>
         <object_component_ref idref="oc-1b8"/>
      </symbol>
      <symbol id="sm-46f">
         <name>InitPeripheralClocks</name>
         <value>0x82f4f</value>
         <object_component_ref idref="oc-1b8"/>
      </symbol>
      <symbol id="sm-470">
         <name>SysIntOsc1Sel</name>
         <value>0x82ce2</value>
         <object_component_ref idref="oc-1b8"/>
      </symbol>
      <symbol id="sm-471">
         <name>SysXtalOscSel</name>
         <value>0x82cbe</value>
         <object_component_ref idref="oc-1b8"/>
      </symbol>
      <symbol id="sm-472">
         <name>ServiceDog</name>
         <value>0x82cf2</value>
         <object_component_ref idref="oc-1b8"/>
      </symbol>
      <symbol id="sm-473">
         <name>CsmUnlock</name>
         <value>0x831a4</value>
         <object_component_ref idref="oc-1b8"/>
      </symbol>
      <symbol id="sm-474">
         <name>AuxIntOsc2Sel</name>
         <value>0x8303b</value>
         <object_component_ref idref="oc-1b8"/>
      </symbol>
      <symbol id="sm-475">
         <name>ConfigureTMXAnalogTrim</name>
         <value>0x82f2c</value>
         <object_component_ref idref="oc-1b8"/>
      </symbol>
      <symbol id="sm-476">
         <name>InitSysCtrl</name>
         <value>0x82ff8</value>
         <object_component_ref idref="oc-1b8"/>
      </symbol>
      <symbol id="sm-477">
         <name>InitAuxPll</name>
         <value>0x83048</value>
         <object_component_ref idref="oc-1b8"/>
      </symbol>
      <symbol id="sm-478">
         <name>InitFlash</name>
         <value>0x8000</value>
         <object_component_ref idref="oc-2ae"/>
      </symbol>
      <symbol id="sm-479">
         <name>DisableDog</name>
         <value>0x82f1f</value>
         <object_component_ref idref="oc-1b8"/>
      </symbol>
      <symbol id="sm-47a">
         <name>IDLE</name>
         <value>0x83145</value>
         <object_component_ref idref="oc-1b8"/>
      </symbol>
      <symbol id="sm-47b">
         <name>HALT</name>
         <value>0x8318b</value>
         <object_component_ref idref="oc-1b8"/>
      </symbol>
      <symbol id="sm-47c">
         <name>AuxAuxClkSel</name>
         <value>0x83020</value>
         <object_component_ref idref="oc-1b8"/>
      </symbol>
      <symbol id="sm-47d">
         <name>HIB</name>
         <value>0x8316c</value>
         <object_component_ref idref="oc-1b8"/>
      </symbol>
      <symbol id="sm-47e">
         <name>AuxXtalOscSel</name>
         <value>0x8302a</value>
         <object_component_ref idref="oc-1b8"/>
      </symbol>
      <symbol id="sm-47f">
         <name>InitSysPll</name>
         <value>0x82d27</value>
         <object_component_ref idref="oc-1b8"/>
      </symbol>
      <symbol id="sm-480">
         <name>SysIntOsc2Sel</name>
         <value>0x82cce</value>
         <object_component_ref idref="oc-1b8"/>
      </symbol>
      <symbol id="sm-481">
         <name>ReleaseFlashPump</name>
         <value>0x82d1d</value>
         <object_component_ref idref="oc-1b8"/>
      </symbol>
      <symbol id="sm-482">
         <name>SeizeFlashPump</name>
         <value>0x82d00</value>
         <object_component_ref idref="oc-1b8"/>
      </symbol>
      <symbol id="sm-490">
         <name>F28x_usDelay</name>
         <value>0x8048</value>
         <object_component_ref idref="oc-1b1"/>
      </symbol>
      <symbol id="sm-49a">
         <name>_c_int00</name>
         <value>0x8414e</value>
         <object_component_ref idref="oc-a4"/>
      </symbol>
      <symbol id="sm-49b">
         <name>__stack</name>
         <value>0x400</value>
         <object_component_ref idref="oc-db"/>
      </symbol>
      <symbol id="sm-4b2">
         <name>__c28xabi_addd</name>
         <value>0x83d2f</value>
         <object_component_ref idref="oc-187"/>
      </symbol>
      <symbol id="sm-4be">
         <name>__c28xabi_cmpd</name>
         <value>0x84056</value>
         <object_component_ref idref="oc-2a9"/>
      </symbol>
      <symbol id="sm-4cc">
         <name>__c28xabi_mpyd</name>
         <value>0x83ede</value>
         <object_component_ref idref="oc-17d"/>
      </symbol>
      <symbol id="sm-4d4">
         <name>__c28xabi_subd</name>
         <value>0x84165</value>
         <object_component_ref idref="oc-178"/>
      </symbol>
      <symbol id="sm-4df">
         <name>__c28xabi_dtoi</name>
         <value>0x840f4</value>
         <object_component_ref idref="oc-197"/>
      </symbol>
      <symbol id="sm-4ec">
         <name>__c28xabi_divf</name>
         <value>0x83e56</value>
         <object_component_ref idref="oc-2a3"/>
      </symbol>
      <symbol id="sm-4fb">
         <name>__c28xabi_ftod</name>
         <value>0x84132</value>
         <object_component_ref idref="oc-172"/>
      </symbol>
      <symbol id="sm-507">
         <name>__c28xabi_dtof</name>
         <value>0x840d1</value>
         <object_component_ref idref="oc-182"/>
      </symbol>
      <symbol id="sm-51a">
         <name>__c28xabi_divd</name>
         <value>0x83dcb</value>
         <object_component_ref idref="oc-192"/>
      </symbol>
      <symbol id="sm-52c">
         <name>memcpy</name>
         <value>0x84115</value>
         <object_component_ref idref="oc-de"/>
      </symbol>
      <symbol id="sm-539">
         <name>_system_pre_init</name>
         <value>0x841a5</value>
         <object_component_ref idref="oc-f2"/>
      </symbol>
      <symbol id="sm-548">
         <name>__TI_auto_init_nobinit_nopinit</name>
         <value>0x84000</value>
         <object_component_ref idref="oc-1eb"/>
      </symbol>
      <symbol id="sm-555">
         <name>__TI_zero_init</name>
         <value>0x8419f</value>
         <object_component_ref idref="oc-ec"/>
      </symbol>
      <symbol id="sm-562">
         <name>__TI_decompress_none</name>
         <value>0x84190</value>
         <object_component_ref idref="oc-9d"/>
      </symbol>
      <symbol id="sm-576">
         <name>__TI_decompress_lzss</name>
         <value>0x83fbf</value>
         <object_component_ref idref="oc-97"/>
      </symbol>
      <symbol id="sm-58c">
         <name>C$$EXIT</name>
         <value>0x84080</value>
         <object_component_ref idref="oc-ff"/>
      </symbol>
      <symbol id="sm-58d">
         <name>abort</name>
         <value>0x84080</value>
         <object_component_ref idref="oc-ff"/>
      </symbol>
      <symbol id="sm-58e">
         <name>exit</name>
         <value>0x84082</value>
         <object_component_ref idref="oc-ff"/>
      </symbol>
      <symbol id="sm-58f">
         <name>__TI_dtors_ptr</name>
         <value>0x12d2e</value>
         <object_component_ref idref="oc-21d"/>
      </symbol>
      <symbol id="sm-590">
         <name>__TI_cleanup_ptr</name>
         <value>0x12d2c</value>
         <object_component_ref idref="oc-21d"/>
      </symbol>
      <symbol id="sm-591">
         <name>__TI_enable_exit_profile_output</name>
         <value>0x12d2a</value>
         <object_component_ref idref="oc-21d"/>
      </symbol>
      <symbol id="sm-5a8">
         <name>_nop</name>
         <value>0x84187</value>
         <object_component_ref idref="oc-2e8"/>
      </symbol>
      <symbol id="sm-5a9">
         <name>_lock</name>
         <value>0x12d30</value>
         <object_component_ref idref="oc-220"/>
      </symbol>
      <symbol id="sm-5aa">
         <name>_unlock</name>
         <value>0x12d32</value>
         <object_component_ref idref="oc-330"/>
      </symbol>
      <symbol id="sm-5ab">
         <name>_register_lock</name>
         <value>0x84183</value>
         <object_component_ref idref="oc-2e8"/>
      </symbol>
      <symbol id="sm-5ac">
         <name>_register_unlock</name>
         <value>0x8417f</value>
         <object_component_ref idref="oc-2e8"/>
      </symbol>
      <symbol id="sm-5bb">
         <name>_args_main</name>
         <value>0x84173</value>
         <object_component_ref idref="oc-f9"/>
      </symbol>
      <symbol id="sm-5ca">
         <name>memset</name>
         <value>0x84198</value>
         <object_component_ref idref="oc-1e2"/>
      </symbol>
      <symbol id="sm-5d8">
         <name>_system_post_cinit</name>
         <value>0x841a7</value>
         <object_component_ref idref="oc-2ce"/>
      </symbol>
      <symbol id="sm-5da">
         <name>__c_args__</name>
         <value>0x0</value>
      </symbol>
   </symbol_table>
   <title>Link successful</title>
</link_info>
